==============================================================================
PascalVOC-Keypoints (DGMC, 15 epochs, mean over 20 categories, test_samples=1000)
config                     params seeds      final acc       best acc  s/epoch
spline                    9504129     5   72.00 ± 0.39   73.00 ± 0.40      6.8
spline_k3                 3736961     5   72.06 ± 0.85   72.78 ± 0.40      6.8
spline_k2                 1934721     5   70.94 ± 0.63   71.48 ± 0.40      8.7
rational                  9504529     5   72.24 ± 0.67   72.88 ± 0.48      7.8
rational_k3               3737201     5   72.62 ± 0.41   73.26 ± 0.18      6.9
rational_mv               9511329     5   72.58 ± 0.68   73.30 ± 0.27      9.9
rational_mv_k3            3739553     5   73.76 ± 0.81   74.12 ± 0.48      9.4
mv_K1                      853665     5   67.98 ± 0.33   68.26 ± 0.36      9.3
mv_K2                     1214401     5   71.44 ± 0.60   71.76 ± 0.45      9.4
mv_K4                     1935873     5   72.92 ± 0.36   73.78 ± 0.41      9.4
mv_K6                     2657345     5   73.10 ± 0.41   74.06 ± 0.37      9.4
mv_K9                     3739553     5   73.16 ± 0.47   73.72 ± 0.19      9.4
mv_K16                    6264705     5   72.26 ± 0.42   73.26 ± 0.42      9.6
mv_K4_wd                  1935873     5   72.66 ± 0.38   73.52 ± 0.23      9.5
mlp_K4                    1936529     5   72.12 ± 0.32   72.76 ± 0.27      8.8
mlp_K9                    3740069     5   71.46 ± 0.64   72.04 ± 0.73      8.7
rational_mv_d54           9507629     5   72.04 ± 0.94   73.08 ± 0.25      9.6
rational_mv_k3_gauss      3739553     5   72.40 ± 0.20   73.08 ± 0.49      7.9
rational_mv_k3_cheb_vp    3739553     5   71.62 ± 0.76   72.28 ± 0.52      7.9

per-seed final acc:
spline                    72.5  72.1  71.4  72.0  72.0
spline_k3                 73.4  71.5  71.6  72.4  71.4
spline_k2                 71.5  70.2  71.0  71.6  70.4
rational                  72.4  71.9  72.3  71.4  73.2
rational_k3               72.6  72.2  73.3  72.6  72.4
rational_mv               72.2  72.7  71.7  72.8  73.5
rational_mv_k3            73.0  73.0  73.7  74.2  74.9
mv_K1                     67.8  67.7  68.1  68.5  67.8
mv_K2                     71.4  72.0  70.9  72.1  70.8
mv_K4                     73.1  73.3  72.4  73.1  72.7
mv_K6                     72.8  72.8  73.8  73.0  73.1
mv_K9                     73.9  72.7  73.2  72.8  73.2
mv_K16                    72.2  72.3  71.6  72.7  72.5
mv_K4_wd                  72.6  72.9  73.1  72.6  72.1
mlp_K4                    72.3  71.9  71.9  71.9  72.6
mlp_K9                    70.6  71.6  71.1  71.7  72.3
rational_mv_d54           71.3  72.5  71.9  71.1  73.4
rational_mv_k3_gauss      72.5  72.1  72.6  72.5  72.3
rational_mv_k3_cheb_vp    72.7  72.1  70.9  71.1  71.3

test acc per epoch (mean over seeds):
spline                   56.1 63.8 66.3 68.2 69.4 70.6 71.1 71.6 72.4 72.7 72.0 72.4 72.5 72.2 72.0
spline_k3                58.0 63.0 65.8 67.3 68.4 69.4 70.7 71.1 71.8 72.1 72.2 72.3 72.2 72.0 72.1
spline_k2                58.2 62.3 64.9 66.4 67.5 69.3 69.9 70.3 70.8 70.8 70.7 70.9 70.9 70.8 70.9
rational                 55.4 63.8 66.4 68.1 69.4 70.3 71.1 71.7 72.1 72.4 72.5 72.1 72.4 72.4 72.2
rational_k3              57.1 63.1 65.5 67.2 68.3 69.8 71.0 71.8 72.5 72.8 72.5 72.6 72.9 72.6 72.6
rational_mv              56.1 63.3 66.3 68.3 69.8 71.3 72.1 72.5 72.7 73.1 72.9 73.1 72.5 72.4 72.6
rational_mv_k3           57.7 64.1 66.2 67.9 69.2 70.5 72.1 72.8 73.4 73.3 73.4 73.4 73.6 73.2 73.8
mv_K1                    37.5 44.7 49.5 53.0 55.7 58.7 61.6 63.4 64.8 65.3 66.3 66.9 67.5 67.6 68.0
mv_K2                    53.8 58.7 61.1 63.7 65.7 67.5 69.0 69.5 70.5 70.7 71.2 71.1 71.2 71.3 71.4
mv_K4                    62.2 65.5 67.6 69.4 70.7 71.5 72.3 72.6 73.4 73.2 73.1 73.1 73.2 72.9 72.9
mv_K6                    60.5 65.0 67.1 69.2 70.5 72.1 72.8 73.0 73.5 73.5 73.6 73.7 73.3 73.6 73.1
mv_K9                    58.9 63.9 66.7 68.8 70.5 71.8 72.0 72.9 72.9 73.2 72.9 73.4 73.0 72.6 73.2
mv_K16                   59.0 64.9 67.2 69.2 70.8 71.9 72.6 73.0 72.6 72.7 73.0 72.9 72.6 72.7 72.3
mv_K4_wd                 62.2 65.7 68.1 69.5 70.6 71.4 72.1 72.8 72.9 73.2 73.2 73.2 73.2 72.7 72.7
mlp_K4                   58.7 63.6 66.4 68.5 69.8 70.8 71.1 71.6 72.0 72.4 72.3 72.3 72.4 72.4 72.1
mlp_K9                   53.3 60.2 63.8 65.9 67.6 69.0 69.4 70.0 70.3 70.9 71.3 71.7 71.6 71.5 71.5
rational_mv_d54          54.3 62.8 65.7 67.8 69.6 70.7 71.4 72.4 72.3 72.8 72.7 72.7 72.3 72.5 72.0
rational_mv_k3_gauss     57.3 63.3 65.3 67.3 68.8 70.1 71.1 71.7 72.2 72.4 72.7 72.7 72.4 72.8 72.4
rational_mv_k3_cheb_vp   56.6 61.9 64.6 66.5 68.0 69.5 70.1 71.0 71.3 71.8 71.9 71.9 71.7 71.7 71.6

per-category final acc (mean over seeds):
category     spline   mv_k3   diff
aerop          45.6    49.5   +3.9
bicyc          65.9    67.8   +1.9
bird           53.1    57.1   +4.0
boat           68.7    69.9   +1.2
bottl          85.9    87.2   +1.2
bus            87.7    87.6   -0.1
car            84.0    83.7   -0.3
cat            70.9    74.8   +3.9
chair          40.4    42.3   +1.9
cow            63.5    64.5   +1.0
dinin          85.9    90.2   +4.3
dog            61.2    65.1   +3.9
horse          73.2    74.8   +1.6
motor          61.5    61.7   +0.1
perso          57.9    60.8   +2.8
potte          96.1    96.9   +0.7
sheep          66.9    67.2   +0.3
sofa           93.7    94.0   +0.3
train          93.0    94.3   +1.3
tvmon          84.9    86.3   +1.4

Welch t-tests (final acc):
  rational_mv_k3 vs spline: +1.76, p = 0.005
  rational_mv_k3 vs rational_k3: +1.14, p = 0.032
  rational_mv_k3 vs spline_k3: +1.70, p = 0.012
  mv_K4 vs spline: +0.92, p = 0.005
  mv_K4 vs mlp_K4: +0.80, p = 0.006
  mv_K4 vs spline_k2: +1.98, p = 0.001
  mv_K9 vs mlp_K9: +1.70, p = 0.002
  mv_K9 vs rational_mv_k3: -0.60, p = 0.201
  mv_K16 vs mv_K9: -0.90, p = 0.013
  mv_K4_wd vs mv_K4: -0.26, p = 0.300
  rational_mv_d54 vs rational_mv: -0.54, p = 0.329
  rational_mv_k3_gauss vs rational_mv_k3: -1.36, p = 0.018
  rational_mv_k3_cheb_vp vs rational_mv_k3: -2.14, p = 0.003
  rational vs spline: +0.24, p = 0.512
  rational_k3 vs spline_k3: +0.56, p = 0.234

==============================================================================
FAUST shape correspondence (exact vertex accuracy, 100 epochs)
config                       params seeds      final acc       best acc  per-seed
faust_mv_K8                 1965802     3   99.41 ± 0.04   99.41 ± 0.03  99.36 99.43 99.43
faust_mv_K4                 1885994     3   99.38 ± 0.09   99.39 ± 0.09  99.48 99.35 99.30
faust_rational_k3           2305254     3   99.24 ± 0.08   99.26 ± 0.08  99.22 99.18 99.33
faust_mv_K4_mean            1885994     3   98.93 ± 0.10   98.97 ± 0.11  99.04 98.85 98.90
faust_spline_mean           4114186     3   98.71 ± 0.08   98.72 ± 0.09  98.73 98.77 98.62
faust_mlp_K8                1958554     3   98.21 ± 1.11   98.36 ± 0.89  99.17 97.00 98.46
faust_spline_pyginit        4114186     3   97.31 ± 0.30   97.43 ± 0.39  97.12 97.15 97.66
faust_spline                4114186     3   97.23 ± 0.51   97.23 ± 0.51  97.46 96.65 97.59
faust_spline_mean_noclip    4114186     3   96.87 ± 1.68   96.90 ± 1.67  97.30 98.29 95.01
faust_spline_k3             2304714     3   83.61 ± 15.60   83.84 ± 15.54  91.78 93.42 65.62
faust_mv_K16                2125418     3   70.35 ± 25.17   70.82 ± 24.76  56.48 55.16 99.40
faust_spline_noclip         4114186     3   29.06 ± 50.32   48.32 ± 34.55   0.01  0.01 87.17
faust_mv_K27                2344890     3   18.95 ± 32.81   18.95 ± 32.81   0.01  0.01 56.83
faust_spline_k2             1953898     3    3.44 ± 3.28    3.46 ± 3.29   0.01  3.77  6.55

Welch t-tests (final acc):
  faust_mv_K8 vs faust_spline_mean: +0.70, p = 0.001
  faust_mv_K4 vs faust_spline_mean: +0.67, p = 0.001
  faust_mv_K8 vs faust_mlp_K8: +1.20, p = 0.202
  faust_mv_K8 vs faust_spline: +2.17, p = 0.017
  faust_spline_mean vs faust_spline: +1.47, p = 0.035
  faust_spline_pyginit vs faust_spline: +0.08, p = 0.836
  faust_mv_K4 vs faust_mv_K4_mean: +0.45, p = 0.005

==============================================================================
SPair-71k keypoint matching (DGMC, large layout, all test pairs, mean over 18 categories; pair-averaged unless noted)
config                     params seeds      final acc      @best val       best acc   final kp acc  s/epoch
spline                    9504129     5   74.26 ± 0.56   76.18 ± 0.64   76.24 ± 0.53   72.80 ± 0.57      9.1
spline_k3                 3736961     5   72.80 ± 0.39   76.04 ± 0.43   76.04 ± 0.43   71.10 ± 0.49      7.2
spline_k2                 1934721     5   66.66 ± 0.59   71.92 ± 0.38   71.92 ± 0.38   64.24 ± 0.69      6.3
rational                  9504529     5   74.74 ± 0.60   76.34 ± 0.42   76.34 ± 0.42   73.36 ± 0.59     10.7
rational_k3               3737201     5   74.46 ± 0.96   76.24 ± 0.73   76.54 ± 0.74   72.90 ± 1.03      8.6
rational_mv_k3            3739553     5   75.28 ± 0.72   77.68 ± 0.35   77.68 ± 0.35   73.86 ± 0.80     10.4
mv_K4                     1935873     5   74.34 ± 0.68   77.44 ± 0.36   77.44 ± 0.36   72.90 ± 0.76      9.3
mv_K6                     2657345     5   75.50 ± 0.50   77.80 ± 0.66   77.82 ± 0.64   74.02 ± 0.57      9.5
mv_K9                     3739553     5   75.12 ± 0.72   77.50 ± 0.27   77.72 ± 0.25   73.78 ± 0.75      9.9
mv_K16                    6264705     5   74.32 ± 1.18   77.14 ± 0.40   77.34 ± 0.44   73.00 ± 1.17     11.0
mlp_K4                    1936529     5   70.90 ± 0.72   73.74 ± 0.71   73.74 ± 0.71   69.04 ± 0.83      6.5
mlp_K9                    3740069     5   70.40 ± 1.20   74.34 ± 0.62   74.34 ± 0.62   68.60 ± 1.43      7.0
rational_mv_d54           9507629     5   74.70 ± 0.34   76.26 ± 0.23   76.44 ± 0.23   73.28 ± 0.52     10.7

per-category final acc (mean over seeds):
category     spline   mv_k3   diff
aerop          64.3    65.3   +1.0
bicyc          52.8    52.7   -0.1
bird           81.9    84.0   +2.2
boat           69.9    69.0   -0.8
bottl          66.3    66.7   +0.4
bus            92.6    92.6   +0.0
car            81.7    84.2   +2.5
cat            68.3    68.5   +0.2
chair          62.8    60.7   -2.1
cow            77.7    79.6   +1.8
dog            69.6    72.4   +2.7
horse          64.1    64.3   +0.2
motor          66.5    71.0   +4.5
perso          63.1    65.9   +2.7
potte          95.4    96.9   +1.4
sheep          72.9    72.4   -0.4
train          88.8    90.1   +1.3
tvmon          97.7    99.0   +1.3

Welch t-tests (final acc):
  rational_mv_k3 vs spline: +1.02, p = 0.038
  rational_mv_k3 vs rational_k3: +0.82, p = 0.167
  rational_mv_k3 vs spline_k3: +2.48, p = 0.000
  mv_K4 vs spline: +0.08, p = 0.844
  mv_K4 vs mlp_K4: +3.44, p = 0.000
  mv_K4 vs spline_k2: +7.68, p = 0.000
  mv_K9 vs mlp_K9: +4.72, p = 0.000
  mv_K16 vs mv_K9: -0.80, p = 0.239
  rational vs spline: +0.48, p = 0.227
  rational_k3 vs spline_k3: +1.66, p = 0.014
