job=12378 node=tujestpolin gpu=NVIDIA GeForce RTX 5090 config=runs/local/spair_rational_mv_k3_seed0_12ep.json port=50357
{
    "BACKBONE": "vgg16",
    "BACKBONE_DIR": "runs/local/checkpoints",
    "BATCH_SIZE": 5,
    "CACHE_PATH": "data/cache",
    "DATASET_NAME": "SPair71k",
    "EVAL": {
        "SAMPLES": 1000,
        "difficulty_params": {},
        "num_graphs_in_matching_instance": 2
    },
    "IMAGE_SIZE": 256,
    "Matching_TF": {
        "activation": "relu",
        "batch_norm": true,
        "d_model": 648,
        "nGPT_mlp_hidden_mult": 6,
        "n_decoder": 4,
        "n_encoder": 4,
        "n_head": 12,
        "n_lap_EigVec": 8,
        "pos_encoding": false
    },
    "NORM_MEANS": [
        0.485,
        0.456,
        0.406
    ],
    "NORM_STD": [
        0.229,
        0.224,
        0.225
    ],
    "RANDOM_SEED": 0,
    "SPLINE_CNN": {
        "aggr": "max",
        "conv": "rational",
        "degrees": [
            8,
            6
        ],
        "dim": 2,
        "init": "spline",
        "init_noise": 0.001,
        "input_features": 1024,
        "kernel_size": 3,
        "num_bases": 0,
        "output_features": 648,
        "poly": "chebyshev",
        "pyg_init": true,
        "rational_basis": "multivariate",
        "safe": "B",
        "vp": false
    },
    "SPair": {
        "CLASSES": [
            "aeroplane",
            "bicycle",
            "bird",
            "boat",
            "boat",
            "bottle",
            "bus",
            "car",
            "cat",
            "chair",
            "cow",
            "dog",
            "horse",
            "motorbike",
            "person",
            "pottedplant",
            "sheep",
            "train",
            "tvmonitor"
        ],
        "ROOT_DIR": "/home/pswoboda/repo/NormMatchTrans/data/downloaded/SPair-71k",
        "size": "large"
    },
    "STATISTIC_STEP": 1,
    "TRACK_GRAD_NORM": false,
    "TRAIN": {
        "EPOCH_ITERS": 2000,
        "LR": 0.0005,
        "_comment_epochs": "lr_schedule long_halving5 defines 12 epochs; max_epochs stops after 7. NMT trains ~11 epochs per day, so 7 epochs is ~15.3 h. Both LR drops (epochs 2 and 5) still happen.",
        "clip_norm": 0,
        "cutmix_beta": 1.0,
        "cutmix_prob": 0.3,
        "difficulty_params": {},
        "layer_loss_param": 0.3,
        "lr_schedule": "long_halving5",
        "max_epochs": 0,
        "mixup_alpha": 0.8,
        "mixup_prob": 0.3,
        "num_graphs_in_matching_instance": 2,
        "random_erasing_prob": 0.3,
        "temperature": 0.1,
        "weight_decay": 0
    },
    "USE_SYNTHETIC": false,
    "VOC2011": {
        "CLASSES": [
            "aeroplane",
            "bicycle",
            "bird",
            "boat",
            "bottle",
            "bus",
            "car",
            "cat",
            "chair",
            "cow",
            "diningtable",
            "dog",
            "horse",
            "motorbike",
            "person",
            "pottedplant",
            "sheep",
            "sofa",
            "train",
            "tvmonitor"
        ],
        "KPT_ANNO_DIR": "/data/cat/ws/tosa098h-abtin_NormMatchTrans/data/downloaded/PascalVOC/annotations/",
        "ROOT_DIR": "/data/cat/ws/tosa098h-abtin_NormMatchTrans/data/downloaded/PascalVOC/VOC2011/",
        "SET_SPLIT": "/data/cat/ws/tosa098h-abtin_NormMatchTrans/data/split/voc2011_pairs.npz"
    },
    "WILLOW": {
        "CLASSES": [
            "Car",
            "Duck",
            "Face",
            "Motorbike",
            "Winebottle"
        ],
        "KPT_LEN": 10,
        "ROOT_DIR": "./data/downloaded/WILLOW/WILLOW-ObjectClass",
        "TRAIN_NUM": 20,
        "TRAIN_OFFSET": 0
    },
    "_generated_by": "slurm/make_config.py rational_mv_k3 0 (spair)",
    "combine_classes": false,
    "compile": true,
    "default_json": "experiments/voc_basic.json",
    "eval_sampling": "intersection",
    "evaluate_only": false,
    "exclude_willow_classes": false,
    "keep_last_checkpoint_only": true,
    "log_dir": "runs/",
    "model_dir": "runs/local/spair_vgg16_12ep/rational_mv_k3_seed0",
    "save_checkpoint": true,
    "train_sampling": "intersection",
    "visualization_params": {
        "produce_pdf": false,
        "reduced_vis": true
    },
    "visualize": false,
    "warmstart_path": null
}
No difficulty parameters for trn-set. Using all available data.
Number of annotation pairs matching the difficulty params in trn-set: {'aeroplane': 2924, 'bicycle': 2946, 'bird': 3080, 'boat': 2936, 'bottle': 2448, 'bus': 2708, 'car': 2960, 'cat': 3306, 'chair': 3060, 'cow': 3118, 'dog': 3192, 'horse': 3136, 'motorbike': 3180, 'person': 3066, 'pottedplant': 2446, 'sheep': 3140, 'train': 2752, 'tvmonitor': 2942}
TRUE EPOCHS:  False
10000
Initializing trn-set. Randomly sampling 10000 examples.
/home/pswoboda/.venv/lib/python3.11/site-packages/albumentations/core/composition.py:331: UserWarning: Got processor for keypoints, but no transform to process it.
  self._set_keys()
No difficulty parameters for test-set. Using all available data.
Number of annotation pairs matching the difficulty params in test-set: {'aeroplane': 690, 'bicycle': 650, 'bird': 702, 'boat': 702, 'bottle': 870, 'bus': 644, 'car': 564, 'cat': 600, 'chair': 646, 'cow': 640, 'dog': 600, 'horse': 600, 'motorbike': 702, 'person': 650, 'pottedplant': 862, 'sheep': 664, 'train': 756, 'tvmonitor': 692}
TRUE EPOCHS:  False
1000
Initializing test-set. Randomly sampling 1000 examples.
/home/pswoboda/.venv/lib/python3.11/site-packages/torchvision/models/_utils.py:208: UserWarning: The parameter 'pretrained' is deprecated since 0.13 and may be removed in the future, please use 'weights' instead.
  warnings.warn(
/home/pswoboda/.venv/lib/python3.11/site-packages/torchvision/models/_utils.py:223: UserWarning: Arguments other than a weight enum or `None` for 'weights' are deprecated since 0.13 and may be removed in the future. The current behavior is equivalent to passing `weights=VGG16_Weights.IMAGENET1K_V1`. You can also use `weights=VGG16_Weights.DEFAULT` to get the most up-to-date weights.
  warnings.warn(msg)
torch.compile: n_gpt_decoder, n_gpt_decoder_2 (dynamic=True)
Start training...
NMT model on device: cuda:0
Epoch 0/11
----------
lr = 1.50e-05, 5.00e-04

  warnings.warn(
/home/pswoboda/.venv/lib/python3.11/site-packages/torch/_inductor/compile_fx.py:320: UserWarning: TensorFloat32 tensor cores for float32 matrix multiplication available but not enabled. Consider setting `torch.set_float32_matmul_precision('high')` for better performance.
  warnings.warn(
[rank0]:[W925 13:17:19.932431120 reducer.cpp:1528] Warning: find_unused_parameters=True was specified in DDP constructor, but did not find any unused parameters in the forward pass. This flag results in an extra traversal of the autograd graph every iteration,  which can adversely affect performance. If your model indeed never has any unused parameters in the forward pass, consider turning this flag off. Note that this warning may be a false positive if your model has flow control causing later iterations to have unused parameters. (function operator())

  warnings.warn(

Epoch 0/11: 100%|██████████| 2000/2000 [05:37<00:00,  7.44it/s, loss=2.4273, acc=0.7825]
Epoch 0/11: 100%|██████████| 2000/2000 [05:37<00:00,  5.92it/s, loss=2.4273, acc=0.7825]
epoch loss: 2.853240494683385, epoch accuracy: 0.7824507273749621
completed in 337.96s (5.63m)
Start evaluation...
Evaluating class aeroplane: 0/18
/home/pswoboda/.venv/lib/python3.11/site-packages/torch/_inductor/fx_passes/fuse_attention.py:851: UserWarning: TensorFloat32 tensor cores for float32 matrix multiplication available but not enabled. Skipping pattern matching to fused flash-attention. Consider setting `torch.set_float32_matmul_precision('high')` for better performance.
  warnings.warn(
Class aeroplane Iteration 40   12.38sample/s
Class aeroplane Iteration 80   138.04sample/s
Class aeroplane Iteration 120  137.77sample/s
Class aeroplane Iteration 160  137.49sample/s
Class aeroplane Iteration 200  139.80sample/s
Class aeroplane acc = 0.6451
Evaluating class bicycle: 1/18
Class bicycle  Iteration 40   93.97sample/s
Class bicycle  Iteration 80   137.76sample/s
Class bicycle  Iteration 120  136.20sample/s
Class bicycle  Iteration 160  139.51sample/s
Class bicycle  Iteration 200  140.02sample/s
Class bicycle acc = 0.5951
Evaluating class bird: 2/18
Class bird     Iteration 40   93.24sample/s
Class bird     Iteration 80   140.10sample/s
Class bird     Iteration 120  137.02sample/s
Class bird     Iteration 160  135.49sample/s
Class bird     Iteration 200  138.32sample/s
Class bird acc = 0.9070
Evaluating class boat: 3/18
Class boat     Iteration 40   95.83sample/s
Class boat     Iteration 80   138.90sample/s
Class boat     Iteration 120  138.20sample/s
Class boat     Iteration 160  137.97sample/s
Class boat     Iteration 200  139.98sample/s
Class boat acc = 0.7804
Evaluating class bottle: 4/18
Class bottle   Iteration 40   94.84sample/s
Class bottle   Iteration 80   139.20sample/s
Class bottle   Iteration 120  137.86sample/s
Class bottle   Iteration 160  138.06sample/s
Class bottle   Iteration 200  138.48sample/s
Class bottle acc = 0.6457
Evaluating class bus: 5/18
Class bus      Iteration 40   95.16sample/s
Class bus      Iteration 80   139.92sample/s
Class bus      Iteration 120  138.45sample/s
Class bus      Iteration 160  138.67sample/s
Class bus      Iteration 200  139.85sample/s
Class bus acc = 0.9647
Evaluating class car: 6/18
Class car      Iteration 40   96.97sample/s
Class car      Iteration 80   138.39sample/s
Class car      Iteration 120  138.03sample/s
Class car      Iteration 160  138.44sample/s
Class car      Iteration 200  139.07sample/s
Class car acc = 0.8720
Evaluating class cat: 7/18
Class cat      Iteration 40   95.58sample/s
Class cat      Iteration 80   137.05sample/s
Class cat      Iteration 120  136.95sample/s
Class cat      Iteration 160  138.53sample/s
Class cat      Iteration 200  139.24sample/s
Class cat acc = 0.7248
Evaluating class chair: 8/18
Class chair    Iteration 40   95.60sample/s
Class chair    Iteration 80   136.81sample/s
Class chair    Iteration 120  136.80sample/s
Class chair    Iteration 160  136.31sample/s
Class chair    Iteration 200  138.87sample/s
Class chair acc = 0.7136
Evaluating class cow: 9/18
Class cow      Iteration 40   92.12sample/s
Class cow      Iteration 80   137.16sample/s
Class cow      Iteration 120  136.20sample/s
Class cow      Iteration 160  137.35sample/s
Class cow      Iteration 200  142.42sample/s
Class cow acc = 0.8043
Evaluating class dog: 10/18
Class dog      Iteration 40   94.58sample/s
Class dog      Iteration 80   137.53sample/s
Class dog      Iteration 120  138.87sample/s
Class dog      Iteration 160  139.85sample/s
Class dog      Iteration 200  141.12sample/s
Class dog acc = 0.7610
Evaluating class horse: 11/18
Class horse    Iteration 40   95.67sample/s
Class horse    Iteration 80   137.16sample/s
Class horse    Iteration 120  133.87sample/s
Class horse    Iteration 160  138.47sample/s
Class horse    Iteration 200  140.09sample/s
Class horse acc = 0.6691
Evaluating class motorbike: 12/18
Class motorbike Iteration 40   94.98sample/s
Class motorbike Iteration 80   139.40sample/s
Class motorbike Iteration 120  135.50sample/s
Class motorbike Iteration 160  136.27sample/s
Class motorbike Iteration 200  141.42sample/s
Class motorbike acc = 0.7841
Evaluating class person: 13/18
Class person   Iteration 40   96.40sample/s
Class person   Iteration 80   140.89sample/s
Class person   Iteration 120  139.81sample/s
Class person   Iteration 160  139.34sample/s
Class person   Iteration 200  142.61sample/s
Class person acc = 0.6534
Evaluating class pottedplant: 14/18
Class pottedplant Iteration 40   94.39sample/s
Class pottedplant Iteration 80   143.46sample/s
Class pottedplant Iteration 120  140.06sample/s
Class pottedplant Iteration 160  139.58sample/s
Class pottedplant Iteration 200  140.81sample/s
Class pottedplant acc = 0.9811
Evaluating class sheep: 15/18
Class sheep    Iteration 40   94.18sample/s
Class sheep    Iteration 80   137.97sample/s
Class sheep    Iteration 120  138.29sample/s
Class sheep    Iteration 160  138.87sample/s
Class sheep    Iteration 200  142.16sample/s
Class sheep acc = 0.7506
Evaluating class train: 16/18
Class train    Iteration 40   96.51sample/s
Class train    Iteration 80   135.52sample/s
Class train    Iteration 120  134.93sample/s
Class train    Iteration 160  136.73sample/s
Class train    Iteration 200  139.36sample/s
Class train acc = 0.9710
Evaluating class tvmonitor: 17/18
Class tvmonitor Iteration 40   94.07sample/s
Class tvmonitor Iteration 80   137.31sample/s
Class tvmonitor Iteration 120  138.58sample/s
Class tvmonitor Iteration 160  137.73sample/s
Class tvmonitor Iteration 200  138.80sample/s
Class tvmonitor acc = 0.9924
Evaluation complete in 2m 38s
Matching accuracy
aeroplane = 0.6451
bicycle = 0.5951
bird = 0.9070
boat = 0.7804
bottle = 0.6457
bus = 0.9647
car = 0.8720
cat = 0.7248
chair = 0.7136
cow = 0.8043
dog = 0.7610
horse = 0.6691
motorbike = 0.7841
person = 0.6534
pottedplant = 0.9811
sheep = 0.7506
train = 0.9710
tvmonitor = 0.9924
average = 0.7897
Epoch 1/11
----------
lr = 1.50e-05, 5.00e-04

  warnings.warn(

Epoch 1/11: 100%|██████████| 2000/2000 [04:38<00:00,  5.88it/s, loss=1.5247, acc=0.9120]
Epoch 1/11: 100%|██████████| 2000/2000 [04:38<00:00,  7.17it/s, loss=1.5247, acc=0.9120]
epoch loss: 1.8128638035375624, epoch accuracy: 0.911980084147389
completed in 278.79s (4.65m)
Start evaluation...
Evaluating class aeroplane: 0/18
Class aeroplane Iteration 40   94.64sample/s
Class aeroplane Iteration 80   138.55sample/s
Class aeroplane Iteration 120  137.22sample/s
Class aeroplane Iteration 160  137.79sample/s
Class aeroplane Iteration 200  140.59sample/s
Class aeroplane acc = 0.6623
Evaluating class bicycle: 1/18
Class bicycle  Iteration 40   94.44sample/s
Class bicycle  Iteration 80   138.86sample/s
Class bicycle  Iteration 120  141.12sample/s
Class bicycle  Iteration 160  138.23sample/s
Class bicycle  Iteration 200  140.96sample/s
Class bicycle acc = 0.6057
Evaluating class bird: 2/18
Class bird     Iteration 40   95.80sample/s
Class bird     Iteration 80   139.37sample/s
Class bird     Iteration 120  139.25sample/s
Class bird     Iteration 160  138.14sample/s
Class bird     Iteration 200  142.40sample/s
Class bird acc = 0.8807
Evaluating class boat: 3/18
Class boat     Iteration 40   94.44sample/s
Class boat     Iteration 80   140.16sample/s
Class boat     Iteration 120  139.36sample/s
Class boat     Iteration 160  141.38sample/s
Class boat     Iteration 200  141.96sample/s
Class boat acc = 0.8044
Evaluating class bottle: 4/18
Class bottle   Iteration 40   95.98sample/s
Class bottle   Iteration 80   141.49sample/s
Class bottle   Iteration 120  138.48sample/s
Class bottle   Iteration 160  134.08sample/s
Class bottle   Iteration 200  140.93sample/s
Class bottle acc = 0.6388
Evaluating class bus: 5/18
Class bus      Iteration 40   95.94sample/s
Class bus      Iteration 80   140.14sample/s
Class bus      Iteration 120  138.78sample/s
Class bus      Iteration 160  138.45sample/s
Class bus      Iteration 200  142.36sample/s
Class bus acc = 0.9615
Evaluating class car: 6/18
Class car      Iteration 40   92.30sample/s
Class car      Iteration 80   138.59sample/s
Class car      Iteration 120  136.79sample/s
Class car      Iteration 160  139.41sample/s
Class car      Iteration 200  141.05sample/s
Class car acc = 0.8880
Evaluating class cat: 7/18
Class cat      Iteration 40   95.96sample/s
Class cat      Iteration 80   138.58sample/s
Class cat      Iteration 120  138.38sample/s
Class cat      Iteration 160  137.28sample/s
Class cat      Iteration 200  139.83sample/s
Class cat acc = 0.7830
Evaluating class chair: 8/18
Class chair    Iteration 40   95.11sample/s
Class chair    Iteration 80   138.52sample/s
Class chair    Iteration 120  137.53sample/s
Class chair    Iteration 160  140.88sample/s
Class chair    Iteration 200  140.41sample/s
Class chair acc = 0.6849
Evaluating class cow: 9/18
Class cow      Iteration 40   94.88sample/s
Class cow      Iteration 80   138.94sample/s
Class cow      Iteration 120  138.48sample/s
Class cow      Iteration 160  138.53sample/s
Class cow      Iteration 200  139.83sample/s
Class cow acc = 0.8037
Evaluating class dog: 10/18
Class dog      Iteration 40   94.63sample/s
Class dog      Iteration 80   134.24sample/s
Class dog      Iteration 120  136.58sample/s
Class dog      Iteration 160  133.69sample/s
Class dog      Iteration 200  138.83sample/s
Class dog acc = 0.7637
Evaluating class horse: 11/18
Class horse    Iteration 40   94.46sample/s
Class horse    Iteration 80   138.41sample/s
Class horse    Iteration 120  137.05sample/s
Class horse    Iteration 160  136.88sample/s
Class horse    Iteration 200  138.62sample/s
Class horse acc = 0.6969
Evaluating class motorbike: 12/18
Class motorbike Iteration 40   95.10sample/s
Class motorbike Iteration 80   139.11sample/s
Class motorbike Iteration 120  137.28sample/s
Class motorbike Iteration 160  137.87sample/s
Class motorbike Iteration 200  140.27sample/s
Class motorbike acc = 0.7917
Evaluating class person: 13/18
Class person   Iteration 40   95.81sample/s
Class person   Iteration 80   139.69sample/s
Class person   Iteration 120  139.65sample/s
Class person   Iteration 160  139.73sample/s
Class person   Iteration 200  142.90sample/s
Class person acc = 0.6518
Evaluating class pottedplant: 14/18
Class pottedplant Iteration 40   96.90sample/s
Class pottedplant Iteration 80   141.63sample/s
Class pottedplant Iteration 120  139.95sample/s
Class pottedplant Iteration 160  141.09sample/s
Class pottedplant Iteration 200  141.42sample/s
Class pottedplant acc = 0.9983
Evaluating class sheep: 15/18
Class sheep    Iteration 40   95.86sample/s
Class sheep    Iteration 80   139.09sample/s
Class sheep    Iteration 120  138.03sample/s
Class sheep    Iteration 160  136.48sample/s
Class sheep    Iteration 200  142.43sample/s
Class sheep acc = 0.7431
Evaluating class train: 16/18
Class train    Iteration 40   94.32sample/s
Class train    Iteration 80   140.13sample/s
Class train    Iteration 120  138.56sample/s
Class train    Iteration 160  137.55sample/s
Class train    Iteration 200  140.51sample/s
Class train acc = 0.9712
Evaluating class tvmonitor: 17/18
Class tvmonitor Iteration 40   95.98sample/s
Class tvmonitor Iteration 80   139.14sample/s
Class tvmonitor Iteration 120  137.71sample/s
Class tvmonitor Iteration 160  137.41sample/s
Class tvmonitor Iteration 200  139.79sample/s
Class tvmonitor acc = 0.9931
Evaluation complete in 2m 24s
Matching accuracy
aeroplane = 0.6623
bicycle = 0.6057
bird = 0.8807
boat = 0.8044
bottle = 0.6388
bus = 0.9615
car = 0.8880
cat = 0.7830
chair = 0.6849
cow = 0.8037
dog = 0.7637
horse = 0.6969
motorbike = 0.7917
person = 0.6518
pottedplant = 0.9983
sheep = 0.7431
train = 0.9712
tvmonitor = 0.9931
average = 0.7957
Epoch 2/11
----------
lr = 1.50e-06, 5.00e-05

Epoch 2/11: 100%|██████████| 2000/2000 [04:38<00:00,  7.41it/s, loss=1.6801, acc=0.9516]
Epoch 2/11: 100%|██████████| 2000/2000 [04:38<00:00,  7.17it/s, loss=1.6801, acc=0.9516]
epoch loss: 1.4606237073708326, epoch accuracy: 0.9516049881646557
completed in 278.95s (4.65m)
Start evaluation...
Evaluating class aeroplane: 0/18
Class aeroplane Iteration 40   96.20sample/s
Class aeroplane Iteration 80   138.26sample/s
Class aeroplane Iteration 120  138.06sample/s
Class aeroplane Iteration 160  139.31sample/s
Class aeroplane Iteration 200  143.99sample/s
Class aeroplane acc = 0.6866
Evaluating class bicycle: 1/18
Class bicycle  Iteration 40   94.80sample/s
Class bicycle  Iteration 80   140.86sample/s
Class bicycle  Iteration 120  139.85sample/s
Class bicycle  Iteration 160  137.49sample/s
Class bicycle  Iteration 200  138.64sample/s
Class bicycle acc = 0.6481
Evaluating class bird: 2/18
Class bird     Iteration 40   96.45sample/s
Class bird     Iteration 80   142.39sample/s
Class bird     Iteration 120  137.72sample/s
Class bird     Iteration 160  138.90sample/s
Class bird     Iteration 200  141.17sample/s
Class bird acc = 0.8990
Evaluating class boat: 3/18
Class boat     Iteration 40   96.21sample/s
Class boat     Iteration 80   138.36sample/s
Class boat     Iteration 120  134.93sample/s
Class boat     Iteration 160  139.69sample/s
Class boat     Iteration 200  141.45sample/s
Class boat acc = 0.8142
Evaluating class bottle: 4/18
Class bottle   Iteration 40   94.81sample/s
Class bottle   Iteration 80   139.93sample/s
Class bottle   Iteration 120  137.46sample/s
Class bottle   Iteration 160  137.56sample/s
Class bottle   Iteration 200  142.00sample/s
Class bottle acc = 0.6517
Evaluating class bus: 5/18
Class bus      Iteration 40   94.95sample/s
Class bus      Iteration 80   140.16sample/s
Class bus      Iteration 120  136.19sample/s
Class bus      Iteration 160  133.90sample/s
Class bus      Iteration 200  136.30sample/s
Class bus acc = 0.9700
Evaluating class car: 6/18
Class car      Iteration 40   96.33sample/s
Class car      Iteration 80   136.44sample/s
Class car      Iteration 120  135.03sample/s
Class car      Iteration 160  133.69sample/s
Class car      Iteration 200  138.15sample/s
Class car acc = 0.9045
Evaluating class cat: 7/18
Class cat      Iteration 40   94.60sample/s
Class cat      Iteration 80   138.58sample/s
Class cat      Iteration 120  140.61sample/s
Class cat      Iteration 160  139.42sample/s
Class cat      Iteration 200  141.77sample/s
Class cat acc = 0.7786
Evaluating class chair: 8/18
Class chair    Iteration 40   94.42sample/s
Class chair    Iteration 80   137.30sample/s
Class chair    Iteration 120  137.98sample/s
Class chair    Iteration 160  137.74sample/s
Class chair    Iteration 200  139.61sample/s
Class chair acc = 0.7101
Evaluating class cow: 9/18
Class cow      Iteration 40   96.12sample/s
Class cow      Iteration 80   138.94sample/s
Class cow      Iteration 120  140.28sample/s
Class cow      Iteration 160  99.23sample/s
Class cow      Iteration 200  138.74sample/s
Class cow acc = 0.8166
Evaluating class dog: 10/18
Class dog      Iteration 40   92.66sample/s
Class dog      Iteration 80   134.34sample/s
Class dog      Iteration 120  134.05sample/s
Class dog      Iteration 160  136.35sample/s
Class dog      Iteration 200  139.83sample/s
Class dog acc = 0.7947
Evaluating class horse: 11/18
Class horse    Iteration 40   93.92sample/s
Class horse    Iteration 80   138.28sample/s
Class horse    Iteration 120  137.08sample/s
Class horse    Iteration 160  137.62sample/s
Class horse    Iteration 200  137.94sample/s
Class horse acc = 0.7095
Evaluating class motorbike: 12/18
Class motorbike Iteration 40   94.49sample/s
Class motorbike Iteration 80   136.90sample/s
Class motorbike Iteration 120  139.10sample/s
Class motorbike Iteration 160  136.93sample/s
Class motorbike Iteration 200  139.27sample/s
Class motorbike acc = 0.8036
Evaluating class person: 13/18
Class person   Iteration 40   95.23sample/s
Class person   Iteration 80   138.77sample/s
Class person   Iteration 120  136.97sample/s
Class person   Iteration 160  137.02sample/s
Class person   Iteration 200  140.47sample/s
Class person acc = 0.6936
Evaluating class pottedplant: 14/18
Class pottedplant Iteration 40   92.69sample/s
Class pottedplant Iteration 80   136.80sample/s
Class pottedplant Iteration 120  137.81sample/s
Class pottedplant Iteration 160  139.50sample/s
Class pottedplant Iteration 200  138.92sample/s
Class pottedplant acc = 0.9965
Evaluating class sheep: 15/18
Class sheep    Iteration 40   91.64sample/s
Class sheep    Iteration 80   134.96sample/s
Class sheep    Iteration 120  136.14sample/s
Class sheep    Iteration 160  136.75sample/s
Class sheep    Iteration 200  137.91sample/s
Class sheep acc = 0.7603
Evaluating class train: 16/18
Class train    Iteration 40   95.98sample/s
Class train    Iteration 80   139.76sample/s
Class train    Iteration 120  138.88sample/s
Class train    Iteration 160  139.01sample/s
Class train    Iteration 200  140.25sample/s
Class train acc = 0.9778
Evaluating class tvmonitor: 17/18
Class tvmonitor Iteration 40   94.12sample/s
Class tvmonitor Iteration 80   138.70sample/s
Class tvmonitor Iteration 120  137.34sample/s
Class tvmonitor Iteration 160  136.04sample/s
Class tvmonitor Iteration 200  140.25sample/s
Class tvmonitor acc = 0.9926
Evaluation complete in 2m 25s
Matching accuracy
aeroplane = 0.6866
bicycle = 0.6481
bird = 0.8990
boat = 0.8142
bottle = 0.6517
bus = 0.9700
car = 0.9045
cat = 0.7786
chair = 0.7101
cow = 0.8166
dog = 0.7947
horse = 0.7095
motorbike = 0.8036
person = 0.6936
pottedplant = 0.9965
sheep = 0.7603
train = 0.9778
tvmonitor = 0.9926
average = 0.8116
Epoch 3/11
----------
lr = 1.50e-06, 5.00e-05

Epoch 3/11: 100%|██████████| 2000/2000 [04:39<00:00,  7.29it/s, loss=0.4907, acc=0.9625]
Epoch 3/11: 100%|██████████| 2000/2000 [04:39<00:00,  7.14it/s, loss=0.4907, acc=0.9625]
epoch loss: 1.3619850466419012, epoch accuracy: 0.9625178744240463
completed in 279.99s (4.67m)
Start evaluation...
Evaluating class aeroplane: 0/18
Class aeroplane Iteration 40   94.14sample/s
Class aeroplane Iteration 80   136.51sample/s
Class aeroplane Iteration 120  138.05sample/s
Class aeroplane Iteration 160  138.27sample/s
Class aeroplane Iteration 200  143.58sample/s
Class aeroplane acc = 0.6834
Evaluating class bicycle: 1/18
Class bicycle  Iteration 40   92.83sample/s
Class bicycle  Iteration 80   134.71sample/s
Class bicycle  Iteration 120  138.52sample/s
Class bicycle  Iteration 160  139.92sample/s
Class bicycle  Iteration 200  141.07sample/s
Class bicycle acc = 0.6481
Evaluating class bird: 2/18
Class bird     Iteration 40   95.31sample/s
Class bird     Iteration 80   139.30sample/s
Class bird     Iteration 120  138.52sample/s
Class bird     Iteration 160  136.99sample/s
Class bird     Iteration 200  142.64sample/s
Class bird acc = 0.9118
Evaluating class boat: 3/18
Class boat     Iteration 40   95.51sample/s
Class boat     Iteration 80   139.53sample/s
Class boat     Iteration 120  138.64sample/s
Class boat     Iteration 160  138.81sample/s
Class boat     Iteration 200  139.96sample/s
Class boat acc = 0.8189
Evaluating class bottle: 4/18
Class bottle   Iteration 40   96.44sample/s
Class bottle   Iteration 80   137.83sample/s
Class bottle   Iteration 120  136.32sample/s
Class bottle   Iteration 160  136.97sample/s
Class bottle   Iteration 200  140.63sample/s
Class bottle acc = 0.6562
Evaluating class bus: 5/18
Class bus      Iteration 40   94.82sample/s
Class bus      Iteration 80   139.73sample/s
Class bus      Iteration 120  137.78sample/s
Class bus      Iteration 160  137.16sample/s
Class bus      Iteration 200  141.37sample/s
Class bus acc = 0.9732
Evaluating class car: 6/18
Class car      Iteration 40   95.60sample/s
Class car      Iteration 80   137.04sample/s
Class car      Iteration 120  136.83sample/s
Class car      Iteration 160  136.81sample/s
Class car      Iteration 200  139.24sample/s
Class car acc = 0.9056
Evaluating class cat: 7/18
Class cat      Iteration 40   93.74sample/s
Class cat      Iteration 80   137.99sample/s
Class cat      Iteration 120  140.17sample/s
Class cat      Iteration 160  138.38sample/s
Class cat      Iteration 200  139.96sample/s
Class cat acc = 0.7746
Evaluating class chair: 8/18
Class chair    Iteration 40   96.03sample/s
Class chair    Iteration 80   139.78sample/s
Class chair    Iteration 120  139.95sample/s
Class chair    Iteration 160  139.41sample/s
Class chair    Iteration 200  140.89sample/s
Class chair acc = 0.7395
Evaluating class cow: 9/18
Class cow      Iteration 40   92.69sample/s
Class cow      Iteration 80   137.42sample/s
Class cow      Iteration 120  138.93sample/s
Class cow      Iteration 160  140.07sample/s
Class cow      Iteration 200  141.31sample/s
Class cow acc = 0.8220
Evaluating class dog: 10/18
Class dog      Iteration 40   94.83sample/s
Class dog      Iteration 80   140.01sample/s
Class dog      Iteration 120  139.18sample/s
Class dog      Iteration 160  139.49sample/s
Class dog      Iteration 200  140.57sample/s
Class dog acc = 0.7990
Evaluating class horse: 11/18
Class horse    Iteration 40   94.35sample/s
Class horse    Iteration 80   137.90sample/s
Class horse    Iteration 120  138.55sample/s
Class horse    Iteration 160  138.35sample/s
Class horse    Iteration 200  139.71sample/s
Class horse acc = 0.7158
Evaluating class motorbike: 12/18
Class motorbike Iteration 40   94.77sample/s
Class motorbike Iteration 80   140.34sample/s
Class motorbike Iteration 120  142.20sample/s
Class motorbike Iteration 160  136.41sample/s
Class motorbike Iteration 200  140.11sample/s
Class motorbike acc = 0.8038
Evaluating class person: 13/18
Class person   Iteration 40   95.45sample/s
Class person   Iteration 80   138.91sample/s
Class person   Iteration 120  139.25sample/s
Class person   Iteration 160  138.33sample/s
Class person   Iteration 200  139.87sample/s
Class person acc = 0.7010
Evaluating class pottedplant: 14/18
Class pottedplant Iteration 40   95.75sample/s
Class pottedplant Iteration 80   140.64sample/s
Class pottedplant Iteration 120  138.63sample/s
Class pottedplant Iteration 160  138.50sample/s
Class pottedplant Iteration 200  142.24sample/s
Class pottedplant acc = 0.9976
Evaluating class sheep: 15/18
Class sheep    Iteration 40   91.78sample/s
Class sheep    Iteration 80   138.21sample/s
Class sheep    Iteration 120  138.83sample/s
Class sheep    Iteration 160  138.56sample/s
Class sheep    Iteration 200  141.15sample/s
Class sheep acc = 0.7660
Evaluating class train: 16/18
Class train    Iteration 40   94.06sample/s
Class train    Iteration 80   137.24sample/s
Class train    Iteration 120  138.21sample/s
Class train    Iteration 160  136.71sample/s
Class train    Iteration 200  138.17sample/s
Class train acc = 0.9810
Evaluating class tvmonitor: 17/18
Class tvmonitor Iteration 40   94.35sample/s
Class tvmonitor Iteration 80   137.68sample/s
Class tvmonitor Iteration 120  138.24sample/s
Class tvmonitor Iteration 160  133.84sample/s
Class tvmonitor Iteration 200  136.96sample/s
Class tvmonitor acc = 0.9930
Evaluation complete in 2m 24s
Matching accuracy
aeroplane = 0.6834
bicycle = 0.6481
bird = 0.9118
boat = 0.8189
bottle = 0.6562
bus = 0.9732
car = 0.9056
cat = 0.7746
chair = 0.7395
cow = 0.8220
dog = 0.7990
horse = 0.7158
motorbike = 0.8038
person = 0.7010
pottedplant = 0.9976
sheep = 0.7660
train = 0.9810
tvmonitor = 0.9930
average = 0.8161
Epoch 4/11
----------
lr = 1.50e-06, 5.00e-05

Epoch 4/11: 100%|██████████| 2000/2000 [04:39<00:00,  7.30it/s, loss=0.8135, acc=0.9700]
Epoch 4/11: 100%|██████████| 2000/2000 [04:39<00:00,  7.15it/s, loss=0.8135, acc=0.9700]
epoch loss: 1.2920678071826697, epoch accuracy: 0.9700468781455811
completed in 279.66s (4.66m)
Start evaluation...
Evaluating class aeroplane: 0/18
Class aeroplane Iteration 40   94.85sample/s
Class aeroplane Iteration 80   139.69sample/s
Class aeroplane Iteration 120  137.08sample/s
Class aeroplane Iteration 160  136.19sample/s
Class aeroplane Iteration 200  141.29sample/s
Class aeroplane acc = 0.6957
Evaluating class bicycle: 1/18
Class bicycle  Iteration 40   95.15sample/s
Class bicycle  Iteration 80   138.14sample/s
Class bicycle  Iteration 120  139.62sample/s
Class bicycle  Iteration 160  138.83sample/s
Class bicycle  Iteration 200  139.62sample/s
Class bicycle acc = 0.6463
Evaluating class bird: 2/18
Class bird     Iteration 40   95.99sample/s
Class bird     Iteration 80   136.70sample/s
Class bird     Iteration 120  137.31sample/s
Class bird     Iteration 160  136.09sample/s
Class bird     Iteration 200  141.44sample/s
Class bird acc = 0.9076
Evaluating class boat: 3/18
Class boat     Iteration 40   92.94sample/s
Class boat     Iteration 80   138.98sample/s
Class boat     Iteration 120  137.13sample/s
Class boat     Iteration 160  137.85sample/s
Class boat     Iteration 200  140.92sample/s
Class boat acc = 0.8232
Evaluating class bottle: 4/18
Class bottle   Iteration 40   94.38sample/s
Class bottle   Iteration 80   138.84sample/s
Class bottle   Iteration 120  140.74sample/s
Class bottle   Iteration 160  139.43sample/s
Class bottle   Iteration 200  142.41sample/s
Class bottle acc = 0.6457
Evaluating class bus: 5/18
Class bus      Iteration 40   94.85sample/s
Class bus      Iteration 80   140.58sample/s
Class bus      Iteration 120  136.42sample/s
Class bus      Iteration 160  135.93sample/s
Class bus      Iteration 200  142.09sample/s
Class bus acc = 0.9715
Evaluating class car: 6/18
Class car      Iteration 40   96.64sample/s
Class car      Iteration 80   139.16sample/s
Class car      Iteration 120  137.56sample/s
Class car      Iteration 160  135.57sample/s
Class car      Iteration 200  138.57sample/s
Class car acc = 0.9116
Evaluating class cat: 7/18
Class cat      Iteration 40   95.25sample/s
Class cat      Iteration 80   137.65sample/s
Class cat      Iteration 120  136.67sample/s
Class cat      Iteration 160  137.24sample/s
Class cat      Iteration 200  139.34sample/s
Class cat acc = 0.7750
Evaluating class chair: 8/18
Class chair    Iteration 40   95.63sample/s
Class chair    Iteration 80   137.74sample/s
Class chair    Iteration 120  133.89sample/s
Class chair    Iteration 160  134.81sample/s
Class chair    Iteration 200  139.21sample/s
Class chair acc = 0.7429
Evaluating class cow: 9/18
Class cow      Iteration 40   93.41sample/s
Class cow      Iteration 80   137.43sample/s
Class cow      Iteration 120  137.87sample/s
Class cow      Iteration 160  138.30sample/s
Class cow      Iteration 200  140.08sample/s
Class cow acc = 0.8214
Evaluating class dog: 10/18
Class dog      Iteration 40   93.72sample/s
Class dog      Iteration 80   139.47sample/s
Class dog      Iteration 120  138.80sample/s
Class dog      Iteration 160  137.88sample/s
Class dog      Iteration 200  139.53sample/s
Class dog acc = 0.8110
Evaluating class horse: 11/18
Class horse    Iteration 40   96.13sample/s
Class horse    Iteration 80   141.25sample/s
Class horse    Iteration 120  138.41sample/s
Class horse    Iteration 160  137.82sample/s
Class horse    Iteration 200  138.24sample/s
Class horse acc = 0.7229
Evaluating class motorbike: 12/18
Class motorbike Iteration 40   93.50sample/s
Class motorbike Iteration 80   138.31sample/s
Class motorbike Iteration 120  140.15sample/s
Class motorbike Iteration 160  138.83sample/s
Class motorbike Iteration 200  141.06sample/s
Class motorbike acc = 0.8052
Evaluating class person: 13/18
Class person   Iteration 40   93.81sample/s
Class person   Iteration 80   136.58sample/s
Class person   Iteration 120  137.63sample/s
Class person   Iteration 160  136.33sample/s
Class person   Iteration 200  140.25sample/s
Class person acc = 0.7051
Evaluating class pottedplant: 14/18
Class pottedplant Iteration 40   96.69sample/s
Class pottedplant Iteration 80   140.76sample/s
Class pottedplant Iteration 120  139.63sample/s
Class pottedplant Iteration 160  139.10sample/s
Class pottedplant Iteration 200  140.60sample/s
Class pottedplant acc = 0.9958
Evaluating class sheep: 15/18
Class sheep    Iteration 40   95.23sample/s
Class sheep    Iteration 80   138.25sample/s
Class sheep    Iteration 120  136.29sample/s
Class sheep    Iteration 160  140.80sample/s
Class sheep    Iteration 200  143.51sample/s
Class sheep acc = 0.7608
Evaluating class train: 16/18
Class train    Iteration 40   96.78sample/s
Class train    Iteration 80   136.97sample/s
Class train    Iteration 120  137.03sample/s
Class train    Iteration 160  136.60sample/s
Class train    Iteration 200  140.14sample/s
Class train acc = 0.9805
Evaluating class tvmonitor: 17/18
Class tvmonitor Iteration 40   94.31sample/s
Class tvmonitor Iteration 80   137.44sample/s
Class tvmonitor Iteration 120  137.87sample/s
Class tvmonitor Iteration 160  138.66sample/s
Class tvmonitor Iteration 200  140.02sample/s
Class tvmonitor acc = 0.9927
Evaluation complete in 2m 24s
Matching accuracy
aeroplane = 0.6957
bicycle = 0.6463
bird = 0.9076
boat = 0.8232
bottle = 0.6457
bus = 0.9715
car = 0.9116
cat = 0.7750
chair = 0.7429
cow = 0.8214
dog = 0.8110
horse = 0.7229
motorbike = 0.8052
person = 0.7051
pottedplant = 0.9958
sheep = 0.7608
train = 0.9805
tvmonitor = 0.9927
average = 0.8175
Epoch 5/11
----------
lr = 1.50e-07, 5.00e-06

Epoch 5/11: 100%|██████████| 2000/2000 [04:40<00:00,  7.40it/s, loss=0.4944, acc=0.9715]
Epoch 5/11: 100%|██████████| 2000/2000 [04:40<00:00,  7.12it/s, loss=0.4944, acc=0.9715]
epoch loss: 1.2495800098935141, epoch accuracy: 0.9714595532422468
completed in 280.89s (4.68m)
Start evaluation...
Evaluating class aeroplane: 0/18
Class aeroplane Iteration 40   92.87sample/s
Class aeroplane Iteration 80   133.99sample/s
Class aeroplane Iteration 120  136.87sample/s
Class aeroplane Iteration 160  133.87sample/s
Class aeroplane Iteration 200  136.47sample/s
Class aeroplane acc = 0.6943
Evaluating class bicycle: 1/18
Class bicycle  Iteration 40   92.50sample/s
Class bicycle  Iteration 80   138.48sample/s
Class bicycle  Iteration 120  137.15sample/s
Class bicycle  Iteration 160  137.87sample/s
Class bicycle  Iteration 200  140.17sample/s
Class bicycle acc = 0.6470
Evaluating class bird: 2/18
Class bird     Iteration 40   93.69sample/s
Class bird     Iteration 80   137.17sample/s
Class bird     Iteration 120  137.54sample/s
Class bird     Iteration 160  135.96sample/s
Class bird     Iteration 200  138.13sample/s
Class bird acc = 0.9019
Evaluating class boat: 3/18
Class boat     Iteration 40   94.67sample/s
Class boat     Iteration 80   138.77sample/s
Class boat     Iteration 120  138.89sample/s
Class boat     Iteration 160  137.74sample/s
Class boat     Iteration 200  142.46sample/s
Class boat acc = 0.8224
Evaluating class bottle: 4/18
Class bottle   Iteration 40   95.14sample/s
Class bottle   Iteration 80   138.69sample/s
Class bottle   Iteration 120  137.48sample/s
Class bottle   Iteration 160  139.52sample/s
Class bottle   Iteration 200  142.20sample/s
Class bottle acc = 0.6466
Evaluating class bus: 5/18
Class bus      Iteration 40   94.91sample/s
Class bus      Iteration 80   138.19sample/s
Class bus      Iteration 120  138.34sample/s
Class bus      Iteration 160  138.36sample/s
Class bus      Iteration 200  140.73sample/s
Class bus acc = 0.9721
Evaluating class car: 6/18
Class car      Iteration 40   94.64sample/s
Class car      Iteration 80   136.75sample/s
Class car      Iteration 120  135.99sample/s
Class car      Iteration 160  138.58sample/s
Class car      Iteration 200  142.20sample/s
Class car acc = 0.9106
Evaluating class cat: 7/18
Class cat      Iteration 40   94.52sample/s
Class cat      Iteration 80   137.34sample/s
Class cat      Iteration 120  138.08sample/s
Class cat      Iteration 160  137.51sample/s
Class cat      Iteration 200  140.82sample/s
Class cat acc = 0.7759
Evaluating class chair: 8/18
Class chair    Iteration 40   95.78sample/s
Class chair    Iteration 80   139.77sample/s
Class chair    Iteration 120  138.18sample/s
Class chair    Iteration 160  136.16sample/s
Class chair    Iteration 200  142.25sample/s
Class chair acc = 0.7356
Evaluating class cow: 9/18
Class cow      Iteration 40   93.44sample/s
Class cow      Iteration 80   138.73sample/s
Class cow      Iteration 120  137.42sample/s
Class cow      Iteration 160  135.57sample/s
Class cow      Iteration 200  139.00sample/s
Class cow acc = 0.8230
Evaluating class dog: 10/18
Class dog      Iteration 40   94.93sample/s
Class dog      Iteration 80   139.94sample/s
Class dog      Iteration 120  136.79sample/s
Class dog      Iteration 160  135.92sample/s
Class dog      Iteration 200  138.14sample/s
Class dog acc = 0.8051
Evaluating class horse: 11/18
Class horse    Iteration 40   94.03sample/s
Class horse    Iteration 80   138.21sample/s
Class horse    Iteration 120  137.75sample/s
Class horse    Iteration 160  141.63sample/s
Class horse    Iteration 200  141.04sample/s
Class horse acc = 0.7238
Evaluating class motorbike: 12/18
Class motorbike Iteration 40   94.83sample/s
Class motorbike Iteration 80   137.24sample/s
Class motorbike Iteration 120  137.02sample/s
Class motorbike Iteration 160  137.85sample/s
Class motorbike Iteration 200  143.07sample/s
Class motorbike acc = 0.8052
Evaluating class person: 13/18
Class person   Iteration 40   96.18sample/s
Class person   Iteration 80   137.16sample/s
Class person   Iteration 120  135.34sample/s
Class person   Iteration 160  135.23sample/s
Class person   Iteration 200  139.14sample/s
Class person acc = 0.7091
Evaluating class pottedplant: 14/18
Class pottedplant Iteration 40   95.84sample/s
Class pottedplant Iteration 80   138.15sample/s
Class pottedplant Iteration 120  139.50sample/s
Class pottedplant Iteration 160  140.02sample/s
Class pottedplant Iteration 200  140.24sample/s
Class pottedplant acc = 0.9965
Evaluating class sheep: 15/18
Class sheep    Iteration 40   93.39sample/s
Class sheep    Iteration 80   136.33sample/s
Class sheep    Iteration 120  136.83sample/s
Class sheep    Iteration 160  136.70sample/s
Class sheep    Iteration 200  138.28sample/s
Class sheep acc = 0.7629
Evaluating class train: 16/18
Class train    Iteration 40   95.49sample/s
Class train    Iteration 80   136.23sample/s
Class train    Iteration 120  135.67sample/s
Class train    Iteration 160  136.04sample/s
Class train    Iteration 200  139.64sample/s
Class train acc = 0.9825
Evaluating class tvmonitor: 17/18
Class tvmonitor Iteration 40   95.08sample/s
Class tvmonitor Iteration 80   135.04sample/s
Class tvmonitor Iteration 120  136.65sample/s
Class tvmonitor Iteration 160  139.42sample/s
Class tvmonitor Iteration 200  139.34sample/s
Class tvmonitor acc = 0.9927
Evaluation complete in 2m 25s
Matching accuracy
aeroplane = 0.6943
bicycle = 0.6470
bird = 0.9019
boat = 0.8224
bottle = 0.6466
bus = 0.9721
car = 0.9106
cat = 0.7759
chair = 0.7356
cow = 0.8230
dog = 0.8051
horse = 0.7238
motorbike = 0.8052
person = 0.7091
pottedplant = 0.9965
sheep = 0.7629
train = 0.9825
tvmonitor = 0.9927
average = 0.8171
Epoch 6/11
----------
lr = 1.50e-07, 5.00e-06

Epoch 6/11: 100%|██████████| 2000/2000 [04:39<00:00,  7.26it/s, loss=0.6831, acc=0.9731]
Epoch 6/11: 100%|██████████| 2000/2000 [04:39<00:00,  7.15it/s, loss=0.6831, acc=0.9731]
epoch loss: 1.234718154523056, epoch accuracy: 0.9731377459749553
completed in 279.80s (4.66m)
Start evaluation...
Evaluating class aeroplane: 0/18
Class aeroplane Iteration 40   94.17sample/s
Class aeroplane Iteration 80   134.46sample/s
Class aeroplane Iteration 120  136.73sample/s
Class aeroplane Iteration 160  135.61sample/s
Class aeroplane Iteration 200  137.34sample/s
Class aeroplane acc = 0.6920
Evaluating class bicycle: 1/18
Class bicycle  Iteration 40   91.85sample/s
Class bicycle  Iteration 80   132.18sample/s
Class bicycle  Iteration 120  134.43sample/s
Class bicycle  Iteration 160  136.91sample/s
Class bicycle  Iteration 200  137.86sample/s
Class bicycle acc = 0.6506
Evaluating class bird: 2/18
Class bird     Iteration 40   94.45sample/s
Class bird     Iteration 80   137.87sample/s
Class bird     Iteration 120  135.76sample/s
Class bird     Iteration 160  135.06sample/s
Class bird     Iteration 200  137.50sample/s
Class bird acc = 0.8972
Evaluating class boat: 3/18
Class boat     Iteration 40   91.52sample/s
Class boat     Iteration 80   133.31sample/s
Class boat     Iteration 120  132.65sample/s
Class boat     Iteration 160  133.41sample/s
Class boat     Iteration 200  137.74sample/s
Class boat acc = 0.8193
Evaluating class bottle: 4/18
Class bottle   Iteration 40   95.62sample/s
Class bottle   Iteration 80   137.03sample/s
Class bottle   Iteration 120  134.80sample/s
Class bottle   Iteration 160  136.33sample/s
Class bottle   Iteration 200  140.37sample/s
Class bottle acc = 0.6489
Evaluating class bus: 5/18
Class bus      Iteration 40   93.14sample/s
Class bus      Iteration 80   135.71sample/s
Class bus      Iteration 120  133.26sample/s
Class bus      Iteration 160  136.95sample/s
Class bus      Iteration 200  138.82sample/s
Class bus acc = 0.9729
Evaluating class car: 6/18
Class car      Iteration 40   93.54sample/s
Class car      Iteration 80   135.00sample/s
Class car      Iteration 120  135.69sample/s
Class car      Iteration 160  134.41sample/s
Class car      Iteration 200  134.83sample/s
Class car acc = 0.9089
Evaluating class cat: 7/18
Class cat      Iteration 40   92.79sample/s
Class cat      Iteration 80   134.42sample/s
Class cat      Iteration 120  133.88sample/s
Class cat      Iteration 160  133.24sample/s
Class cat      Iteration 200  134.46sample/s
Class cat acc = 0.7763
Evaluating class chair: 8/18
Class chair    Iteration 40   93.69sample/s
Class chair    Iteration 80   137.24sample/s
Class chair    Iteration 120  139.23sample/s
Class chair    Iteration 160  133.33sample/s
Class chair    Iteration 200  137.97sample/s
Class chair acc = 0.7322
Evaluating class cow: 9/18
Class cow      Iteration 40   93.08sample/s
Class cow      Iteration 80   134.47sample/s
Class cow      Iteration 120  134.66sample/s
Class cow      Iteration 160  134.17sample/s
Class cow      Iteration 200  137.51sample/s
Class cow acc = 0.8250
Evaluating class dog: 10/18
Class dog      Iteration 40   92.59sample/s
Class dog      Iteration 80   136.96sample/s
Class dog      Iteration 120  136.22sample/s
Class dog      Iteration 160  135.97sample/s
Class dog      Iteration 200  137.64sample/s
Class dog acc = 0.8056
Evaluating class horse: 11/18
Class horse    Iteration 40   95.14sample/s
Class horse    Iteration 80   137.36sample/s
Class horse    Iteration 120  134.74sample/s
Class horse    Iteration 160  135.40sample/s
Class horse    Iteration 200  137.51sample/s
Class horse acc = 0.7219
Evaluating class motorbike: 12/18
Class motorbike Iteration 40   94.21sample/s
Class motorbike Iteration 80   138.16sample/s
Class motorbike Iteration 120  135.98sample/s
Class motorbike Iteration 160  135.46sample/s
Class motorbike Iteration 200  135.96sample/s
Class motorbike acc = 0.8042
Evaluating class person: 13/18
Class person   Iteration 40   92.44sample/s
Class person   Iteration 80   137.12sample/s
Class person   Iteration 120  136.20sample/s
Class person   Iteration 160  135.65sample/s
Class person   Iteration 200  136.45sample/s
Class person acc = 0.7058
Evaluating class pottedplant: 14/18
Class pottedplant Iteration 40   92.10sample/s
Class pottedplant Iteration 80   134.68sample/s
Class pottedplant Iteration 120  133.91sample/s
Class pottedplant Iteration 160  135.16sample/s
Class pottedplant Iteration 200  136.41sample/s
Class pottedplant acc = 0.9976
Evaluating class sheep: 15/18
Class sheep    Iteration 40   91.64sample/s
Class sheep    Iteration 80   134.95sample/s
Class sheep    Iteration 120  134.97sample/s
Class sheep    Iteration 160  129.98sample/s
Class sheep    Iteration 200  137.60sample/s
Class sheep acc = 0.7649
Evaluating class train: 16/18
Class train    Iteration 40   93.06sample/s
Class train    Iteration 80   133.91sample/s
Class train    Iteration 120  139.50sample/s
Class train    Iteration 160  134.69sample/s
Class train    Iteration 200  134.99sample/s
Class train acc = 0.9826
Evaluating class tvmonitor: 17/18
Class tvmonitor Iteration 40   92.86sample/s
Class tvmonitor Iteration 80   136.78sample/s
Class tvmonitor Iteration 120  136.56sample/s
Class tvmonitor Iteration 160  135.77sample/s
Class tvmonitor Iteration 200  138.44sample/s
Class tvmonitor acc = 0.9926
Evaluation complete in 2m 27s
Matching accuracy
aeroplane = 0.6920
bicycle = 0.6506
bird = 0.8972
boat = 0.8193
bottle = 0.6489
bus = 0.9729
car = 0.9089
cat = 0.7763
chair = 0.7322
cow = 0.8250
dog = 0.8056
horse = 0.7219
motorbike = 0.8042
person = 0.7058
pottedplant = 0.9976
sheep = 0.7649
train = 0.9826
tvmonitor = 0.9926
average = 0.8166
Epoch 7/11
----------
lr = 1.50e-07, 5.00e-06

Epoch 7/11: 100%|██████████| 2000/2000 [04:56<00:00,  7.23it/s, loss=1.3931, acc=0.9725]
Epoch 7/11: 100%|██████████| 2000/2000 [04:56<00:00,  6.74it/s, loss=1.3931, acc=0.9725]
epoch loss: 1.2484998635519295, epoch accuracy: 0.9725096280967983
completed in 296.73s (4.95m)
Start evaluation...
Evaluating class aeroplane: 0/18
Class aeroplane Iteration 40   91.58sample/s
Class aeroplane Iteration 80   134.93sample/s
Class aeroplane Iteration 120  136.18sample/s
Class aeroplane Iteration 160  137.81sample/s
Class aeroplane Iteration 200  140.18sample/s
Class aeroplane acc = 0.6918
Evaluating class bicycle: 1/18
Class bicycle  Iteration 40   94.30sample/s
Class bicycle  Iteration 80   137.19sample/s
Class bicycle  Iteration 120  137.77sample/s
Class bicycle  Iteration 160  137.04sample/s
Class bicycle  Iteration 200  138.52sample/s
Class bicycle acc = 0.6531
Evaluating class bird: 2/18
Class bird     Iteration 40   94.10sample/s
Class bird     Iteration 80   137.23sample/s
Class bird     Iteration 120  136.79sample/s
Class bird     Iteration 160  136.24sample/s
Class bird     Iteration 200  139.30sample/s
Class bird acc = 0.9003
Evaluating class boat: 3/18
Class boat     Iteration 40   94.06sample/s
Class boat     Iteration 80   137.08sample/s
Class boat     Iteration 120  135.60sample/s
Class boat     Iteration 160  135.50sample/s
Class boat     Iteration 200  138.14sample/s
Class boat acc = 0.8185
Evaluating class bottle: 4/18
Class bottle   Iteration 40   92.72sample/s
Class bottle   Iteration 80   136.41sample/s
Class bottle   Iteration 120  134.88sample/s
Class bottle   Iteration 160  134.74sample/s
Class bottle   Iteration 200  139.02sample/s
Class bottle acc = 0.6470
Evaluating class bus: 5/18
Class bus      Iteration 40   93.06sample/s
Class bus      Iteration 80   137.59sample/s
Class bus      Iteration 120  134.91sample/s
Class bus      Iteration 160  134.39sample/s
Class bus      Iteration 200  137.24sample/s
Class bus acc = 0.9735
Evaluating class car: 6/18
Class car      Iteration 40   92.98sample/s
Class car      Iteration 80   135.74sample/s
Class car      Iteration 120  135.06sample/s
Class car      Iteration 160  135.70sample/s
Class car      Iteration 200  139.84sample/s
Class car acc = 0.9116
Evaluating class cat: 7/18
Class cat      Iteration 40   92.62sample/s
Class cat      Iteration 80   138.85sample/s
Class cat      Iteration 120  134.95sample/s
Class cat      Iteration 160  134.60sample/s
Class cat      Iteration 200  137.47sample/s
Class cat acc = 0.7757
Evaluating class chair: 8/18
Class chair    Iteration 40   92.43sample/s
Class chair    Iteration 80   137.45sample/s
Class chair    Iteration 120  137.71sample/s
Class chair    Iteration 160  136.65sample/s
Class chair    Iteration 200  136.97sample/s
Class chair acc = 0.7338
Evaluating class cow: 9/18
Class cow      Iteration 40   92.12sample/s
Class cow      Iteration 80   137.30sample/s
Class cow      Iteration 120  137.49sample/s
Class cow      Iteration 160  135.14sample/s
Class cow      Iteration 200  136.28sample/s
Class cow acc = 0.8236
Evaluating class dog: 10/18
Class dog      Iteration 40   92.55sample/s
Class dog      Iteration 80   136.44sample/s
Class dog      Iteration 120  135.58sample/s
Class dog      Iteration 160  138.31sample/s
Class dog      Iteration 200  139.28sample/s
Class dog acc = 0.8039
Evaluating class horse: 11/18
Class horse    Iteration 40   93.33sample/s
Class horse    Iteration 80   136.58sample/s
Class horse    Iteration 120  133.23sample/s
Class horse    Iteration 160  137.30sample/s
Class horse    Iteration 200  139.74sample/s
Class horse acc = 0.7230
Evaluating class motorbike: 12/18
Class motorbike Iteration 40   92.98sample/s
Class motorbike Iteration 80   134.43sample/s
Class motorbike Iteration 120  137.69sample/s
Class motorbike Iteration 160  137.90sample/s
Class motorbike Iteration 200  139.89sample/s
Class motorbike acc = 0.8036
Evaluating class person: 13/18
Class person   Iteration 40   93.24sample/s
Class person   Iteration 80   135.37sample/s
Class person   Iteration 120  133.86sample/s
Class person   Iteration 160  133.07sample/s
Class person   Iteration 200  136.10sample/s
Class person acc = 0.7081
Evaluating class pottedplant: 14/18
Class pottedplant Iteration 40   92.26sample/s
Class pottedplant Iteration 80   129.78sample/s
Class pottedplant Iteration 120  132.05sample/s
Class pottedplant Iteration 160  131.37sample/s
Class pottedplant Iteration 200  136.32sample/s
Class pottedplant acc = 0.9983
Evaluating class sheep: 15/18
Class sheep    Iteration 40   93.75sample/s
Class sheep    Iteration 80   134.75sample/s
Class sheep    Iteration 120  135.02sample/s
Class sheep    Iteration 160  136.19sample/s
Class sheep    Iteration 200  138.11sample/s
Class sheep acc = 0.7672
Evaluating class train: 16/18
Class train    Iteration 40   93.52sample/s
Class train    Iteration 80   133.86sample/s
Class train    Iteration 120  131.74sample/s
Class train    Iteration 160  130.47sample/s
Class train    Iteration 200  135.42sample/s
Class train acc = 0.9841
Evaluating class tvmonitor: 17/18
Class tvmonitor Iteration 40   92.63sample/s
Class tvmonitor Iteration 80   133.11sample/s
Class tvmonitor Iteration 120  134.19sample/s
Class tvmonitor Iteration 160  135.53sample/s
Class tvmonitor Iteration 200  138.38sample/s
Class tvmonitor acc = 0.9926
Evaluation complete in 2m 27s
Matching accuracy
aeroplane = 0.6918
bicycle = 0.6531
bird = 0.9003
boat = 0.8185
bottle = 0.6470
bus = 0.9735
car = 0.9116
cat = 0.7757
chair = 0.7338
cow = 0.8236
dog = 0.8039
horse = 0.7230
motorbike = 0.8036
person = 0.7081
pottedplant = 0.9983
sheep = 0.7672
train = 0.9841
tvmonitor = 0.9926
average = 0.8172
Epoch 8/11
----------
lr = 1.50e-07, 5.00e-06

Epoch 8/11: 100%|██████████| 2000/2000 [04:53<00:00,  7.37it/s, loss=1.5120, acc=0.9730]
Epoch 8/11: 100%|██████████| 2000/2000 [04:53<00:00,  6.81it/s, loss=1.5120, acc=0.9730]
epoch loss: 1.227440897594206, epoch accuracy: 0.973024825815386
completed in 293.61s (4.89m)
Start evaluation...
Evaluating class aeroplane: 0/18
Class aeroplane Iteration 40   93.64sample/s
Class aeroplane Iteration 80   136.66sample/s
Class aeroplane Iteration 120  135.90sample/s
Class aeroplane Iteration 160  137.59sample/s
Class aeroplane Iteration 200  138.75sample/s
Class aeroplane acc = 0.6927
Evaluating class bicycle: 1/18
Class bicycle  Iteration 40   92.16sample/s
Class bicycle  Iteration 80   137.57sample/s
Class bicycle  Iteration 120  135.72sample/s
Class bicycle  Iteration 160  136.92sample/s
Class bicycle  Iteration 200  138.03sample/s
Class bicycle acc = 0.6484
Evaluating class bird: 2/18
Class bird     Iteration 40   94.04sample/s
Class bird     Iteration 80   136.52sample/s
Class bird     Iteration 120  136.10sample/s
Class bird     Iteration 160  132.23sample/s
Class bird     Iteration 200  139.13sample/s
Class bird acc = 0.9034
Evaluating class boat: 3/18
Class boat     Iteration 40   94.25sample/s
Class boat     Iteration 80   135.46sample/s
Class boat     Iteration 120  135.23sample/s
Class boat     Iteration 160  135.14sample/s
Class boat     Iteration 200  137.56sample/s
Class boat acc = 0.8169
Evaluating class bottle: 4/18
Class bottle   Iteration 40   93.61sample/s
Class bottle   Iteration 80   137.78sample/s
Class bottle   Iteration 120  135.77sample/s
Class bottle   Iteration 160  134.35sample/s
Class bottle   Iteration 200  139.27sample/s
Class bottle acc = 0.6463
Evaluating class bus: 5/18
Class bus      Iteration 40   93.21sample/s
Class bus      Iteration 80   138.10sample/s
Class bus      Iteration 120  138.11sample/s
Class bus      Iteration 160  137.20sample/s
Class bus      Iteration 200  137.73sample/s
Class bus acc = 0.9739
Evaluating class car: 6/18
Class car      Iteration 40   93.67sample/s
Class car      Iteration 80   138.35sample/s
Class car      Iteration 120  134.44sample/s
Class car      Iteration 160  135.83sample/s
Class car      Iteration 200  137.91sample/s
Class car acc = 0.9106
Evaluating class cat: 7/18
Class cat      Iteration 40   91.09sample/s
Class cat      Iteration 80   131.46sample/s
Class cat      Iteration 120  134.22sample/s
Class cat      Iteration 160  134.90sample/s
Class cat      Iteration 200  136.89sample/s
Class cat acc = 0.7784
Evaluating class chair: 8/18
Class chair    Iteration 40   95.00sample/s
Class chair    Iteration 80   138.59sample/s
Class chair    Iteration 120  136.00sample/s
Class chair    Iteration 160  136.04sample/s
Class chair    Iteration 200  136.85sample/s
Class chair acc = 0.7354
Evaluating class cow: 9/18
Class cow      Iteration 40   92.32sample/s
Class cow      Iteration 80   137.17sample/s
Class cow      Iteration 120  132.23sample/s
Class cow      Iteration 160  133.89sample/s
Class cow      Iteration 200  139.29sample/s
Class cow acc = 0.8244
Evaluating class dog: 10/18
Class dog      Iteration 40   93.18sample/s
Class dog      Iteration 80   132.89sample/s
Class dog      Iteration 120  134.18sample/s
Class dog      Iteration 160  135.39sample/s
Class dog      Iteration 200  138.61sample/s
Class dog acc = 0.8054
Evaluating class horse: 11/18
Class horse    Iteration 40   93.61sample/s
Class horse    Iteration 80   134.03sample/s
Class horse    Iteration 120  133.16sample/s
Class horse    Iteration 160  138.22sample/s
Class horse    Iteration 200  136.53sample/s
Class horse acc = 0.7248
Evaluating class motorbike: 12/18
Class motorbike Iteration 40   92.69sample/s
Class motorbike Iteration 80   135.53sample/s
Class motorbike Iteration 120  135.83sample/s
Class motorbike Iteration 160  134.22sample/s
Class motorbike Iteration 200  134.64sample/s
Class motorbike acc = 0.8044
Evaluating class person: 13/18
Class person   Iteration 40   94.33sample/s
Class person   Iteration 80   136.80sample/s
Class person   Iteration 120  137.83sample/s
Class person   Iteration 160  138.62sample/s
Class person   Iteration 200  139.78sample/s
Class person acc = 0.7070
Evaluating class pottedplant: 14/18
Class pottedplant Iteration 40   92.60sample/s
Class pottedplant Iteration 80   136.44sample/s
Class pottedplant Iteration 120  137.04sample/s
Class pottedplant Iteration 160  135.69sample/s
Class pottedplant Iteration 200  138.55sample/s
Class pottedplant acc = 0.9983
Evaluating class sheep: 15/18
Class sheep    Iteration 40   95.16sample/s
Class sheep    Iteration 80   139.73sample/s
Class sheep    Iteration 120  135.56sample/s
Class sheep    Iteration 160  137.17sample/s
Class sheep    Iteration 200  139.42sample/s
Class sheep acc = 0.7672
Evaluating class train: 16/18
Class train    Iteration 40   93.45sample/s
Class train    Iteration 80   137.74sample/s
Class train    Iteration 120  134.73sample/s
Class train    Iteration 160  136.93sample/s
Class train    Iteration 200  141.28sample/s
Class train acc = 0.9848
Evaluating class tvmonitor: 17/18
Class tvmonitor Iteration 40   94.05sample/s
Class tvmonitor Iteration 80   136.52sample/s
Class tvmonitor Iteration 120  133.83sample/s
Class tvmonitor Iteration 160  135.87sample/s
Class tvmonitor Iteration 200  137.77sample/s
Class tvmonitor acc = 0.9926
Evaluation complete in 2m 26s
Matching accuracy
aeroplane = 0.6927
bicycle = 0.6484
bird = 0.9034
boat = 0.8169
bottle = 0.6463
bus = 0.9739
car = 0.9106
cat = 0.7784
chair = 0.7354
cow = 0.8244
dog = 0.8054
horse = 0.7248
motorbike = 0.8044
person = 0.7070
pottedplant = 0.9983
sheep = 0.7672
train = 0.9848
tvmonitor = 0.9926
average = 0.8175
Epoch 9/11
----------
lr = 1.50e-07, 5.00e-06

Epoch 9/11: 100%|██████████| 2000/2000 [04:52<00:00,  7.16it/s, loss=1.5208, acc=0.9750]
Epoch 9/11: 100%|██████████| 2000/2000 [04:53<00:00,  6.82it/s, loss=1.5208, acc=0.9750]
epoch loss: 1.2306103520896285, epoch accuracy: 0.9749996416233031
completed in 293.06s (4.88m)
Start evaluation...
Evaluating class aeroplane: 0/18
Class aeroplane Iteration 40   93.33sample/s
Class aeroplane Iteration 80   136.02sample/s
Class aeroplane Iteration 120  134.84sample/s
Class aeroplane Iteration 160  132.09sample/s
Class aeroplane Iteration 200  137.50sample/s
Class aeroplane acc = 0.6931
Evaluating class bicycle: 1/18
Class bicycle  Iteration 40   91.88sample/s
Class bicycle  Iteration 80   136.91sample/s
Class bicycle  Iteration 120  136.15sample/s
Class bicycle  Iteration 160  136.87sample/s
Class bicycle  Iteration 200  137.46sample/s
Class bicycle acc = 0.6536
Evaluating class bird: 2/18
Class bird     Iteration 40   91.65sample/s
Class bird     Iteration 80   133.29sample/s
Class bird     Iteration 120  134.63sample/s
Class bird     Iteration 160  131.49sample/s
Class bird     Iteration 200  138.53sample/s
Class bird acc = 0.8982
Evaluating class boat: 3/18
Class boat     Iteration 40   92.79sample/s
Class boat     Iteration 80   136.24sample/s
Class boat     Iteration 120  135.01sample/s
Class boat     Iteration 160  135.68sample/s
Class boat     Iteration 200  137.37sample/s
Class boat acc = 0.8173
Evaluating class bottle: 4/18
Class bottle   Iteration 40   91.61sample/s
Class bottle   Iteration 80   132.48sample/s
Class bottle   Iteration 120  134.42sample/s
Class bottle   Iteration 160  136.46sample/s
Class bottle   Iteration 200  137.57sample/s
Class bottle acc = 0.6479
Evaluating class bus: 5/18
Class bus      Iteration 40   93.00sample/s
Class bus      Iteration 80   136.09sample/s
Class bus      Iteration 120  131.70sample/s
Class bus      Iteration 160  132.10sample/s
Class bus      Iteration 200  134.90sample/s
Class bus acc = 0.9738
Evaluating class car: 6/18
Class car      Iteration 40   90.89sample/s
Class car      Iteration 80   127.95sample/s
Class car      Iteration 120  134.42sample/s
Class car      Iteration 160  135.63sample/s
Class car      Iteration 200  139.95sample/s
Class car acc = 0.9086
Evaluating class cat: 7/18
Class cat      Iteration 40   93.46sample/s
Class cat      Iteration 80   136.11sample/s
Class cat      Iteration 120  136.22sample/s
Class cat      Iteration 160  135.25sample/s
Class cat      Iteration 200  136.87sample/s
Class cat acc = 0.7784
Evaluating class chair: 8/18
Class chair    Iteration 40   94.42sample/s
Class chair    Iteration 80   136.53sample/s
Class chair    Iteration 120  136.80sample/s
Class chair    Iteration 160  136.92sample/s
Class chair    Iteration 200  139.43sample/s
Class chair acc = 0.7338
Evaluating class cow: 9/18
Class cow      Iteration 40   91.02sample/s
Class cow      Iteration 80   134.97sample/s
Class cow      Iteration 120  136.36sample/s
Class cow      Iteration 160  135.59sample/s
Class cow      Iteration 200  138.05sample/s
Class cow acc = 0.8248
Evaluating class dog: 10/18
Class dog      Iteration 40   92.53sample/s
Class dog      Iteration 80   133.23sample/s
Class dog      Iteration 120  132.60sample/s
Class dog      Iteration 160  132.51sample/s
Class dog      Iteration 200  136.96sample/s
Class dog acc = 0.8049
Evaluating class horse: 11/18
Class horse    Iteration 40   93.33sample/s
Class horse    Iteration 80   136.73sample/s
Class horse    Iteration 120  135.82sample/s
Class horse    Iteration 160  136.01sample/s
Class horse    Iteration 200  136.67sample/s
Class horse acc = 0.7233
Evaluating class motorbike: 12/18
Class motorbike Iteration 40   94.47sample/s
Class motorbike Iteration 80   137.85sample/s
Class motorbike Iteration 120  135.54sample/s
Class motorbike Iteration 160  134.08sample/s
Class motorbike Iteration 200  134.42sample/s
Class motorbike acc = 0.8024
Evaluating class person: 13/18
Class person   Iteration 40   94.18sample/s
Class person   Iteration 80   136.73sample/s
Class person   Iteration 120  131.69sample/s
Class person   Iteration 160  135.03sample/s
Class person   Iteration 200  136.29sample/s
Class person acc = 0.7063
Evaluating class pottedplant: 14/18
Class pottedplant Iteration 40   91.61sample/s
Class pottedplant Iteration 80   133.95sample/s
Class pottedplant Iteration 120  133.79sample/s
Class pottedplant Iteration 160  135.09sample/s
Class pottedplant Iteration 200  137.75sample/s
Class pottedplant acc = 0.9983
Evaluating class sheep: 15/18
Class sheep    Iteration 40   94.79sample/s
Class sheep    Iteration 80   133.69sample/s
Class sheep    Iteration 120  134.13sample/s
Class sheep    Iteration 160  133.49sample/s
Class sheep    Iteration 200  137.41sample/s
Class sheep acc = 0.7685
Evaluating class train: 16/18
Class train    Iteration 40   93.10sample/s
Class train    Iteration 80   136.07sample/s
Class train    Iteration 120  135.39sample/s
Class train    Iteration 160  130.91sample/s
Class train    Iteration 200  136.92sample/s
Class train acc = 0.9857
Evaluating class tvmonitor: 17/18
Class tvmonitor Iteration 40   92.63sample/s
Class tvmonitor Iteration 80   134.50sample/s
Class tvmonitor Iteration 120  133.81sample/s
Class tvmonitor Iteration 160  133.02sample/s
Class tvmonitor Iteration 200  136.87sample/s
Class tvmonitor acc = 0.9926
Evaluation complete in 2m 28s
Matching accuracy
aeroplane = 0.6931
bicycle = 0.6536
bird = 0.8982
boat = 0.8173
bottle = 0.6479
bus = 0.9738
car = 0.9086
cat = 0.7784
chair = 0.7338
cow = 0.8248
dog = 0.8049
horse = 0.7233
motorbike = 0.8024
person = 0.7063
pottedplant = 0.9983
sheep = 0.7685
train = 0.9857
tvmonitor = 0.9926
average = 0.8173
Epoch 10/11
----------
lr = 1.50e-07, 5.00e-06

Epoch 10/11: 100%|██████████| 2000/2000 [04:51<00:00,  7.16it/s, loss=2.0183, acc=0.9736]
Epoch 10/11: 100%|██████████| 2000/2000 [04:51<00:00,  6.87it/s, loss=2.0183, acc=0.9736]
epoch loss: 1.2467283508786933, epoch accuracy: 0.9735846331600231
completed in 291.21s (4.85m)
Start evaluation...
Evaluating class aeroplane: 0/18
Class aeroplane Iteration 40   93.32sample/s
Class aeroplane Iteration 80   135.65sample/s
Class aeroplane Iteration 120  135.97sample/s
Class aeroplane Iteration 160  134.93sample/s
Class aeroplane Iteration 200  137.91sample/s
Class aeroplane acc = 0.6932
Evaluating class bicycle: 1/18
Class bicycle  Iteration 40   91.98sample/s
Class bicycle  Iteration 80   136.26sample/s
Class bicycle  Iteration 120  133.30sample/s
Class bicycle  Iteration 160  132.40sample/s
Class bicycle  Iteration 200  134.18sample/s
Class bicycle acc = 0.6529
Evaluating class bird: 2/18
Class bird     Iteration 40   92.21sample/s
Class bird     Iteration 80   137.83sample/s
Class bird     Iteration 120  133.22sample/s
Class bird     Iteration 160  134.97sample/s
Class bird     Iteration 200  136.61sample/s
Class bird acc = 0.9029
Evaluating class boat: 3/18
Class boat     Iteration 40   93.65sample/s
Class boat     Iteration 80   135.43sample/s
Class boat     Iteration 120  135.46sample/s
Class boat     Iteration 160  135.33sample/s
Class boat     Iteration 200  138.11sample/s
Class boat acc = 0.8234
Evaluating class bottle: 4/18
Class bottle   Iteration 40   92.65sample/s
Class bottle   Iteration 80   137.67sample/s
Class bottle   Iteration 120  138.02sample/s
Class bottle   Iteration 160  135.57sample/s
Class bottle   Iteration 200  136.99sample/s
Class bottle acc = 0.6478
Evaluating class bus: 5/18
Class bus      Iteration 40   92.16sample/s
Class bus      Iteration 80   134.63sample/s
Class bus      Iteration 120  130.97sample/s
Class bus      Iteration 160  132.78sample/s
Class bus      Iteration 200  136.43sample/s
Class bus acc = 0.9739
Evaluating class car: 6/18
Class car      Iteration 40   94.28sample/s
Class car      Iteration 80   138.35sample/s
Class car      Iteration 120  135.09sample/s
Class car      Iteration 160  135.64sample/s
Class car      Iteration 200  138.54sample/s
Class car acc = 0.9112
Evaluating class cat: 7/18
Class cat      Iteration 40   92.33sample/s
Class cat      Iteration 80   136.93sample/s
Class cat      Iteration 120  133.80sample/s
Class cat      Iteration 160  134.66sample/s
Class cat      Iteration 200  140.28sample/s
Class cat acc = 0.7783
Evaluating class chair: 8/18
Class chair    Iteration 40   92.62sample/s
Class chair    Iteration 80   134.66sample/s
Class chair    Iteration 120  134.42sample/s
Class chair    Iteration 160  138.40sample/s
Class chair    Iteration 200  140.18sample/s
Class chair acc = 0.7354
Evaluating class cow: 9/18
Class cow      Iteration 40   92.67sample/s
Class cow      Iteration 80   133.41sample/s
Class cow      Iteration 120  136.63sample/s
Class cow      Iteration 160  137.45sample/s
Class cow      Iteration 200  137.71sample/s
Class cow acc = 0.8232
Evaluating class dog: 10/18
Class dog      Iteration 40   92.41sample/s
Class dog      Iteration 80   132.81sample/s
Class dog      Iteration 120  133.01sample/s
Class dog      Iteration 160  131.98sample/s
Class dog      Iteration 200  136.31sample/s
Class dog acc = 0.8069
Evaluating class horse: 11/18
Class horse    Iteration 40   91.11sample/s
Class horse    Iteration 80   134.59sample/s
Class horse    Iteration 120  133.18sample/s
Class horse    Iteration 160  137.63sample/s
Class horse    Iteration 200  137.94sample/s
Class horse acc = 0.7233
Evaluating class motorbike: 12/18
Class motorbike Iteration 40   91.70sample/s
Class motorbike Iteration 80   138.24sample/s
Class motorbike Iteration 120  135.82sample/s
Class motorbike Iteration 160  133.66sample/s
Class motorbike Iteration 200  135.89sample/s
Class motorbike acc = 0.8034
Evaluating class person: 13/18
Class person   Iteration 40   93.35sample/s
Class person   Iteration 80   136.88sample/s
Class person   Iteration 120  136.43sample/s
Class person   Iteration 160  136.27sample/s
Class person   Iteration 200  136.63sample/s
Class person acc = 0.7063
Evaluating class pottedplant: 14/18
Class pottedplant Iteration 40   91.75sample/s
Class pottedplant Iteration 80   134.92sample/s
Class pottedplant Iteration 120  136.38sample/s
Class pottedplant Iteration 160  136.20sample/s
Class pottedplant Iteration 200  138.55sample/s
Class pottedplant acc = 0.9983
Evaluating class sheep: 15/18
Class sheep    Iteration 40   91.87sample/s
Class sheep    Iteration 80   137.43sample/s
Class sheep    Iteration 120  133.55sample/s
Class sheep    Iteration 160  134.24sample/s
Class sheep    Iteration 200  138.93sample/s
Class sheep acc = 0.7696
Evaluating class train: 16/18
Class train    Iteration 40   94.03sample/s
Class train    Iteration 80   137.12sample/s
Class train    Iteration 120  135.73sample/s
Class train    Iteration 160  135.99sample/s
Class train    Iteration 200  138.91sample/s
Class train acc = 0.9855
Evaluating class tvmonitor: 17/18
Class tvmonitor Iteration 40   93.51sample/s
Class tvmonitor Iteration 80   136.96sample/s
Class tvmonitor Iteration 120  134.51sample/s
Class tvmonitor Iteration 160  133.28sample/s
Class tvmonitor Iteration 200  136.83sample/s
Class tvmonitor acc = 0.9926
Evaluation complete in 2m 27s
Matching accuracy
aeroplane = 0.6932
bicycle = 0.6529
bird = 0.9029
boat = 0.8234
bottle = 0.6478
bus = 0.9739
car = 0.9112
cat = 0.7783
chair = 0.7354
cow = 0.8232
dog = 0.8069
horse = 0.7233
motorbike = 0.8034
person = 0.7063
pottedplant = 0.9983
sheep = 0.7696
train = 0.9855
tvmonitor = 0.9926
average = 0.8182
Epoch 11/11
----------
lr = 1.50e-07, 5.00e-06

Epoch 11/11: 100%|██████████| 2000/2000 [04:54<00:00,  7.14it/s, loss=0.5532, acc=0.9759]
Epoch 11/11: 100%|██████████| 2000/2000 [04:55<00:00,  6.78it/s, loss=0.5532, acc=0.9759]
epoch loss: 1.2132368570221588, epoch accuracy: 0.9759013502182902
completed in 295.08s (4.92m)
Start evaluation...
Evaluating class aeroplane: 0/18
Class aeroplane Iteration 40   93.81sample/s
Class aeroplane Iteration 80   135.87sample/s
Class aeroplane Iteration 120  134.48sample/s
Class aeroplane Iteration 160  133.95sample/s
Class aeroplane Iteration 200  138.41sample/s
Class aeroplane acc = 0.6950
Evaluating class bicycle: 1/18
Class bicycle  Iteration 40   94.27sample/s
Class bicycle  Iteration 80   138.52sample/s
Class bicycle  Iteration 120  131.47sample/s
Class bicycle  Iteration 160  136.76sample/s
Class bicycle  Iteration 200  138.96sample/s
Class bicycle acc = 0.6586
Evaluating class bird: 2/18
Class bird     Iteration 40   92.20sample/s
Class bird     Iteration 80   134.17sample/s
Class bird     Iteration 120  134.09sample/s
Class bird     Iteration 160  136.18sample/s
Class bird     Iteration 200  137.68sample/s
Class bird acc = 0.8951
Evaluating class boat: 3/18
Class boat     Iteration 40   93.42sample/s
Class boat     Iteration 80   136.10sample/s
Class boat     Iteration 120  134.56sample/s
Class boat     Iteration 160  134.57sample/s
Class boat     Iteration 200  137.82sample/s
Class boat acc = 0.8240
Evaluating class bottle: 4/18
Class bottle   Iteration 40   94.07sample/s
Class bottle   Iteration 80   134.58sample/s
Class bottle   Iteration 120  135.09sample/s
Class bottle   Iteration 160  136.11sample/s
Class bottle   Iteration 200  139.75sample/s
Class bottle acc = 0.6470
Evaluating class bus: 5/18
Class bus      Iteration 40   93.59sample/s
Class bus      Iteration 80   136.89sample/s
Class bus      Iteration 120  136.23sample/s
Class bus      Iteration 160  135.94sample/s
Class bus      Iteration 200  138.08sample/s
Class bus acc = 0.9758
Evaluating class car: 6/18
Class car      Iteration 40   93.86sample/s
Class car      Iteration 80   135.99sample/s
Class car      Iteration 120  133.49sample/s
Class car      Iteration 160  137.01sample/s
Class car      Iteration 200  140.07sample/s
Class car acc = 0.9103
Evaluating class cat: 7/18
Class cat      Iteration 40   91.51sample/s
Class cat      Iteration 80   132.67sample/s
Class cat      Iteration 120  131.66sample/s
Class cat      Iteration 160  133.45sample/s
Class cat      Iteration 200  134.49sample/s
Class cat acc = 0.7780
Evaluating class chair: 8/18
Class chair    Iteration 40   93.45sample/s
Class chair    Iteration 80   133.76sample/s
Class chair    Iteration 120  132.07sample/s
Class chair    Iteration 160  133.02sample/s
Class chair    Iteration 200  137.18sample/s
Class chair acc = 0.7340
Evaluating class cow: 9/18
Class cow      Iteration 40   92.70sample/s
Class cow      Iteration 80   134.65sample/s
Class cow      Iteration 120  136.63sample/s
Class cow      Iteration 160  134.77sample/s
Class cow      Iteration 200  136.20sample/s
Class cow acc = 0.8218
Evaluating class dog: 10/18
Class dog      Iteration 40   90.46sample/s
Class dog      Iteration 80   135.63sample/s
Class dog      Iteration 120  133.48sample/s
Class dog      Iteration 160  137.15sample/s
Class dog      Iteration 200  137.45sample/s
Class dog acc = 0.8064
Evaluating class horse: 11/18
Class horse    Iteration 40   94.32sample/s
Class horse    Iteration 80   134.44sample/s
Class horse    Iteration 120  134.77sample/s
Class horse    Iteration 160  135.70sample/s
Class horse    Iteration 200  138.14sample/s
Class horse acc = 0.7238
Evaluating class motorbike: 12/18
Class motorbike Iteration 40   94.23sample/s
Class motorbike Iteration 80   134.49sample/s
Class motorbike Iteration 120  132.70sample/s
Class motorbike Iteration 160  137.17sample/s
Class motorbike Iteration 200  139.89sample/s
Class motorbike acc = 0.8069
Evaluating class person: 13/18
Class person   Iteration 40   94.62sample/s
Class person   Iteration 80   135.61sample/s
Class person   Iteration 120  132.04sample/s
Class person   Iteration 160  136.53sample/s
Class person   Iteration 200  135.89sample/s
Class person acc = 0.7057
Evaluating class pottedplant: 14/18
Class pottedplant Iteration 40   93.48sample/s
Class pottedplant Iteration 80   138.03sample/s
Class pottedplant Iteration 120  137.73sample/s
Class pottedplant Iteration 160  136.34sample/s
Class pottedplant Iteration 200  138.71sample/s
Class pottedplant acc = 0.9983
Evaluating class sheep: 15/18
Class sheep    Iteration 40   92.86sample/s
Class sheep    Iteration 80   136.72sample/s
Class sheep    Iteration 120  138.10sample/s
Class sheep    Iteration 160  135.23sample/s
Class sheep    Iteration 200  136.54sample/s
Class sheep acc = 0.7672
Evaluating class train: 16/18
Class train    Iteration 40   90.35sample/s
Class train    Iteration 80   134.98sample/s
Class train    Iteration 120  136.04sample/s
Class train    Iteration 160  137.86sample/s
Class train    Iteration 200  138.13sample/s
Class train acc = 0.9850
Evaluating class tvmonitor: 17/18
Class tvmonitor Iteration 40   92.66sample/s
Class tvmonitor Iteration 80   134.65sample/s
Class tvmonitor Iteration 120  135.74sample/s
Class tvmonitor Iteration 160  135.83sample/s
Class tvmonitor Iteration 200  135.46sample/s
Class tvmonitor acc = 0.9927
Evaluation complete in 2m 27s
Matching accuracy
aeroplane = 0.6950
bicycle = 0.6586
bird = 0.8951
boat = 0.8240
bottle = 0.6470
bus = 0.9758
car = 0.9103
cat = 0.7780
chair = 0.7340
cow = 0.8218
dog = 0.8064
horse = 0.7238
motorbike = 0.8069
person = 0.7057
pottedplant = 0.9983
sheep = 0.7672
train = 0.9850
tvmonitor = 0.9927
average = 0.8181
DONE
