job=local node=rema gpu=NVIDIA GeForce RTX 4070 Ti SUPER config=ncal_pointnet seed=0 epochs=30
/home/pswoboda/repo/rational-splinecnn/experiments/ncaltech101.py:99: UserWarning: The given NumPy array is not writable, and PyTorch does not support non-writable tensors. This means writing to this tensor will result in undefined behavior. You may want to copy the array to protect its data or make it writable before converting it to a tensor. This type of warning will be suppressed for the rest of this program. (Triggered internally at /pytorch/torch/csrc/utils/tensor_numpy.cpp:213.)
  return (torch.from_numpy(np.ascontiguousarray(pos)).to(device),
ncaltech101: 101 classes, 4356 train / 2612 val / 1741 test samples, 25000 events each
/home/pswoboda/repo/rational-splinecnn/experiments/ncaltech101.py:114: DeprecationWarning: 'torch-cluster' is deprecated and no longer maintained. All functionality has been migrated to 'pyg-lib>=0.7.0' (https://github.com/pyg-team/pyg-lib).
  import torch_cluster  # noqa: F401
radius graph: cluster
GraphRes(
  (conv1): PointNetConv(1, 8, dim=3)
  (norm1): BatchNorm(8, eps=1e-05, momentum=0.1, affine=True, bias=True, track_running_stats=True)
  (conv2): PointNetConv(8, 16, dim=3)
  (norm2): BatchNorm(16, eps=1e-05, momentum=0.1, affine=True, bias=True, track_running_stats=True)
  (conv3): PointNetConv(16, 16, dim=3)
  (norm3): BatchNorm(16, eps=1e-05, momentum=0.1, affine=True, bias=True, track_running_stats=True)
  (conv4): PointNetConv(16, 16, dim=3)
  (norm4): BatchNorm(16, eps=1e-05, momentum=0.1, affine=True, bias=True, track_running_stats=True)
  (conv5): PointNetConv(16, 32, dim=3)
  (norm5): BatchNorm(32, eps=1e-05, momentum=0.1, affine=True, bias=True, track_running_stats=True)
  (pool5): MaxPooling()
  (conv6): PointNetConv(32, 32, dim=3)
  (norm6): BatchNorm(32, eps=1e-05, momentum=0.1, affine=True, bias=True, track_running_stats=True)
  (conv7): PointNetConv(32, 32, dim=3)
  (norm7): BatchNorm(32, eps=1e-05, momentum=0.1, affine=True, bias=True, track_running_stats=True)
  (pool7): MaxPoolingX()
  (fc): Linear(in_features=512, out_features=101, bias=False)
)
55680 parameters (3664 in convolutions)
wandb: Currently logged in as: pswoboda to https://api.wandb.ai. Use `wandb login --relogin` to force relogin
wandb: setting up run 62yd7pns
wandb: Tracking run with wandb version 0.23.1
wandb: Run data is saved locally in /home/pswoboda/repo/rational-splinecnn/wandb/wandb/run-20260917_114318-62yd7pns
wandb: Run `wandb offline` to turn off syncing.
wandb: Syncing run ncaltech101_ncal_pointnet_seed0
wandb: ⭐️ View project at https://wandb.ai/pswoboda/rational-splinecnn
wandb: 🚀 View run at https://wandb.ai/pswoboda/rational-splinecnn/runs/62yd7pns
/home/pswoboda/.venv/lib/python3.11/site-packages/torch_geometric/utils/_scatter.py:91: UserWarning: The usage of `scatter(reduce='max')` can be accelerated via the 'torch-scatter' package, but it was not found
  warnings.warn(
Epoch: 001, Loss: 3.6983, Train: 26.68, Val: 33.50, Test: 34.69, Time: 83s, Mem: 14.1GB
Epoch: 002, Loss: 2.6958, Train: 38.31, Val: 40.31, Test: 40.38, Time: 81s, Mem: 14.1GB
Epoch: 003, Loss: 2.1602, Train: 48.44, Val: 43.87, Test: 45.15, Time: 81s, Mem: 14.1GB
Epoch: 004, Loss: 1.7565, Train: 55.83, Val: 43.91, Test: 45.20, Time: 88s, Mem: 14.1GB
Epoch: 005, Loss: 1.4552, Train: 63.06, Val: 46.29, Test: 48.13, Time: 82s, Mem: 14.1GB
Epoch: 006, Loss: 1.2051, Train: 69.28, Val: 49.46, Test: 50.49, Time: 81s, Mem: 14.1GB
Epoch: 007, Loss: 0.9636, Train: 75.37, Val: 48.62, Test: 49.80, Time: 81s, Mem: 14.1GB
Epoch: 008, Loss: 0.7754, Train: 80.23, Val: 49.46, Test: 50.78, Time: 81s, Mem: 14.1GB
Epoch: 009, Loss: 0.6135, Train: 84.73, Val: 49.77, Test: 50.78, Time: 81s, Mem: 14.1GB
Epoch: 010, Loss: 0.4999, Train: 87.42, Val: 49.50, Test: 50.55, Time: 81s, Mem: 14.1GB
Epoch: 011, Loss: 0.3699, Train: 91.62, Val: 50.04, Test: 50.55, Time: 81s, Mem: 14.1GB
Epoch: 012, Loss: 0.3068, Train: 93.32, Val: 49.20, Test: 51.46, Time: 81s, Mem: 14.1GB
Epoch: 013, Loss: 0.2358, Train: 94.79, Val: 49.16, Test: 51.06, Time: 81s, Mem: 14.1GB
Epoch: 014, Loss: 0.1813, Train: 96.56, Val: 49.43, Test: 51.29, Time: 81s, Mem: 14.1GB
Epoch: 015, Loss: 0.1498, Train: 97.04, Val: 49.77, Test: 50.95, Time: 81s, Mem: 14.1GB
Epoch: 016, Loss: 0.1136, Train: 98.21, Val: 48.93, Test: 51.29, Time: 81s, Mem: 14.1GB
Epoch: 017, Loss: 0.0918, Train: 98.74, Val: 49.92, Test: 50.66, Time: 81s, Mem: 14.1GB
Epoch: 018, Loss: 0.0907, Train: 98.37, Val: 49.31, Test: 52.61, Time: 81s, Mem: 14.1GB
Epoch: 019, Loss: 0.0920, Train: 98.42, Val: 49.54, Test: 50.37, Time: 81s, Mem: 14.1GB
Epoch: 020, Loss: 0.0921, Train: 98.16, Val: 48.24, Test: 50.43, Time: 81s, Mem: 14.1GB
Epoch: 021, Loss: 0.0451, Train: 99.38, Val: 50.50, Test: 51.58, Time: 81s, Mem: 14.1GB
Epoch: 022, Loss: 0.0265, Train: 99.91, Val: 50.61, Test: 51.92, Time: 81s, Mem: 14.1GB
Epoch: 023, Loss: 0.0237, Train: 99.95, Val: 50.57, Test: 51.69, Time: 81s, Mem: 14.1GB
Epoch: 024, Loss: 0.0213, Train: 99.95, Val: 50.46, Test: 51.52, Time: 81s, Mem: 14.1GB
Epoch: 025, Loss: 0.0202, Train: 99.95, Val: 51.38, Test: 51.98, Time: 81s, Mem: 14.1GB
Epoch: 026, Loss: 0.0187, Train: 100.00, Val: 50.80, Test: 52.27, Time: 81s, Mem: 14.1GB
Epoch: 027, Loss: 0.0176, Train: 99.98, Val: 51.00, Test: 52.15, Time: 82s, Mem: 14.1GB
Epoch: 028, Loss: 0.0165, Train: 99.98, Val: 51.03, Test: 52.44, Time: 81s, Mem: 14.1GB
Epoch: 029, Loss: 0.0153, Train: 99.98, Val: 51.03, Test: 52.21, Time: 81s, Mem: 14.1GB
Epoch: 030, Loss: 0.0144, Train: 99.98, Val: 50.80, Test: 52.15, Time: 81s, Mem: 14.1GB
Best val 51.38 at epoch 25
Final test accuracy: 52.15 (best 51.98)
wandb: updating run metadata
wandb: uploading output.log
wandb: uploading history steps 28-29, summary, console lines 31-33
wandb: 
wandb: Run history:
wandb: epoch_time ▃▁▁█▂▁▁▁▁▁▁▁▁▁▁▁▁▁▁▁▁▁▁▁▁▁▁▁▁▁
wandb:       loss █▆▅▄▄▃▃▂▂▂▂▂▁▁▁▁▁▁▁▁▁▁▁▁▁▁▁▁▁▁
wandb:         lr ███████████████████▁▁▁▁▁▁▁▁▁▁▁
wandb:   test_acc ▁▃▅▅▆▇▇▇▇▇▇█▇▇▇▇▇█▇▇██████████
wandb:  train_acc ▁▂▃▄▄▅▆▆▇▇▇▇██████████████████
wandb:    val_acc ▁▄▅▅▆▇▇▇▇▇▇▇▇▇▇▇▇▇▇▇██████████
wandb: 
wandb: Run summary:
wandb:       best_epoch 25
wandb:     best_val_acc 51.37825
wandb:      conv_params 3664
wandb:       epoch_time 81.49001
wandb:   final_test_acc 52.15393
wandb:             loss 0.01438
wandb:               lr 0.0001
wandb:       num_params 55680
wandb:         test_acc 52.15393
wandb: test_at_best_val 51.98162
wandb:               +2 ...
wandb: 
wandb: 🚀 View run ncaltech101_ncal_pointnet_seed0 at: https://wandb.ai/pswoboda/rational-splinecnn/runs/62yd7pns
wandb: ⭐️ View project at: https://wandb.ai/pswoboda/rational-splinecnn
wandb: Synced 5 W&B file(s), 0 media file(s), 0 artifact file(s) and 0 other file(s)
wandb: Find logs at: ./wandb/wandb/run-20260917_114318-62yd7pns/logs
DONE
