/home/pswoboda/repo/rational-splinecnn/experiments/ncaltech101.py:115: UserWarning: The given NumPy array is not writable, and PyTorch does not support non-writable tensors. This means writing to this tensor will result in undefined behavior. You may want to copy the array to protect its data or make it writable before converting it to a tensor. This type of warning will be suppressed for the rest of this program. (Triggered internally at /pytorch/torch/csrc/utils/tensor_numpy.cpp:213.)
  return (torch.from_numpy(np.ascontiguousarray(pos)).to(device),
ncaltech101: 101 classes, 4356 train / 2612 val / 1741 test samples, 25000 events each
/home/pswoboda/repo/rational-splinecnn/experiments/ncaltech101.py:130: DeprecationWarning: 'torch-cluster' is deprecated and no longer maintained. All functionality has been migrated to 'pyg-lib>=0.7.0' (https://github.com/pyg-team/pyg-lib).
  import torch_cluster  # noqa: F401
radius graph: cluster
GraphRes(
  (conv1): BSplineConv(1, 8, dim=3, kernel_size=[2, 2, 2])
  (norm1): BatchNorm(8, eps=1e-05, momentum=0.1, affine=True, bias=True, track_running_stats=True)
  (conv2): BSplineConv(8, 16, dim=3, kernel_size=[2, 2, 2])
  (norm2): BatchNorm(16, eps=1e-05, momentum=0.1, affine=True, bias=True, track_running_stats=True)
  (conv3): BSplineConv(16, 16, dim=3, kernel_size=[2, 2, 2])
  (norm3): BatchNorm(16, eps=1e-05, momentum=0.1, affine=True, bias=True, track_running_stats=True)
  (conv4): BSplineConv(16, 16, dim=3, kernel_size=[2, 2, 2])
  (norm4): BatchNorm(16, eps=1e-05, momentum=0.1, affine=True, bias=True, track_running_stats=True)
  (conv5): BSplineConv(16, 32, dim=3, kernel_size=[2, 2, 2])
  (norm5): BatchNorm(32, eps=1e-05, momentum=0.1, affine=True, bias=True, track_running_stats=True)
  (pool5): MaxPooling()
  (conv6): BSplineConv(32, 32, dim=3, kernel_size=[2, 2, 2])
  (norm6): BatchNorm(32, eps=1e-05, momentum=0.1, affine=True, bias=True, track_running_stats=True)
  (conv7): BSplineConv(32, 32, dim=3, kernel_size=[2, 2, 2])
  (norm7): BatchNorm(32, eps=1e-05, momentum=0.1, affine=True, bias=True, track_running_stats=True)
  (pool7): MaxPoolingX()
  (fc): Linear(in_features=512, out_features=101, bias=False)
)
77680 parameters (25664 in convolutions)
wandb: Currently logged in as: pswoboda to https://api.wandb.ai. Use `wandb login --relogin` to force relogin
wandb: setting up run 5uyg30jm
wandb: Tracking run with wandb version 0.23.1
wandb: Run data is saved locally in /home/pswoboda/repo/rational-splinecnn/wandb/wandb/run-20260918_030546-5uyg30jm
wandb: Run `wandb offline` to turn off syncing.
wandb: Syncing run ncaltech101_ncal_spline_max_seed2
wandb: ⭐️ View project at https://wandb.ai/pswoboda/rational-splinecnn
wandb: 🚀 View run at https://wandb.ai/pswoboda/rational-splinecnn/runs/5uyg30jm
/home/pswoboda/.venv/lib/python3.11/site-packages/torch_geometric/utils/_scatter.py:91: UserWarning: The usage of `scatter(reduce='max')` can be accelerated via the 'torch-scatter' package, but it was not found
  warnings.warn(
Epoch: 001, Loss: 3.7384, Train: 26.63, Val: 32.35, Test: 33.31, Time: 151s, Mem: 18.5GB
Epoch: 002, Loss: 2.8165, Train: 36.69, Val: 37.71, Test: 38.94, Time: 150s, Mem: 18.5GB
Epoch: 003, Loss: 2.3882, Train: 43.80, Val: 40.93, Test: 41.70, Time: 150s, Mem: 18.5GB
Epoch: 004, Loss: 2.0091, Train: 50.71, Val: 44.68, Test: 45.89, Time: 150s, Mem: 18.5GB
Epoch: 005, Loss: 1.6622, Train: 58.26, Val: 46.40, Test: 47.50, Time: 150s, Mem: 18.5GB
Epoch: 006, Loss: 1.3449, Train: 65.29, Val: 48.85, Test: 48.65, Time: 150s, Mem: 18.6GB
Epoch: 007, Loss: 1.0598, Train: 72.11, Val: 50.23, Test: 51.23, Time: 150s, Mem: 18.6GB
Epoch: 008, Loss: 0.8374, Train: 77.41, Val: 50.73, Test: 51.75, Time: 150s, Mem: 18.6GB
Epoch: 009, Loss: 0.6206, Train: 83.22, Val: 50.15, Test: 50.72, Time: 150s, Mem: 18.6GB
Epoch: 010, Loss: 0.4814, Train: 87.37, Val: 51.23, Test: 51.18, Time: 150s, Mem: 18.6GB
Epoch: 011, Loss: 0.3622, Train: 90.75, Val: 51.80, Test: 52.27, Time: 150s, Mem: 18.6GB
Epoch: 012, Loss: 0.2635, Train: 93.64, Val: 51.26, Test: 51.87, Time: 150s, Mem: 18.6GB
Epoch: 013, Loss: 0.1959, Train: 95.11, Val: 50.61, Test: 51.12, Time: 150s, Mem: 18.6GB
Epoch: 014, Loss: 0.1487, Train: 96.85, Val: 51.26, Test: 53.25, Time: 150s, Mem: 18.6GB
Epoch: 015, Loss: 0.1078, Train: 97.75, Val: 51.84, Test: 53.19, Time: 150s, Mem: 18.6GB
Epoch: 016, Loss: 0.1022, Train: 97.89, Val: 51.30, Test: 52.79, Time: 151s, Mem: 18.6GB
Epoch: 017, Loss: 0.1451, Train: 96.14, Val: 50.61, Test: 51.52, Time: 150s, Mem: 18.6GB
Epoch: 018, Loss: 0.1514, Train: 95.96, Val: 50.15, Test: 50.26, Time: 150s, Mem: 18.6GB
Epoch: 019, Loss: 0.0945, Train: 97.52, Val: 51.57, Test: 52.67, Time: 150s, Mem: 18.6GB
Epoch: 020, Loss: 0.0732, Train: 98.14, Val: 50.38, Test: 51.52, Time: 150s, Mem: 18.6GB
Epoch: 021, Loss: 0.0300, Train: 99.56, Val: 51.80, Test: 52.38, Time: 150s, Mem: 18.6GB
Epoch: 022, Loss: 0.0168, Train: 100.00, Val: 52.26, Test: 53.07, Time: 150s, Mem: 18.6GB
Epoch: 023, Loss: 0.0156, Train: 99.95, Val: 51.84, Test: 53.07, Time: 150s, Mem: 18.6GB
Epoch: 024, Loss: 0.0131, Train: 99.98, Val: 52.60, Test: 53.25, Time: 150s, Mem: 18.6GB
Epoch: 025, Loss: 0.0125, Train: 99.98, Val: 52.68, Test: 53.53, Time: 150s, Mem: 18.6GB
Epoch: 026, Loss: 0.0103, Train: 100.00, Val: 52.45, Test: 53.65, Time: 150s, Mem: 18.6GB
Epoch: 027, Loss: 0.0098, Train: 99.98, Val: 51.99, Test: 53.07, Time: 151s, Mem: 18.6GB
Epoch: 028, Loss: 0.0091, Train: 100.00, Val: 52.22, Test: 53.42, Time: 150s, Mem: 18.6GB
Epoch: 029, Loss: 0.0081, Train: 100.00, Val: 52.11, Test: 52.84, Time: 150s, Mem: 18.6GB
Epoch: 030, Loss: 0.0072, Train: 100.00, Val: 52.49, Test: 53.36, Time: 150s, Mem: 18.6GB
Best val 52.68 at epoch 25
Final test accuracy: 53.36 (best 53.53)
wandb: updating run metadata
wandb: uploading wandb-summary.json; uploading output.log; uploading config.yaml
wandb: uploading wandb-summary.json
wandb: 
wandb: Run history:
wandb: epoch_time █▂▂▂▂▁▃▂▂▂▂▄▄▃▂▄▄▂▂▂▁▁▂▄▃▃▄▄▄▂
wandb:       loss █▆▅▅▄▄▃▃▂▂▂▁▁▁▁▁▁▁▁▁▁▁▁▁▁▁▁▁▁▁
wandb:         lr ███████████████████▁▁▁▁▁▁▁▁▁▁▁
wandb:   test_acc ▁▃▄▅▆▆▇▇▇▇█▇▇███▇▇█▇██████████
wandb:  train_acc ▁▂▃▃▄▅▅▆▆▇▇▇██████████████████
wandb:    val_acc ▁▃▄▅▆▇▇▇▇▇██▇███▇▇█▇██████████
wandb: 
wandb: Run summary:
wandb:       best_epoch 25
wandb:     best_val_acc 52.67994
wandb:      conv_params 25664
wandb:       epoch_time 150.41651
wandb:   final_test_acc 53.36014
wandb:             loss 0.00721
wandb:               lr 0.0001
wandb:       num_params 77680
wandb:         test_acc 53.36014
wandb: test_at_best_val 53.53245
wandb:               +2 ...
wandb: 
wandb: 🚀 View run ncaltech101_ncal_spline_max_seed2 at: https://wandb.ai/pswoboda/rational-splinecnn/runs/5uyg30jm
wandb: ⭐️ View project at: https://wandb.ai/pswoboda/rational-splinecnn
wandb: Synced 5 W&B file(s), 0 media file(s), 0 artifact file(s) and 0 other file(s)
wandb: Find logs at: ./wandb/wandb/run-20260918_030546-5uyg30jm/logs
DONE
