/home/pswoboda/repo/rational-splinecnn/experiments/ncaltech101.py:115: UserWarning: The given NumPy array is not writable, and PyTorch does not support non-writable tensors. This means writing to this tensor will result in undefined behavior. You may want to copy the array to protect its data or make it writable before converting it to a tensor. This type of warning will be suppressed for the rest of this program. (Triggered internally at /pytorch/torch/csrc/utils/tensor_numpy.cpp:213.)
  return (torch.from_numpy(np.ascontiguousarray(pos)).to(device),
ncaltech101: 101 classes, 4356 train / 2612 val / 1741 test samples, 25000 events each
/home/pswoboda/repo/rational-splinecnn/experiments/ncaltech101.py:130: DeprecationWarning: 'torch-cluster' is deprecated and no longer maintained. All functionality has been migrated to 'pyg-lib>=0.7.0' (https://github.com/pyg-team/pyg-lib).
  import torch_cluster  # noqa: F401
radius graph: cluster
basis implementation: triton
GraphRes(
  (conv1): RationalConv(1, 8, dim=3, kernel_size=[2, 2, 2], vp=True, basis=MultivariateRationalBasis(dim=3, kernel_size=[2, 2, 2], num_bases=8, degrees=(8, 6), safe=B, poly=chebyshev, init=pca))
  (norm1): BatchNorm(8, eps=1e-05, momentum=0.1, affine=True, bias=True, track_running_stats=True)
  (conv2): RationalConv(8, 16, dim=3, kernel_size=[2, 2, 2], vp=True, basis=MultivariateRationalBasis(dim=3, kernel_size=[2, 2, 2], num_bases=8, degrees=(8, 6), safe=B, poly=chebyshev, init=pca))
  (norm2): BatchNorm(16, eps=1e-05, momentum=0.1, affine=True, bias=True, track_running_stats=True)
  (conv3): RationalConv(16, 16, dim=3, kernel_size=[2, 2, 2], vp=True, basis=MultivariateRationalBasis(dim=3, kernel_size=[2, 2, 2], num_bases=8, degrees=(8, 6), safe=B, poly=chebyshev, init=pca))
  (norm3): BatchNorm(16, eps=1e-05, momentum=0.1, affine=True, bias=True, track_running_stats=True)
  (conv4): RationalConv(16, 16, dim=3, kernel_size=[2, 2, 2], vp=True, basis=MultivariateRationalBasis(dim=3, kernel_size=[2, 2, 2], num_bases=8, degrees=(8, 6), safe=B, poly=chebyshev, init=pca))
  (norm4): BatchNorm(16, eps=1e-05, momentum=0.1, affine=True, bias=True, track_running_stats=True)
  (conv5): RationalConv(16, 32, dim=3, kernel_size=[2, 2, 2], vp=True, basis=MultivariateRationalBasis(dim=3, kernel_size=[2, 2, 2], num_bases=8, degrees=(8, 6), safe=B, poly=chebyshev, init=pca))
  (norm5): BatchNorm(32, eps=1e-05, momentum=0.1, affine=True, bias=True, track_running_stats=True)
  (pool5): MaxPooling()
  (conv6): RationalConv(32, 32, dim=3, kernel_size=[2, 2, 2], vp=True, basis=MultivariateRationalBasis(dim=3, kernel_size=[2, 2, 2], num_bases=8, degrees=(8, 6), safe=B, poly=chebyshev, init=pca))
  (norm6): BatchNorm(32, eps=1e-05, momentum=0.1, affine=True, bias=True, track_running_stats=True)
  (conv7): RationalConv(32, 32, dim=3, kernel_size=[2, 2, 2], vp=True, basis=MultivariateRationalBasis(dim=3, kernel_size=[2, 2, 2], num_bases=8, degrees=(8, 6), safe=B, poly=chebyshev, init=pca))
  (norm7): BatchNorm(32, eps=1e-05, momentum=0.1, affine=True, bias=True, track_running_stats=True)
  (pool7): MaxPoolingX()
  (fc): Linear(in_features=512, out_features=101, bias=False)
)
91568 parameters (39552 in convolutions)
wandb: Currently logged in as: pswoboda to https://api.wandb.ai. Use `wandb login --relogin` to force relogin
wandb: setting up run gu7qwnqe
wandb: Tracking run with wandb version 0.23.1
wandb: Run data is saved locally in /home/pswoboda/repo/rational-splinecnn/wandb/wandb/run-20260918_132428-gu7qwnqe
wandb: Run `wandb offline` to turn off syncing.
wandb: Syncing run ncaltech101_ncal_mv_K8_max_aug_seed1
wandb: ⭐️ View project at https://wandb.ai/pswoboda/rational-splinecnn
wandb: 🚀 View run at https://wandb.ai/pswoboda/rational-splinecnn/runs/gu7qwnqe
/home/pswoboda/.venv/lib/python3.11/site-packages/torch_geometric/utils/_scatter.py:91: UserWarning: The usage of `scatter(reduce='max')` can be accelerated via the 'torch-scatter' package, but it was not found
  warnings.warn(
Epoch: 001, Loss: 3.9492, Train: 22.27, Val: 30.32, Test: 31.48, Time: 189s, Mem: 18.5GB
Epoch: 002, Loss: 3.2703, Train: 29.50, Val: 31.32, Test: 33.08, Time: 183s, Mem: 18.5GB
Epoch: 003, Loss: 2.9934, Train: 33.24, Val: 34.42, Test: 35.21, Time: 183s, Mem: 18.5GB
Epoch: 004, Loss: 2.7585, Train: 38.36, Val: 40.20, Test: 39.63, Time: 183s, Mem: 18.5GB
Epoch: 005, Loss: 2.4799, Train: 42.19, Val: 42.76, Test: 42.22, Time: 183s, Mem: 18.5GB
Epoch: 006, Loss: 2.3097, Train: 45.87, Val: 46.36, Test: 46.07, Time: 183s, Mem: 18.6GB
Epoch: 007, Loss: 2.1379, Train: 48.69, Val: 47.86, Test: 48.94, Time: 183s, Mem: 18.6GB
Epoch: 008, Loss: 1.9917, Train: 52.39, Val: 49.16, Test: 49.51, Time: 183s, Mem: 18.6GB
Epoch: 009, Loss: 1.9243, Train: 52.78, Val: 50.34, Test: 52.15, Time: 184s, Mem: 18.6GB
Epoch: 010, Loss: 1.7965, Train: 55.74, Val: 51.34, Test: 51.35, Time: 184s, Mem: 18.6GB
Epoch: 011, Loss: 1.7225, Train: 57.32, Val: 52.91, Test: 53.19, Time: 183s, Mem: 18.6GB
Epoch: 012, Loss: 1.6379, Train: 58.84, Val: 51.30, Test: 52.67, Time: 183s, Mem: 18.6GB
Epoch: 013, Loss: 1.5788, Train: 60.54, Val: 52.30, Test: 54.74, Time: 183s, Mem: 18.6GB
Epoch: 014, Loss: 1.5178, Train: 61.02, Val: 51.00, Test: 51.87, Time: 183s, Mem: 18.6GB
Epoch: 015, Loss: 1.4610, Train: 62.58, Val: 52.37, Test: 51.87, Time: 183s, Mem: 18.6GB
Epoch: 016, Loss: 1.3920, Train: 63.52, Val: 52.53, Test: 52.73, Time: 183s, Mem: 18.6GB
Epoch: 017, Loss: 1.3611, Train: 64.51, Val: 54.33, Test: 55.20, Time: 183s, Mem: 18.6GB
Epoch: 018, Loss: 1.3123, Train: 65.98, Val: 53.02, Test: 54.57, Time: 183s, Mem: 18.6GB
Epoch: 019, Loss: 1.2871, Train: 65.73, Val: 53.91, Test: 55.37, Time: 183s, Mem: 18.6GB
Epoch: 020, Loss: 1.2072, Train: 68.23, Val: 54.33, Test: 55.08, Time: 183s, Mem: 18.6GB
Epoch: 021, Loss: 1.0393, Train: 72.13, Val: 56.39, Test: 57.15, Time: 183s, Mem: 18.6GB
Epoch: 022, Loss: 0.9819, Train: 73.97, Val: 56.09, Test: 57.09, Time: 183s, Mem: 18.6GB
Epoch: 023, Loss: 0.9689, Train: 73.92, Val: 56.47, Test: 58.30, Time: 183s, Mem: 18.6GB
Epoch: 024, Loss: 0.9038, Train: 75.51, Val: 56.05, Test: 57.15, Time: 183s, Mem: 18.6GB
Epoch: 025, Loss: 0.9113, Train: 75.46, Val: 57.01, Test: 58.24, Time: 183s, Mem: 18.6GB
Epoch: 026, Loss: 0.9001, Train: 76.47, Val: 57.62, Test: 58.70, Time: 183s, Mem: 18.6GB
Epoch: 027, Loss: 0.8894, Train: 75.60, Val: 57.24, Test: 58.59, Time: 183s, Mem: 18.6GB
Epoch: 028, Loss: 0.8793, Train: 76.70, Val: 57.16, Test: 58.01, Time: 183s, Mem: 18.6GB
Epoch: 029, Loss: 0.8574, Train: 77.39, Val: 57.58, Test: 58.53, Time: 183s, Mem: 18.6GB
Epoch: 030, Loss: 0.8390, Train: 77.53, Val: 56.97, Test: 57.61, Time: 183s, Mem: 18.6GB
Best val 57.62 at epoch 26
Final test accuracy: 57.61 (best 58.70)
wandb: updating run metadata
wandb: uploading output.log; uploading wandb-summary.json
wandb: uploading history steps 28-29, summary, console lines 31-33
wandb: 
wandb: Run history:
wandb: epoch_time █▁▁▁▁▁▁▁▂▂▂▁▁▁▁▁▁▁▁▁▁▁▁▁▁▁▁▁▁▁
wandb:       loss █▆▆▅▅▄▄▄▃▃▃▃▃▃▂▂▂▂▂▂▁▁▁▁▁▁▁▁▁▁
wandb:         lr ███████████████████▁▁▁▁▁▁▁▁▁▁▁
wandb:   test_acc ▁▁▂▃▄▅▅▆▆▆▇▆▇▆▆▆▇▇▇▇██████████
wandb:  train_acc ▁▂▂▃▄▄▄▅▅▅▅▆▆▆▆▆▆▇▇▇▇█████████
wandb:    val_acc ▁▁▂▄▄▅▅▆▆▆▇▆▇▆▇▇▇▇▇▇██████████
wandb: 
wandb: Run summary:
wandb:       best_epoch 26
wandb:     best_val_acc 57.61868
wandb:      conv_params 39552
wandb:       epoch_time 182.7912
wandb:   final_test_acc 57.61057
wandb:             loss 0.83901
wandb:               lr 0.0001
wandb:       num_params 91568
wandb:         test_acc 57.61057
wandb: test_at_best_val 58.7019
wandb:               +2 ...
wandb: 
wandb: 🚀 View run ncaltech101_ncal_mv_K8_max_aug_seed1 at: https://wandb.ai/pswoboda/rational-splinecnn/runs/gu7qwnqe
wandb: ⭐️ View project at: https://wandb.ai/pswoboda/rational-splinecnn
wandb: Synced 5 W&B file(s), 0 media file(s), 0 artifact file(s) and 0 other file(s)
wandb: Find logs at: ./wandb/wandb/run-20260918_132428-gu7qwnqe/logs
DONE
