/home/pswoboda/repo/rational-splinecnn/experiments/ncaltech101.py:115: UserWarning: The given NumPy array is not writable, and PyTorch does not support non-writable tensors. This means writing to this tensor will result in undefined behavior. You may want to copy the array to protect its data or make it writable before converting it to a tensor. This type of warning will be suppressed for the rest of this program. (Triggered internally at /pytorch/torch/csrc/utils/tensor_numpy.cpp:213.)
  return (torch.from_numpy(np.ascontiguousarray(pos)).to(device),
ncaltech101: 101 classes, 4356 train / 2612 val / 1741 test samples, 25000 events each
/home/pswoboda/repo/rational-splinecnn/experiments/ncaltech101.py:130: DeprecationWarning: 'torch-cluster' is deprecated and no longer maintained. All functionality has been migrated to 'pyg-lib>=0.7.0' (https://github.com/pyg-team/pyg-lib).
  import torch_cluster  # noqa: F401
radius graph: cluster
GraphRes(
  (conv1): PointNetConv(1, 8, dim=3, aggr=max)
  (norm1): BatchNorm(8, eps=1e-05, momentum=0.1, affine=True, bias=True, track_running_stats=True)
  (conv2): PointNetConv(8, 16, dim=3, aggr=max)
  (norm2): BatchNorm(16, eps=1e-05, momentum=0.1, affine=True, bias=True, track_running_stats=True)
  (conv3): PointNetConv(16, 16, dim=3, aggr=max)
  (norm3): BatchNorm(16, eps=1e-05, momentum=0.1, affine=True, bias=True, track_running_stats=True)
  (conv4): PointNetConv(16, 16, dim=3, aggr=max)
  (norm4): BatchNorm(16, eps=1e-05, momentum=0.1, affine=True, bias=True, track_running_stats=True)
  (conv5): PointNetConv(16, 32, dim=3, aggr=max)
  (norm5): BatchNorm(32, eps=1e-05, momentum=0.1, affine=True, bias=True, track_running_stats=True)
  (pool5): MaxPooling()
  (conv6): PointNetConv(32, 32, dim=3, aggr=max)
  (norm6): BatchNorm(32, eps=1e-05, momentum=0.1, affine=True, bias=True, track_running_stats=True)
  (conv7): PointNetConv(32, 32, dim=3, aggr=max)
  (norm7): BatchNorm(32, eps=1e-05, momentum=0.1, affine=True, bias=True, track_running_stats=True)
  (pool7): MaxPoolingX()
  (fc): Linear(in_features=512, out_features=101, bias=False)
)
55680 parameters (3664 in convolutions)
wandb: Currently logged in as: pswoboda to https://api.wandb.ai. Use `wandb login --relogin` to force relogin
wandb: setting up run 6c9qbhdf
wandb: Tracking run with wandb version 0.23.1
wandb: Run data is saved locally in /home/pswoboda/repo/rational-splinecnn/wandb/wandb/run-20260917_232539-6c9qbhdf
wandb: Run `wandb offline` to turn off syncing.
wandb: Syncing run ncaltech101_ncal_pointnet_aug_seed0
wandb: ⭐️ View project at https://wandb.ai/pswoboda/rational-splinecnn
wandb: 🚀 View run at https://wandb.ai/pswoboda/rational-splinecnn/runs/6c9qbhdf
/home/pswoboda/.venv/lib/python3.11/site-packages/torch_geometric/utils/_scatter.py:91: UserWarning: The usage of `scatter(reduce='max')` can be accelerated via the 'torch-scatter' package, but it was not found
  warnings.warn(
Epoch: 001, Loss: 4.0653, Train: 21.99, Val: 29.06, Test: 29.70, Time: 57s, Mem: 14.1GB
Epoch: 002, Loss: 3.3712, Train: 28.26, Val: 32.96, Test: 34.64, Time: 57s, Mem: 14.1GB
Epoch: 003, Loss: 2.9777, Train: 34.27, Val: 37.25, Test: 37.33, Time: 57s, Mem: 14.1GB
Epoch: 004, Loss: 2.7092, Train: 38.61, Val: 38.82, Test: 38.83, Time: 57s, Mem: 14.1GB
Epoch: 005, Loss: 2.4867, Train: 42.29, Val: 42.50, Test: 44.63, Time: 57s, Mem: 14.1GB
Epoch: 006, Loss: 2.3163, Train: 46.10, Val: 45.21, Test: 44.86, Time: 57s, Mem: 14.1GB
Epoch: 007, Loss: 2.1854, Train: 47.47, Val: 45.90, Test: 46.30, Time: 57s, Mem: 14.1GB
Epoch: 008, Loss: 2.0829, Train: 50.05, Val: 47.05, Test: 49.34, Time: 57s, Mem: 14.1GB
Epoch: 009, Loss: 1.9690, Train: 52.11, Val: 48.35, Test: 48.94, Time: 57s, Mem: 14.1GB
Epoch: 010, Loss: 1.8657, Train: 55.21, Val: 47.63, Test: 49.57, Time: 57s, Mem: 14.1GB
Epoch: 011, Loss: 1.8254, Train: 55.67, Val: 50.15, Test: 51.18, Time: 57s, Mem: 14.1GB
Epoch: 012, Loss: 1.7344, Train: 56.43, Val: 49.23, Test: 50.66, Time: 57s, Mem: 14.1GB
Epoch: 013, Loss: 1.6858, Train: 58.24, Val: 49.69, Test: 50.95, Time: 57s, Mem: 14.1GB
Epoch: 014, Loss: 1.6082, Train: 59.92, Val: 49.96, Test: 51.12, Time: 57s, Mem: 14.1GB
Epoch: 015, Loss: 1.5240, Train: 61.04, Val: 51.07, Test: 52.50, Time: 57s, Mem: 14.1GB
Epoch: 016, Loss: 1.5009, Train: 61.94, Val: 50.77, Test: 51.06, Time: 57s, Mem: 14.1GB
Epoch: 017, Loss: 1.4608, Train: 62.72, Val: 50.88, Test: 51.75, Time: 57s, Mem: 14.1GB
Epoch: 018, Loss: 1.4582, Train: 62.79, Val: 51.15, Test: 51.46, Time: 57s, Mem: 14.1GB
Epoch: 019, Loss: 1.3946, Train: 64.23, Val: 51.15, Test: 52.73, Time: 57s, Mem: 14.1GB
Epoch: 020, Loss: 1.3763, Train: 64.51, Val: 50.69, Test: 51.69, Time: 57s, Mem: 14.1GB
Epoch: 021, Loss: 1.1950, Train: 68.60, Val: 51.57, Test: 52.79, Time: 57s, Mem: 14.1GB
Epoch: 022, Loss: 1.1481, Train: 70.39, Val: 51.95, Test: 54.22, Time: 57s, Mem: 14.1GB
Epoch: 023, Loss: 1.1429, Train: 69.95, Val: 52.30, Test: 53.99, Time: 57s, Mem: 14.1GB
Epoch: 024, Loss: 1.1289, Train: 70.41, Val: 52.53, Test: 54.57, Time: 57s, Mem: 14.1GB
Epoch: 025, Loss: 1.0871, Train: 72.13, Val: 52.64, Test: 54.62, Time: 57s, Mem: 14.1GB
Epoch: 026, Loss: 1.0787, Train: 72.20, Val: 52.76, Test: 53.88, Time: 57s, Mem: 14.1GB
Epoch: 027, Loss: 1.0793, Train: 70.50, Val: 52.91, Test: 54.57, Time: 57s, Mem: 14.1GB
Epoch: 028, Loss: 1.0822, Train: 71.46, Val: 53.22, Test: 54.85, Time: 57s, Mem: 14.1GB
Epoch: 029, Loss: 1.0707, Train: 71.12, Val: 52.99, Test: 55.14, Time: 57s, Mem: 14.1GB
Epoch: 030, Loss: 1.0871, Train: 71.97, Val: 53.22, Test: 54.91, Time: 57s, Mem: 14.1GB
Best val 53.22 at epoch 28
Final test accuracy: 54.91 (best 54.85)
wandb: updating run metadata
wandb: uploading output.log
wandb: uploading history steps 28-29, summary, console lines 31-33
wandb: 
wandb: Run history:
wandb: epoch_time █▁▁▁▁▂▂▂▂▂▂▂▂▁▁▁▁▁▁▁▁▁▂▂▁▁▁▁▁▁
wandb:       loss █▆▅▅▄▄▄▃▃▃▃▃▂▂▂▂▂▂▂▂▁▁▁▁▁▁▁▁▁▁
wandb:         lr ███████████████████▁▁▁▁▁▁▁▁▁▁▁
wandb:   test_acc ▁▂▃▄▅▅▆▆▆▆▇▇▇▇▇▇▇▇▇▇▇█████████
wandb:  train_acc ▁▂▃▃▄▄▅▅▅▆▆▆▆▆▆▇▇▇▇▇▇█████████
wandb:    val_acc ▁▂▃▄▅▆▆▆▇▆▇▇▇▇▇▇▇▇▇▇██████████
wandb: 
wandb: Run summary:
wandb:       best_epoch 28
wandb:     best_val_acc 53.21593
wandb:      conv_params 3664
wandb:       epoch_time 56.82471
wandb:   final_test_acc 54.91097
wandb:             loss 1.08708
wandb:               lr 0.0001
wandb:       num_params 55680
wandb:         test_acc 54.91097
wandb: test_at_best_val 54.85353
wandb:               +2 ...
wandb: 
wandb: 🚀 View run ncaltech101_ncal_pointnet_aug_seed0 at: https://wandb.ai/pswoboda/rational-splinecnn/runs/6c9qbhdf
wandb: ⭐️ View project at: https://wandb.ai/pswoboda/rational-splinecnn
wandb: Synced 5 W&B file(s), 0 media file(s), 0 artifact file(s) and 0 other file(s)
wandb: Find logs at: ./wandb/wandb/run-20260917_232539-6c9qbhdf/logs
DONE
