/home/pswoboda/repo/rational-splinecnn/experiments/ncaltech101.py:115: UserWarning: The given NumPy array is not writable, and PyTorch does not support non-writable tensors. This means writing to this tensor will result in undefined behavior. You may want to copy the array to protect its data or make it writable before converting it to a tensor. This type of warning will be suppressed for the rest of this program. (Triggered internally at /pytorch/torch/csrc/utils/tensor_numpy.cpp:213.)
  return (torch.from_numpy(np.ascontiguousarray(pos)).to(device),
ncaltech101: 101 classes, 4356 train / 2612 val / 1741 test samples, 25000 events each
/home/pswoboda/repo/rational-splinecnn/experiments/ncaltech101.py:130: DeprecationWarning: 'torch-cluster' is deprecated and no longer maintained. All functionality has been migrated to 'pyg-lib>=0.7.0' (https://github.com/pyg-team/pyg-lib).
  import torch_cluster  # noqa: F401
radius graph: cluster
basis implementation: triton
GraphRes(
  (conv1): RationalConv(1, 8, dim=3, kernel_size=[2, 2, 2], vp=True, basis=MultivariateRationalBasis(dim=3, kernel_size=[2, 2, 2], num_bases=8, degrees=(8, 6), safe=B, poly=chebyshev, init=pca))
  (norm1): BatchNorm(8, eps=1e-05, momentum=0.1, affine=True, bias=True, track_running_stats=True)
  (conv2): RationalConv(8, 16, dim=3, kernel_size=[2, 2, 2], vp=True, basis=MultivariateRationalBasis(dim=3, kernel_size=[2, 2, 2], num_bases=8, degrees=(8, 6), safe=B, poly=chebyshev, init=pca))
  (norm2): BatchNorm(16, eps=1e-05, momentum=0.1, affine=True, bias=True, track_running_stats=True)
  (conv3): RationalConv(16, 16, dim=3, kernel_size=[2, 2, 2], vp=True, basis=MultivariateRationalBasis(dim=3, kernel_size=[2, 2, 2], num_bases=8, degrees=(8, 6), safe=B, poly=chebyshev, init=pca))
  (norm3): BatchNorm(16, eps=1e-05, momentum=0.1, affine=True, bias=True, track_running_stats=True)
  (conv4): RationalConv(16, 16, dim=3, kernel_size=[2, 2, 2], vp=True, basis=MultivariateRationalBasis(dim=3, kernel_size=[2, 2, 2], num_bases=8, degrees=(8, 6), safe=B, poly=chebyshev, init=pca))
  (norm4): BatchNorm(16, eps=1e-05, momentum=0.1, affine=True, bias=True, track_running_stats=True)
  (conv5): RationalConv(16, 32, dim=3, kernel_size=[2, 2, 2], vp=True, basis=MultivariateRationalBasis(dim=3, kernel_size=[2, 2, 2], num_bases=8, degrees=(8, 6), safe=B, poly=chebyshev, init=pca))
  (norm5): BatchNorm(32, eps=1e-05, momentum=0.1, affine=True, bias=True, track_running_stats=True)
  (pool5): MaxPooling()
  (conv6): RationalConv(32, 32, dim=3, kernel_size=[2, 2, 2], vp=True, basis=MultivariateRationalBasis(dim=3, kernel_size=[2, 2, 2], num_bases=8, degrees=(8, 6), safe=B, poly=chebyshev, init=pca))
  (norm6): BatchNorm(32, eps=1e-05, momentum=0.1, affine=True, bias=True, track_running_stats=True)
  (conv7): RationalConv(32, 32, dim=3, kernel_size=[2, 2, 2], vp=True, basis=MultivariateRationalBasis(dim=3, kernel_size=[2, 2, 2], num_bases=8, degrees=(8, 6), safe=B, poly=chebyshev, init=pca))
  (norm7): BatchNorm(32, eps=1e-05, momentum=0.1, affine=True, bias=True, track_running_stats=True)
  (pool7): MaxPoolingX()
  (fc): Linear(in_features=512, out_features=101, bias=False)
)
91568 parameters (39552 in convolutions)
wandb: Currently logged in as: pswoboda to https://api.wandb.ai. Use `wandb login --relogin` to force relogin
wandb: setting up run cz1930so
wandb: Tracking run with wandb version 0.23.1
wandb: Run data is saved locally in /home/pswoboda/repo/rational-splinecnn/wandb/wandb/run-20260917_225417-cz1930so
wandb: Run `wandb offline` to turn off syncing.
wandb: Syncing run ncaltech101_ncal_mv_K8_aug_seed2
wandb: ⭐️ View project at https://wandb.ai/pswoboda/rational-splinecnn
wandb: 🚀 View run at https://wandb.ai/pswoboda/rational-splinecnn/runs/cz1930so
/home/pswoboda/.venv/lib/python3.11/site-packages/torch_geometric/utils/_scatter.py:91: UserWarning: The usage of `scatter(reduce='max')` can be accelerated via the 'torch-scatter' package, but it was not found
  warnings.warn(
Epoch: 001, Loss: 4.2097, Train: 20.52, Val: 25.80, Test: 26.71, Time: 237s, Mem: 8.7GB
Epoch: 002, Loss: 3.4286, Train: 27.48, Val: 30.51, Test: 30.90, Time: 234s, Mem: 8.7GB
Epoch: 003, Loss: 3.0730, Train: 31.93, Val: 34.23, Test: 34.75, Time: 234s, Mem: 8.7GB
Epoch: 004, Loss: 2.7901, Train: 37.03, Val: 36.14, Test: 36.19, Time: 234s, Mem: 8.7GB
Epoch: 005, Loss: 2.5867, Train: 40.13, Val: 42.92, Test: 41.76, Time: 234s, Mem: 8.7GB
Epoch: 006, Loss: 2.3990, Train: 43.64, Val: 43.80, Test: 43.31, Time: 234s, Mem: 8.7GB
Epoch: 007, Loss: 2.2358, Train: 47.06, Val: 45.10, Test: 45.61, Time: 233s, Mem: 8.7GB
Epoch: 008, Loss: 2.1117, Train: 49.24, Val: 44.60, Test: 44.63, Time: 234s, Mem: 8.7GB
Epoch: 009, Loss: 2.0111, Train: 50.87, Val: 48.89, Test: 47.44, Time: 234s, Mem: 8.7GB
Epoch: 010, Loss: 1.8627, Train: 53.70, Val: 49.89, Test: 49.22, Time: 234s, Mem: 8.7GB
Epoch: 011, Loss: 1.8004, Train: 56.36, Val: 50.54, Test: 51.29, Time: 234s, Mem: 8.7GB
Epoch: 012, Loss: 1.7327, Train: 56.84, Val: 50.42, Test: 50.32, Time: 234s, Mem: 8.7GB
Epoch: 013, Loss: 1.6148, Train: 59.32, Val: 50.84, Test: 51.29, Time: 234s, Mem: 8.7GB
Epoch: 014, Loss: 1.5503, Train: 60.72, Val: 51.07, Test: 50.72, Time: 234s, Mem: 8.7GB
Epoch: 015, Loss: 1.5088, Train: 61.82, Val: 49.92, Test: 51.52, Time: 234s, Mem: 8.7GB
Epoch: 016, Loss: 1.4079, Train: 63.25, Val: 52.64, Test: 51.69, Time: 234s, Mem: 8.7GB
Epoch: 017, Loss: 1.3754, Train: 63.66, Val: 53.22, Test: 51.52, Time: 234s, Mem: 8.7GB
Epoch: 018, Loss: 1.3331, Train: 65.17, Val: 52.99, Test: 51.58, Time: 234s, Mem: 8.7GB
Epoch: 019, Loss: 1.2693, Train: 65.84, Val: 51.84, Test: 52.44, Time: 233s, Mem: 8.7GB
Epoch: 020, Loss: 1.2076, Train: 67.42, Val: 52.45, Test: 53.02, Time: 233s, Mem: 8.7GB
Epoch: 021, Loss: 1.0547, Train: 72.11, Val: 54.59, Test: 54.34, Time: 234s, Mem: 8.7GB
Epoch: 022, Loss: 0.9903, Train: 73.55, Val: 54.67, Test: 54.57, Time: 234s, Mem: 8.7GB
Epoch: 023, Loss: 0.9406, Train: 74.56, Val: 54.52, Test: 54.62, Time: 233s, Mem: 8.7GB
Epoch: 024, Loss: 0.9498, Train: 74.08, Val: 53.75, Test: 54.45, Time: 233s, Mem: 8.7GB
Epoch: 025, Loss: 0.9049, Train: 75.55, Val: 53.91, Test: 54.51, Time: 234s, Mem: 8.7GB
Epoch: 026, Loss: 0.8987, Train: 75.60, Val: 54.48, Test: 54.34, Time: 233s, Mem: 8.7GB
Epoch: 027, Loss: 0.8863, Train: 75.51, Val: 54.98, Test: 55.08, Time: 233s, Mem: 8.7GB
Epoch: 028, Loss: 0.8657, Train: 76.81, Val: 54.40, Test: 54.80, Time: 234s, Mem: 8.7GB
Epoch: 029, Loss: 0.8518, Train: 77.00, Val: 54.56, Test: 54.57, Time: 233s, Mem: 8.7GB
Epoch: 030, Loss: 0.8777, Train: 76.17, Val: 54.71, Test: 54.39, Time: 233s, Mem: 8.7GB
Best val 54.98 at epoch 27
Final test accuracy: 54.39 (best 55.08)
wandb: updating run metadata
wandb: uploading wandb-summary.json
wandb: 
wandb: Run history:
wandb: epoch_time █▁▁▁▁▁▁▁▁▁▁▁▁▁▁▁▁▁▁▁▁▁▁▁▁▁▁▁▁▁
wandb:       loss █▆▆▅▅▄▄▄▃▃▃▃▃▂▂▂▂▂▂▂▁▁▁▁▁▁▁▁▁▁
wandb:         lr ███████████████████▁▁▁▁▁▁▁▁▁▁▁
wandb:   test_acc ▁▂▃▃▅▅▆▅▆▇▇▇▇▇▇▇▇▇▇▇██████████
wandb:  train_acc ▁▂▂▃▃▄▄▅▅▅▅▆▆▆▆▆▆▇▇▇▇█████████
wandb:    val_acc ▁▂▃▃▅▅▆▆▇▇▇▇▇▇▇▇██▇▇██████████
wandb: 
wandb: Run summary:
wandb:       best_epoch 27
wandb:     best_val_acc 54.97703
wandb:      conv_params 39552
wandb:       epoch_time 233.47753
wandb:   final_test_acc 54.39403
wandb:             loss 0.87771
wandb:               lr 0.0001
wandb:       num_params 91568
wandb:         test_acc 54.39403
wandb: test_at_best_val 55.08329
wandb:               +2 ...
wandb: 
wandb: 🚀 View run ncaltech101_ncal_mv_K8_aug_seed2 at: https://wandb.ai/pswoboda/rational-splinecnn/runs/cz1930so
wandb: ⭐️ View project at: https://wandb.ai/pswoboda/rational-splinecnn
wandb: Synced 5 W&B file(s), 0 media file(s), 0 artifact file(s) and 0 other file(s)
wandb: Find logs at: ./wandb/wandb/run-20260917_225417-cz1930so/logs
DONE
