job=local node=rema gpu=NVIDIA GeForce RTX 4070 Ti SUPER config=ncal_mv_K8 seed=0 epochs=30
/home/pswoboda/repo/rational-splinecnn/experiments/ncaltech101.py:99: UserWarning: The given NumPy array is not writable, and PyTorch does not support non-writable tensors. This means writing to this tensor will result in undefined behavior. You may want to copy the array to protect its data or make it writable before converting it to a tensor. This type of warning will be suppressed for the rest of this program. (Triggered internally at /pytorch/torch/csrc/utils/tensor_numpy.cpp:213.)
  return (torch.from_numpy(np.ascontiguousarray(pos)).to(device),
ncaltech101: 101 classes, 4356 train / 2612 val / 1741 test samples, 25000 events each
/home/pswoboda/repo/rational-splinecnn/experiments/ncaltech101.py:114: DeprecationWarning: 'torch-cluster' is deprecated and no longer maintained. All functionality has been migrated to 'pyg-lib>=0.7.0' (https://github.com/pyg-team/pyg-lib).
  import torch_cluster  # noqa: F401
radius graph: cluster
GraphRes(
  (conv1): RationalConv(1, 8, dim=3, kernel_size=[2, 2, 2], vp=True, basis=MultivariateRationalBasis(dim=3, kernel_size=[2, 2, 2], num_bases=8, degrees=(8, 6), safe=B, poly=chebyshev, init=pca))
  (norm1): BatchNorm(8, eps=1e-05, momentum=0.1, affine=True, bias=True, track_running_stats=True)
  (conv2): RationalConv(8, 16, dim=3, kernel_size=[2, 2, 2], vp=True, basis=MultivariateRationalBasis(dim=3, kernel_size=[2, 2, 2], num_bases=8, degrees=(8, 6), safe=B, poly=chebyshev, init=pca))
  (norm2): BatchNorm(16, eps=1e-05, momentum=0.1, affine=True, bias=True, track_running_stats=True)
  (conv3): RationalConv(16, 16, dim=3, kernel_size=[2, 2, 2], vp=True, basis=MultivariateRationalBasis(dim=3, kernel_size=[2, 2, 2], num_bases=8, degrees=(8, 6), safe=B, poly=chebyshev, init=pca))
  (norm3): BatchNorm(16, eps=1e-05, momentum=0.1, affine=True, bias=True, track_running_stats=True)
  (conv4): RationalConv(16, 16, dim=3, kernel_size=[2, 2, 2], vp=True, basis=MultivariateRationalBasis(dim=3, kernel_size=[2, 2, 2], num_bases=8, degrees=(8, 6), safe=B, poly=chebyshev, init=pca))
  (norm4): BatchNorm(16, eps=1e-05, momentum=0.1, affine=True, bias=True, track_running_stats=True)
  (conv5): RationalConv(16, 32, dim=3, kernel_size=[2, 2, 2], vp=True, basis=MultivariateRationalBasis(dim=3, kernel_size=[2, 2, 2], num_bases=8, degrees=(8, 6), safe=B, poly=chebyshev, init=pca))
  (norm5): BatchNorm(32, eps=1e-05, momentum=0.1, affine=True, bias=True, track_running_stats=True)
  (pool5): MaxPooling()
  (conv6): RationalConv(32, 32, dim=3, kernel_size=[2, 2, 2], vp=True, basis=MultivariateRationalBasis(dim=3, kernel_size=[2, 2, 2], num_bases=8, degrees=(8, 6), safe=B, poly=chebyshev, init=pca))
  (norm6): BatchNorm(32, eps=1e-05, momentum=0.1, affine=True, bias=True, track_running_stats=True)
  (conv7): RationalConv(32, 32, dim=3, kernel_size=[2, 2, 2], vp=True, basis=MultivariateRationalBasis(dim=3, kernel_size=[2, 2, 2], num_bases=8, degrees=(8, 6), safe=B, poly=chebyshev, init=pca))
  (norm7): BatchNorm(32, eps=1e-05, momentum=0.1, affine=True, bias=True, track_running_stats=True)
  (pool7): MaxPoolingX()
  (fc): Linear(in_features=512, out_features=101, bias=False)
)
91568 parameters (39552 in convolutions)
wandb: Currently logged in as: pswoboda to https://api.wandb.ai. Use `wandb login --relogin` to force relogin
wandb: setting up run o48cpqub
wandb: Tracking run with wandb version 0.23.1
wandb: Run data is saved locally in /home/pswoboda/repo/rational-splinecnn/wandb/wandb/run-20260916_231956-o48cpqub
wandb: Run `wandb offline` to turn off syncing.
wandb: Syncing run ncaltech101_ncal_mv_K8_seed0
wandb: ⭐️ View project at https://wandb.ai/pswoboda/rational-splinecnn
wandb: 🚀 View run at https://wandb.ai/pswoboda/rational-splinecnn/runs/o48cpqub
/home/pswoboda/.venv/lib/python3.11/site-packages/torch_geometric/utils/_scatter.py:91: UserWarning: The usage of `scatter(reduce='max')` can be accelerated via the 'torch-scatter' package, but it was not found
  warnings.warn(
Epoch: 001, Loss: 3.9141, Train: 23.53, Val: 27.57, Test: 28.78, Time: 1007s, Mem: 8.7GB
Epoch: 002, Loss: 3.0571, Train: 32.30, Val: 34.88, Test: 35.61, Time: 1006s, Mem: 8.7GB
Epoch: 003, Loss: 2.4601, Train: 41.85, Val: 41.69, Test: 41.99, Time: 1006s, Mem: 8.7GB
Epoch: 004, Loss: 1.9454, Train: 52.11, Val: 42.76, Test: 43.83, Time: 1006s, Mem: 8.7GB
Epoch: 005, Loss: 1.5432, Train: 60.45, Val: 43.64, Test: 44.00, Time: 1006s, Mem: 8.7GB
Epoch: 006, Loss: 1.1960, Train: 68.04, Val: 47.89, Test: 47.16, Time: 1006s, Mem: 8.7GB
Epoch: 007, Loss: 0.8992, Train: 76.38, Val: 47.43, Test: 47.16, Time: 1006s, Mem: 8.7GB
Epoch: 008, Loss: 0.6630, Train: 82.35, Val: 47.28, Test: 47.90, Time: 1006s, Mem: 8.7GB
Epoch: 009, Loss: 0.4675, Train: 87.49, Val: 46.75, Test: 46.52, Time: 1006s, Mem: 8.7GB
Epoch: 010, Loss: 0.3355, Train: 91.05, Val: 48.47, Test: 47.44, Time: 1006s, Mem: 8.7GB
Epoch: 011, Loss: 0.2332, Train: 94.51, Val: 47.70, Test: 47.21, Time: 1006s, Mem: 8.7GB
Epoch: 012, Loss: 0.1883, Train: 95.22, Val: 48.39, Test: 46.52, Time: 1006s, Mem: 8.7GB
Epoch: 013, Loss: 0.1424, Train: 96.51, Val: 48.93, Test: 46.52, Time: 1006s, Mem: 8.7GB
Epoch: 014, Loss: 0.1093, Train: 97.27, Val: 48.58, Test: 48.19, Time: 1006s, Mem: 8.7GB
Epoch: 015, Loss: 0.1340, Train: 96.37, Val: 47.74, Test: 46.93, Time: 1006s, Mem: 8.7GB
Epoch: 016, Loss: 0.1443, Train: 96.19, Val: 49.20, Test: 48.02, Time: 1006s, Mem: 8.7GB
Epoch: 017, Loss: 0.0843, Train: 97.82, Val: 49.20, Test: 48.25, Time: 1006s, Mem: 8.7GB
Epoch: 018, Loss: 0.0939, Train: 97.22, Val: 48.43, Test: 47.04, Time: 1006s, Mem: 8.7GB
Epoch: 019, Loss: 0.0744, Train: 97.89, Val: 48.62, Test: 47.79, Time: 1006s, Mem: 8.7GB
Epoch: 020, Loss: 0.0721, Train: 98.07, Val: 48.01, Test: 47.62, Time: 1006s, Mem: 8.7GB
Epoch: 021, Loss: 0.0391, Train: 99.20, Val: 49.89, Test: 48.65, Time: 1006s, Mem: 8.7GB
Epoch: 022, Loss: 0.0161, Train: 99.86, Val: 49.77, Test: 48.88, Time: 1006s, Mem: 8.7GB
Epoch: 023, Loss: 0.0133, Train: 99.79, Val: 49.39, Test: 48.77, Time: 1006s, Mem: 8.7GB
Epoch: 024, Loss: 0.0105, Train: 99.98, Val: 49.81, Test: 48.08, Time: 1006s, Mem: 8.7GB
Epoch: 025, Loss: 0.0090, Train: 99.95, Val: 50.23, Test: 48.71, Time: 1006s, Mem: 8.7GB
Epoch: 026, Loss: 0.0073, Train: 100.00, Val: 49.96, Test: 48.59, Time: 1006s, Mem: 8.7GB
Epoch: 027, Loss: 0.0073, Train: 100.00, Val: 50.11, Test: 48.77, Time: 1006s, Mem: 8.7GB
Epoch: 028, Loss: 0.0063, Train: 99.98, Val: 49.96, Test: 48.54, Time: 1006s, Mem: 8.7GB
Epoch: 029, Loss: 0.0063, Train: 99.93, Val: 49.92, Test: 48.48, Time: 1006s, Mem: 8.7GB
Epoch: 030, Loss: 0.0051, Train: 100.00, Val: 49.69, Test: 48.48, Time: 1006s, Mem: 8.7GB
Best val 50.23 at epoch 25
Final test accuracy: 48.48 (best 48.71)
wandb: updating run metadata
wandb: uploading output.log; uploading wandb-summary.json
wandb: uploading data
wandb: 
wandb: Run history:
wandb: epoch_time █▁▄▆▂▁▃▄▃▃▁▁▁▃▁▂▃▄▂▂▄▂▃▄▃▂▅▄▅▅
wandb:       loss █▆▅▄▄▃▃▂▂▂▁▁▁▁▁▁▁▁▁▁▁▁▁▁▁▁▁▁▁▁
wandb:         lr ███████████████████▁▁▁▁▁▁▁▁▁▁▁
wandb:   test_acc ▁▃▆▆▆▇▇█▇▇▇▇▇█▇██▇████████████
wandb:  train_acc ▁▂▃▄▄▅▆▆▇▇▇███████████████████
wandb:    val_acc ▁▃▅▆▆▇▇▇▇▇▇▇█▇▇██▇█▇██████████
wandb: 
wandb: Run summary:
wandb:       best_epoch 25
wandb:     best_val_acc 50.22971
wandb:      conv_params 39552
wandb:       epoch_time 1006.31123
wandb:   final_test_acc 48.47789
wandb:             loss 0.00514
wandb:               lr 0.0001
wandb:       num_params 91568
wandb:         test_acc 48.47789
wandb: test_at_best_val 48.70764
wandb:               +2 ...
wandb: 
wandb: 🚀 View run ncaltech101_ncal_mv_K8_seed0 at: https://wandb.ai/pswoboda/rational-splinecnn/runs/o48cpqub
wandb: ⭐️ View project at: https://wandb.ai/pswoboda/rational-splinecnn
wandb: Synced 5 W&B file(s), 0 media file(s), 0 artifact file(s) and 0 other file(s)
wandb: Find logs at: ./wandb/wandb/run-20260916_231956-o48cpqub/logs
DONE
