/home/pswoboda/repo/rational-splinecnn/experiments/ncaltech101.py:115: UserWarning: The given NumPy array is not writable, and PyTorch does not support non-writable tensors. This means writing to this tensor will result in undefined behavior. You may want to copy the array to protect its data or make it writable before converting it to a tensor. This type of warning will be suppressed for the rest of this program. (Triggered internally at /pytorch/torch/csrc/utils/tensor_numpy.cpp:213.)
  return (torch.from_numpy(np.ascontiguousarray(pos)).to(device),
ncaltech101: 101 classes, 4356 train / 2612 val / 1741 test samples, 25000 events each
/home/pswoboda/repo/rational-splinecnn/experiments/ncaltech101.py:130: DeprecationWarning: 'torch-cluster' is deprecated and no longer maintained. All functionality has been migrated to 'pyg-lib>=0.7.0' (https://github.com/pyg-team/pyg-lib).
  import torch_cluster  # noqa: F401
radius graph: cluster
GraphRes(
  (conv1): BSplineConv(1, 8, dim=3, kernel_size=[2, 2, 2])
  (norm1): BatchNorm(8, eps=1e-05, momentum=0.1, affine=True, bias=True, track_running_stats=True)
  (conv2): BSplineConv(8, 16, dim=3, kernel_size=[2, 2, 2])
  (norm2): BatchNorm(16, eps=1e-05, momentum=0.1, affine=True, bias=True, track_running_stats=True)
  (conv3): BSplineConv(16, 16, dim=3, kernel_size=[2, 2, 2])
  (norm3): BatchNorm(16, eps=1e-05, momentum=0.1, affine=True, bias=True, track_running_stats=True)
  (conv4): BSplineConv(16, 16, dim=3, kernel_size=[2, 2, 2])
  (norm4): BatchNorm(16, eps=1e-05, momentum=0.1, affine=True, bias=True, track_running_stats=True)
  (conv5): BSplineConv(16, 32, dim=3, kernel_size=[2, 2, 2])
  (norm5): BatchNorm(32, eps=1e-05, momentum=0.1, affine=True, bias=True, track_running_stats=True)
  (pool5): MaxPooling()
  (conv6): BSplineConv(32, 32, dim=3, kernel_size=[2, 2, 2])
  (norm6): BatchNorm(32, eps=1e-05, momentum=0.1, affine=True, bias=True, track_running_stats=True)
  (conv7): BSplineConv(32, 32, dim=3, kernel_size=[2, 2, 2])
  (norm7): BatchNorm(32, eps=1e-05, momentum=0.1, affine=True, bias=True, track_running_stats=True)
  (pool7): MaxPoolingX()
  (fc): Linear(in_features=512, out_features=101, bias=False)
)
77680 parameters (25664 in convolutions)
wandb: Currently logged in as: pswoboda to https://api.wandb.ai. Use `wandb login --relogin` to force relogin
wandb: setting up run i074ffai
wandb: Tracking run with wandb version 0.23.1
wandb: Run data is saved locally in /home/pswoboda/repo/rational-splinecnn/wandb/wandb/run-20260917_204731-i074ffai
wandb: Run `wandb offline` to turn off syncing.
wandb: Syncing run ncaltech101_ncal_spline_aug_seed2
wandb: ⭐️ View project at https://wandb.ai/pswoboda/rational-splinecnn
wandb: 🚀 View run at https://wandb.ai/pswoboda/rational-splinecnn/runs/i074ffai
/home/pswoboda/.venv/lib/python3.11/site-packages/torch_geometric/utils/_scatter.py:91: UserWarning: The usage of `scatter(reduce='max')` can be accelerated via the 'torch-scatter' package, but it was not found
  warnings.warn(
Epoch: 001, Loss: 4.3354, Train: 19.38, Val: 25.46, Test: 26.71, Time: 203s, Mem: 10.5GB
Epoch: 002, Loss: 3.7045, Train: 24.43, Val: 26.38, Test: 26.19, Time: 202s, Mem: 10.5GB
Epoch: 003, Loss: 3.4597, Train: 26.12, Val: 27.95, Test: 29.47, Time: 202s, Mem: 10.5GB
Epoch: 004, Loss: 3.2449, Train: 29.18, Val: 31.28, Test: 31.59, Time: 202s, Mem: 10.5GB
Epoch: 005, Loss: 3.0622, Train: 32.51, Val: 33.58, Test: 34.46, Time: 202s, Mem: 10.5GB
Epoch: 006, Loss: 2.9218, Train: 34.69, Val: 34.53, Test: 34.52, Time: 202s, Mem: 10.5GB
Epoch: 007, Loss: 2.7811, Train: 36.41, Val: 35.18, Test: 35.73, Time: 202s, Mem: 10.5GB
Epoch: 008, Loss: 2.6607, Train: 37.76, Val: 36.83, Test: 36.99, Time: 202s, Mem: 10.5GB
Epoch: 009, Loss: 2.5830, Train: 40.31, Val: 36.79, Test: 36.24, Time: 202s, Mem: 10.5GB
Epoch: 010, Loss: 2.4334, Train: 42.84, Val: 39.43, Test: 39.63, Time: 202s, Mem: 10.5GB
Epoch: 011, Loss: 2.3493, Train: 44.44, Val: 40.93, Test: 41.76, Time: 202s, Mem: 10.5GB
Epoch: 012, Loss: 2.2563, Train: 45.50, Val: 41.46, Test: 41.13, Time: 202s, Mem: 10.5GB
Epoch: 013, Loss: 2.1648, Train: 47.89, Val: 42.57, Test: 43.02, Time: 202s, Mem: 10.5GB
Epoch: 014, Loss: 2.0980, Train: 48.48, Val: 43.53, Test: 43.54, Time: 202s, Mem: 10.5GB
Epoch: 015, Loss: 2.0300, Train: 50.78, Val: 43.45, Test: 43.65, Time: 202s, Mem: 10.5GB
Epoch: 016, Loss: 1.9444, Train: 51.61, Val: 45.67, Test: 45.03, Time: 202s, Mem: 10.5GB
Epoch: 017, Loss: 1.8998, Train: 53.05, Val: 44.68, Test: 44.28, Time: 202s, Mem: 10.5GB
Epoch: 018, Loss: 1.8331, Train: 53.51, Val: 45.33, Test: 44.34, Time: 202s, Mem: 10.5GB
Epoch: 019, Loss: 1.7747, Train: 55.37, Val: 44.30, Test: 43.31, Time: 202s, Mem: 10.5GB
Epoch: 020, Loss: 1.7343, Train: 55.65, Val: 44.98, Test: 44.92, Time: 202s, Mem: 10.5GB
Epoch: 021, Loss: 1.6107, Train: 59.02, Val: 46.36, Test: 46.81, Time: 202s, Mem: 10.5GB
Epoch: 022, Loss: 1.5181, Train: 61.50, Val: 46.75, Test: 47.33, Time: 202s, Mem: 10.5GB
Epoch: 023, Loss: 1.4807, Train: 62.12, Val: 47.28, Test: 47.67, Time: 202s, Mem: 10.5GB
Epoch: 024, Loss: 1.4902, Train: 62.01, Val: 46.78, Test: 47.62, Time: 202s, Mem: 10.5GB
Epoch: 025, Loss: 1.5010, Train: 61.87, Val: 46.75, Test: 47.33, Time: 202s, Mem: 10.5GB
Epoch: 026, Loss: 1.4378, Train: 63.38, Val: 46.25, Test: 47.21, Time: 202s, Mem: 10.5GB
Epoch: 027, Loss: 1.4546, Train: 61.98, Val: 46.59, Test: 47.33, Time: 202s, Mem: 10.5GB
Epoch: 028, Loss: 1.4486, Train: 62.72, Val: 46.75, Test: 47.04, Time: 202s, Mem: 10.5GB
Epoch: 029, Loss: 1.4214, Train: 63.43, Val: 46.55, Test: 47.27, Time: 202s, Mem: 10.5GB
Epoch: 030, Loss: 1.4008, Train: 64.94, Val: 47.09, Test: 47.73, Time: 202s, Mem: 10.5GB
Best val 47.28 at epoch 23
Final test accuracy: 47.73 (best 47.67)
wandb: updating run metadata
wandb: uploading output.log
wandb: 
wandb: Run history:
wandb: epoch_time █▁▁▁▁▁▁▁▁▁▁▁▁▁▁▁▁▁▁▁▁▁▁▂▂▁▁▁▁▁
wandb:       loss █▆▆▅▅▅▄▄▄▃▃▃▃▃▃▂▂▂▂▂▂▁▁▁▁▁▁▁▁▁
wandb:         lr ███████████████████▁▁▁▁▁▁▁▁▁▁▁
wandb:   test_acc ▁▁▂▃▄▄▄▅▄▅▆▆▆▇▇▇▇▇▇▇██████████
wandb:  train_acc ▁▂▂▃▃▃▄▄▄▅▅▅▅▅▆▆▆▆▇▇▇▇████████
wandb:    val_acc ▁▁▂▃▄▄▄▅▅▅▆▆▆▇▇▇▇▇▇▇██████████
wandb: 
wandb: Run summary:
wandb:       best_epoch 23
wandb:     best_val_acc 47.28178
wandb:      conv_params 25664
wandb:       epoch_time 201.88679
wandb:   final_test_acc 47.73119
wandb:             loss 1.40081
wandb:               lr 0.0001
wandb:       num_params 77680
wandb:         test_acc 47.73119
wandb: test_at_best_val 47.67375
wandb:               +2 ...
wandb: 
wandb: 🚀 View run ncaltech101_ncal_spline_aug_seed2 at: https://wandb.ai/pswoboda/rational-splinecnn/runs/i074ffai
wandb: ⭐️ View project at: https://wandb.ai/pswoboda/rational-splinecnn
wandb: Synced 5 W&B file(s), 0 media file(s), 0 artifact file(s) and 0 other file(s)
wandb: Find logs at: ./wandb/wandb/run-20260917_204731-i074ffai/logs
DONE
