CPU_SET_HEX_STR_SIZE: 257, Size of mstr: 257
cpu-bind=MASK - gpu1203, task  0  0 [528839]: mask |----BBBB|BBBB----|--------|--------|--------|--------|--------|--------|--------|BBBBBBBB|--------|--------||||--------|--------|--------|--------|--------|--------|--------|--------|--------|--------|--------|--------| set
job=3378398 node=gpu1203 gpu=NVIDIA H100 config=/scratch/hpc-prf-llmrout/hpcabpo/nmt/runs/configs/voc_mlp_K9_seed0.json wandb=offline
dataset=PascalVOC backbone=vgg16 image_size=256 conv=rational model_dir=/scratch/hpc-prf-llmrout/hpcabpo/nmt/runs/voc_vgg16/mlp_K9_seed0
{
    "BACKBONE": "vgg16",
    "BACKBONE_DIR": "/scratch/hpc-prf-llmrout/hpcabpo/nmt/checkpoints",
    "BATCH_SIZE": 8,
    "CACHE_PATH": "/scratch/hpc-prf-llmrout/hpcabpo/nmt/cache/voc_db",
    "DATASET_NAME": "PascalVOC",
    "EVAL": {
        "SAMPLES": 1000,
        "difficulty_params": {},
        "num_graphs_in_matching_instance": 2
    },
    "IMAGE_SIZE": 256,
    "Matching_TF": {
        "activation": "relu",
        "batch_norm": true,
        "d_model": 648,
        "nGPT_mlp_hidden_mult": 6,
        "n_decoder": 4,
        "n_encoder": 4,
        "n_head": 12,
        "n_lap_EigVec": 8,
        "pos_encoding": false
    },
    "NORM_MEANS": [
        0.485,
        0.456,
        0.406
    ],
    "NORM_STD": [
        0.229,
        0.224,
        0.225
    ],
    "RANDOM_SEED": 0,
    "SPLINE_CNN": {
        "aggr": "max",
        "conv": "rational",
        "degrees": [
            5,
            4
        ],
        "dim": 2,
        "init": "spline",
        "init_noise": 0.001,
        "input_features": 1024,
        "kernel_size": 5,
        "num_bases": 9,
        "output_features": 648,
        "poly": "chebyshev",
        "pyg_init": true,
        "rational_basis": "mlp",
        "safe": "B",
        "vp": true
    },
    "SPair": {
        "CLASSES": [
            "aeroplane",
            "bicycle",
            "bird",
            "boat",
            "boat",
            "bottle",
            "bus",
            "car",
            "cat",
            "chair",
            "cow",
            "dog",
            "horse",
            "motorbike",
            "person",
            "pottedplant",
            "sheep",
            "train",
            "tvmonitor"
        ],
        "ROOT_DIR": "./data/downloaded/SPair-71k",
        "size": "large"
    },
    "STATISTIC_STEP": 1,
    "TRACK_GRAD_NORM": false,
    "TRAIN": {
        "EPOCH_ITERS": 2000,
        "LR": 0.0005,
        "_comment_epochs": "Identical budget to the SPair-71k sweep so the two NMT columns are comparable: lr_schedule long_halving5 defines 12 epochs, max_epochs stops after 7, and both LR drops (epochs 2 and 5) still happen.",
        "clip_norm": 0,
        "cutmix_beta": 1.0,
        "cutmix_prob": 0.3,
        "difficulty_params": {},
        "layer_loss_param": 0.3,
        "lr_schedule": "long_halving5",
        "max_epochs": 7,
        "mixup_alpha": 0.8,
        "mixup_prob": 0.3,
        "num_graphs_in_matching_instance": 2,
        "random_erasing_prob": 0.3,
        "temperature": 0.1,
        "weight_decay": 0
    },
    "USE_SYNTHETIC": false,
    "VOC2011": {
        "CLASSES": [
            "aeroplane",
            "bicycle",
            "bird",
            "boat",
            "bottle",
            "bus",
            "car",
            "cat",
            "chair",
            "cow",
            "diningtable",
            "dog",
            "horse",
            "motorbike",
            "person",
            "pottedplant",
            "sheep",
            "sofa",
            "train",
            "tvmonitor"
        ],
        "KPT_ANNO_DIR": "/pc2/groups/hpc-prf-llmrout/hpcabpo/rational-basis-cnn/data/PascalVOC/raw/annotations/",
        "ROOT_DIR": "/pc2/groups/hpc-prf-llmrout/hpcabpo/rational-basis-cnn/data/PascalVOC/raw/images/",
        "SET_SPLIT": "/pc2/groups/hpc-prf-llmrout/hpcabpo/rational-basis-cnn/data/PascalVOC/raw/splits.npz"
    },
    "WILLOW": {
        "CLASSES": [
            "Car",
            "Duck",
            "Face",
            "Motorbike",
            "Winebottle"
        ],
        "KPT_LEN": 10,
        "ROOT_DIR": "./data/downloaded/WILLOW/WILLOW-ObjectClass",
        "TRAIN_NUM": 20,
        "TRAIN_OFFSET": 0
    },
    "_comment_batch_size": "BATCH_SIZE is deliberately NOT overridden here. voc_basic.json sets 8, which is NMT's own PascalVOC recipe; the claim being tested is that only the SplineConv layer changes, so the host recipe is left alone. spair_vgg16.json sets 5 because no author-provided SPair recipe existed.",
    "_comment_cache": "data/pascal_voc.py writes a filtered-xml pickle to cfg.CACHE_PATH. The default 'data/cache' is repo-relative, i.e. inside the 50 GB HOME quota, and group storage is read-only inside jobs, so it is redirected to scratch.",
    "_comment_paths": "ROOT_DIR must end in a slash: data/pascal_voc.py builds the image and annotation directories by string concatenation (cfg.VOC2011.ROOT_DIR + 'JPEGImages'). SET_SPLIT points at the split shipped with the shared PascalVOC tree; see NMT_VOC_ROOT in hpc/env.sh for why voc2011_pairs.npz is not required.",
    "_generated_by": "slurm/make_config.py mlp_K9 0 (voc)",
    "combine_classes": false,
    "default_json": "experiments/voc_basic.json",
    "eval_sampling": "intersection",
    "evaluate_only": false,
    "exclude_willow_classes": false,
    "keep_last_checkpoint_only": true,
    "log_dir": "runs/",
    "model_dir": "/scratch/hpc-prf-llmrout/hpcabpo/nmt/runs/voc_vgg16/mlp_K9_seed0",
    "save_checkpoint": true,
    "train_sampling": "intersection",
    "visualization_params": {
        "produce_pdf": false,
        "reduced_vis": true
    },
    "visualize": false,
    "warmstart_path": null
}
wandb: Tracking run with wandb version 0.30.0
wandb: W&B syncing is set to `offline` in this directory. Run `wandb online` or set WANDB_MODE=online to enable cloud syncing.
wandb: Run data is saved locally in /scratch/hpc-prf-llmrout/hpcabpo/nmt/wandb/wandb/offline-run-20260923_060603-e62hvcp7
wandb: View this run in the terminal with `wandb leet`
xml list loaded from /scratch/hpc-prf-llmrout/hpcabpo/nmt/cache/voc_db/voc_db_train.pkl
TRUE EPOCHS:  False
16000
Initializing train-set. Randomly sampling 16000 examples.
/pc2/groups/hpc-prf-llmrout/hpcabpo/nmt/conda/envs/nmt/lib/python3.12/site-packages/albumentations/core/composition.py:331: UserWarning: Got processor for keypoints, but no transform to process it.
  self._set_keys()
xml list loaded from /scratch/hpc-prf-llmrout/hpcabpo/nmt/cache/voc_db/voc_db_test.pkl
TRUE EPOCHS:  False
1000
Initializing test-set. Randomly sampling 1000 examples.
/pc2/groups/hpc-prf-llmrout/hpcabpo/nmt/conda/envs/nmt/lib/python3.12/site-packages/torchvision/models/_utils.py:208: UserWarning: The parameter 'pretrained' is deprecated since 0.13 and may be removed in the future, please use 'weights' instead.
  warnings.warn(
/pc2/groups/hpc-prf-llmrout/hpcabpo/nmt/conda/envs/nmt/lib/python3.12/site-packages/torchvision/models/_utils.py:223: UserWarning: Arguments other than a weight enum or `None` for 'weights' are deprecated since 0.13 and may be removed in the future. The current behavior is equivalent to passing `weights=VGG16_Weights.IMAGENET1K_V1`. You can also use `weights=VGG16_Weights.DEFAULT` to get the most up-to-date weights.
  warnings.warn(msg)
stopping after 7 epochs (cfg.TRAIN.max_epochs; schedule 'long_halving5' defines 12)
Start training...
NMT model on device: cuda:0
Epoch 0/6
----------
lr = 1.50e-05, 5.00e-04
Epoch 0/6:   0%|          | 0/2000 [00:00<?, ?it/s]/pc2/groups/hpc-prf-llmrout/hpcabpo/nmt/conda/envs/nmt/lib/python3.12/site-packages/torch_geometric/utils/_scatter.py:91: UserWarning: The usage of `scatter(reduce='max')` can be accelerated via the 'torch-scatter' package, but it was not found
  warnings.warn(
[rank0]:[W923 06:06:06.101953615 reducer.cpp:1528] Warning: find_unused_parameters=True was specified in DDP constructor, but did not find any unused parameters in the forward pass. This flag results in an extra traversal of the autograd graph every iteration,  which can adversely affect performance. If your model indeed never has any unused parameters in the forward pass, consider turning this flag off. Note that this warning may be a false positive if your model has flow control causing later iterations to have unused parameters. (function operator())
Epoch 0/6: 100%|██████████| 2000/2000 [07:10<00:00,  4.65it/s, loss=3.2755, acc=0.6412]
epoch loss: 3.567225239098072, epoch accuracy: 0.6411718952553799
completed in 430.02s (7.17m)
Start evaluation...
Evaluating class aeroplane: 0/20
Class aeroplane Iteration 40   84.49sample/s
Class aeroplane Iteration 80   85.90sample/s
Class aeroplane Iteration 120  99.02sample/s
Class aeroplane acc = 0.5174
Evaluating class bicycle: 1/20
Class bicycle  Iteration 40   86.92sample/s
Class bicycle  Iteration 80   93.93sample/s
Class bicycle  Iteration 120  98.22sample/s
Class bicycle acc = 0.7755
Evaluating class bird: 2/20
Class bird     Iteration 40   74.64sample/s
Class bird     Iteration 80   87.35sample/s
Class bird     Iteration 120  81.02sample/s
Class bird acc = 0.7348
Evaluating class boat: 3/20
Class boat     Iteration 40   78.51sample/s
Class boat     Iteration 80   79.26sample/s
Class boat     Iteration 120  89.72sample/s
Class boat acc = 0.7176
Evaluating class bottle: 4/20
Class bottle   Iteration 40   75.99sample/s
Class bottle   Iteration 80   86.96sample/s
Class bottle   Iteration 120  83.26sample/s
Class bottle acc = 0.8504
Evaluating class bus: 5/20
Class bus      Iteration 40   79.71sample/s
Class bus      Iteration 80   87.04sample/s
Class bus      Iteration 120  89.22sample/s
Class bus acc = 0.8744
Evaluating class car: 6/20
Class car      Iteration 40   65.35sample/s
Class car      Iteration 80   76.23sample/s
Class car      Iteration 120  79.56sample/s
Class car acc = 0.7930
Evaluating class cat: 7/20
Class cat      Iteration 40   73.51sample/s
Class cat      Iteration 80   82.25sample/s
Class cat      Iteration 120  86.44sample/s
Class cat acc = 0.7727
Evaluating class chair: 8/20
Class chair    Iteration 40   76.71sample/s
Class chair    Iteration 80   86.93sample/s
Class chair    Iteration 120  85.34sample/s
Class chair acc = 0.4659
Evaluating class cow: 9/20
Class cow      Iteration 40   76.10sample/s
Class cow      Iteration 80   89.09sample/s
Class cow      Iteration 120  86.05sample/s
Class cow acc = 0.7545
Evaluating class diningtable: 10/20
Class diningtable Iteration 40   86.24sample/s
Class diningtable Iteration 80   94.23sample/s
Class diningtable Iteration 120  95.93sample/s
Class diningtable acc = 0.7100
Evaluating class dog: 11/20
Class dog      Iteration 40   81.76sample/s
Class dog      Iteration 80   86.54sample/s
Class dog      Iteration 120  93.16sample/s
Class dog acc = 0.7405
Evaluating class horse: 12/20
Class horse    Iteration 40   77.59sample/s
Class horse    Iteration 80   89.50sample/s
Class horse    Iteration 120  94.56sample/s
Class horse acc = 0.7800
Evaluating class motorbike: 13/20
Class motorbike Iteration 40   84.38sample/s
Class motorbike Iteration 80   93.83sample/s
Class motorbike Iteration 120  93.84sample/s
Class motorbike acc = 0.7478
Evaluating class person: 14/20
Class person   Iteration 40   80.73sample/s
Class person   Iteration 80   87.78sample/s
Class person   Iteration 120  87.65sample/s
Class person acc = 0.5257
Evaluating class pottedplant: 15/20
Class pottedplant Iteration 40   83.78sample/s
Class pottedplant Iteration 80   96.45sample/s
Class pottedplant Iteration 120  95.94sample/s
Class pottedplant acc = 0.9719
Evaluating class sheep: 16/20
Class sheep    Iteration 40   69.60sample/s
Class sheep    Iteration 80   70.63sample/s
Class sheep    Iteration 120  91.79sample/s
Class sheep acc = 0.7419
Evaluating class sofa: 17/20
Class sofa     Iteration 40   90.30sample/s
Class sofa     Iteration 80   95.95sample/s
Class sofa     Iteration 120  101.23sample/s
Class sofa acc = 0.7223
Evaluating class train: 18/20
Class train    Iteration 40   63.07sample/s
Class train    Iteration 80   74.72sample/s
Class train    Iteration 120  85.52sample/s
Class train acc = 0.9581
Evaluating class tvmonitor: 19/20
Class tvmonitor Iteration 40   80.64sample/s
Class tvmonitor Iteration 80   88.64sample/s
Class tvmonitor Iteration 120  103.51sample/s
Class tvmonitor acc = 0.9526
Evaluation complete in 3m 54s
Matching accuracy
aeroplane = 0.5174
bicycle = 0.7755
bird = 0.7348
boat = 0.7176
bottle = 0.8504
bus = 0.8744
car = 0.7930
cat = 0.7727
chair = 0.4659
cow = 0.7545
diningtable = 0.7100
dog = 0.7405
horse = 0.7800
motorbike = 0.7478
person = 0.5257
pottedplant = 0.9719
sheep = 0.7419
sofa = 0.7223
train = 0.9581
tvmonitor = 0.9526
average = 0.7553
Epoch 1/6
----------
lr = 1.50e-05, 5.00e-04
Epoch 1/6: 100%|██████████| 2000/2000 [07:13<00:00,  4.61it/s, loss=1.3318, acc=0.7718]
epoch loss: 2.5825950457155704, epoch accuracy: 0.7717733279046526
completed in 433.94s (7.23m)
Start evaluation...
Evaluating class aeroplane: 0/20
Class aeroplane Iteration 40   76.04sample/s
Class aeroplane Iteration 80   74.29sample/s
Class aeroplane Iteration 120  89.23sample/s
Class aeroplane acc = 0.5833
Evaluating class bicycle: 1/20
Class bicycle  Iteration 40   77.57sample/s
Class bicycle  Iteration 80   83.33sample/s
Class bicycle  Iteration 120  84.89sample/s
Class bicycle acc = 0.7827
Evaluating class bird: 2/20
Class bird     Iteration 40   69.44sample/s
Class bird     Iteration 80   72.17sample/s
Class bird     Iteration 120  71.75sample/s
Class bird acc = 0.7475
Evaluating class boat: 3/20
Class boat     Iteration 40   70.62sample/s
Class boat     Iteration 80   74.04sample/s
Class boat     Iteration 120  80.03sample/s
Class boat acc = 0.7420
Evaluating class bottle: 4/20
Class bottle   Iteration 40   75.05sample/s
Class bottle   Iteration 80   81.79sample/s
Class bottle   Iteration 120  89.18sample/s
Class bottle acc = 0.8577
Evaluating class bus: 5/20
Class bus      Iteration 40   77.13sample/s
Class bus      Iteration 80   92.55sample/s
Class bus      Iteration 120  89.87sample/s
Class bus acc = 0.8789
Evaluating class car: 6/20
Class car      Iteration 40   66.62sample/s
Class car      Iteration 80   79.16sample/s
Class car      Iteration 120  78.59sample/s
Class car acc = 0.8480
Evaluating class cat: 7/20
Class cat      Iteration 40   78.42sample/s
Class cat      Iteration 80   85.06sample/s
Class cat      Iteration 120  90.41sample/s
Class cat acc = 0.8174
Evaluating class chair: 8/20
Class chair    Iteration 40   78.74sample/s
Class chair    Iteration 80   91.97sample/s
Class chair    Iteration 120  92.07sample/s
Class chair acc = 0.5393
Evaluating class cow: 9/20
Class cow      Iteration 40   83.58sample/s
Class cow      Iteration 80   98.34sample/s
Class cow      Iteration 120  98.92sample/s
Class cow acc = 0.7719
Evaluating class diningtable: 10/20
Class diningtable Iteration 40   91.28sample/s
Class diningtable Iteration 80   100.01sample/s
Class diningtable Iteration 120  101.82sample/s
Class diningtable acc = 0.8260
Evaluating class dog: 11/20
Class dog      Iteration 40   68.92sample/s
Class dog      Iteration 80   88.83sample/s
Class dog      Iteration 120  88.92sample/s
Class dog acc = 0.7846
Evaluating class horse: 12/20
Class horse    Iteration 40   78.57sample/s
Class horse    Iteration 80   87.96sample/s
Class horse    Iteration 120  96.47sample/s
Class horse acc = 0.7869
Evaluating class motorbike: 13/20
Class motorbike Iteration 40   84.30sample/s
Class motorbike Iteration 80   92.49sample/s
Class motorbike Iteration 120  95.39sample/s
Class motorbike acc = 0.8048
Evaluating class person: 14/20
Class person   Iteration 40   83.90sample/s
Class person   Iteration 80   94.99sample/s
Class person   Iteration 120  97.97sample/s
Class person acc = 0.6008
Evaluating class pottedplant: 15/20
Class pottedplant Iteration 40   87.98sample/s
Class pottedplant Iteration 80   92.91sample/s
Class pottedplant Iteration 120  89.77sample/s
Class pottedplant acc = 0.9729
Evaluating class sheep: 16/20
Class sheep    Iteration 40   66.41sample/s
Class sheep    Iteration 80   66.23sample/s
Class sheep    Iteration 120  84.41sample/s
Class sheep acc = 0.7617
Evaluating class sofa: 17/20
Class sofa     Iteration 40   82.99sample/s
Class sofa     Iteration 80   92.22sample/s
Class sofa     Iteration 120  90.98sample/s
Class sofa acc = 0.7696
Evaluating class train: 18/20
Class train    Iteration 40   59.34sample/s
Class train    Iteration 80   71.34sample/s
Class train    Iteration 120  80.73sample/s
Class train acc = 0.9658
Evaluating class tvmonitor: 19/20
Class tvmonitor Iteration 40   79.41sample/s
Class tvmonitor Iteration 80   85.11sample/s
Class tvmonitor Iteration 120  96.95sample/s
Class tvmonitor acc = 0.9486
Evaluation complete in 3m 59s
Matching accuracy
aeroplane = 0.5833
bicycle = 0.7827
bird = 0.7475
boat = 0.7420
bottle = 0.8577
bus = 0.8789
car = 0.8480
cat = 0.8174
chair = 0.5393
cow = 0.7719
diningtable = 0.8260
dog = 0.7846
horse = 0.7869
motorbike = 0.8048
person = 0.6008
pottedplant = 0.9729
sheep = 0.7617
sofa = 0.7696
train = 0.9658
tvmonitor = 0.9486
average = 0.7895
Epoch 2/6
----------
lr = 1.50e-06, 5.00e-05
Epoch 2/6: 100%|██████████| 2000/2000 [07:13<00:00,  4.61it/s, loss=1.6909, acc=0.8230]
epoch loss: 2.182906426489353, epoch accuracy: 0.8229984663993644
completed in 433.77s (7.23m)
Start evaluation...
Evaluating class aeroplane: 0/20
Class aeroplane Iteration 40   51.61sample/s
Class aeroplane Iteration 80   47.60sample/s
Class aeroplane Iteration 120  53.38sample/s
Class aeroplane acc = 0.6273
Evaluating class bicycle: 1/20
Class bicycle  Iteration 40   53.58sample/s
Class bicycle  Iteration 80   54.97sample/s
Class bicycle  Iteration 120  53.82sample/s
Class bicycle acc = 0.7979
Evaluating class bird: 2/20
Class bird     Iteration 40   43.10sample/s
Class bird     Iteration 80   46.49sample/s
Class bird     Iteration 120  42.95sample/s
Class bird acc = 0.7745
Evaluating class boat: 3/20
Class boat     Iteration 40   50.02sample/s
Class boat     Iteration 80   43.33sample/s
Class boat     Iteration 120  47.49sample/s
Class boat acc = 0.7601
Evaluating class bottle: 4/20
Class bottle   Iteration 40   71.15sample/s
Class bottle   Iteration 80   45.28sample/s
Class bottle   Iteration 120  42.48sample/s
Class bottle acc = 0.8714
Evaluating class bus: 5/20
Class bus      Iteration 40   42.38sample/s
Class bus      Iteration 80   44.22sample/s
Class bus      Iteration 120  45.14sample/s
Class bus acc = 0.9071
Evaluating class car: 6/20
Class car      Iteration 40   36.88sample/s
Class car      Iteration 80   39.74sample/s
Class car      Iteration 120  37.62sample/s
Class car acc = 0.8681
Evaluating class cat: 7/20
Class cat      Iteration 40   46.40sample/s
Class cat      Iteration 80   45.94sample/s
Class cat      Iteration 120  48.07sample/s
Class cat acc = 0.8437
Evaluating class chair: 8/20
Class chair    Iteration 40   52.93sample/s
Class chair    Iteration 80   46.21sample/s
Class chair    Iteration 120  45.11sample/s
Class chair acc = 0.5776
Evaluating class cow: 9/20
Class cow      Iteration 40   45.18sample/s
Class cow      Iteration 80   46.67sample/s
Class cow      Iteration 120  45.78sample/s
Class cow acc = 0.7847
Evaluating class diningtable: 10/20
Class diningtable Iteration 40   49.19sample/s
Class diningtable Iteration 80   46.08sample/s
Class diningtable Iteration 120  45.94sample/s
Class diningtable acc = 0.8682
Evaluating class dog: 11/20
Class dog      Iteration 40   41.87sample/s
Class dog      Iteration 80   47.70sample/s
Class dog      Iteration 120  43.26sample/s
Class dog acc = 0.8132
Evaluating class horse: 12/20
Class horse    Iteration 40   42.03sample/s
Class horse    Iteration 80   49.38sample/s
Class horse    Iteration 120  48.54sample/s
Class horse acc = 0.8088
Evaluating class motorbike: 13/20
Class motorbike Iteration 40   46.51sample/s
Class motorbike Iteration 80   48.86sample/s
Class motorbike Iteration 120  48.70sample/s
Class motorbike acc = 0.8098
Evaluating class person: 14/20
Class person   Iteration 40   47.72sample/s
Class person   Iteration 80   50.52sample/s
Class person   Iteration 120  49.02sample/s
Class person acc = 0.6427
Evaluating class pottedplant: 15/20
Class pottedplant Iteration 40   46.74sample/s
Class pottedplant Iteration 80   49.18sample/s
Class pottedplant Iteration 120  46.65sample/s
Class pottedplant acc = 0.9763
Evaluating class sheep: 16/20
Class sheep    Iteration 40   38.38sample/s
Class sheep    Iteration 80   34.52sample/s
Class sheep    Iteration 120  41.22sample/s
Class sheep acc = 0.7752
Evaluating class sofa: 17/20
Class sofa     Iteration 40   51.57sample/s
Class sofa     Iteration 80   46.75sample/s
Class sofa     Iteration 120  47.97sample/s
Class sofa acc = 0.8270
Evaluating class train: 18/20
Class train    Iteration 40   32.54sample/s
Class train    Iteration 80   36.73sample/s
Class train    Iteration 120  41.59sample/s
Class train acc = 0.9767
Evaluating class tvmonitor: 19/20
Class tvmonitor Iteration 40   40.41sample/s
Class tvmonitor Iteration 80   42.12sample/s
Class tvmonitor Iteration 120  58.43sample/s
Class tvmonitor acc = 0.9524
Evaluation complete in 7m 21s
Matching accuracy
aeroplane = 0.6273
bicycle = 0.7979
bird = 0.7745
boat = 0.7601
bottle = 0.8714
bus = 0.9071
car = 0.8681
cat = 0.8437
chair = 0.5776
cow = 0.7847
diningtable = 0.8682
dog = 0.8132
horse = 0.8088
motorbike = 0.8098
person = 0.6427
pottedplant = 0.9763
sheep = 0.7752
sofa = 0.8270
train = 0.9767
tvmonitor = 0.9524
average = 0.8131
Epoch 3/6
----------
lr = 1.50e-06, 5.00e-05
Epoch 3/6: 100%|██████████| 2000/2000 [07:41<00:00,  4.33it/s, loss=2.6766, acc=0.8439]
epoch loss: 2.0486964964456855, epoch accuracy: 0.8438613089937667
completed in 461.69s (7.69m)
Start evaluation...
Evaluating class aeroplane: 0/20
Class aeroplane Iteration 40   27.90sample/s
Class aeroplane Iteration 80   28.37sample/s
Class aeroplane Iteration 120  31.86sample/s
Class aeroplane acc = 0.6423
Evaluating class bicycle: 1/20
Class bicycle  Iteration 40   30.35sample/s
Class bicycle  Iteration 80   32.24sample/s
Class bicycle  Iteration 120  32.07sample/s
Class bicycle acc = 0.8037
Evaluating class bird: 2/20
Class bird     Iteration 40   25.24sample/s
Class bird     Iteration 80   28.32sample/s
Class bird     Iteration 120  29.60sample/s
Class bird acc = 0.7845
Evaluating class boat: 3/20
Class boat     Iteration 40   28.81sample/s
Class boat     Iteration 80   28.24sample/s
Class boat     Iteration 120  33.28sample/s
Class boat acc = 0.7650
Evaluating class bottle: 4/20
Class bottle   Iteration 40   29.19sample/s
Class bottle   Iteration 80   30.50sample/s
Class bottle   Iteration 120  32.94sample/s
Class bottle acc = 0.8734
Evaluating class bus: 5/20
Class bus      Iteration 40   23.93sample/s
Class bus      Iteration 80   26.25sample/s
Class bus      Iteration 120  29.10sample/s
Class bus acc = 0.9136
Evaluating class car: 6/20
Class car      Iteration 40   23.08sample/s
Class car      Iteration 80   27.66sample/s
Class car      Iteration 120  26.68sample/s
Class car acc = 0.8721
Evaluating class cat: 7/20
Class cat      Iteration 40   27.92sample/s
Class cat      Iteration 80   29.91sample/s
Class cat      Iteration 120  32.66sample/s
Class cat acc = 0.8442
Evaluating class chair: 8/20
Class chair    Iteration 40   31.22sample/s
Class chair    Iteration 80   33.14sample/s
Class chair    Iteration 120  34.73sample/s
Class chair acc = 0.6011
Evaluating class cow: 9/20
Class cow      Iteration 40   27.80sample/s
Class cow      Iteration 80   29.92sample/s
Class cow      Iteration 120  29.40sample/s
Class cow acc = 0.7982
Evaluating class diningtable: 10/20
Class diningtable Iteration 40   28.60sample/s
Class diningtable Iteration 80   29.28sample/s
Class diningtable Iteration 120  30.01sample/s
Class diningtable acc = 0.8344
Evaluating class dog: 11/20
Class dog      Iteration 40   27.34sample/s
Class dog      Iteration 80   26.79sample/s
Class dog      Iteration 120  29.02sample/s
Class dog acc = 0.8171
Evaluating class horse: 12/20
Class horse    Iteration 40   28.59sample/s
Class horse    Iteration 80   26.35sample/s
Class horse    Iteration 120  29.51sample/s
Class horse acc = 0.8111
Evaluating class motorbike: 13/20
Class motorbike Iteration 40   28.77sample/s
Class motorbike Iteration 80   28.89sample/s
Class motorbike Iteration 120  31.01sample/s
Class motorbike acc = 0.8069
Evaluating class person: 14/20
Class person   Iteration 40   28.80sample/s
Class person   Iteration 80   27.84sample/s
Class person   Iteration 120  29.05sample/s
Class person acc = 0.6653
Evaluating class pottedplant: 15/20
Class pottedplant Iteration 40   29.56sample/s
Class pottedplant Iteration 80   31.22sample/s
Class pottedplant Iteration 120  28.91sample/s
Class pottedplant acc = 0.9767
Evaluating class sheep: 16/20
Class sheep    Iteration 40   24.12sample/s
Class sheep    Iteration 80   22.56sample/s
Class sheep    Iteration 120  29.08sample/s
Class sheep acc = 0.7743
Evaluating class sofa: 17/20
Class sofa     Iteration 40   31.99sample/s
Class sofa     Iteration 80   31.32sample/s
Class sofa     Iteration 120  34.09sample/s
Class sofa acc = 0.8250
Evaluating class train: 18/20
Class train    Iteration 40   21.39sample/s
Class train    Iteration 80   25.51sample/s
Class train    Iteration 120  26.05sample/s
Class train acc = 0.9689
Evaluating class tvmonitor: 19/20
Class tvmonitor Iteration 40   26.06sample/s
Class tvmonitor Iteration 80   28.64sample/s
Class tvmonitor Iteration 120  33.68sample/s
Class tvmonitor acc = 0.9518
Evaluation complete in 11m 43s
Matching accuracy
aeroplane = 0.6423
bicycle = 0.8037
bird = 0.7845
boat = 0.7650
bottle = 0.8734
bus = 0.9136
car = 0.8721
cat = 0.8442
chair = 0.6011
cow = 0.7982
diningtable = 0.8344
dog = 0.8171
horse = 0.8111
motorbike = 0.8069
person = 0.6653
pottedplant = 0.9767
sheep = 0.7743
sofa = 0.8250
train = 0.9689
tvmonitor = 0.9518
average = 0.8165
Epoch 4/6
----------
lr = 1.50e-06, 5.00e-05
Epoch 4/6: 100%|██████████| 2000/2000 [09:26<00:00,  3.53it/s, loss=2.0296, acc=0.8588]
epoch loss: 1.9665791640877723, epoch accuracy: 0.8588108329379367
completed in 566.88s (9.45m)
Start evaluation...
Evaluating class aeroplane: 0/20
Class aeroplane Iteration 40   28.38sample/s
Class aeroplane Iteration 80   28.58sample/s
Class aeroplane Iteration 120  32.27sample/s
Class aeroplane acc = 0.6510
Evaluating class bicycle: 1/20
Class bicycle  Iteration 40   29.73sample/s
Class bicycle  Iteration 80   30.93sample/s
Class bicycle  Iteration 120  31.04sample/s
Class bicycle acc = 0.8035
Evaluating class bird: 2/20
Class bird     Iteration 40   25.18sample/s
Class bird     Iteration 80   28.61sample/s
Class bird     Iteration 120  28.91sample/s
Class bird acc = 0.7843
Evaluating class boat: 3/20
Class boat     Iteration 40   28.38sample/s
Class boat     Iteration 80   26.58sample/s
Class boat     Iteration 120  28.01sample/s
Class boat acc = 0.7678
Evaluating class bottle: 4/20
Class bottle   Iteration 40   27.98sample/s
Class bottle   Iteration 80   29.70sample/s
Class bottle   Iteration 120  30.81sample/s
Class bottle acc = 0.8743
Evaluating class bus: 5/20
Class bus      Iteration 40   26.49sample/s
Class bus      Iteration 80   29.65sample/s
Class bus      Iteration 120  28.99sample/s
Class bus acc = 0.9181
Evaluating class car: 6/20
Class car      Iteration 40   23.55sample/s
Class car      Iteration 80   26.44sample/s
Class car      Iteration 120  25.20sample/s
Class car acc = 0.8826
Evaluating class cat: 7/20
Class cat      Iteration 40   26.95sample/s
Class cat      Iteration 80   28.67sample/s
Class cat      Iteration 120  31.64sample/s
Class cat acc = 0.8452
Evaluating class chair: 8/20
Class chair    Iteration 40   28.89sample/s
Class chair    Iteration 80   29.58sample/s
Class chair    Iteration 120  30.73sample/s
Class chair acc = 0.6157
Evaluating class cow: 9/20
Class cow      Iteration 40   26.22sample/s
Class cow      Iteration 80   29.47sample/s
Class cow      Iteration 120  29.42sample/s
Class cow acc = 0.7968
Evaluating class diningtable: 10/20
Class diningtable Iteration 40   30.99sample/s
Class diningtable Iteration 80   28.96sample/s
Class diningtable Iteration 120  29.07sample/s
Class diningtable acc = 0.8271
Evaluating class dog: 11/20
Class dog      Iteration 40   27.75sample/s
Class dog      Iteration 80   28.08sample/s
Class dog      Iteration 120  27.30sample/s
Class dog acc = 0.8185
Evaluating class horse: 12/20
Class horse    Iteration 40   29.82sample/s
Class horse    Iteration 80   26.73sample/s
Class horse    Iteration 120  29.52sample/s
Class horse acc = 0.8115
Evaluating class motorbike: 13/20
Class motorbike Iteration 40   30.17sample/s
Class motorbike Iteration 80   28.45sample/s
Class motorbike Iteration 120  27.04sample/s
Class motorbike acc = 0.8167
Evaluating class person: 14/20
Class person   Iteration 40   27.69sample/s
Class person   Iteration 80   26.80sample/s
Class person   Iteration 120  26.45sample/s
Class person acc = 0.6650
Evaluating class pottedplant: 15/20
Class pottedplant Iteration 40   30.10sample/s
Class pottedplant Iteration 80   26.21sample/s
Class pottedplant Iteration 120  25.88sample/s
Class pottedplant acc = 0.9747
Evaluating class sheep: 16/20
Class sheep    Iteration 40   21.90sample/s
Class sheep    Iteration 80   20.35sample/s
Class sheep    Iteration 120  25.15sample/s
Class sheep acc = 0.7821
Evaluating class sofa: 17/20
Class sofa     Iteration 40   26.78sample/s
Class sofa     Iteration 80   27.99sample/s
Class sofa     Iteration 120  30.57sample/s
Class sofa acc = 0.8310
Evaluating class train: 18/20
Class train    Iteration 40   18.23sample/s
Class train    Iteration 80   22.90sample/s
Class train    Iteration 120  23.31sample/s
Class train acc = 0.9723
Evaluating class tvmonitor: 19/20
Class tvmonitor Iteration 40   24.37sample/s
Class tvmonitor Iteration 80   26.28sample/s
Class tvmonitor Iteration 120  34.30sample/s
Class tvmonitor acc = 0.9537
Evaluation complete in 12m 15s
Matching accuracy
aeroplane = 0.6510
bicycle = 0.8035
bird = 0.7843
boat = 0.7678
bottle = 0.8743
bus = 0.9181
car = 0.8826
cat = 0.8452
chair = 0.6157
cow = 0.7968
diningtable = 0.8271
dog = 0.8185
horse = 0.8115
motorbike = 0.8167
person = 0.6650
pottedplant = 0.9747
sheep = 0.7821
sofa = 0.8310
train = 0.9723
tvmonitor = 0.9537
average = 0.8196
Epoch 5/6
----------
lr = 1.50e-07, 5.00e-06
Epoch 5/6: 100%|██████████| 2000/2000 [10:27<00:00,  3.19it/s, loss=1.7892, acc=0.8656]
epoch loss: 1.8992622477710248, epoch accuracy: 0.8655946940140452
completed in 627.07s (10.45m)
Start evaluation...
Evaluating class aeroplane: 0/20
Class aeroplane Iteration 40   25.06sample/s
Class aeroplane Iteration 80   24.84sample/s
Class aeroplane Iteration 120  26.99sample/s
Class aeroplane acc = 0.6540
Evaluating class bicycle: 1/20
Class bicycle  Iteration 40   25.97sample/s
Class bicycle  Iteration 80   26.83sample/s
Class bicycle  Iteration 120  27.31sample/s
Class bicycle acc = 0.8057
Evaluating class bird: 2/20
Class bird     Iteration 40   21.68sample/s
Class bird     Iteration 80   25.01sample/s
Class bird     Iteration 120  25.37sample/s
Class bird acc = 0.7833
Evaluating class boat: 3/20
Class boat     Iteration 40   25.73sample/s
Class boat     Iteration 80   24.79sample/s
Class boat     Iteration 120  29.76sample/s
Class boat acc = 0.7627
Evaluating class bottle: 4/20
Class bottle   Iteration 40   26.00sample/s
Class bottle   Iteration 80   28.42sample/s
Class bottle   Iteration 120  29.03sample/s
Class bottle acc = 0.8763
Evaluating class bus: 5/20
Class bus      Iteration 40   24.92sample/s
Class bus      Iteration 80   27.36sample/s
Class bus      Iteration 120  27.91sample/s
Class bus acc = 0.9175
Evaluating class car: 6/20
Class car      Iteration 40   21.69sample/s
Class car      Iteration 80   24.35sample/s
Class car      Iteration 120  22.27sample/s
Class car acc = 0.8866
Evaluating class cat: 7/20
Class cat      Iteration 40   23.93sample/s
Class cat      Iteration 80   27.22sample/s
Class cat      Iteration 120  30.33sample/s
Class cat acc = 0.8483
Evaluating class chair: 8/20
Class chair    Iteration 40   26.39sample/s
Class chair    Iteration 80   27.14sample/s
Class chair    Iteration 120  29.35sample/s
Class chair acc = 0.6261
Evaluating class cow: 9/20
Class cow      Iteration 40   23.84sample/s
Class cow      Iteration 80   26.83sample/s
Class cow      Iteration 120  25.77sample/s
Class cow acc = 0.8026
Evaluating class diningtable: 10/20
Class diningtable Iteration 40   26.79sample/s
Class diningtable Iteration 80   27.31sample/s
Class diningtable Iteration 120  26.80sample/s
Class diningtable acc = 0.8152
Evaluating class dog: 11/20
Class dog      Iteration 40   25.32sample/s
Class dog      Iteration 80   24.27sample/s
Class dog      Iteration 120  25.32sample/s
Class dog acc = 0.8239
Evaluating class horse: 12/20
Class horse    Iteration 40   26.21sample/s
Class horse    Iteration 80   24.77sample/s
Class horse    Iteration 120  26.57sample/s
Class horse acc = 0.8200
Evaluating class motorbike: 13/20
Class motorbike Iteration 40   25.06sample/s
Class motorbike Iteration 80   25.24sample/s
Class motorbike Iteration 120  27.79sample/s
Class motorbike acc = 0.8213
Evaluating class person: 14/20
Class person   Iteration 40   26.30sample/s
Class person   Iteration 80   25.80sample/s
Class person   Iteration 120  25.62sample/s
Class person acc = 0.6708
Evaluating class pottedplant: 15/20
Class pottedplant Iteration 40   28.75sample/s
Class pottedplant Iteration 80   26.16sample/s
Class pottedplant Iteration 120  27.71sample/s
Class pottedplant acc = 0.9759
Evaluating class sheep: 16/20
Class sheep    Iteration 40   22.35sample/s
Class sheep    Iteration 80   20.53sample/s
Class sheep    Iteration 120  27.85sample/s
Class sheep acc = 0.7833
Evaluating class sofa: 17/20
Class sofa     Iteration 40   27.92sample/s
Class sofa     Iteration 80   28.48sample/s
Class sofa     Iteration 120  30.70sample/s
Class sofa acc = 0.8502
Evaluating class train: 18/20
Class train    Iteration 40   17.93sample/s
Class train    Iteration 80   22.93sample/s
Class train    Iteration 120  23.72sample/s
Class train acc = 0.9757
Evaluating class tvmonitor: 19/20
Class tvmonitor Iteration 40   23.21sample/s
Class tvmonitor Iteration 80   25.89sample/s
Class tvmonitor Iteration 120  35.85sample/s
Class tvmonitor acc = 0.9535
Evaluation complete in 13m 3s
Matching accuracy
aeroplane = 0.6540
bicycle = 0.8057
bird = 0.7833
boat = 0.7627
bottle = 0.8763
bus = 0.9175
car = 0.8866
cat = 0.8483
chair = 0.6261
cow = 0.8026
diningtable = 0.8152
dog = 0.8239
horse = 0.8200
motorbike = 0.8213
person = 0.6708
pottedplant = 0.9759
sheep = 0.7833
sofa = 0.8502
train = 0.9757
tvmonitor = 0.9535
average = 0.8226
Epoch 6/6
----------
lr = 1.50e-07, 5.00e-06
Epoch 6/6: 100%|██████████| 2000/2000 [10:32<00:00,  3.16it/s, loss=2.9027, acc=0.8678]
epoch loss: 1.8926171473562718, epoch accuracy: 0.8678124395567959
completed in 632.36s (10.54m)
Start evaluation...
Evaluating class aeroplane: 0/20
Class aeroplane Iteration 40   23.92sample/s
Class aeroplane Iteration 80   23.17sample/s
Class aeroplane Iteration 120  26.06sample/s
Class aeroplane acc = 0.6529
Evaluating class bicycle: 1/20
Class bicycle  Iteration 40   23.55sample/s
Class bicycle  Iteration 80   25.97sample/s
Class bicycle  Iteration 120  28.08sample/s
Class bicycle acc = 0.8058
Evaluating class bird: 2/20
Class bird     Iteration 40   23.47sample/s
Class bird     Iteration 80   25.70sample/s
Class bird     Iteration 120  25.18sample/s
Class bird acc = 0.7850
Evaluating class boat: 3/20
Class boat     Iteration 40   26.64sample/s
Class boat     Iteration 80   24.78sample/s
Class boat     Iteration 120  29.35sample/s
Class boat acc = 0.7655
Evaluating class bottle: 4/20
Class bottle   Iteration 40   26.79sample/s
Class bottle   Iteration 80   28.37sample/s
Class bottle   Iteration 120  30.08sample/s
Class bottle acc = 0.8766
Evaluating class bus: 5/20
Class bus      Iteration 40   23.03sample/s
Class bus      Iteration 80   25.04sample/s
Class bus      Iteration 120  24.99sample/s
Class bus acc = 0.9170
Evaluating class car: 6/20
Class car      Iteration 40   18.84sample/s
Class car      Iteration 80   22.28sample/s
Class car      Iteration 120  21.72sample/s
Class car acc = 0.8848
Evaluating class cat: 7/20
Class cat      Iteration 40   22.62sample/s
Class cat      Iteration 80   24.50sample/s
Class cat      Iteration 120  26.89sample/s
Class cat acc = 0.8494
Evaluating class chair: 8/20
Class chair    Iteration 40   24.18sample/s
Class chair    Iteration 80   25.39sample/s
Class chair    Iteration 120  27.32sample/s
Class chair acc = 0.6280
Evaluating class cow: 9/20
Class cow      Iteration 40   21.90sample/s
Class cow      Iteration 80   23.88sample/s
Class cow      Iteration 120  26.65sample/s
Class cow acc = 0.8032
Evaluating class diningtable: 10/20
Class diningtable Iteration 40   27.11sample/s
Class diningtable Iteration 80   27.79sample/s
Class diningtable Iteration 120  27.54sample/s
Class diningtable acc = 0.7936
Evaluating class dog: 11/20
Class dog      Iteration 40   26.74sample/s
Class dog      Iteration 80   26.68sample/s
Class dog      Iteration 120  27.08sample/s
Class dog acc = 0.8262
Evaluating class horse: 12/20
Class horse    Iteration 40   27.95sample/s
Class horse    Iteration 80   26.90sample/s
Class horse    Iteration 120  30.32sample/s
Class horse acc = 0.8167
Evaluating class motorbike: 13/20
Class motorbike Iteration 40   28.71sample/s
Class motorbike Iteration 80   27.52sample/s
Class motorbike Iteration 120  29.41sample/s
Class motorbike acc = 0.8235
Evaluating class person: 14/20
Class person   Iteration 40   27.94sample/s
Class person   Iteration 80   28.57sample/s
Class person   Iteration 120  28.57sample/s
Class person acc = 0.6700
Evaluating class pottedplant: 15/20
Class pottedplant Iteration 40   29.71sample/s
Class pottedplant Iteration 80   27.53sample/s
Class pottedplant Iteration 120  28.42sample/s
Class pottedplant acc = 0.9765
Evaluating class sheep: 16/20
Class sheep    Iteration 40   23.51sample/s
Class sheep    Iteration 80   20.69sample/s
Class sheep    Iteration 120  26.01sample/s
Class sheep acc = 0.7841
Evaluating class sofa: 17/20
Class sofa     Iteration 40   26.89sample/s
Class sofa     Iteration 80   29.08sample/s
Class sofa     Iteration 120  32.28sample/s
Class sofa acc = 0.8490
Evaluating class train: 18/20
Class train    Iteration 40   17.81sample/s
Class train    Iteration 80   22.52sample/s
Class train    Iteration 120  23.73sample/s
Class train acc = 0.9790
Evaluating class tvmonitor: 19/20
Class tvmonitor Iteration 40   24.44sample/s
Class tvmonitor Iteration 80   25.74sample/s
Class tvmonitor Iteration 120  33.61sample/s
Class tvmonitor acc = 0.9537
Evaluation complete in 13m 5s
Matching accuracy
aeroplane = 0.6529
bicycle = 0.8058
bird = 0.7850
boat = 0.7655
bottle = 0.8766
bus = 0.9170
car = 0.8848
cat = 0.8494
chair = 0.6280
cow = 0.8032
diningtable = 0.7936
dog = 0.8262
horse = 0.8167
motorbike = 0.8235
person = 0.6700
pottedplant = 0.9765
sheep = 0.7841
sofa = 0.8490
train = 0.9790
tvmonitor = 0.9537
average = 0.8220
[1;34mwandb[0m: 
[1;34mwandb[0m: You can sync this run to the cloud by running:
[1;34mwandb[0m: [1mwandb sync /scratch/hpc-prf-llmrout/hpcabpo/nmt/wandb/wandb/offline-run-20260923_060603-e62hvcp7[0m
[1;34mwandb[0m: Find logs at: [1;35m../../../../../../scratch/hpc-prf-llmrout/hpcabpo/nmt/wandb/wandb/offline-run-20260923_060603-e62hvcp7/logs[0m
