CPU_SET_HEX_STR_SIZE: 257, Size of mstr: 257
cpu-bind=MASK - gpu1004, task  0  0 [2534970]: mask |--------|BBBBBBBB|--------|--------|--------|--------|BBBBBBBB|--------|--------|--------|--------|--------||||--------|--------|--------|--------|--------|--------|--------|--------|--------|--------|--------|--------| set
job=3378393 node=gpu1004 gpu=NVIDIA H100 config=/scratch/hpc-prf-llmrout/hpcabpo/nmt/runs/configs/voc_mlp_K4_seed0.json wandb=offline
dataset=PascalVOC backbone=vgg16 image_size=256 conv=rational model_dir=/scratch/hpc-prf-llmrout/hpcabpo/nmt/runs/voc_vgg16/mlp_K4_seed0
{
    "BACKBONE": "vgg16",
    "BACKBONE_DIR": "/scratch/hpc-prf-llmrout/hpcabpo/nmt/checkpoints",
    "BATCH_SIZE": 8,
    "CACHE_PATH": "/scratch/hpc-prf-llmrout/hpcabpo/nmt/cache/voc_db",
    "DATASET_NAME": "PascalVOC",
    "EVAL": {
        "SAMPLES": 1000,
        "difficulty_params": {},
        "num_graphs_in_matching_instance": 2
    },
    "IMAGE_SIZE": 256,
    "Matching_TF": {
        "activation": "relu",
        "batch_norm": true,
        "d_model": 648,
        "nGPT_mlp_hidden_mult": 6,
        "n_decoder": 4,
        "n_encoder": 4,
        "n_head": 12,
        "n_lap_EigVec": 8,
        "pos_encoding": false
    },
    "NORM_MEANS": [
        0.485,
        0.456,
        0.406
    ],
    "NORM_STD": [
        0.229,
        0.224,
        0.225
    ],
    "RANDOM_SEED": 0,
    "SPLINE_CNN": {
        "aggr": "max",
        "conv": "rational",
        "degrees": [
            5,
            4
        ],
        "dim": 2,
        "init": "spline",
        "init_noise": 0.001,
        "input_features": 1024,
        "kernel_size": 5,
        "num_bases": 4,
        "output_features": 648,
        "poly": "chebyshev",
        "pyg_init": true,
        "rational_basis": "mlp",
        "safe": "B",
        "vp": true
    },
    "SPair": {
        "CLASSES": [
            "aeroplane",
            "bicycle",
            "bird",
            "boat",
            "boat",
            "bottle",
            "bus",
            "car",
            "cat",
            "chair",
            "cow",
            "dog",
            "horse",
            "motorbike",
            "person",
            "pottedplant",
            "sheep",
            "train",
            "tvmonitor"
        ],
        "ROOT_DIR": "./data/downloaded/SPair-71k",
        "size": "large"
    },
    "STATISTIC_STEP": 1,
    "TRACK_GRAD_NORM": false,
    "TRAIN": {
        "EPOCH_ITERS": 2000,
        "LR": 0.0005,
        "_comment_epochs": "Identical budget to the SPair-71k sweep so the two NMT columns are comparable: lr_schedule long_halving5 defines 12 epochs, max_epochs stops after 7, and both LR drops (epochs 2 and 5) still happen.",
        "clip_norm": 0,
        "cutmix_beta": 1.0,
        "cutmix_prob": 0.3,
        "difficulty_params": {},
        "layer_loss_param": 0.3,
        "lr_schedule": "long_halving5",
        "max_epochs": 7,
        "mixup_alpha": 0.8,
        "mixup_prob": 0.3,
        "num_graphs_in_matching_instance": 2,
        "random_erasing_prob": 0.3,
        "temperature": 0.1,
        "weight_decay": 0
    },
    "USE_SYNTHETIC": false,
    "VOC2011": {
        "CLASSES": [
            "aeroplane",
            "bicycle",
            "bird",
            "boat",
            "bottle",
            "bus",
            "car",
            "cat",
            "chair",
            "cow",
            "diningtable",
            "dog",
            "horse",
            "motorbike",
            "person",
            "pottedplant",
            "sheep",
            "sofa",
            "train",
            "tvmonitor"
        ],
        "KPT_ANNO_DIR": "/pc2/groups/hpc-prf-llmrout/hpcabpo/rational-basis-cnn/data/PascalVOC/raw/annotations/",
        "ROOT_DIR": "/pc2/groups/hpc-prf-llmrout/hpcabpo/rational-basis-cnn/data/PascalVOC/raw/images/",
        "SET_SPLIT": "/pc2/groups/hpc-prf-llmrout/hpcabpo/rational-basis-cnn/data/PascalVOC/raw/splits.npz"
    },
    "WILLOW": {
        "CLASSES": [
            "Car",
            "Duck",
            "Face",
            "Motorbike",
            "Winebottle"
        ],
        "KPT_LEN": 10,
        "ROOT_DIR": "./data/downloaded/WILLOW/WILLOW-ObjectClass",
        "TRAIN_NUM": 20,
        "TRAIN_OFFSET": 0
    },
    "_comment_batch_size": "BATCH_SIZE is deliberately NOT overridden here. voc_basic.json sets 8, which is NMT's own PascalVOC recipe; the claim being tested is that only the SplineConv layer changes, so the host recipe is left alone. spair_vgg16.json sets 5 because no author-provided SPair recipe existed.",
    "_comment_cache": "data/pascal_voc.py writes a filtered-xml pickle to cfg.CACHE_PATH. The default 'data/cache' is repo-relative, i.e. inside the 50 GB HOME quota, and group storage is read-only inside jobs, so it is redirected to scratch.",
    "_comment_paths": "ROOT_DIR must end in a slash: data/pascal_voc.py builds the image and annotation directories by string concatenation (cfg.VOC2011.ROOT_DIR + 'JPEGImages'). SET_SPLIT points at the split shipped with the shared PascalVOC tree; see NMT_VOC_ROOT in hpc/env.sh for why voc2011_pairs.npz is not required.",
    "_generated_by": "slurm/make_config.py mlp_K4 0 (voc)",
    "combine_classes": false,
    "default_json": "experiments/voc_basic.json",
    "eval_sampling": "intersection",
    "evaluate_only": false,
    "exclude_willow_classes": false,
    "keep_last_checkpoint_only": true,
    "log_dir": "runs/",
    "model_dir": "/scratch/hpc-prf-llmrout/hpcabpo/nmt/runs/voc_vgg16/mlp_K4_seed0",
    "save_checkpoint": true,
    "train_sampling": "intersection",
    "visualization_params": {
        "produce_pdf": false,
        "reduced_vis": true
    },
    "visualize": false,
    "warmstart_path": null
}
wandb: Tracking run with wandb version 0.30.0
wandb: W&B syncing is set to `offline` in this directory. Run `wandb online` or set WANDB_MODE=online to enable cloud syncing.
wandb: Run data is saved locally in /scratch/hpc-prf-llmrout/hpcabpo/nmt/wandb/wandb/offline-run-20260923_054930-gudo7he4
wandb: View this run in the terminal with `wandb leet`
xml list loaded from /scratch/hpc-prf-llmrout/hpcabpo/nmt/cache/voc_db/voc_db_train.pkl
TRUE EPOCHS:  False
16000
Initializing train-set. Randomly sampling 16000 examples.
/pc2/groups/hpc-prf-llmrout/hpcabpo/nmt/conda/envs/nmt/lib/python3.12/site-packages/albumentations/core/composition.py:331: UserWarning: Got processor for keypoints, but no transform to process it.
  self._set_keys()
xml list loaded from /scratch/hpc-prf-llmrout/hpcabpo/nmt/cache/voc_db/voc_db_test.pkl
TRUE EPOCHS:  False
1000
Initializing test-set. Randomly sampling 1000 examples.
/pc2/groups/hpc-prf-llmrout/hpcabpo/nmt/conda/envs/nmt/lib/python3.12/site-packages/torchvision/models/_utils.py:208: UserWarning: The parameter 'pretrained' is deprecated since 0.13 and may be removed in the future, please use 'weights' instead.
  warnings.warn(
/pc2/groups/hpc-prf-llmrout/hpcabpo/nmt/conda/envs/nmt/lib/python3.12/site-packages/torchvision/models/_utils.py:223: UserWarning: Arguments other than a weight enum or `None` for 'weights' are deprecated since 0.13 and may be removed in the future. The current behavior is equivalent to passing `weights=VGG16_Weights.IMAGENET1K_V1`. You can also use `weights=VGG16_Weights.DEFAULT` to get the most up-to-date weights.
  warnings.warn(msg)
stopping after 7 epochs (cfg.TRAIN.max_epochs; schedule 'long_halving5' defines 12)
Start training...
NMT model on device: cuda:0
Epoch 0/6
----------
lr = 1.50e-05, 5.00e-04
Epoch 0/6:   0%|          | 0/2000 [00:00<?, ?it/s]/pc2/groups/hpc-prf-llmrout/hpcabpo/nmt/conda/envs/nmt/lib/python3.12/site-packages/torch_geometric/utils/_scatter.py:91: UserWarning: The usage of `scatter(reduce='max')` can be accelerated via the 'torch-scatter' package, but it was not found
  warnings.warn(
[rank0]:[W923 05:49:42.003313476 reducer.cpp:1528] Warning: find_unused_parameters=True was specified in DDP constructor, but did not find any unused parameters in the forward pass. This flag results in an extra traversal of the autograd graph every iteration,  which can adversely affect performance. If your model indeed never has any unused parameters in the forward pass, consider turning this flag off. Note that this warning may be a false positive if your model has flow control causing later iterations to have unused parameters. (function operator())
Epoch 0/6: 100%|██████████| 2000/2000 [12:44<00:00,  2.62it/s, loss=3.1022, acc=0.6189]
epoch loss: 3.7249683120548727, epoch accuracy: 0.6189148260323558
completed in 764.55s (12.74m)
Start evaluation...
Evaluating class aeroplane: 0/20
Class aeroplane Iteration 40   22.12sample/s
Class aeroplane Iteration 80   19.98sample/s
Class aeroplane Iteration 120  21.80sample/s
Class aeroplane acc = 0.5057
Evaluating class bicycle: 1/20
Class bicycle  Iteration 40   22.98sample/s
Class bicycle  Iteration 80   22.16sample/s
Class bicycle  Iteration 120  21.04sample/s
Class bicycle acc = 0.7377
Evaluating class bird: 2/20
Class bird     Iteration 40   19.92sample/s
Class bird     Iteration 80   20.89sample/s
Class bird     Iteration 120  19.12sample/s
Class bird acc = 0.6985
Evaluating class boat: 3/20
Class boat     Iteration 40   21.62sample/s
Class boat     Iteration 80   21.06sample/s
Class boat     Iteration 120  22.87sample/s
Class boat acc = 0.6924
Evaluating class bottle: 4/20
Class bottle   Iteration 40   24.09sample/s
Class bottle   Iteration 80   23.96sample/s
Class bottle   Iteration 120  24.28sample/s
Class bottle acc = 0.8397
Evaluating class bus: 5/20
Class bus      Iteration 40   23.38sample/s
Class bus      Iteration 80   24.96sample/s
Class bus      Iteration 120  23.48sample/s
Class bus acc = 0.8351
Evaluating class car: 6/20
Class car      Iteration 40   19.47sample/s
Class car      Iteration 80   21.32sample/s
Class car      Iteration 120  21.47sample/s
Class car acc = 0.7924
Evaluating class cat: 7/20
Class cat      Iteration 40   22.62sample/s
Class cat      Iteration 80   23.26sample/s
Class cat      Iteration 120  25.13sample/s
Class cat acc = 0.7662
Evaluating class chair: 8/20
Class chair    Iteration 40   25.59sample/s
Class chair    Iteration 80   23.64sample/s
Class chair    Iteration 120  24.84sample/s
Class chair acc = 0.4382
Evaluating class cow: 9/20
Class cow      Iteration 40   22.52sample/s
Class cow      Iteration 80   24.63sample/s
Class cow      Iteration 120  24.54sample/s
Class cow acc = 0.7333
Evaluating class diningtable: 10/20
Class diningtable Iteration 40   24.66sample/s
Class diningtable Iteration 80   24.53sample/s
Class diningtable Iteration 120  24.79sample/s
Class diningtable acc = 0.6689
Evaluating class dog: 11/20
Class dog      Iteration 40   25.03sample/s
Class dog      Iteration 80   24.16sample/s
Class dog      Iteration 120  23.52sample/s
Class dog acc = 0.7224
Evaluating class horse: 12/20
Class horse    Iteration 40   23.01sample/s
Class horse    Iteration 80   22.94sample/s
Class horse    Iteration 120  24.16sample/s
Class horse acc = 0.7640
Evaluating class motorbike: 13/20
Class motorbike Iteration 40   24.21sample/s
Class motorbike Iteration 80   24.76sample/s
Class motorbike Iteration 120  24.18sample/s
Class motorbike acc = 0.7199
Evaluating class person: 14/20
Class person   Iteration 40   22.87sample/s
Class person   Iteration 80   25.28sample/s
Class person   Iteration 120  23.71sample/s
Class person acc = 0.5157
Evaluating class pottedplant: 15/20
Class pottedplant Iteration 40   22.20sample/s
Class pottedplant Iteration 80   21.55sample/s
Class pottedplant Iteration 120  21.36sample/s
Class pottedplant acc = 0.9787
Evaluating class sheep: 16/20
Class sheep    Iteration 40   15.46sample/s
Class sheep    Iteration 80   14.83sample/s
Class sheep    Iteration 120  17.91sample/s
Class sheep acc = 0.7120
Evaluating class sofa: 17/20
Class sofa     Iteration 40   21.20sample/s
Class sofa     Iteration 80   22.50sample/s
Class sofa     Iteration 120  22.32sample/s
Class sofa acc = 0.7402
Evaluating class train: 18/20
Class train    Iteration 40   15.23sample/s
Class train    Iteration 80   17.80sample/s
Class train    Iteration 120  18.57sample/s
Class train acc = 0.9462
Evaluating class tvmonitor: 19/20
Class tvmonitor Iteration 40   20.51sample/s
Class tvmonitor Iteration 80   21.38sample/s
Class tvmonitor Iteration 120  23.37sample/s
Class tvmonitor acc = 0.9507
Evaluation complete in 15m 23s
Matching accuracy
aeroplane = 0.5057
bicycle = 0.7377
bird = 0.6985
boat = 0.6924
bottle = 0.8397
bus = 0.8351
car = 0.7924
cat = 0.7662
chair = 0.4382
cow = 0.7333
diningtable = 0.6689
dog = 0.7224
horse = 0.7640
motorbike = 0.7199
person = 0.5157
pottedplant = 0.9787
sheep = 0.7120
sofa = 0.7402
train = 0.9462
tvmonitor = 0.9507
average = 0.7379
Epoch 1/6
----------
lr = 1.50e-05, 5.00e-04
Epoch 1/6: 100%|██████████| 2000/2000 [12:35<00:00,  2.65it/s, loss=3.6579, acc=0.7602]
epoch loss: 2.6719194818437098, epoch accuracy: 0.7602000185202333
completed in 755.18s (12.59m)
Start evaluation...
Evaluating class aeroplane: 0/20
Class aeroplane Iteration 40   22.42sample/s
Class aeroplane Iteration 80   21.10sample/s
Class aeroplane Iteration 120  22.47sample/s
Class aeroplane acc = 0.5825
Evaluating class bicycle: 1/20
Class bicycle  Iteration 40   25.22sample/s
Class bicycle  Iteration 80   24.78sample/s
Class bicycle  Iteration 120  23.10sample/s
Class bicycle acc = 0.7653
Evaluating class bird: 2/20
Class bird     Iteration 40   20.70sample/s
Class bird     Iteration 80   22.81sample/s
Class bird     Iteration 120  19.96sample/s
Class bird acc = 0.7528
Evaluating class boat: 3/20
Class boat     Iteration 40   24.19sample/s
Class boat     Iteration 80   22.13sample/s
Class boat     Iteration 120  24.02sample/s
Class boat acc = 0.7551
Evaluating class bottle: 4/20
Class bottle   Iteration 40   26.76sample/s
Class bottle   Iteration 80   25.42sample/s
Class bottle   Iteration 120  22.92sample/s
Class bottle acc = 0.8502
Evaluating class bus: 5/20
Class bus      Iteration 40   22.01sample/s
Class bus      Iteration 80   22.96sample/s
Class bus      Iteration 120  22.55sample/s
Class bus acc = 0.8868
Evaluating class car: 6/20
Class car      Iteration 40   19.24sample/s
Class car      Iteration 80   19.59sample/s
Class car      Iteration 120  18.15sample/s
Class car acc = 0.8266
Evaluating class cat: 7/20
Class cat      Iteration 40   23.64sample/s
Class cat      Iteration 80   21.88sample/s
Class cat      Iteration 120  22.00sample/s
Class cat acc = 0.7987
Evaluating class chair: 8/20
Class chair    Iteration 40   24.14sample/s
Class chair    Iteration 80   20.72sample/s
Class chair    Iteration 120  21.70sample/s
Class chair acc = 0.5052
Evaluating class cow: 9/20
Class cow      Iteration 40   21.24sample/s
Class cow      Iteration 80   21.55sample/s
Class cow      Iteration 120  20.05sample/s
Class cow acc = 0.7661
Evaluating class diningtable: 10/20
Class diningtable Iteration 40   24.10sample/s
Class diningtable Iteration 80   22.54sample/s
Class diningtable Iteration 120  22.56sample/s
Class diningtable acc = 0.7949
Evaluating class dog: 11/20
Class dog      Iteration 40   20.46sample/s
Class dog      Iteration 80   24.69sample/s
Class dog      Iteration 120  21.12sample/s
Class dog acc = 0.7656
Evaluating class horse: 12/20
Class horse    Iteration 40   21.08sample/s
Class horse    Iteration 80   21.94sample/s
Class horse    Iteration 120  23.55sample/s
Class horse acc = 0.7912
Evaluating class motorbike: 13/20
Class motorbike Iteration 40   23.49sample/s
Class motorbike Iteration 80   25.52sample/s
Class motorbike Iteration 120  25.26sample/s
Class motorbike acc = 0.7666
Evaluating class person: 14/20
Class person   Iteration 40   23.78sample/s
Class person   Iteration 80   23.64sample/s
Class person   Iteration 120  25.96sample/s
Class person acc = 0.5814
Evaluating class pottedplant: 15/20
Class pottedplant Iteration 40   22.64sample/s
Class pottedplant Iteration 80   22.17sample/s
Class pottedplant Iteration 120  22.48sample/s
Class pottedplant acc = 0.9894
Evaluating class sheep: 16/20
Class sheep    Iteration 40   17.12sample/s
Class sheep    Iteration 80   17.72sample/s
Class sheep    Iteration 120  21.38sample/s
Class sheep acc = 0.7376
Evaluating class sofa: 17/20
Class sofa     Iteration 40   24.76sample/s
Class sofa     Iteration 80   25.13sample/s
Class sofa     Iteration 120  24.34sample/s
Class sofa acc = 0.7168
Evaluating class train: 18/20
Class train    Iteration 40   19.67sample/s
Class train    Iteration 80   18.88sample/s
Class train    Iteration 120  19.45sample/s
Class train acc = 0.9608
Evaluating class tvmonitor: 19/20
Class tvmonitor Iteration 40   20.17sample/s
Class tvmonitor Iteration 80   20.16sample/s
Class tvmonitor Iteration 120  22.44sample/s
Class tvmonitor acc = 0.9524
Evaluation complete in 15m 20s
Matching accuracy
aeroplane = 0.5825
bicycle = 0.7653
bird = 0.7528
boat = 0.7551
bottle = 0.8502
bus = 0.8868
car = 0.8266
cat = 0.7987
chair = 0.5052
cow = 0.7661
diningtable = 0.7949
dog = 0.7656
horse = 0.7912
motorbike = 0.7666
person = 0.5814
pottedplant = 0.9894
sheep = 0.7376
sofa = 0.7168
train = 0.9608
tvmonitor = 0.9524
average = 0.7773
Epoch 2/6
----------
lr = 1.50e-06, 5.00e-05
Epoch 2/6: 100%|██████████| 2000/2000 [12:50<00:00,  2.59it/s, loss=1.5398, acc=0.8145]
epoch loss: 2.266104812145233, epoch accuracy: 0.8145244347124154
completed in 770.90s (12.85m)
Start evaluation...
Evaluating class aeroplane: 0/20
Class aeroplane Iteration 40   18.81sample/s
Class aeroplane Iteration 80   19.59sample/s
Class aeroplane Iteration 120  21.33sample/s
Class aeroplane acc = 0.6228
Evaluating class bicycle: 1/20
Class bicycle  Iteration 40   22.51sample/s
Class bicycle  Iteration 80   22.92sample/s
Class bicycle  Iteration 120  21.36sample/s
Class bicycle acc = 0.7874
Evaluating class bird: 2/20
Class bird     Iteration 40   19.77sample/s
Class bird     Iteration 80   22.09sample/s
Class bird     Iteration 120  19.27sample/s
Class bird acc = 0.7721
Evaluating class boat: 3/20
Class boat     Iteration 40   21.20sample/s
Class boat     Iteration 80   20.94sample/s
Class boat     Iteration 120  23.17sample/s
Class boat acc = 0.7807
Evaluating class bottle: 4/20
Class bottle   Iteration 40   22.58sample/s
Class bottle   Iteration 80   23.14sample/s
Class bottle   Iteration 120  22.93sample/s
Class bottle acc = 0.8560
Evaluating class bus: 5/20
Class bus      Iteration 40   21.59sample/s
Class bus      Iteration 80   22.01sample/s
Class bus      Iteration 120  21.49sample/s
Class bus acc = 0.9175
Evaluating class car: 6/20
Class car      Iteration 40   16.69sample/s
Class car      Iteration 80   19.63sample/s
Class car      Iteration 120  17.02sample/s
Class car acc = 0.8594
Evaluating class cat: 7/20
Class cat      Iteration 40   20.53sample/s
Class cat      Iteration 80   21.33sample/s
Class cat      Iteration 120  23.29sample/s
Class cat acc = 0.8357
Evaluating class chair: 8/20
Class chair    Iteration 40   23.48sample/s
Class chair    Iteration 80   22.19sample/s
Class chair    Iteration 120  22.35sample/s
Class chair acc = 0.5618
Evaluating class cow: 9/20
Class cow      Iteration 40   21.35sample/s
Class cow      Iteration 80   22.01sample/s
Class cow      Iteration 120  22.34sample/s
Class cow acc = 0.7918
Evaluating class diningtable: 10/20
Class diningtable Iteration 40   22.73sample/s
Class diningtable Iteration 80   22.78sample/s
Class diningtable Iteration 120  23.62sample/s
Class diningtable acc = 0.7841
Evaluating class dog: 11/20
Class dog      Iteration 40   20.88sample/s
Class dog      Iteration 80   21.63sample/s
Class dog      Iteration 120  20.45sample/s
Class dog acc = 0.8011
Evaluating class horse: 12/20
Class horse    Iteration 40   21.12sample/s
Class horse    Iteration 80   21.78sample/s
Class horse    Iteration 120  22.05sample/s
Class horse acc = 0.8135
Evaluating class motorbike: 13/20
Class motorbike Iteration 40   21.73sample/s
Class motorbike Iteration 80   20.60sample/s
Class motorbike Iteration 120  24.49sample/s
Class motorbike acc = 0.8060
Evaluating class person: 14/20
Class person   Iteration 40   24.06sample/s
Class person   Iteration 80   20.98sample/s
Class person   Iteration 120  21.77sample/s
Class person acc = 0.6331
Evaluating class pottedplant: 15/20
Class pottedplant Iteration 40   22.27sample/s
Class pottedplant Iteration 80   22.39sample/s
Class pottedplant Iteration 120  21.86sample/s
Class pottedplant acc = 0.9827
Evaluating class sheep: 16/20
Class sheep    Iteration 40   16.50sample/s
Class sheep    Iteration 80   16.89sample/s
Class sheep    Iteration 120  19.53sample/s
Class sheep acc = 0.7582
Evaluating class sofa: 17/20
Class sofa     Iteration 40   22.58sample/s
Class sofa     Iteration 80   23.20sample/s
Class sofa     Iteration 120  23.36sample/s
Class sofa acc = 0.7497
Evaluating class train: 18/20
Class train    Iteration 40   16.46sample/s
Class train    Iteration 80   17.84sample/s
Class train    Iteration 120  18.08sample/s
Class train acc = 0.9679
Evaluating class tvmonitor: 19/20
Class tvmonitor Iteration 40   18.58sample/s
Class tvmonitor Iteration 80   19.58sample/s
Class tvmonitor Iteration 120  21.87sample/s
Class tvmonitor acc = 0.9543
Evaluation complete in 16m 7s
Matching accuracy
aeroplane = 0.6228
bicycle = 0.7874
bird = 0.7721
boat = 0.7807
bottle = 0.8560
bus = 0.9175
car = 0.8594
cat = 0.8357
chair = 0.5618
cow = 0.7918
diningtable = 0.7841
dog = 0.8011
horse = 0.8135
motorbike = 0.8060
person = 0.6331
pottedplant = 0.9827
sheep = 0.7582
sofa = 0.7497
train = 0.9679
tvmonitor = 0.9543
average = 0.8018
Epoch 3/6
----------
lr = 1.50e-06, 5.00e-05
Epoch 3/6: 100%|██████████| 2000/2000 [13:40<00:00,  2.44it/s, loss=1.0397, acc=0.8332]
epoch loss: 2.118203958958387, epoch accuracy: 0.8331998882785588
completed in 820.86s (13.68m)
Start evaluation...
Evaluating class aeroplane: 0/20
Class aeroplane Iteration 40   18.67sample/s
Class aeroplane Iteration 80   19.20sample/s
Class aeroplane Iteration 120  18.91sample/s
Class aeroplane acc = 0.6324
Evaluating class bicycle: 1/20
Class bicycle  Iteration 40   19.29sample/s
Class bicycle  Iteration 80   19.48sample/s
Class bicycle  Iteration 120  20.10sample/s
Class bicycle acc = 0.7882
Evaluating class bird: 2/20
Class bird     Iteration 40   16.43sample/s
Class bird     Iteration 80   18.33sample/s
Class bird     Iteration 120  16.52sample/s
Class bird acc = 0.7877
Evaluating class boat: 3/20
Class boat     Iteration 40   19.11sample/s
Class boat     Iteration 80   18.77sample/s
Class boat     Iteration 120  19.11sample/s
Class boat acc = 0.7706
Evaluating class bottle: 4/20
Class bottle   Iteration 40   19.68sample/s
Class bottle   Iteration 80   21.39sample/s
Class bottle   Iteration 120  19.29sample/s
Class bottle acc = 0.8665
Evaluating class bus: 5/20
Class bus      Iteration 40   17.73sample/s
Class bus      Iteration 80   23.60sample/s
Class bus      Iteration 120  19.58sample/s
Class bus acc = 0.9134
Evaluating class car: 6/20
Class car      Iteration 40   15.76sample/s
Class car      Iteration 80   20.57sample/s
Class car      Iteration 120  16.16sample/s
Class car acc = 0.8762
Evaluating class cat: 7/20
Class cat      Iteration 40   19.58sample/s
Class cat      Iteration 80   21.39sample/s
Class cat      Iteration 120  20.64sample/s
Class cat acc = 0.8414
Evaluating class chair: 8/20
Class chair    Iteration 40   20.50sample/s
Class chair    Iteration 80   22.22sample/s
Class chair    Iteration 120  19.99sample/s
Class chair acc = 0.6000
Evaluating class cow: 9/20
Class cow      Iteration 40   19.36sample/s
Class cow      Iteration 80   22.89sample/s
Class cow      Iteration 120  19.99sample/s
Class cow acc = 0.7940
Evaluating class diningtable: 10/20
Class diningtable Iteration 40   20.51sample/s
Class diningtable Iteration 80   23.04sample/s
Class diningtable Iteration 120  20.17sample/s
Class diningtable acc = 0.6786
Evaluating class dog: 11/20
Class dog      Iteration 40   19.52sample/s
Class dog      Iteration 80   20.33sample/s
Class dog      Iteration 120  20.56sample/s
Class dog acc = 0.8011
Evaluating class horse: 12/20
Class horse    Iteration 40   18.09sample/s
Class horse    Iteration 80   19.73sample/s
Class horse    Iteration 120  21.14sample/s
Class horse acc = 0.8127
Evaluating class motorbike: 13/20
Class motorbike Iteration 40   19.86sample/s
Class motorbike Iteration 80   20.06sample/s
Class motorbike Iteration 120  22.25sample/s
Class motorbike acc = 0.8058
Evaluating class person: 14/20
Class person   Iteration 40   18.53sample/s
Class person   Iteration 80   22.55sample/s
Class person   Iteration 120  19.55sample/s
Class person acc = 0.6466
Evaluating class pottedplant: 15/20
Class pottedplant Iteration 40   19.08sample/s
Class pottedplant Iteration 80   21.77sample/s
Class pottedplant Iteration 120  26.07sample/s
Class pottedplant acc = 0.9811
Evaluating class sheep: 16/20
Class sheep    Iteration 40   19.71sample/s
Class sheep    Iteration 80   20.78sample/s
Class sheep    Iteration 120  22.78sample/s
Class sheep acc = 0.7762
Evaluating class sofa: 17/20
Class sofa     Iteration 40   27.18sample/s
Class sofa     Iteration 80   26.11sample/s
Class sofa     Iteration 120  27.17sample/s
Class sofa acc = 0.7954
Evaluating class train: 18/20
Class train    Iteration 40   19.23sample/s
Class train    Iteration 80   20.65sample/s
Class train    Iteration 120  20.99sample/s
Class train acc = 0.9675
Evaluating class tvmonitor: 19/20
Class tvmonitor Iteration 40   28.82sample/s
Class tvmonitor Iteration 80   25.55sample/s
Class tvmonitor Iteration 120  31.41sample/s
Class tvmonitor acc = 0.9540
Evaluation complete in 16m 35s
Matching accuracy
aeroplane = 0.6324
bicycle = 0.7882
bird = 0.7877
boat = 0.7706
bottle = 0.8665
bus = 0.9134
car = 0.8762
cat = 0.8414
chair = 0.6000
cow = 0.7940
diningtable = 0.6786
dog = 0.8011
horse = 0.8127
motorbike = 0.8058
person = 0.6466
pottedplant = 0.9811
sheep = 0.7762
sofa = 0.7954
train = 0.9675
tvmonitor = 0.9540
average = 0.8045
Epoch 4/6
----------
lr = 1.50e-06, 5.00e-05
Epoch 4/6: 100%|██████████| 2000/2000 [11:59<00:00,  2.78it/s, loss=2.0677, acc=0.8461]
epoch loss: 2.039308977007866, epoch accuracy: 0.8460564382700644
completed in 719.64s (11.99m)
Start evaluation...
Evaluating class aeroplane: 0/20
Class aeroplane Iteration 40   26.98sample/s
Class aeroplane Iteration 80   22.63sample/s
Class aeroplane Iteration 120  25.54sample/s
Class aeroplane acc = 0.6434
Evaluating class bicycle: 1/20
Class bicycle  Iteration 40   27.23sample/s
Class bicycle  Iteration 80   33.80sample/s
Class bicycle  Iteration 120  25.50sample/s
Class bicycle acc = 0.7908
Evaluating class bird: 2/20
Class bird     Iteration 40   21.49sample/s
Class bird     Iteration 80   24.12sample/s
Class bird     Iteration 120  21.68sample/s
Class bird acc = 0.7913
Evaluating class boat: 3/20
Class boat     Iteration 40   25.33sample/s
Class boat     Iteration 80   25.35sample/s
Class boat     Iteration 120  27.77sample/s
Class boat acc = 0.7848
Evaluating class bottle: 4/20
Class bottle   Iteration 40   28.23sample/s
Class bottle   Iteration 80   32.37sample/s
Class bottle   Iteration 120  28.31sample/s
Class bottle acc = 0.8690
Evaluating class bus: 5/20
Class bus      Iteration 40   25.80sample/s
Class bus      Iteration 80   30.66sample/s
Class bus      Iteration 120  26.92sample/s
Class bus acc = 0.9190
Evaluating class car: 6/20
Class car      Iteration 40   22.70sample/s
Class car      Iteration 80   26.89sample/s
Class car      Iteration 120  22.35sample/s
Class car acc = 0.8792
Evaluating class cat: 7/20
Class cat      Iteration 40   23.80sample/s
Class cat      Iteration 80   25.24sample/s
Class cat      Iteration 120  24.47sample/s
Class cat acc = 0.8454
Evaluating class chair: 8/20
Class chair    Iteration 40   24.41sample/s
Class chair    Iteration 80   27.39sample/s
Class chair    Iteration 120  24.70sample/s
Class chair acc = 0.6253
Evaluating class cow: 9/20
Class cow      Iteration 40   22.92sample/s
Class cow      Iteration 80   26.82sample/s
Class cow      Iteration 120  24.68sample/s
Class cow acc = 0.8027
Evaluating class diningtable: 10/20
Class diningtable Iteration 40   23.71sample/s
Class diningtable Iteration 80   26.53sample/s
Class diningtable Iteration 120  24.65sample/s
Class diningtable acc = 0.8898
Evaluating class dog: 11/20
Class dog      Iteration 40   23.53sample/s
Class dog      Iteration 80   23.87sample/s
Class dog      Iteration 120  25.10sample/s
Class dog acc = 0.8080
Evaluating class horse: 12/20
Class horse    Iteration 40   25.28sample/s
Class horse    Iteration 80   26.58sample/s
Class horse    Iteration 120  27.19sample/s
Class horse acc = 0.8250
Evaluating class motorbike: 13/20
Class motorbike Iteration 40   24.52sample/s
Class motorbike Iteration 80   35.31sample/s
Class motorbike Iteration 120  27.66sample/s
Class motorbike acc = 0.8080
Evaluating class person: 14/20
Class person   Iteration 40   25.46sample/s
Class person   Iteration 80   34.38sample/s
Class person   Iteration 120  28.57sample/s
Class person acc = 0.6565
Evaluating class pottedplant: 15/20
Class pottedplant Iteration 40   28.75sample/s
Class pottedplant Iteration 80   33.09sample/s
Class pottedplant Iteration 120  30.88sample/s
Class pottedplant acc = 0.9815
Evaluating class sheep: 16/20
Class sheep    Iteration 40   21.54sample/s
Class sheep    Iteration 80   23.04sample/s
Class sheep    Iteration 120  25.61sample/s
Class sheep acc = 0.7812
Evaluating class sofa: 17/20
Class sofa     Iteration 40   31.65sample/s
Class sofa     Iteration 80   29.25sample/s
Class sofa     Iteration 120  31.11sample/s
Class sofa acc = 0.7614
Evaluating class train: 18/20
Class train    Iteration 40   20.41sample/s
Class train    Iteration 80   25.37sample/s
Class train    Iteration 120  23.85sample/s
Class train acc = 0.9821
Evaluating class tvmonitor: 19/20
Class tvmonitor Iteration 40   28.45sample/s
Class tvmonitor Iteration 80   27.26sample/s
Class tvmonitor Iteration 120  30.78sample/s
Class tvmonitor acc = 0.9554
Evaluation complete in 12m 56s
Matching accuracy
aeroplane = 0.6434
bicycle = 0.7908
bird = 0.7913
boat = 0.7848
bottle = 0.8690
bus = 0.9190
car = 0.8792
cat = 0.8454
chair = 0.6253
cow = 0.8027
diningtable = 0.8898
dog = 0.8080
horse = 0.8250
motorbike = 0.8080
person = 0.6565
pottedplant = 0.9815
sheep = 0.7812
sofa = 0.7614
train = 0.9821
tvmonitor = 0.9554
average = 0.8200
Epoch 5/6
----------
lr = 1.50e-07, 5.00e-06
Epoch 5/6: 100%|██████████| 2000/2000 [11:54<00:00,  2.80it/s, loss=1.9760, acc=0.8544]
epoch loss: 1.9750299927070736, epoch accuracy: 0.8544091026635635
completed in 714.33s (11.91m)
Start evaluation...
Evaluating class aeroplane: 0/20
Class aeroplane Iteration 40   26.59sample/s
Class aeroplane Iteration 80   26.40sample/s
Class aeroplane Iteration 120  31.42sample/s
Class aeroplane acc = 0.6460
Evaluating class bicycle: 1/20
Class bicycle  Iteration 40   37.11sample/s
Class bicycle  Iteration 80   28.01sample/s
Class bicycle  Iteration 120  27.80sample/s
Class bicycle acc = 0.7918
Evaluating class bird: 2/20
Class bird     Iteration 40   23.36sample/s
Class bird     Iteration 80   25.42sample/s
Class bird     Iteration 120  25.59sample/s
Class bird acc = 0.7898
Evaluating class boat: 3/20
Class boat     Iteration 40   27.47sample/s
Class boat     Iteration 80   25.64sample/s
Class boat     Iteration 120  28.72sample/s
Class boat acc = 0.7872
Evaluating class bottle: 4/20
Class bottle   Iteration 40   30.92sample/s
Class bottle   Iteration 80   29.41sample/s
Class bottle   Iteration 120  32.23sample/s
Class bottle acc = 0.8714
Evaluating class bus: 5/20
Class bus      Iteration 40   27.25sample/s
Class bus      Iteration 80   30.98sample/s
Class bus      Iteration 120  33.26sample/s
Class bus acc = 0.9175
Evaluating class car: 6/20
Class car      Iteration 40   24.56sample/s
Class car      Iteration 80   27.59sample/s
Class car      Iteration 120  26.43sample/s
Class car acc = 0.8840
Evaluating class cat: 7/20
Class cat      Iteration 40   29.15sample/s
Class cat      Iteration 80   29.71sample/s
Class cat      Iteration 120  33.28sample/s
Class cat acc = 0.8459
Evaluating class chair: 8/20
Class chair    Iteration 40   30.39sample/s
Class chair    Iteration 80   31.86sample/s
Class chair    Iteration 120  33.85sample/s
Class chair acc = 0.6204
Evaluating class cow: 9/20
Class cow      Iteration 40   28.22sample/s
Class cow      Iteration 80   30.45sample/s
Class cow      Iteration 120  30.64sample/s
Class cow acc = 0.8048
Evaluating class diningtable: 10/20
Class diningtable Iteration 40   30.82sample/s
Class diningtable Iteration 80   31.14sample/s
Class diningtable Iteration 120  30.49sample/s
Class diningtable acc = 0.8126
Evaluating class dog: 11/20
Class dog      Iteration 40   28.98sample/s
Class dog      Iteration 80   29.01sample/s
Class dog      Iteration 120  29.29sample/s
Class dog acc = 0.8108
Evaluating class horse: 12/20
Class horse    Iteration 40   34.04sample/s
Class horse    Iteration 80   29.14sample/s
Class horse    Iteration 120  31.19sample/s
Class horse acc = 0.8243
Evaluating class motorbike: 13/20
Class motorbike Iteration 40   33.36sample/s
Class motorbike Iteration 80   29.13sample/s
Class motorbike Iteration 120  29.28sample/s
Class motorbike acc = 0.8145
Evaluating class person: 14/20
Class person   Iteration 40   32.94sample/s
Class person   Iteration 80   28.82sample/s
Class person   Iteration 120  31.35sample/s
Class person acc = 0.6597
Evaluating class pottedplant: 15/20
Class pottedplant Iteration 40   32.76sample/s
Class pottedplant Iteration 80   30.08sample/s
Class pottedplant Iteration 120  35.45sample/s
Class pottedplant acc = 0.9805
Evaluating class sheep: 16/20
Class sheep    Iteration 40   26.26sample/s
Class sheep    Iteration 80   25.50sample/s
Class sheep    Iteration 120  28.87sample/s
Class sheep acc = 0.7830
Evaluating class sofa: 17/20
Class sofa     Iteration 40   33.16sample/s
Class sofa     Iteration 80   34.79sample/s
Class sofa     Iteration 120  32.94sample/s
Class sofa acc = 0.7847
Evaluating class train: 18/20
Class train    Iteration 40   24.42sample/s
Class train    Iteration 80   25.51sample/s
Class train    Iteration 120  24.25sample/s
Class train acc = 0.9709
Evaluating class tvmonitor: 19/20
Class tvmonitor Iteration 40   29.17sample/s
Class tvmonitor Iteration 80   29.76sample/s
Class tvmonitor Iteration 120  34.10sample/s
Class tvmonitor acc = 0.9554
Evaluation complete in 11m 27s
Matching accuracy
aeroplane = 0.6460
bicycle = 0.7918
bird = 0.7898
boat = 0.7872
bottle = 0.8714
bus = 0.9175
car = 0.8840
cat = 0.8459
chair = 0.6204
cow = 0.8048
diningtable = 0.8126
dog = 0.8108
horse = 0.8243
motorbike = 0.8145
person = 0.6597
pottedplant = 0.9805
sheep = 0.7830
sofa = 0.7847
train = 0.9709
tvmonitor = 0.9554
average = 0.8178
Epoch 6/6
----------
lr = 1.50e-07, 5.00e-06
Epoch 6/6: 100%|██████████| 2000/2000 [11:57<00:00,  2.79it/s, loss=1.4427, acc=0.8569]
epoch loss: 1.9640884076878429, epoch accuracy: 0.8569057905178648
completed in 717.64s (11.96m)
Start evaluation...
Evaluating class aeroplane: 0/20
Class aeroplane Iteration 40   36.89sample/s
Class aeroplane Iteration 80   33.45sample/s
Class aeroplane Iteration 120  38.61sample/s
Class aeroplane acc = 0.6502
Evaluating class bicycle: 1/20
Class bicycle  Iteration 40   41.33sample/s
Class bicycle  Iteration 80   31.35sample/s
Class bicycle  Iteration 120  29.58sample/s
Class bicycle acc = 0.7904
Evaluating class bird: 2/20
Class bird     Iteration 40   26.36sample/s
Class bird     Iteration 80   24.93sample/s
Class bird     Iteration 120  22.77sample/s
Class bird acc = 0.7928
Evaluating class boat: 3/20
Class boat     Iteration 40   28.56sample/s
Class boat     Iteration 80   26.48sample/s
Class boat     Iteration 120  31.22sample/s
Class boat acc = 0.7900
Evaluating class bottle: 4/20
Class bottle   Iteration 40   36.97sample/s
Class bottle   Iteration 80   31.39sample/s
Class bottle   Iteration 120  33.76sample/s
Class bottle acc = 0.8713
Evaluating class bus: 5/20
Class bus      Iteration 40   31.42sample/s
Class bus      Iteration 80   31.33sample/s
Class bus      Iteration 120  31.47sample/s
Class bus acc = 0.9224
Evaluating class car: 6/20
Class car      Iteration 40   26.19sample/s
Class car      Iteration 80   29.72sample/s
Class car      Iteration 120  26.88sample/s
Class car acc = 0.8868
Evaluating class cat: 7/20
Class cat      Iteration 40   33.16sample/s
Class cat      Iteration 80   31.53sample/s
Class cat      Iteration 120  32.75sample/s
Class cat acc = 0.8469
Evaluating class chair: 8/20
Class chair    Iteration 40   35.77sample/s
Class chair    Iteration 80   31.30sample/s
Class chair    Iteration 120  30.41sample/s
Class chair acc = 0.6255
Evaluating class cow: 9/20
Class cow      Iteration 40   30.44sample/s
Class cow      Iteration 80   39.06sample/s
Class cow      Iteration 120  32.23sample/s
Class cow acc = 0.8063
Evaluating class diningtable: 10/20
Class diningtable Iteration 40   33.99sample/s
Class diningtable Iteration 80   38.64sample/s
Class diningtable Iteration 120  49.19sample/s
Class diningtable acc = 0.8515
Evaluating class dog: 11/20
Class dog      Iteration 40   48.15sample/s
Class dog      Iteration 80   46.27sample/s
Class dog      Iteration 120  47.27sample/s
Class dog acc = 0.8122
Evaluating class horse: 12/20
Class horse    Iteration 40   46.93sample/s
Class horse    Iteration 80   44.40sample/s
Class horse    Iteration 120  49.05sample/s
Class horse acc = 0.8284
Evaluating class motorbike: 13/20
Class motorbike Iteration 40   50.00sample/s
Class motorbike Iteration 80   48.26sample/s
Class motorbike Iteration 120  47.55sample/s
Class motorbike acc = 0.8174
Evaluating class person: 14/20
Class person   Iteration 40   50.91sample/s
Class person   Iteration 80   47.96sample/s
Class person   Iteration 120  48.37sample/s
Class person acc = 0.6599
Evaluating class pottedplant: 15/20
Class pottedplant Iteration 40   50.50sample/s
Class pottedplant Iteration 80   45.64sample/s
Class pottedplant Iteration 120  47.25sample/s
Class pottedplant acc = 0.9809
Evaluating class sheep: 16/20
Class sheep    Iteration 40   37.68sample/s
Class sheep    Iteration 80   33.80sample/s
Class sheep    Iteration 120  42.87sample/s
Class sheep acc = 0.7821
Evaluating class sofa: 17/20
Class sofa     Iteration 40   43.45sample/s
Class sofa     Iteration 80   49.17sample/s
Class sofa     Iteration 120  48.27sample/s
Class sofa acc = 0.7849
Evaluating class train: 18/20
Class train    Iteration 40   36.23sample/s
Class train    Iteration 80   38.22sample/s
Class train    Iteration 120  41.32sample/s
Class train acc = 0.9702
Evaluating class tvmonitor: 19/20
Class tvmonitor Iteration 40   41.47sample/s
Class tvmonitor Iteration 80   45.13sample/s
Class tvmonitor Iteration 120  50.29sample/s
Class tvmonitor acc = 0.9556
Evaluation complete in 9m 12s
Matching accuracy
aeroplane = 0.6502
bicycle = 0.7904
bird = 0.7928
boat = 0.7900
bottle = 0.8713
bus = 0.9224
car = 0.8868
cat = 0.8469
chair = 0.6255
cow = 0.8063
diningtable = 0.8515
dog = 0.8122
horse = 0.8284
motorbike = 0.8174
person = 0.6599
pottedplant = 0.9809
sheep = 0.7821
sofa = 0.7849
train = 0.9702
tvmonitor = 0.9556
average = 0.8213
[1;34mwandb[0m: 
[1;34mwandb[0m: You can sync this run to the cloud by running:
[1;34mwandb[0m: [1mwandb sync /scratch/hpc-prf-llmrout/hpcabpo/nmt/wandb/wandb/offline-run-20260923_054930-gudo7he4[0m
[1;34mwandb[0m: Find logs at: [1;35m../../../../../../scratch/hpc-prf-llmrout/hpcabpo/nmt/wandb/wandb/offline-run-20260923_054930-gudo7he4/logs[0m
