CPU_SET_HEX_STR_SIZE: 257, Size of mstr: 257
cpu-bind=MASK - gpu1012, task  0  0 [3986503]: mask |--------|--------|--------|--------|BBBBBBBB|--------|--------|BBBBBBBB|--------|--------|--------|--------||||--------|--------|--------|--------|--------|--------|--------|--------|--------|--------|--------|--------| set
job=3378384 node=gpu1012 gpu=NVIDIA H100 config=/scratch/hpc-prf-llmrout/hpcabpo/nmt/runs/configs/voc_mv_K9_seed1.json wandb=offline
dataset=PascalVOC backbone=vgg16 image_size=256 conv=rational model_dir=/scratch/hpc-prf-llmrout/hpcabpo/nmt/runs/voc_vgg16/mv_K9_seed1
{
    "BACKBONE": "vgg16",
    "BACKBONE_DIR": "/scratch/hpc-prf-llmrout/hpcabpo/nmt/checkpoints",
    "BATCH_SIZE": 8,
    "CACHE_PATH": "/scratch/hpc-prf-llmrout/hpcabpo/nmt/cache/voc_db",
    "DATASET_NAME": "PascalVOC",
    "EVAL": {
        "SAMPLES": 1000,
        "difficulty_params": {},
        "num_graphs_in_matching_instance": 2
    },
    "IMAGE_SIZE": 256,
    "Matching_TF": {
        "activation": "relu",
        "batch_norm": true,
        "d_model": 648,
        "nGPT_mlp_hidden_mult": 6,
        "n_decoder": 4,
        "n_encoder": 4,
        "n_head": 12,
        "n_lap_EigVec": 8,
        "pos_encoding": false
    },
    "NORM_MEANS": [
        0.485,
        0.456,
        0.406
    ],
    "NORM_STD": [
        0.229,
        0.224,
        0.225
    ],
    "RANDOM_SEED": 1,
    "SPLINE_CNN": {
        "aggr": "max",
        "conv": "rational",
        "degrees": [
            8,
            6
        ],
        "dim": 2,
        "init": "pca",
        "init_noise": 0.001,
        "input_features": 1024,
        "kernel_size": 5,
        "num_bases": 9,
        "output_features": 648,
        "poly": "chebyshev",
        "pyg_init": true,
        "rational_basis": "multivariate",
        "safe": "B",
        "vp": true
    },
    "SPair": {
        "CLASSES": [
            "aeroplane",
            "bicycle",
            "bird",
            "boat",
            "boat",
            "bottle",
            "bus",
            "car",
            "cat",
            "chair",
            "cow",
            "dog",
            "horse",
            "motorbike",
            "person",
            "pottedplant",
            "sheep",
            "train",
            "tvmonitor"
        ],
        "ROOT_DIR": "./data/downloaded/SPair-71k",
        "size": "large"
    },
    "STATISTIC_STEP": 1,
    "TRACK_GRAD_NORM": false,
    "TRAIN": {
        "EPOCH_ITERS": 2000,
        "LR": 0.0005,
        "_comment_epochs": "Identical budget to the SPair-71k sweep so the two NMT columns are comparable: lr_schedule long_halving5 defines 12 epochs, max_epochs stops after 7, and both LR drops (epochs 2 and 5) still happen.",
        "clip_norm": 0,
        "cutmix_beta": 1.0,
        "cutmix_prob": 0.3,
        "difficulty_params": {},
        "layer_loss_param": 0.3,
        "lr_schedule": "long_halving5",
        "max_epochs": 7,
        "mixup_alpha": 0.8,
        "mixup_prob": 0.3,
        "num_graphs_in_matching_instance": 2,
        "random_erasing_prob": 0.3,
        "temperature": 0.1,
        "weight_decay": 0
    },
    "USE_SYNTHETIC": false,
    "VOC2011": {
        "CLASSES": [
            "aeroplane",
            "bicycle",
            "bird",
            "boat",
            "bottle",
            "bus",
            "car",
            "cat",
            "chair",
            "cow",
            "diningtable",
            "dog",
            "horse",
            "motorbike",
            "person",
            "pottedplant",
            "sheep",
            "sofa",
            "train",
            "tvmonitor"
        ],
        "KPT_ANNO_DIR": "/pc2/groups/hpc-prf-llmrout/hpcabpo/rational-basis-cnn/data/PascalVOC/raw/annotations/",
        "ROOT_DIR": "/pc2/groups/hpc-prf-llmrout/hpcabpo/rational-basis-cnn/data/PascalVOC/raw/images/",
        "SET_SPLIT": "/pc2/groups/hpc-prf-llmrout/hpcabpo/rational-basis-cnn/data/PascalVOC/raw/splits.npz"
    },
    "WILLOW": {
        "CLASSES": [
            "Car",
            "Duck",
            "Face",
            "Motorbike",
            "Winebottle"
        ],
        "KPT_LEN": 10,
        "ROOT_DIR": "./data/downloaded/WILLOW/WILLOW-ObjectClass",
        "TRAIN_NUM": 20,
        "TRAIN_OFFSET": 0
    },
    "_comment_batch_size": "BATCH_SIZE is deliberately NOT overridden here. voc_basic.json sets 8, which is NMT's own PascalVOC recipe; the claim being tested is that only the SplineConv layer changes, so the host recipe is left alone. spair_vgg16.json sets 5 because no author-provided SPair recipe existed.",
    "_comment_cache": "data/pascal_voc.py writes a filtered-xml pickle to cfg.CACHE_PATH. The default 'data/cache' is repo-relative, i.e. inside the 50 GB HOME quota, and group storage is read-only inside jobs, so it is redirected to scratch.",
    "_comment_paths": "ROOT_DIR must end in a slash: data/pascal_voc.py builds the image and annotation directories by string concatenation (cfg.VOC2011.ROOT_DIR + 'JPEGImages'). SET_SPLIT points at the split shipped with the shared PascalVOC tree; see NMT_VOC_ROOT in hpc/env.sh for why voc2011_pairs.npz is not required.",
    "_generated_by": "slurm/make_config.py mv_K9 1 (voc)",
    "combine_classes": false,
    "default_json": "experiments/voc_basic.json",
    "eval_sampling": "intersection",
    "evaluate_only": false,
    "exclude_willow_classes": false,
    "keep_last_checkpoint_only": true,
    "log_dir": "runs/",
    "model_dir": "/scratch/hpc-prf-llmrout/hpcabpo/nmt/runs/voc_vgg16/mv_K9_seed1",
    "save_checkpoint": true,
    "train_sampling": "intersection",
    "visualization_params": {
        "produce_pdf": false,
        "reduced_vis": true
    },
    "visualize": false,
    "warmstart_path": null
}
wandb: Tracking run with wandb version 0.30.0
wandb: W&B syncing is set to `offline` in this directory. Run `wandb online` or set WANDB_MODE=online to enable cloud syncing.
wandb: Run data is saved locally in /scratch/hpc-prf-llmrout/hpcabpo/nmt/wandb/wandb/offline-run-20260923_071950-8wgp483u
wandb: View this run in the terminal with `wandb leet`
xml list loaded from /scratch/hpc-prf-llmrout/hpcabpo/nmt/cache/voc_db/voc_db_train.pkl
TRUE EPOCHS:  False
16000
Initializing train-set. Randomly sampling 16000 examples.
/pc2/groups/hpc-prf-llmrout/hpcabpo/nmt/conda/envs/nmt/lib/python3.12/site-packages/albumentations/core/composition.py:331: UserWarning: Got processor for keypoints, but no transform to process it.
  self._set_keys()
xml list loaded from /scratch/hpc-prf-llmrout/hpcabpo/nmt/cache/voc_db/voc_db_test.pkl
TRUE EPOCHS:  False
1000
Initializing test-set. Randomly sampling 1000 examples.
/pc2/groups/hpc-prf-llmrout/hpcabpo/nmt/conda/envs/nmt/lib/python3.12/site-packages/torchvision/models/_utils.py:208: UserWarning: The parameter 'pretrained' is deprecated since 0.13 and may be removed in the future, please use 'weights' instead.
  warnings.warn(
/pc2/groups/hpc-prf-llmrout/hpcabpo/nmt/conda/envs/nmt/lib/python3.12/site-packages/torchvision/models/_utils.py:223: UserWarning: Arguments other than a weight enum or `None` for 'weights' are deprecated since 0.13 and may be removed in the future. The current behavior is equivalent to passing `weights=VGG16_Weights.IMAGENET1K_V1`. You can also use `weights=VGG16_Weights.DEFAULT` to get the most up-to-date weights.
  warnings.warn(msg)
stopping after 7 epochs (cfg.TRAIN.max_epochs; schedule 'long_halving5' defines 12)
Start training...
NMT model on device: cuda:0
Epoch 0/6
----------
lr = 1.50e-05, 5.00e-04
Epoch 0/6:   0%|          | 0/2000 [00:00<?, ?it/s]/pc2/groups/hpc-prf-llmrout/hpcabpo/nmt/conda/envs/nmt/lib/python3.12/site-packages/torch_geometric/utils/_scatter.py:91: UserWarning: The usage of `scatter(reduce='max')` can be accelerated via the 'torch-scatter' package, but it was not found
  warnings.warn(
[rank0]:[W923 07:19:57.238186073 reducer.cpp:1528] Warning: find_unused_parameters=True was specified in DDP constructor, but did not find any unused parameters in the forward pass. This flag results in an extra traversal of the autograd graph every iteration,  which can adversely affect performance. If your model indeed never has any unused parameters in the forward pass, consider turning this flag off. Note that this warning may be a false positive if your model has flow control causing later iterations to have unused parameters. (function operator())
Epoch 0/6: 100%|██████████| 2000/2000 [07:32<00:00,  4.42it/s, loss=3.1128, acc=0.6819]
epoch loss: 3.3299916276335715, epoch accuracy: 0.6818833143818583
completed in 452.19s (7.54m)
Start evaluation...
Evaluating class aeroplane: 0/20
Class aeroplane Iteration 40   66.88sample/s
Class aeroplane Iteration 80   44.01sample/s
Class aeroplane Iteration 120  43.84sample/s
Class aeroplane acc = 0.5419
Evaluating class bicycle: 1/20
Class bicycle  Iteration 40   39.74sample/s
Class bicycle  Iteration 80   46.73sample/s
Class bicycle  Iteration 120  42.82sample/s
Class bicycle acc = 0.7627
Evaluating class bird: 2/20
Class bird     Iteration 40   35.45sample/s
Class bird     Iteration 80   40.93sample/s
Class bird     Iteration 120  37.01sample/s
Class bird acc = 0.7254
Evaluating class boat: 3/20
Class boat     Iteration 40   38.76sample/s
Class boat     Iteration 80   41.91sample/s
Class boat     Iteration 120  40.36sample/s
Class boat acc = 0.7097
Evaluating class bottle: 4/20
Class bottle   Iteration 40   38.55sample/s
Class bottle   Iteration 80   46.44sample/s
Class bottle   Iteration 120  40.75sample/s
Class bottle acc = 0.8610
Evaluating class bus: 5/20
Class bus      Iteration 40   35.47sample/s
Class bus      Iteration 80   44.92sample/s
Class bus      Iteration 120  40.35sample/s
Class bus acc = 0.9001
Evaluating class car: 6/20
Class car      Iteration 40   31.95sample/s
Class car      Iteration 80   30.24sample/s
Class car      Iteration 120  33.34sample/s
Class car acc = 0.8010
Evaluating class cat: 7/20
Class cat      Iteration 40   36.35sample/s
Class cat      Iteration 80   42.78sample/s
Class cat      Iteration 120  41.05sample/s
Class cat acc = 0.7885
Evaluating class chair: 8/20
Class chair    Iteration 40   39.27sample/s
Class chair    Iteration 80   44.98sample/s
Class chair    Iteration 120  40.30sample/s
Class chair acc = 0.4951
Evaluating class cow: 9/20
Class cow      Iteration 40   36.28sample/s
Class cow      Iteration 80   44.25sample/s
Class cow      Iteration 120  40.33sample/s
Class cow acc = 0.7716
Evaluating class diningtable: 10/20
Class diningtable Iteration 40   38.58sample/s
Class diningtable Iteration 80   47.19sample/s
Class diningtable Iteration 120  41.49sample/s
Class diningtable acc = 0.8079
Evaluating class dog: 11/20
Class dog      Iteration 40   36.10sample/s
Class dog      Iteration 80   42.02sample/s
Class dog      Iteration 120  39.38sample/s
Class dog acc = 0.7443
Evaluating class horse: 12/20
Class horse    Iteration 40   37.05sample/s
Class horse    Iteration 80   42.64sample/s
Class horse    Iteration 120  41.67sample/s
Class horse acc = 0.7855
Evaluating class motorbike: 13/20
Class motorbike Iteration 40   37.41sample/s
Class motorbike Iteration 80   42.56sample/s
Class motorbike Iteration 120  40.76sample/s
Class motorbike acc = 0.7559
Evaluating class person: 14/20
Class person   Iteration 40   40.13sample/s
Class person   Iteration 80   45.71sample/s
Class person   Iteration 120  42.20sample/s
Class person acc = 0.5658
Evaluating class pottedplant: 15/20
Class pottedplant Iteration 40   39.30sample/s
Class pottedplant Iteration 80   46.26sample/s
Class pottedplant Iteration 120  41.21sample/s
Class pottedplant acc = 0.9765
Evaluating class sheep: 16/20
Class sheep    Iteration 40   32.20sample/s
Class sheep    Iteration 80   30.89sample/s
Class sheep    Iteration 120  34.73sample/s
Class sheep acc = 0.7270
Evaluating class sofa: 17/20
Class sofa     Iteration 40   41.80sample/s
Class sofa     Iteration 80   50.54sample/s
Class sofa     Iteration 120  43.30sample/s
Class sofa acc = 0.7412
Evaluating class train: 18/20
Class train    Iteration 40   29.26sample/s
Class train    Iteration 80   33.13sample/s
Class train    Iteration 120  34.87sample/s
Class train acc = 0.9678
Evaluating class tvmonitor: 19/20
Class tvmonitor Iteration 40   38.15sample/s
Class tvmonitor Iteration 80   42.30sample/s
Class tvmonitor Iteration 120  42.30sample/s
Class tvmonitor acc = 0.9659
Evaluation complete in 8m 27s
Matching accuracy
aeroplane = 0.5419
bicycle = 0.7627
bird = 0.7254
boat = 0.7097
bottle = 0.8610
bus = 0.9001
car = 0.8010
cat = 0.7885
chair = 0.4951
cow = 0.7716
diningtable = 0.8079
dog = 0.7443
horse = 0.7855
motorbike = 0.7559
person = 0.5658
pottedplant = 0.9765
sheep = 0.7270
sofa = 0.7412
train = 0.9678
tvmonitor = 0.9659
average = 0.7697
Epoch 1/6
----------
lr = 1.50e-05, 5.00e-04
Epoch 1/6: 100%|██████████| 2000/2000 [07:33<00:00,  4.41it/s, loss=1.9425, acc=0.7892]
epoch loss: 2.476857042580843, epoch accuracy: 0.7892236587001865
completed in 453.66s (7.56m)
Start evaluation...
Evaluating class aeroplane: 0/20
Class aeroplane Iteration 40   64.29sample/s
Class aeroplane Iteration 80   42.01sample/s
Class aeroplane Iteration 120  42.26sample/s
Class aeroplane acc = 0.5920
Evaluating class bicycle: 1/20
Class bicycle  Iteration 40   39.30sample/s
Class bicycle  Iteration 80   45.01sample/s
Class bicycle  Iteration 120  41.40sample/s
Class bicycle acc = 0.7766
Evaluating class bird: 2/20
Class bird     Iteration 40   34.57sample/s
Class bird     Iteration 80   38.15sample/s
Class bird     Iteration 120  36.25sample/s
Class bird acc = 0.7470
Evaluating class boat: 3/20
Class boat     Iteration 40   39.94sample/s
Class boat     Iteration 80   42.11sample/s
Class boat     Iteration 120  43.41sample/s
Class boat acc = 0.7501
Evaluating class bottle: 4/20
Class bottle   Iteration 40   42.76sample/s
Class bottle   Iteration 80   48.69sample/s
Class bottle   Iteration 120  43.15sample/s
Class bottle acc = 0.8610
Evaluating class bus: 5/20
Class bus      Iteration 40   38.67sample/s
Class bus      Iteration 80   46.55sample/s
Class bus      Iteration 120  43.34sample/s
Class bus acc = 0.9317
Evaluating class car: 6/20
Class car      Iteration 40   35.08sample/s
Class car      Iteration 80   37.51sample/s
Class car      Iteration 120  34.21sample/s
Class car acc = 0.8436
Evaluating class cat: 7/20
Class cat      Iteration 40   38.59sample/s
Class cat      Iteration 80   44.38sample/s
Class cat      Iteration 120  44.14sample/s
Class cat acc = 0.8227
Evaluating class chair: 8/20
Class chair    Iteration 40   42.03sample/s
Class chair    Iteration 80   46.40sample/s
Class chair    Iteration 120  43.75sample/s
Class chair acc = 0.5766
Evaluating class cow: 9/20
Class cow      Iteration 40   39.25sample/s
Class cow      Iteration 80   45.98sample/s
Class cow      Iteration 120  42.68sample/s
Class cow acc = 0.7897
Evaluating class diningtable: 10/20
Class diningtable Iteration 40   41.74sample/s
Class diningtable Iteration 80   49.65sample/s
Class diningtable Iteration 120  45.03sample/s
Class diningtable acc = 0.7560
Evaluating class dog: 11/20
Class dog      Iteration 40   38.96sample/s
Class dog      Iteration 80   42.27sample/s
Class dog      Iteration 120  41.26sample/s
Class dog acc = 0.7856
Evaluating class horse: 12/20
Class horse    Iteration 40   39.69sample/s
Class horse    Iteration 80   42.94sample/s
Class horse    Iteration 120  44.17sample/s
Class horse acc = 0.7919
Evaluating class motorbike: 13/20
Class motorbike Iteration 40   41.65sample/s
Class motorbike Iteration 80   47.80sample/s
Class motorbike Iteration 120  44.70sample/s
Class motorbike acc = 0.7796
Evaluating class person: 14/20
Class person   Iteration 40   41.88sample/s
Class person   Iteration 80   47.97sample/s
Class person   Iteration 120  44.96sample/s
Class person acc = 0.6153
Evaluating class pottedplant: 15/20
Class pottedplant Iteration 40   41.99sample/s
Class pottedplant Iteration 80   48.23sample/s
Class pottedplant Iteration 120  45.07sample/s
Class pottedplant acc = 0.9759
Evaluating class sheep: 16/20
Class sheep    Iteration 40   34.55sample/s
Class sheep    Iteration 80   33.12sample/s
Class sheep    Iteration 120  37.88sample/s
Class sheep acc = 0.7542
Evaluating class sofa: 17/20
Class sofa     Iteration 40   44.44sample/s
Class sofa     Iteration 80   50.93sample/s
Class sofa     Iteration 120  41.18sample/s
Class sofa acc = 0.7768
Evaluating class train: 18/20
Class train    Iteration 40   28.96sample/s
Class train    Iteration 80   31.60sample/s
Class train    Iteration 120  32.89sample/s
Class train acc = 0.9772
Evaluating class tvmonitor: 19/20
Class tvmonitor Iteration 40   38.43sample/s
Class tvmonitor Iteration 80   39.64sample/s
Class tvmonitor Iteration 120  40.71sample/s
Class tvmonitor acc = 0.9545
Evaluation complete in 8m 8s
Matching accuracy
aeroplane = 0.5920
bicycle = 0.7766
bird = 0.7470
boat = 0.7501
bottle = 0.8610
bus = 0.9317
car = 0.8436
cat = 0.8227
chair = 0.5766
cow = 0.7897
diningtable = 0.7560
dog = 0.7856
horse = 0.7919
motorbike = 0.7796
person = 0.6153
pottedplant = 0.9759
sheep = 0.7542
sofa = 0.7768
train = 0.9772
tvmonitor = 0.9545
average = 0.7929
Epoch 2/6
----------
lr = 1.50e-06, 5.00e-05
Epoch 2/6: 100%|██████████| 2000/2000 [07:36<00:00,  4.38it/s, loss=2.1697, acc=0.8436]
epoch loss: 2.084438833296299, epoch accuracy: 0.8436304246383575
completed in 456.63s (7.61m)
Start evaluation...
Evaluating class aeroplane: 0/20
Class aeroplane Iteration 40   70.25sample/s
Class aeroplane Iteration 80   39.72sample/s
Class aeroplane Iteration 120  42.95sample/s
Class aeroplane acc = 0.6247
Evaluating class bicycle: 1/20
Class bicycle  Iteration 40   44.93sample/s
Class bicycle  Iteration 80   44.15sample/s
Class bicycle  Iteration 120  44.39sample/s
Class bicycle acc = 0.7830
Evaluating class bird: 2/20
Class bird     Iteration 40   37.95sample/s
Class bird     Iteration 80   39.71sample/s
Class bird     Iteration 120  39.68sample/s
Class bird acc = 0.7721
Evaluating class boat: 3/20
Class boat     Iteration 40   43.60sample/s
Class boat     Iteration 80   38.63sample/s
Class boat     Iteration 120  42.92sample/s
Class boat acc = 0.7789
Evaluating class bottle: 4/20
Class bottle   Iteration 40   47.12sample/s
Class bottle   Iteration 80   43.54sample/s
Class bottle   Iteration 120  42.04sample/s
Class bottle acc = 0.8774
Evaluating class bus: 5/20
Class bus      Iteration 40   40.39sample/s
Class bus      Iteration 80   43.53sample/s
Class bus      Iteration 120  38.44sample/s
Class bus acc = 0.9355
Evaluating class car: 6/20
Class car      Iteration 40   31.73sample/s
Class car      Iteration 80   34.22sample/s
Class car      Iteration 120  31.38sample/s
Class car acc = 0.8763
Evaluating class cat: 7/20
Class cat      Iteration 40   37.81sample/s
Class cat      Iteration 80   38.01sample/s
Class cat      Iteration 120  39.25sample/s
Class cat acc = 0.8381
Evaluating class chair: 8/20
Class chair    Iteration 40   39.91sample/s
Class chair    Iteration 80   37.70sample/s
Class chair    Iteration 120  39.23sample/s
Class chair acc = 0.6111
Evaluating class cow: 9/20
Class cow      Iteration 40   37.38sample/s
Class cow      Iteration 80   37.99sample/s
Class cow      Iteration 120  38.41sample/s
Class cow acc = 0.8040
Evaluating class diningtable: 10/20
Class diningtable Iteration 40   40.15sample/s
Class diningtable Iteration 80   40.15sample/s
Class diningtable Iteration 120  39.44sample/s
Class diningtable acc = 0.8221
Evaluating class dog: 11/20
Class dog      Iteration 40   37.59sample/s
Class dog      Iteration 80   35.71sample/s
Class dog      Iteration 120  35.77sample/s
Class dog acc = 0.8130
Evaluating class horse: 12/20
Class horse    Iteration 40   37.03sample/s
Class horse    Iteration 80   34.70sample/s
Class horse    Iteration 120  38.24sample/s
Class horse acc = 0.8110
Evaluating class motorbike: 13/20
Class motorbike Iteration 40   44.69sample/s
Class motorbike Iteration 80   41.67sample/s
Class motorbike Iteration 120  43.01sample/s
Class motorbike acc = 0.8068
Evaluating class person: 14/20
Class person   Iteration 40   44.07sample/s
Class person   Iteration 80   43.03sample/s
Class person   Iteration 120  41.78sample/s
Class person acc = 0.6565
Evaluating class pottedplant: 15/20
Class pottedplant Iteration 40   43.81sample/s
Class pottedplant Iteration 80   42.78sample/s
Class pottedplant Iteration 120  43.58sample/s
Class pottedplant acc = 0.9793
Evaluating class sheep: 16/20
Class sheep    Iteration 40   33.24sample/s
Class sheep    Iteration 80   31.59sample/s
Class sheep    Iteration 120  36.69sample/s
Class sheep acc = 0.7775
Evaluating class sofa: 17/20
Class sofa     Iteration 40   47.38sample/s
Class sofa     Iteration 80   46.55sample/s
Class sofa     Iteration 120  44.50sample/s
Class sofa acc = 0.8341
Evaluating class train: 18/20
Class train    Iteration 40   30.63sample/s
Class train    Iteration 80   34.05sample/s
Class train    Iteration 120  35.31sample/s
Class train acc = 0.9671
Evaluating class tvmonitor: 19/20
Class tvmonitor Iteration 40   43.33sample/s
Class tvmonitor Iteration 80   40.24sample/s
Class tvmonitor Iteration 120  45.76sample/s
Class tvmonitor acc = 0.9569
Evaluation complete in 8m 26s
Matching accuracy
aeroplane = 0.6247
bicycle = 0.7830
bird = 0.7721
boat = 0.7789
bottle = 0.8774
bus = 0.9355
car = 0.8763
cat = 0.8381
chair = 0.6111
cow = 0.8040
diningtable = 0.8221
dog = 0.8130
horse = 0.8110
motorbike = 0.8068
person = 0.6565
pottedplant = 0.9793
sheep = 0.7775
sofa = 0.8341
train = 0.9671
tvmonitor = 0.9569
average = 0.8163
Epoch 3/6
----------
lr = 1.50e-06, 5.00e-05
Epoch 3/6: 100%|██████████| 2000/2000 [07:38<00:00,  4.36it/s, loss=1.5226, acc=0.8611]
epoch loss: 1.9480693797767161, epoch accuracy: 0.8610671039587908
completed in 458.37s (7.64m)
Start evaluation...
Evaluating class aeroplane: 0/20
Class aeroplane Iteration 40   40.91sample/s
Class aeroplane Iteration 80   39.66sample/s
Class aeroplane Iteration 120  44.70sample/s
Class aeroplane acc = 0.6359
Evaluating class bicycle: 1/20
Class bicycle  Iteration 40   43.08sample/s
Class bicycle  Iteration 80   44.54sample/s
Class bicycle  Iteration 120  44.09sample/s
Class bicycle acc = 0.7913
Evaluating class bird: 2/20
Class bird     Iteration 40   35.91sample/s
Class bird     Iteration 80   40.58sample/s
Class bird     Iteration 120  41.84sample/s
Class bird acc = 0.7845
Evaluating class boat: 3/20
Class boat     Iteration 40   42.04sample/s
Class boat     Iteration 80   40.95sample/s
Class boat     Iteration 120  48.46sample/s
Class boat acc = 0.7830
Evaluating class bottle: 4/20
Class bottle   Iteration 40   43.72sample/s
Class bottle   Iteration 80   46.46sample/s
Class bottle   Iteration 120  46.89sample/s
Class bottle acc = 0.8761
Evaluating class bus: 5/20
Class bus      Iteration 40   40.67sample/s
Class bus      Iteration 80   45.02sample/s
Class bus      Iteration 120  43.38sample/s
Class bus acc = 0.9382
Evaluating class car: 6/20
Class car      Iteration 40   34.56sample/s
Class car      Iteration 80   39.55sample/s
Class car      Iteration 120  37.92sample/s
Class car acc = 0.8839
Evaluating class cat: 7/20
Class cat      Iteration 40   39.47sample/s
Class cat      Iteration 80   41.81sample/s
Class cat      Iteration 120  45.03sample/s
Class cat acc = 0.8465
Evaluating class chair: 8/20
Class chair    Iteration 40   41.80sample/s
Class chair    Iteration 80   44.32sample/s
Class chair    Iteration 120  43.97sample/s
Class chair acc = 0.6187
Evaluating class cow: 9/20
Class cow      Iteration 40   40.36sample/s
Class cow      Iteration 80   44.44sample/s
Class cow      Iteration 120  43.26sample/s
Class cow acc = 0.8105
Evaluating class diningtable: 10/20
Class diningtable Iteration 40   41.90sample/s
Class diningtable Iteration 80   44.28sample/s
Class diningtable Iteration 120  44.24sample/s
Class diningtable acc = 0.8294
Evaluating class dog: 11/20
Class dog      Iteration 40   38.39sample/s
Class dog      Iteration 80   40.83sample/s
Class dog      Iteration 120  41.94sample/s
Class dog acc = 0.8193
Evaluating class horse: 12/20
Class horse    Iteration 40   38.16sample/s
Class horse    Iteration 80   39.16sample/s
Class horse    Iteration 120  44.27sample/s
Class horse acc = 0.8192
Evaluating class motorbike: 13/20
Class motorbike Iteration 40   39.43sample/s
Class motorbike Iteration 80   41.78sample/s
Class motorbike Iteration 120  43.40sample/s
Class motorbike acc = 0.8120
Evaluating class person: 14/20
Class person   Iteration 40   41.07sample/s
Class person   Iteration 80   42.59sample/s
Class person   Iteration 120  42.37sample/s
Class person acc = 0.6781
Evaluating class pottedplant: 15/20
Class pottedplant Iteration 40   40.68sample/s
Class pottedplant Iteration 80   44.86sample/s
Class pottedplant Iteration 120  45.46sample/s
Class pottedplant acc = 0.9781
Evaluating class sheep: 16/20
Class sheep    Iteration 40   32.47sample/s
Class sheep    Iteration 80   32.52sample/s
Class sheep    Iteration 120  37.62sample/s
Class sheep acc = 0.7772
Evaluating class sofa: 17/20
Class sofa     Iteration 40   43.92sample/s
Class sofa     Iteration 80   44.46sample/s
Class sofa     Iteration 120  44.95sample/s
Class sofa acc = 0.8131
Evaluating class train: 18/20
Class train    Iteration 40   29.34sample/s
Class train    Iteration 80   33.95sample/s
Class train    Iteration 120  39.27sample/s
Class train acc = 0.9772
Evaluating class tvmonitor: 19/20
Class tvmonitor Iteration 40   38.77sample/s
Class tvmonitor Iteration 80   39.88sample/s
Class tvmonitor Iteration 120  45.16sample/s
Class tvmonitor acc = 0.9613
Evaluation complete in 7m 60s
Matching accuracy
aeroplane = 0.6359
bicycle = 0.7913
bird = 0.7845
boat = 0.7830
bottle = 0.8761
bus = 0.9382
car = 0.8839
cat = 0.8465
chair = 0.6187
cow = 0.8105
diningtable = 0.8294
dog = 0.8193
horse = 0.8192
motorbike = 0.8120
person = 0.6781
pottedplant = 0.9781
sheep = 0.7772
sofa = 0.8131
train = 0.9772
tvmonitor = 0.9613
average = 0.8217
Epoch 4/6
----------
lr = 1.50e-06, 5.00e-05
Epoch 4/6: 100%|██████████| 2000/2000 [07:35<00:00,  4.39it/s, loss=2.4687, acc=0.8766]
epoch loss: 1.8629242732077838, epoch accuracy: 0.876592400850513
completed in 455.79s (7.60m)
Start evaluation...
Evaluating class aeroplane: 0/20
Class aeroplane Iteration 40   44.74sample/s
Class aeroplane Iteration 80   45.46sample/s
Class aeroplane Iteration 120  58.89sample/s
Class aeroplane acc = 0.6466
Evaluating class bicycle: 1/20
Class bicycle  Iteration 40   46.93sample/s
Class bicycle  Iteration 80   48.80sample/s
Class bicycle  Iteration 120  55.01sample/s
Class bicycle acc = 0.7955
Evaluating class bird: 2/20
Class bird     Iteration 40   40.21sample/s
Class bird     Iteration 80   46.07sample/s
Class bird     Iteration 120  49.81sample/s
Class bird acc = 0.7906
Evaluating class boat: 3/20
Class boat     Iteration 40   43.87sample/s
Class boat     Iteration 80   41.87sample/s
Class boat     Iteration 120  53.20sample/s
Class boat acc = 0.7799
Evaluating class bottle: 4/20
Class bottle   Iteration 40   46.54sample/s
Class bottle   Iteration 80   48.43sample/s
Class bottle   Iteration 120  52.34sample/s
Class bottle acc = 0.8794
Evaluating class bus: 5/20
Class bus      Iteration 40   39.76sample/s
Class bus      Iteration 80   47.94sample/s
Class bus      Iteration 120  49.21sample/s
Class bus acc = 0.9330
Evaluating class car: 6/20
Class car      Iteration 40   35.13sample/s
Class car      Iteration 80   41.16sample/s
Class car      Iteration 120  41.45sample/s
Class car acc = 0.8935
Evaluating class cat: 7/20
Class cat      Iteration 40   41.84sample/s
Class cat      Iteration 80   43.87sample/s
Class cat      Iteration 120  48.27sample/s
Class cat acc = 0.8516
Evaluating class chair: 8/20
Class chair    Iteration 40   45.83sample/s
Class chair    Iteration 80   46.31sample/s
Class chair    Iteration 120  46.13sample/s
Class chair acc = 0.6499
Evaluating class cow: 9/20
Class cow      Iteration 40   39.93sample/s
Class cow      Iteration 80   43.91sample/s
Class cow      Iteration 120  46.13sample/s
Class cow acc = 0.8160
Evaluating class diningtable: 10/20
Class diningtable Iteration 40   45.71sample/s
Class diningtable Iteration 80   47.94sample/s
Class diningtable Iteration 120  47.97sample/s
Class diningtable acc = 0.8294
Evaluating class dog: 11/20
Class dog      Iteration 40   42.32sample/s
Class dog      Iteration 80   43.45sample/s
Class dog      Iteration 120  47.25sample/s
Class dog acc = 0.8238
Evaluating class horse: 12/20
Class horse    Iteration 40   42.26sample/s
Class horse    Iteration 80   45.31sample/s
Class horse    Iteration 120  48.81sample/s
Class horse acc = 0.8243
Evaluating class motorbike: 13/20
Class motorbike Iteration 40   42.98sample/s
Class motorbike Iteration 80   45.96sample/s
Class motorbike Iteration 120  48.32sample/s
Class motorbike acc = 0.8170
Evaluating class person: 14/20
Class person   Iteration 40   43.36sample/s
Class person   Iteration 80   47.61sample/s
Class person   Iteration 120  45.11sample/s
Class person acc = 0.6872
Evaluating class pottedplant: 15/20
Class pottedplant Iteration 40   44.03sample/s
Class pottedplant Iteration 80   47.32sample/s
Class pottedplant Iteration 120  48.03sample/s
Class pottedplant acc = 0.9797
Evaluating class sheep: 16/20
Class sheep    Iteration 40   35.49sample/s
Class sheep    Iteration 80   36.49sample/s
Class sheep    Iteration 120  43.05sample/s
Class sheep acc = 0.7838
Evaluating class sofa: 17/20
Class sofa     Iteration 40   47.91sample/s
Class sofa     Iteration 80   50.18sample/s
Class sofa     Iteration 120  50.57sample/s
Class sofa acc = 0.8136
Evaluating class train: 18/20
Class train    Iteration 40   31.67sample/s
Class train    Iteration 80   37.89sample/s
Class train    Iteration 120  45.00sample/s
Class train acc = 0.9765
Evaluating class tvmonitor: 19/20
Class tvmonitor Iteration 40   43.17sample/s
Class tvmonitor Iteration 80   44.32sample/s
Class tvmonitor Iteration 120  51.66sample/s
Class tvmonitor acc = 0.9594
Evaluation complete in 7m 20s
Matching accuracy
aeroplane = 0.6466
bicycle = 0.7955
bird = 0.7906
boat = 0.7799
bottle = 0.8794
bus = 0.9330
car = 0.8935
cat = 0.8516
chair = 0.6499
cow = 0.8160
diningtable = 0.8294
dog = 0.8238
horse = 0.8243
motorbike = 0.8170
person = 0.6872
pottedplant = 0.9797
sheep = 0.7838
sofa = 0.8136
train = 0.9765
tvmonitor = 0.9594
average = 0.8265
Epoch 5/6
----------
lr = 1.50e-07, 5.00e-06
Epoch 5/6: 100%|██████████| 2000/2000 [07:39<00:00,  4.35it/s, loss=2.3740, acc=0.8836]
epoch loss: 1.809396458260715, epoch accuracy: 0.8835881037319089
completed in 459.49s (7.66m)
Start evaluation...
Evaluating class aeroplane: 0/20
Class aeroplane Iteration 40   43.52sample/s
Class aeroplane Iteration 80   49.50sample/s
Class aeroplane Iteration 120  49.55sample/s
Class aeroplane acc = 0.6475
Evaluating class bicycle: 1/20
Class bicycle  Iteration 40   45.46sample/s
Class bicycle  Iteration 80   49.31sample/s
Class bicycle  Iteration 120  48.95sample/s
Class bicycle acc = 0.7950
Evaluating class bird: 2/20
Class bird     Iteration 40   38.27sample/s
Class bird     Iteration 80   43.90sample/s
Class bird     Iteration 120  45.73sample/s
Class bird acc = 0.7916
Evaluating class boat: 3/20
Class boat     Iteration 40   45.15sample/s
Class boat     Iteration 80   47.65sample/s
Class boat     Iteration 120  51.65sample/s
Class boat acc = 0.7810
Evaluating class bottle: 4/20
Class bottle   Iteration 40   47.52sample/s
Class bottle   Iteration 80   54.24sample/s
Class bottle   Iteration 120  53.10sample/s
Class bottle acc = 0.8826
Evaluating class bus: 5/20
Class bus      Iteration 40   43.45sample/s
Class bus      Iteration 80   56.46sample/s
Class bus      Iteration 120  51.12sample/s
Class bus acc = 0.9341
Evaluating class car: 6/20
Class car      Iteration 40   37.73sample/s
Class car      Iteration 80   46.13sample/s
Class car      Iteration 120  42.90sample/s
Class car acc = 0.8937
Evaluating class cat: 7/20
Class cat      Iteration 40   45.84sample/s
Class cat      Iteration 80   52.34sample/s
Class cat      Iteration 120  54.02sample/s
Class cat acc = 0.8511
Evaluating class chair: 8/20
Class chair    Iteration 40   49.12sample/s
Class chair    Iteration 80   55.59sample/s
Class chair    Iteration 120  52.87sample/s
Class chair acc = 0.6568
Evaluating class cow: 9/20
Class cow      Iteration 40   47.24sample/s
Class cow      Iteration 80   55.72sample/s
Class cow      Iteration 120  53.50sample/s
Class cow acc = 0.8162
Evaluating class diningtable: 10/20
Class diningtable Iteration 40   50.75sample/s
Class diningtable Iteration 80   56.94sample/s
Class diningtable Iteration 120  55.57sample/s
Class diningtable acc = 0.8294
Evaluating class dog: 11/20
Class dog      Iteration 40   46.27sample/s
Class dog      Iteration 80   53.65sample/s
Class dog      Iteration 120  52.40sample/s
Class dog acc = 0.8244
Evaluating class horse: 12/20
Class horse    Iteration 40   44.47sample/s
Class horse    Iteration 80   53.18sample/s
Class horse    Iteration 120  53.83sample/s
Class horse acc = 0.8266
Evaluating class motorbike: 13/20
Class motorbike Iteration 40   48.79sample/s
Class motorbike Iteration 80   55.61sample/s
Class motorbike Iteration 120  57.00sample/s
Class motorbike acc = 0.8226
Evaluating class person: 14/20
Class person   Iteration 40   50.27sample/s
Class person   Iteration 80   58.44sample/s
Class person   Iteration 120  56.24sample/s
Class person acc = 0.6886
Evaluating class pottedplant: 15/20
Class pottedplant Iteration 40   48.89sample/s
Class pottedplant Iteration 80   56.54sample/s
Class pottedplant Iteration 120  52.42sample/s
Class pottedplant acc = 0.9799
Evaluating class sheep: 16/20
Class sheep    Iteration 40   37.54sample/s
Class sheep    Iteration 80   39.12sample/s
Class sheep    Iteration 120  48.60sample/s
Class sheep acc = 0.7844
Evaluating class sofa: 17/20
Class sofa     Iteration 40   49.49sample/s
Class sofa     Iteration 80   55.36sample/s
Class sofa     Iteration 120  54.85sample/s
Class sofa acc = 0.8123
Evaluating class train: 18/20
Class train    Iteration 40   33.98sample/s
Class train    Iteration 80   41.36sample/s
Class train    Iteration 120  45.14sample/s
Class train acc = 0.9765
Evaluating class tvmonitor: 19/20
Class tvmonitor Iteration 40   42.60sample/s
Class tvmonitor Iteration 80   53.21sample/s
Class tvmonitor Iteration 120  53.56sample/s
Class tvmonitor acc = 0.9585
Evaluation complete in 6m 53s
Matching accuracy
aeroplane = 0.6475
bicycle = 0.7950
bird = 0.7916
boat = 0.7810
bottle = 0.8826
bus = 0.9341
car = 0.8937
cat = 0.8511
chair = 0.6568
cow = 0.8162
diningtable = 0.8294
dog = 0.8244
horse = 0.8266
motorbike = 0.8226
person = 0.6886
pottedplant = 0.9799
sheep = 0.7844
sofa = 0.8123
train = 0.9765
tvmonitor = 0.9585
average = 0.8277
Epoch 6/6
----------
lr = 1.50e-07, 5.00e-06
Epoch 6/6: 100%|██████████| 2000/2000 [07:38<00:00,  4.36it/s, loss=2.6608, acc=0.8871]
epoch loss: 1.8046152136176825, epoch accuracy: 0.8871352575826502
completed in 458.33s (7.64m)
Start evaluation...
Evaluating class aeroplane: 0/20
Class aeroplane Iteration 40   50.33sample/s
Class aeroplane Iteration 80   52.86sample/s
Class aeroplane Iteration 120  63.03sample/s
Class aeroplane acc = 0.6470
Evaluating class bicycle: 1/20
Class bicycle  Iteration 40   53.35sample/s
Class bicycle  Iteration 80   57.81sample/s
Class bicycle  Iteration 120  57.66sample/s
Class bicycle acc = 0.7965
Evaluating class bird: 2/20
Class bird     Iteration 40   49.93sample/s
Class bird     Iteration 80   50.32sample/s
Class bird     Iteration 120  51.43sample/s
Class bird acc = 0.7946
Evaluating class boat: 3/20
Class boat     Iteration 40   52.96sample/s
Class boat     Iteration 80   51.85sample/s
Class boat     Iteration 120  61.67sample/s
Class boat acc = 0.7778
Evaluating class bottle: 4/20
Class bottle   Iteration 40   53.14sample/s
Class bottle   Iteration 80   58.25sample/s
Class bottle   Iteration 120  57.10sample/s
Class bottle acc = 0.8824
Evaluating class bus: 5/20
Class bus      Iteration 40   50.92sample/s
Class bus      Iteration 80   55.41sample/s
Class bus      Iteration 120  55.06sample/s
Class bus acc = 0.9341
Evaluating class car: 6/20
Class car      Iteration 40   46.22sample/s
Class car      Iteration 80   49.91sample/s
Class car      Iteration 120  47.20sample/s
Class car acc = 0.8977
Evaluating class cat: 7/20
Class cat      Iteration 40   51.65sample/s
Class cat      Iteration 80   54.33sample/s
Class cat      Iteration 120  59.11sample/s
Class cat acc = 0.8510
Evaluating class chair: 8/20
Class chair    Iteration 40   53.90sample/s
Class chair    Iteration 80   55.76sample/s
Class chair    Iteration 120  58.52sample/s
Class chair acc = 0.6546
Evaluating class cow: 9/20
Class cow      Iteration 40   52.05sample/s
Class cow      Iteration 80   58.63sample/s
Class cow      Iteration 120  58.48sample/s
Class cow acc = 0.8167
Evaluating class diningtable: 10/20
Class diningtable Iteration 40   53.99sample/s
Class diningtable Iteration 80   59.30sample/s
Class diningtable Iteration 120  57.79sample/s
Class diningtable acc = 0.8294
Evaluating class dog: 11/20
Class dog      Iteration 40   52.74sample/s
Class dog      Iteration 80   55.53sample/s
Class dog      Iteration 120  57.23sample/s
Class dog acc = 0.8222
Evaluating class horse: 12/20
Class horse    Iteration 40   50.05sample/s
Class horse    Iteration 80   54.21sample/s
Class horse    Iteration 120  60.31sample/s
Class horse acc = 0.8271
Evaluating class motorbike: 13/20
Class motorbike Iteration 40   52.91sample/s
Class motorbike Iteration 80   53.92sample/s
Class motorbike Iteration 120  59.08sample/s
Class motorbike acc = 0.8249
Evaluating class person: 14/20
Class person   Iteration 40   52.18sample/s
Class person   Iteration 80   56.32sample/s
Class person   Iteration 120  54.96sample/s
Class person acc = 0.6925
Evaluating class pottedplant: 15/20
Class pottedplant Iteration 40   50.56sample/s
Class pottedplant Iteration 80   54.38sample/s
Class pottedplant Iteration 120  54.81sample/s
Class pottedplant acc = 0.9801
Evaluating class sheep: 16/20
Class sheep    Iteration 40   43.85sample/s
Class sheep    Iteration 80   41.09sample/s
Class sheep    Iteration 120  47.12sample/s
Class sheep acc = 0.7801
Evaluating class sofa: 17/20
Class sofa     Iteration 40   53.15sample/s
Class sofa     Iteration 80   57.32sample/s
Class sofa     Iteration 120  56.46sample/s
Class sofa acc = 0.8123
Evaluating class train: 18/20
Class train    Iteration 40   40.82sample/s
Class train    Iteration 80   42.62sample/s
Class train    Iteration 120  46.53sample/s
Class train acc = 0.9779
Evaluating class tvmonitor: 19/20
Class tvmonitor Iteration 40   93.22sample/s
Class tvmonitor Iteration 80   108.71sample/s
Class tvmonitor Iteration 120  117.01sample/s
Class tvmonitor acc = 0.9564
Evaluation complete in 6m 4s
Matching accuracy
aeroplane = 0.6470
bicycle = 0.7965
bird = 0.7946
boat = 0.7778
bottle = 0.8824
bus = 0.9341
car = 0.8977
cat = 0.8510
chair = 0.6546
cow = 0.8167
diningtable = 0.8294
dog = 0.8222
horse = 0.8271
motorbike = 0.8249
person = 0.6925
pottedplant = 0.9801
sheep = 0.7801
sofa = 0.8123
train = 0.9779
tvmonitor = 0.9564
average = 0.8278
[1;34mwandb[0m: 
[1;34mwandb[0m: You can sync this run to the cloud by running:
[1;34mwandb[0m: [1mwandb sync /scratch/hpc-prf-llmrout/hpcabpo/nmt/wandb/wandb/offline-run-20260923_071950-8wgp483u[0m
[1;34mwandb[0m: Find logs at: [1;35m../../../../../../scratch/hpc-prf-llmrout/hpcabpo/nmt/wandb/wandb/offline-run-20260923_071950-8wgp483u/logs[0m
