CPU_SET_HEX_STR_SIZE: 257, Size of mstr: 257
cpu-bind=MASK - gpu1022, task  0  0 [3770527]: mask |--------|--------|--------|BBBBBBBB|BBBBBBBB|--------|--------|--------|--------|--------|--------|--------||||--------|--------|--------|--------|--------|--------|--------|--------|--------|--------|--------|--------| set
job=3393598 node=gpu1022 gpu=NVIDIA H100 config=/scratch/hpc-prf-llmrout/hpcabpo/nmt/runs/configs/voc_mv_K1_seed4.json wandb=offline
dataset=PascalVOC backbone=vgg16 image_size=256 conv=rational model_dir=/scratch/hpc-prf-llmrout/hpcabpo/nmt/runs/voc_vgg16/mv_K1_seed4
rendezvous port=36497
{
    "BACKBONE": "vgg16",
    "BACKBONE_DIR": "/scratch/hpc-prf-llmrout/hpcabpo/nmt/checkpoints",
    "BATCH_SIZE": 8,
    "CACHE_PATH": "/scratch/hpc-prf-llmrout/hpcabpo/nmt/cache/voc_db",
    "DATASET_NAME": "PascalVOC",
    "EVAL": {
        "SAMPLES": 1000,
        "difficulty_params": {},
        "num_graphs_in_matching_instance": 2
    },
    "IMAGE_SIZE": 256,
    "Matching_TF": {
        "activation": "relu",
        "batch_norm": true,
        "d_model": 648,
        "nGPT_mlp_hidden_mult": 6,
        "n_decoder": 4,
        "n_encoder": 4,
        "n_head": 12,
        "n_lap_EigVec": 8,
        "pos_encoding": false
    },
    "NORM_MEANS": [
        0.485,
        0.456,
        0.406
    ],
    "NORM_STD": [
        0.229,
        0.224,
        0.225
    ],
    "RANDOM_SEED": 4,
    "SPLINE_CNN": {
        "aggr": "max",
        "conv": "rational",
        "degrees": [
            8,
            6
        ],
        "dim": 2,
        "init": "pca",
        "init_noise": 0.001,
        "input_features": 1024,
        "kernel_size": 5,
        "num_bases": 1,
        "output_features": 648,
        "poly": "chebyshev",
        "pyg_init": true,
        "rational_basis": "multivariate",
        "safe": "B",
        "vp": true
    },
    "SPair": {
        "CLASSES": [
            "aeroplane",
            "bicycle",
            "bird",
            "boat",
            "boat",
            "bottle",
            "bus",
            "car",
            "cat",
            "chair",
            "cow",
            "dog",
            "horse",
            "motorbike",
            "person",
            "pottedplant",
            "sheep",
            "train",
            "tvmonitor"
        ],
        "ROOT_DIR": "./data/downloaded/SPair-71k",
        "size": "large"
    },
    "STATISTIC_STEP": 1,
    "TRACK_GRAD_NORM": false,
    "TRAIN": {
        "EPOCH_ITERS": 2000,
        "LR": 0.0005,
        "_comment_epochs": "Identical budget to the SPair-71k sweep so the two NMT columns are comparable: lr_schedule long_halving5 defines 12 epochs, max_epochs stops after 7, and both LR drops (epochs 2 and 5) still happen.",
        "clip_norm": 0,
        "cutmix_beta": 1.0,
        "cutmix_prob": 0.3,
        "difficulty_params": {},
        "layer_loss_param": 0.3,
        "lr_schedule": "long_halving5",
        "max_epochs": 7,
        "mixup_alpha": 0.8,
        "mixup_prob": 0.3,
        "num_graphs_in_matching_instance": 2,
        "random_erasing_prob": 0.3,
        "temperature": 0.1,
        "weight_decay": 0
    },
    "USE_SYNTHETIC": false,
    "VOC2011": {
        "CLASSES": [
            "aeroplane",
            "bicycle",
            "bird",
            "boat",
            "bottle",
            "bus",
            "car",
            "cat",
            "chair",
            "cow",
            "diningtable",
            "dog",
            "horse",
            "motorbike",
            "person",
            "pottedplant",
            "sheep",
            "sofa",
            "train",
            "tvmonitor"
        ],
        "KPT_ANNO_DIR": "/pc2/groups/hpc-prf-llmrout/hpcabpo/rational-basis-cnn/data/PascalVOC/raw/annotations/",
        "ROOT_DIR": "/pc2/groups/hpc-prf-llmrout/hpcabpo/rational-basis-cnn/data/PascalVOC/raw/images/",
        "SET_SPLIT": "/pc2/groups/hpc-prf-llmrout/hpcabpo/rational-basis-cnn/data/PascalVOC/raw/splits.npz"
    },
    "WILLOW": {
        "CLASSES": [
            "Car",
            "Duck",
            "Face",
            "Motorbike",
            "Winebottle"
        ],
        "KPT_LEN": 10,
        "ROOT_DIR": "./data/downloaded/WILLOW/WILLOW-ObjectClass",
        "TRAIN_NUM": 20,
        "TRAIN_OFFSET": 0
    },
    "_comment_batch_size": "BATCH_SIZE is deliberately NOT overridden here. voc_basic.json sets 8, which is NMT's own PascalVOC recipe; the claim being tested is that only the SplineConv layer changes, so the host recipe is left alone. spair_vgg16.json sets 5 because no author-provided SPair recipe existed.",
    "_comment_cache": "data/pascal_voc.py writes a filtered-xml pickle to cfg.CACHE_PATH. The default 'data/cache' is repo-relative, i.e. inside the 50 GB HOME quota, and group storage is read-only inside jobs, so it is redirected to scratch.",
    "_comment_paths": "ROOT_DIR must end in a slash: data/pascal_voc.py builds the image and annotation directories by string concatenation (cfg.VOC2011.ROOT_DIR + 'JPEGImages'). SET_SPLIT points at the split shipped with the shared PascalVOC tree; see NMT_VOC_ROOT in hpc/env.sh for why voc2011_pairs.npz is not required.",
    "_generated_by": "slurm/make_config.py mv_K1 4 (voc)",
    "combine_classes": false,
    "default_json": "experiments/voc_basic.json",
    "eval_sampling": "intersection",
    "evaluate_only": false,
    "exclude_willow_classes": false,
    "keep_last_checkpoint_only": true,
    "log_dir": "runs/",
    "model_dir": "/scratch/hpc-prf-llmrout/hpcabpo/nmt/runs/voc_vgg16/mv_K1_seed4",
    "save_checkpoint": true,
    "train_sampling": "intersection",
    "visualization_params": {
        "produce_pdf": false,
        "reduced_vis": true
    },
    "visualize": false,
    "warmstart_path": null
}
wandb: Tracking run with wandb version 0.30.0
wandb: W&B syncing is set to `offline` in this directory. Run `wandb online` or set WANDB_MODE=online to enable cloud syncing.
wandb: Run data is saved locally in /scratch/hpc-prf-llmrout/hpcabpo/nmt/wandb/wandb/offline-run-20260923_105736-tz0jlvht
wandb: View this run in the terminal with `wandb leet`
xml list loaded from /scratch/hpc-prf-llmrout/hpcabpo/nmt/cache/voc_db/voc_db_train.pkl
TRUE EPOCHS:  False
16000
Initializing train-set. Randomly sampling 16000 examples.
/pc2/groups/hpc-prf-llmrout/hpcabpo/nmt/conda/envs/nmt/lib/python3.12/site-packages/albumentations/core/composition.py:331: UserWarning: Got processor for keypoints, but no transform to process it.
  self._set_keys()
xml list loaded from /scratch/hpc-prf-llmrout/hpcabpo/nmt/cache/voc_db/voc_db_test.pkl
TRUE EPOCHS:  False
1000
Initializing test-set. Randomly sampling 1000 examples.
/pc2/groups/hpc-prf-llmrout/hpcabpo/nmt/conda/envs/nmt/lib/python3.12/site-packages/torchvision/models/_utils.py:208: UserWarning: The parameter 'pretrained' is deprecated since 0.13 and may be removed in the future, please use 'weights' instead.
  warnings.warn(
/pc2/groups/hpc-prf-llmrout/hpcabpo/nmt/conda/envs/nmt/lib/python3.12/site-packages/torchvision/models/_utils.py:223: UserWarning: Arguments other than a weight enum or `None` for 'weights' are deprecated since 0.13 and may be removed in the future. The current behavior is equivalent to passing `weights=VGG16_Weights.IMAGENET1K_V1`. You can also use `weights=VGG16_Weights.DEFAULT` to get the most up-to-date weights.
  warnings.warn(msg)
stopping after 7 epochs (cfg.TRAIN.max_epochs; schedule 'long_halving5' defines 12)
Start training...
NMT model on device: cuda:0
Epoch 0/6
----------
lr = 1.50e-05, 5.00e-04
Epoch 0/6:   0%|          | 0/2000 [00:00<?, ?it/s]/pc2/groups/hpc-prf-llmrout/hpcabpo/nmt/conda/envs/nmt/lib/python3.12/site-packages/torch_geometric/utils/_scatter.py:91: UserWarning: The usage of `scatter(reduce='max')` can be accelerated via the 'torch-scatter' package, but it was not found
  warnings.warn(
[rank0]:[W923 10:57:42.946389297 reducer.cpp:1528] Warning: find_unused_parameters=True was specified in DDP constructor, but did not find any unused parameters in the forward pass. This flag results in an extra traversal of the autograd graph every iteration,  which can adversely affect performance. If your model indeed never has any unused parameters in the forward pass, consider turning this flag off. Note that this warning may be a false positive if your model has flow control causing later iterations to have unused parameters. (function operator())
Epoch 0/6: 100%|██████████| 2000/2000 [09:30<00:00,  3.51it/s, loss=3.0577, acc=0.5844]
epoch loss: 3.970696040391922, epoch accuracy: 0.5844251039192399
completed in 570.19s (9.50m)
Start evaluation...
Evaluating class aeroplane: 0/20
Class aeroplane Iteration 40   24.93sample/s
Class aeroplane Iteration 80   24.51sample/s
Class aeroplane Iteration 120  25.57sample/s
Class aeroplane acc = 0.4690
Evaluating class bicycle: 1/20
Class bicycle  Iteration 40   26.86sample/s
Class bicycle  Iteration 80   26.32sample/s
Class bicycle  Iteration 120  25.89sample/s
Class bicycle acc = 0.7428
Evaluating class bird: 2/20
Class bird     Iteration 40   22.52sample/s
Class bird     Iteration 80   24.68sample/s
Class bird     Iteration 120  23.05sample/s
Class bird acc = 0.6507
Evaluating class boat: 3/20
Class boat     Iteration 40   26.39sample/s
Class boat     Iteration 80   23.98sample/s
Class boat     Iteration 120  27.08sample/s
Class boat acc = 0.6389
Evaluating class bottle: 4/20
Class bottle   Iteration 40   25.96sample/s
Class bottle   Iteration 80   24.77sample/s
Class bottle   Iteration 120  27.90sample/s
Class bottle acc = 0.8412
Evaluating class bus: 5/20
Class bus      Iteration 40   24.55sample/s
Class bus      Iteration 80   27.83sample/s
Class bus      Iteration 120  27.65sample/s
Class bus acc = 0.8282
Evaluating class car: 6/20
Class car      Iteration 40   21.89sample/s
Class car      Iteration 80   24.66sample/s
Class car      Iteration 120  20.87sample/s
Class car acc = 0.7511
Evaluating class cat: 7/20
Class cat      Iteration 40   24.01sample/s
Class cat      Iteration 80   23.48sample/s
Class cat      Iteration 120  27.99sample/s
Class cat acc = 0.7363
Evaluating class chair: 8/20
Class chair    Iteration 40   25.95sample/s
Class chair    Iteration 80   28.06sample/s
Class chair    Iteration 120  28.17sample/s
Class chair acc = 0.4281
Evaluating class cow: 9/20
Class cow      Iteration 40   24.41sample/s
Class cow      Iteration 80   28.38sample/s
Class cow      Iteration 120  26.64sample/s
Class cow acc = 0.6621
Evaluating class diningtable: 10/20
Class diningtable Iteration 40   26.08sample/s
Class diningtable Iteration 80   27.96sample/s
Class diningtable Iteration 120  25.98sample/s
Class diningtable acc = 0.7079
Evaluating class dog: 11/20
Class dog      Iteration 40   26.50sample/s
Class dog      Iteration 80   26.19sample/s
Class dog      Iteration 120  30.03sample/s
Class dog acc = 0.6812
Evaluating class horse: 12/20
Class horse    Iteration 40   25.66sample/s
Class horse    Iteration 80   27.28sample/s
Class horse    Iteration 120  31.07sample/s
Class horse acc = 0.6911
Evaluating class motorbike: 13/20
Class motorbike Iteration 40   29.02sample/s
Class motorbike Iteration 80   28.56sample/s
Class motorbike Iteration 120  27.73sample/s
Class motorbike acc = 0.6819
Evaluating class person: 14/20
Class person   Iteration 40   31.15sample/s
Class person   Iteration 80   29.50sample/s
Class person   Iteration 120  27.89sample/s
Class person acc = 0.4791
Evaluating class pottedplant: 15/20
Class pottedplant Iteration 40   29.00sample/s
Class pottedplant Iteration 80   30.35sample/s
Class pottedplant Iteration 120  27.38sample/s
Class pottedplant acc = 0.9248
Evaluating class sheep: 16/20
Class sheep    Iteration 40   21.90sample/s
Class sheep    Iteration 80   22.95sample/s
Class sheep    Iteration 120  24.73sample/s
Class sheep acc = 0.6736
Evaluating class sofa: 17/20
Class sofa     Iteration 40   25.97sample/s
Class sofa     Iteration 80   28.45sample/s
Class sofa     Iteration 120  28.79sample/s
Class sofa acc = 0.6279
Evaluating class train: 18/20
Class train    Iteration 40   18.83sample/s
Class train    Iteration 80   21.99sample/s
Class train    Iteration 120  24.22sample/s
Class train acc = 0.9205
Evaluating class tvmonitor: 19/20
Class tvmonitor Iteration 40   24.95sample/s
Class tvmonitor Iteration 80   25.40sample/s
Class tvmonitor Iteration 120  30.02sample/s
Class tvmonitor acc = 0.9443
Evaluation complete in 12m 60s
Matching accuracy
aeroplane = 0.4690
bicycle = 0.7428
bird = 0.6507
boat = 0.6389
bottle = 0.8412
bus = 0.8282
car = 0.7511
cat = 0.7363
chair = 0.4281
cow = 0.6621
diningtable = 0.7079
dog = 0.6812
horse = 0.6911
motorbike = 0.6819
person = 0.4791
pottedplant = 0.9248
sheep = 0.6736
sofa = 0.6279
train = 0.9205
tvmonitor = 0.9443
average = 0.7040
Epoch 1/6
----------
lr = 1.50e-05, 5.00e-04
Epoch 1/6: 100%|██████████| 2000/2000 [10:04<00:00,  3.31it/s, loss=4.2168, acc=0.7174]
epoch loss: 2.9674838180243968, epoch accuracy: 0.7173675536544266
completed in 604.99s (10.08m)
Start evaluation...
Evaluating class aeroplane: 0/20
Class aeroplane Iteration 40   26.85sample/s
Class aeroplane Iteration 80   24.20sample/s
Class aeroplane Iteration 120  27.83sample/s
Class aeroplane acc = 0.5524
Evaluating class bicycle: 1/20
Class bicycle  Iteration 40   27.50sample/s
Class bicycle  Iteration 80   27.72sample/s
Class bicycle  Iteration 120  28.32sample/s
Class bicycle acc = 0.7659
Evaluating class bird: 2/20
Class bird     Iteration 40   24.45sample/s
Class bird     Iteration 80   25.47sample/s
Class bird     Iteration 120  25.62sample/s
Class bird acc = 0.7044
Evaluating class boat: 3/20
Class boat     Iteration 40   28.65sample/s
Class boat     Iteration 80   25.52sample/s
Class boat     Iteration 120  28.97sample/s
Class boat acc = 0.6861
Evaluating class bottle: 4/20
Class bottle   Iteration 40   29.79sample/s
Class bottle   Iteration 80   27.79sample/s
Class bottle   Iteration 120  27.93sample/s
Class bottle acc = 0.8563
Evaluating class bus: 5/20
Class bus      Iteration 40   27.50sample/s
Class bus      Iteration 80   29.11sample/s
Class bus      Iteration 120  29.49sample/s
Class bus acc = 0.8364
Evaluating class car: 6/20
Class car      Iteration 40   21.71sample/s
Class car      Iteration 80   25.37sample/s
Class car      Iteration 120  23.85sample/s
Class car acc = 0.8003
Evaluating class cat: 7/20
Class cat      Iteration 40   27.28sample/s
Class cat      Iteration 80   29.32sample/s
Class cat      Iteration 120  32.23sample/s
Class cat acc = 0.7770
Evaluating class chair: 8/20
Class chair    Iteration 40   28.96sample/s
Class chair    Iteration 80   30.12sample/s
Class chair    Iteration 120  31.21sample/s
Class chair acc = 0.4587
Evaluating class cow: 9/20
Class cow      Iteration 40   28.17sample/s
Class cow      Iteration 80   30.36sample/s
Class cow      Iteration 120  29.26sample/s
Class cow acc = 0.7045
Evaluating class diningtable: 10/20
Class diningtable Iteration 40   30.02sample/s
Class diningtable Iteration 80   29.46sample/s
Class diningtable Iteration 120  29.34sample/s
Class diningtable acc = 0.7186
Evaluating class dog: 11/20
Class dog      Iteration 40   32.83sample/s
Class dog      Iteration 80   27.11sample/s
Class dog      Iteration 120  30.66sample/s
Class dog acc = 0.7121
Evaluating class horse: 12/20
Class horse    Iteration 40   27.87sample/s
Class horse    Iteration 80   28.57sample/s
Class horse    Iteration 120  32.39sample/s
Class horse acc = 0.7493
Evaluating class motorbike: 13/20
Class motorbike Iteration 40   36.50sample/s
Class motorbike Iteration 80   27.76sample/s
Class motorbike Iteration 120  29.14sample/s
Class motorbike acc = 0.7264
Evaluating class person: 14/20
Class person   Iteration 40   32.10sample/s
Class person   Iteration 80   30.06sample/s
Class person   Iteration 120  30.20sample/s
Class person acc = 0.5238
Evaluating class pottedplant: 15/20
Class pottedplant Iteration 40   27.94sample/s
Class pottedplant Iteration 80   30.81sample/s
Class pottedplant Iteration 120  28.95sample/s
Class pottedplant acc = 0.9410
Evaluating class sheep: 16/20
Class sheep    Iteration 40   21.10sample/s
Class sheep    Iteration 80   22.51sample/s
Class sheep    Iteration 120  22.39sample/s
Class sheep acc = 0.6946
Evaluating class sofa: 17/20
Class sofa     Iteration 40   27.31sample/s
Class sofa     Iteration 80   28.33sample/s
Class sofa     Iteration 120  27.35sample/s
Class sofa acc = 0.6448
Evaluating class train: 18/20
Class train    Iteration 40   18.97sample/s
Class train    Iteration 80   21.67sample/s
Class train    Iteration 120  23.24sample/s
Class train acc = 0.9431
Evaluating class tvmonitor: 19/20
Class tvmonitor Iteration 40   23.88sample/s
Class tvmonitor Iteration 80   24.85sample/s
Class tvmonitor Iteration 120  30.49sample/s
Class tvmonitor acc = 0.9435
Evaluation complete in 12m 20s
Matching accuracy
aeroplane = 0.5524
bicycle = 0.7659
bird = 0.7044
boat = 0.6861
bottle = 0.8563
bus = 0.8364
car = 0.8003
cat = 0.7770
chair = 0.4587
cow = 0.7045
diningtable = 0.7186
dog = 0.7121
horse = 0.7493
motorbike = 0.7264
person = 0.5238
pottedplant = 0.9410
sheep = 0.6946
sofa = 0.6448
train = 0.9431
tvmonitor = 0.9435
average = 0.7370
Epoch 2/6
----------
lr = 1.50e-06, 5.00e-05
Epoch 2/6: 100%|██████████| 2000/2000 [09:59<00:00,  3.33it/s, loss=1.9196, acc=0.7711]
epoch loss: 2.544769328147173, epoch accuracy: 0.7710718483622868
completed in 599.85s (10.00m)
Start evaluation...
Evaluating class aeroplane: 0/20
Class aeroplane Iteration 40   27.52sample/s
Class aeroplane Iteration 80   25.24sample/s
Class aeroplane Iteration 120  27.70sample/s
Class aeroplane acc = 0.5878
Evaluating class bicycle: 1/20
Class bicycle  Iteration 40   26.15sample/s
Class bicycle  Iteration 80   25.31sample/s
Class bicycle  Iteration 120  27.01sample/s
Class bicycle acc = 0.7771
Evaluating class bird: 2/20
Class bird     Iteration 40   23.44sample/s
Class bird     Iteration 80   25.16sample/s
Class bird     Iteration 120  23.21sample/s
Class bird acc = 0.7249
Evaluating class boat: 3/20
Class boat     Iteration 40   26.44sample/s
Class boat     Iteration 80   22.80sample/s
Class boat     Iteration 120  24.21sample/s
Class boat acc = 0.7348
Evaluating class bottle: 4/20
Class bottle   Iteration 40   25.76sample/s
Class bottle   Iteration 80   25.23sample/s
Class bottle   Iteration 120  25.94sample/s
Class bottle acc = 0.8619
Evaluating class bus: 5/20
Class bus      Iteration 40   24.09sample/s
Class bus      Iteration 80   25.85sample/s
Class bus      Iteration 120  25.01sample/s
Class bus acc = 0.8714
Evaluating class car: 6/20
Class car      Iteration 40   19.83sample/s
Class car      Iteration 80   25.40sample/s
Class car      Iteration 120  21.88sample/s
Class car acc = 0.8253
Evaluating class cat: 7/20
Class cat      Iteration 40   26.02sample/s
Class cat      Iteration 80   25.81sample/s
Class cat      Iteration 120  27.29sample/s
Class cat acc = 0.7976
Evaluating class chair: 8/20
Class chair    Iteration 40   28.67sample/s
Class chair    Iteration 80   27.49sample/s
Class chair    Iteration 120  28.35sample/s
Class chair acc = 0.4723
Evaluating class cow: 9/20
Class cow      Iteration 40   26.84sample/s
Class cow      Iteration 80   28.73sample/s
Class cow      Iteration 120  29.07sample/s
Class cow acc = 0.7469
Evaluating class diningtable: 10/20
Class diningtable Iteration 40   27.58sample/s
Class diningtable Iteration 80   30.10sample/s
Class diningtable Iteration 120  27.76sample/s
Class diningtable acc = 0.7508
Evaluating class dog: 11/20
Class dog      Iteration 40   28.58sample/s
Class dog      Iteration 80   26.32sample/s
Class dog      Iteration 120  28.24sample/s
Class dog acc = 0.7448
Evaluating class horse: 12/20
Class horse    Iteration 40   27.99sample/s
Class horse    Iteration 80   26.82sample/s
Class horse    Iteration 120  28.70sample/s
Class horse acc = 0.7713
Evaluating class motorbike: 13/20
Class motorbike Iteration 40   28.97sample/s
Class motorbike Iteration 80   26.09sample/s
Class motorbike Iteration 120  29.03sample/s
Class motorbike acc = 0.7473
Evaluating class person: 14/20
Class person   Iteration 40   32.09sample/s
Class person   Iteration 80   28.88sample/s
Class person   Iteration 120  30.41sample/s
Class person acc = 0.5653
Evaluating class pottedplant: 15/20
Class pottedplant Iteration 40   27.21sample/s
Class pottedplant Iteration 80   32.07sample/s
Class pottedplant Iteration 120  29.46sample/s
Class pottedplant acc = 0.9569
Evaluating class sheep: 16/20
Class sheep    Iteration 40   19.98sample/s
Class sheep    Iteration 80   22.14sample/s
Class sheep    Iteration 120  22.98sample/s
Class sheep acc = 0.7170
Evaluating class sofa: 17/20
Class sofa     Iteration 40   29.69sample/s
Class sofa     Iteration 80   30.18sample/s
Class sofa     Iteration 120  30.52sample/s
Class sofa acc = 0.7283
Evaluating class train: 18/20
Class train    Iteration 40   20.38sample/s
Class train    Iteration 80   22.57sample/s
Class train    Iteration 120  23.23sample/s
Class train acc = 0.9785
Evaluating class tvmonitor: 19/20
Class tvmonitor Iteration 40   26.02sample/s
Class tvmonitor Iteration 80   27.01sample/s
Class tvmonitor Iteration 120  31.20sample/s
Class tvmonitor acc = 0.9504
Evaluation complete in 12m 53s
Matching accuracy
aeroplane = 0.5878
bicycle = 0.7771
bird = 0.7249
boat = 0.7348
bottle = 0.8619
bus = 0.8714
car = 0.8253
cat = 0.7976
chair = 0.4723
cow = 0.7469
diningtable = 0.7508
dog = 0.7448
horse = 0.7713
motorbike = 0.7473
person = 0.5653
pottedplant = 0.9569
sheep = 0.7170
sofa = 0.7283
train = 0.9785
tvmonitor = 0.9504
average = 0.7655
Epoch 3/6
----------
lr = 1.50e-06, 5.00e-05
Epoch 3/6: 100%|██████████| 2000/2000 [09:52<00:00,  3.38it/s, loss=3.0722, acc=0.8010]
epoch loss: 2.3256488194167613, epoch accuracy: 0.801031543211028
completed in 592.50s (9.88m)
Start evaluation...
Evaluating class aeroplane: 0/20
Class aeroplane Iteration 40   26.55sample/s
Class aeroplane Iteration 80   25.17sample/s
Class aeroplane Iteration 120  27.65sample/s
Class aeroplane acc = 0.6026
Evaluating class bicycle: 1/20
Class bicycle  Iteration 40   27.94sample/s
Class bicycle  Iteration 80   27.17sample/s
Class bicycle  Iteration 120  26.86sample/s
Class bicycle acc = 0.7771
Evaluating class bird: 2/20
Class bird     Iteration 40   23.29sample/s
Class bird     Iteration 80   25.30sample/s
Class bird     Iteration 120  24.25sample/s
Class bird acc = 0.7363
Evaluating class boat: 3/20
Class boat     Iteration 40   26.27sample/s
Class boat     Iteration 80   24.72sample/s
Class boat     Iteration 120  26.77sample/s
Class boat acc = 0.7439
Evaluating class bottle: 4/20
Class bottle   Iteration 40   27.59sample/s
Class bottle   Iteration 80   29.31sample/s
Class bottle   Iteration 120  27.67sample/s
Class bottle acc = 0.8698
Evaluating class bus: 5/20
Class bus      Iteration 40   25.79sample/s
Class bus      Iteration 80   28.39sample/s
Class bus      Iteration 120  27.97sample/s
Class bus acc = 0.8823
Evaluating class car: 6/20
Class car      Iteration 40   21.83sample/s
Class car      Iteration 80   25.47sample/s
Class car      Iteration 120  22.40sample/s
Class car acc = 0.8479
Evaluating class cat: 7/20
Class cat      Iteration 40   27.12sample/s
Class cat      Iteration 80   27.04sample/s
Class cat      Iteration 120  29.89sample/s
Class cat acc = 0.8078
Evaluating class chair: 8/20
Class chair    Iteration 40   29.70sample/s
Class chair    Iteration 80   29.06sample/s
Class chair    Iteration 120  29.48sample/s
Class chair acc = 0.4889
Evaluating class cow: 9/20
Class cow      Iteration 40   27.15sample/s
Class cow      Iteration 80   29.40sample/s
Class cow      Iteration 120  29.22sample/s
Class cow acc = 0.7571
Evaluating class diningtable: 10/20
Class diningtable Iteration 40   31.25sample/s
Class diningtable Iteration 80   31.55sample/s
Class diningtable Iteration 120  30.78sample/s
Class diningtable acc = 0.7569
Evaluating class dog: 11/20
Class dog      Iteration 40   31.81sample/s
Class dog      Iteration 80   28.43sample/s
Class dog      Iteration 120  31.31sample/s
Class dog acc = 0.7519
Evaluating class horse: 12/20
Class horse    Iteration 40   29.39sample/s
Class horse    Iteration 80   31.09sample/s
Class horse    Iteration 120  32.08sample/s
Class horse acc = 0.7851
Evaluating class motorbike: 13/20
Class motorbike Iteration 40   35.69sample/s
Class motorbike Iteration 80   32.73sample/s
Class motorbike Iteration 120  33.56sample/s
Class motorbike acc = 0.7559
Evaluating class person: 14/20
Class person   Iteration 40   34.38sample/s
Class person   Iteration 80   36.04sample/s
Class person   Iteration 120  32.22sample/s
Class person acc = 0.5796
Evaluating class pottedplant: 15/20
Class pottedplant Iteration 40   29.72sample/s
Class pottedplant Iteration 80   38.61sample/s
Class pottedplant Iteration 120  31.92sample/s
Class pottedplant acc = 0.9597
Evaluating class sheep: 16/20
Class sheep    Iteration 40   23.54sample/s
Class sheep    Iteration 80   24.66sample/s
Class sheep    Iteration 120  24.59sample/s
Class sheep acc = 0.7267
Evaluating class sofa: 17/20
Class sofa     Iteration 40   31.72sample/s
Class sofa     Iteration 80   31.22sample/s
Class sofa     Iteration 120  30.20sample/s
Class sofa acc = 0.7187
Evaluating class train: 18/20
Class train    Iteration 40   20.89sample/s
Class train    Iteration 80   23.08sample/s
Class train    Iteration 120  24.41sample/s
Class train acc = 0.9764
Evaluating class tvmonitor: 19/20
Class tvmonitor Iteration 40   24.46sample/s
Class tvmonitor Iteration 80   26.52sample/s
Class tvmonitor Iteration 120  31.63sample/s
Class tvmonitor acc = 0.9498
Evaluation complete in 12m 3s
Matching accuracy
aeroplane = 0.6026
bicycle = 0.7771
bird = 0.7363
boat = 0.7439
bottle = 0.8698
bus = 0.8823
car = 0.8479
cat = 0.8078
chair = 0.4889
cow = 0.7571
diningtable = 0.7569
dog = 0.7519
horse = 0.7851
motorbike = 0.7559
person = 0.5796
pottedplant = 0.9597
sheep = 0.7267
sofa = 0.7187
train = 0.9764
tvmonitor = 0.9498
average = 0.7737
Epoch 4/6
----------
lr = 1.50e-06, 5.00e-05
Epoch 4/6: 100%|██████████| 2000/2000 [09:03<00:00,  3.68it/s, loss=1.4817, acc=0.8112]
epoch loss: 2.2844859712421894, epoch accuracy: 0.8112454294455638
completed in 543.13s (9.05m)
Start evaluation...
Evaluating class aeroplane: 0/20
Class aeroplane Iteration 40   43.18sample/s
Class aeroplane Iteration 80   48.14sample/s
Class aeroplane Iteration 120  49.08sample/s
Class aeroplane acc = 0.6069
Evaluating class bicycle: 1/20
Class bicycle  Iteration 40   42.82sample/s
Class bicycle  Iteration 80   47.48sample/s
Class bicycle  Iteration 120  51.48sample/s
Class bicycle acc = 0.7745
Evaluating class bird: 2/20
Class bird     Iteration 40   39.71sample/s
Class bird     Iteration 80   48.98sample/s
Class bird     Iteration 120  42.56sample/s
Class bird acc = 0.7377
Evaluating class boat: 3/20
Class boat     Iteration 40   44.19sample/s
Class boat     Iteration 80   46.52sample/s
Class boat     Iteration 120  48.72sample/s
Class boat acc = 0.7514
Evaluating class bottle: 4/20
Class bottle   Iteration 40   48.29sample/s
Class bottle   Iteration 80   58.63sample/s
Class bottle   Iteration 120  50.85sample/s
Class bottle acc = 0.8771
Evaluating class bus: 5/20
Class bus      Iteration 40   42.52sample/s
Class bus      Iteration 80   51.57sample/s
Class bus      Iteration 120  51.12sample/s
Class bus acc = 0.8963
Evaluating class car: 6/20
Class car      Iteration 40   36.95sample/s
Class car      Iteration 80   53.87sample/s
Class car      Iteration 120  38.15sample/s
Class car acc = 0.8587
Evaluating class cat: 7/20
Class cat      Iteration 40   44.63sample/s
Class cat      Iteration 80   51.02sample/s
Class cat      Iteration 120  50.61sample/s
Class cat acc = 0.8007
Evaluating class chair: 8/20
Class chair    Iteration 40   44.71sample/s
Class chair    Iteration 80   48.84sample/s
Class chair    Iteration 120  51.85sample/s
Class chair acc = 0.4886
Evaluating class cow: 9/20
Class cow      Iteration 40   45.47sample/s
Class cow      Iteration 80   52.10sample/s
Class cow      Iteration 120  50.87sample/s
Class cow acc = 0.7743
Evaluating class diningtable: 10/20
Class diningtable Iteration 40   48.99sample/s
Class diningtable Iteration 80   53.83sample/s
Class diningtable Iteration 120  50.79sample/s
Class diningtable acc = 0.7878
Evaluating class dog: 11/20
Class dog      Iteration 40   44.09sample/s
Class dog      Iteration 80   53.70sample/s
Class dog      Iteration 120  55.81sample/s
Class dog acc = 0.7647
Evaluating class horse: 12/20
Class horse    Iteration 40   44.64sample/s
Class horse    Iteration 80   52.69sample/s
Class horse    Iteration 120  56.09sample/s
Class horse acc = 0.8010
Evaluating class motorbike: 13/20
Class motorbike Iteration 40   48.69sample/s
Class motorbike Iteration 80   47.37sample/s
Class motorbike Iteration 120  60.13sample/s
Class motorbike acc = 0.7598
Evaluating class person: 14/20
Class person   Iteration 40   46.92sample/s
Class person   Iteration 80   55.18sample/s
Class person   Iteration 120  56.03sample/s
Class person acc = 0.5931
Evaluating class pottedplant: 15/20
Class pottedplant Iteration 40   49.23sample/s
Class pottedplant Iteration 80   56.88sample/s
Class pottedplant Iteration 120  77.97sample/s
Class pottedplant acc = 0.9601
Evaluating class sheep: 16/20
Class sheep    Iteration 40   30.99sample/s
Class sheep    Iteration 80   33.08sample/s
Class sheep    Iteration 120  35.02sample/s
Class sheep acc = 0.7399
Evaluating class sofa: 17/20
Class sofa     Iteration 40   41.11sample/s
Class sofa     Iteration 80   42.31sample/s
Class sofa     Iteration 120  43.11sample/s
Class sofa acc = 0.6985
Evaluating class train: 18/20
Class train    Iteration 40   28.20sample/s
Class train    Iteration 80   31.00sample/s
Class train    Iteration 120  34.12sample/s
Class train acc = 0.9808
Evaluating class tvmonitor: 19/20
Class tvmonitor Iteration 40   36.47sample/s
Class tvmonitor Iteration 80   40.66sample/s
Class tvmonitor Iteration 120  45.35sample/s
Class tvmonitor acc = 0.9460
Evaluation complete in 7m 21s
Matching accuracy
aeroplane = 0.6069
bicycle = 0.7745
bird = 0.7377
boat = 0.7514
bottle = 0.8771
bus = 0.8963
car = 0.8587
cat = 0.8007
chair = 0.4886
cow = 0.7743
diningtable = 0.7878
dog = 0.7647
horse = 0.8010
motorbike = 0.7598
person = 0.5931
pottedplant = 0.9601
sheep = 0.7399
sofa = 0.6985
train = 0.9808
tvmonitor = 0.9460
average = 0.7799
Epoch 5/6
----------
lr = 1.50e-07, 5.00e-06
Epoch 5/6: 100%|██████████| 2000/2000 [07:16<00:00,  4.58it/s, loss=1.5940, acc=0.8174]
epoch loss: 2.218470028579235, epoch accuracy: 0.8173667392210439
completed in 436.43s (7.27m)
Start evaluation...
Evaluating class aeroplane: 0/20
Class aeroplane Iteration 40   56.15sample/s
Class aeroplane Iteration 80   56.16sample/s
Class aeroplane Iteration 120  64.58sample/s
Class aeroplane acc = 0.6103
Evaluating class bicycle: 1/20
Class bicycle  Iteration 40   57.85sample/s
Class bicycle  Iteration 80   63.80sample/s
Class bicycle  Iteration 120  62.08sample/s
Class bicycle acc = 0.7774
Evaluating class bird: 2/20
Class bird     Iteration 40   50.32sample/s
Class bird     Iteration 80   54.59sample/s
Class bird     Iteration 120  59.58sample/s
Class bird acc = 0.7372
Evaluating class boat: 3/20
Class boat     Iteration 40   56.26sample/s
Class boat     Iteration 80   53.31sample/s
Class boat     Iteration 120  65.69sample/s
Class boat acc = 0.7542
Evaluating class bottle: 4/20
Class bottle   Iteration 40   57.31sample/s
Class bottle   Iteration 80   63.14sample/s
Class bottle   Iteration 120  63.07sample/s
Class bottle acc = 0.8779
Evaluating class bus: 5/20
Class bus      Iteration 40   55.64sample/s
Class bus      Iteration 80   63.67sample/s
Class bus      Iteration 120  63.43sample/s
Class bus acc = 0.9008
Evaluating class car: 6/20
Class car      Iteration 40   45.78sample/s
Class car      Iteration 80   54.75sample/s
Class car      Iteration 120  47.76sample/s
Class car acc = 0.8651
Evaluating class cat: 7/20
Class cat      Iteration 40   63.95sample/s
Class cat      Iteration 80   58.81sample/s
Class cat      Iteration 120  64.95sample/s
Class cat acc = 0.8122
Evaluating class chair: 8/20
Class chair    Iteration 40   68.01sample/s
Class chair    Iteration 80   61.97sample/s
Class chair    Iteration 120  63.42sample/s
Class chair acc = 0.4945
Evaluating class cow: 9/20
Class cow      Iteration 40   59.44sample/s
Class cow      Iteration 80   71.08sample/s
Class cow      Iteration 120  62.92sample/s
Class cow acc = 0.7750
Evaluating class diningtable: 10/20
Class diningtable Iteration 40   59.88sample/s
Class diningtable Iteration 80   87.70sample/s
Class diningtable Iteration 120  77.65sample/s
Class diningtable acc = 0.7993
Evaluating class dog: 11/20
Class dog      Iteration 40   77.70sample/s
Class dog      Iteration 80   85.82sample/s
Class dog      Iteration 120  87.02sample/s
Class dog acc = 0.7674
Evaluating class horse: 12/20
Class horse    Iteration 40   77.32sample/s
Class horse    Iteration 80   85.54sample/s
Class horse    Iteration 120  90.55sample/s
Class horse acc = 0.7995
Evaluating class motorbike: 13/20
Class motorbike Iteration 40   82.40sample/s
Class motorbike Iteration 80   87.98sample/s
Class motorbike Iteration 120  91.62sample/s
Class motorbike acc = 0.7660
Evaluating class person: 14/20
Class person   Iteration 40   87.67sample/s
Class person   Iteration 80   96.56sample/s
Class person   Iteration 120  95.33sample/s
Class person acc = 0.5998
Evaluating class pottedplant: 15/20
Class pottedplant Iteration 40   86.66sample/s
Class pottedplant Iteration 80   91.14sample/s
Class pottedplant Iteration 120  92.92sample/s
Class pottedplant acc = 0.9611
Evaluating class sheep: 16/20
Class sheep    Iteration 40   63.00sample/s
Class sheep    Iteration 80   65.18sample/s
Class sheep    Iteration 120  74.57sample/s
Class sheep acc = 0.7377
Evaluating class sofa: 17/20
Class sofa     Iteration 40   84.00sample/s
Class sofa     Iteration 80   92.13sample/s
Class sofa     Iteration 120  84.40sample/s
Class sofa acc = 0.7072
Evaluating class train: 18/20
Class train    Iteration 40   56.67sample/s
Class train    Iteration 80   68.55sample/s
Class train    Iteration 120  72.14sample/s
Class train acc = 0.9788
Evaluating class tvmonitor: 19/20
Class tvmonitor Iteration 40   79.27sample/s
Class tvmonitor Iteration 80   85.08sample/s
Class tvmonitor Iteration 120  93.83sample/s
Class tvmonitor acc = 0.9468
Evaluation complete in 4m 51s
Matching accuracy
aeroplane = 0.6103
bicycle = 0.7774
bird = 0.7372
boat = 0.7542
bottle = 0.8779
bus = 0.9008
car = 0.8651
cat = 0.8122
chair = 0.4945
cow = 0.7750
diningtable = 0.7993
dog = 0.7674
horse = 0.7995
motorbike = 0.7660
person = 0.5998
pottedplant = 0.9611
sheep = 0.7377
sofa = 0.7072
train = 0.9788
tvmonitor = 0.9468
average = 0.7834
Epoch 6/6
----------
lr = 1.50e-07, 5.00e-06
Epoch 6/6: 100%|██████████| 2000/2000 [07:22<00:00,  4.52it/s, loss=1.8596, acc=0.8226]
epoch loss: 2.1863937538266183, epoch accuracy: 0.8226389495497672
completed in 442.66s (7.38m)
Start evaluation...
Evaluating class aeroplane: 0/20
Class aeroplane Iteration 40   57.89sample/s
Class aeroplane Iteration 80   60.21sample/s
Class aeroplane Iteration 120  72.58sample/s
Class aeroplane acc = 0.6143
Evaluating class bicycle: 1/20
Class bicycle  Iteration 40   58.60sample/s
Class bicycle  Iteration 80   59.52sample/s
Class bicycle  Iteration 120  71.90sample/s
Class bicycle acc = 0.7802
Evaluating class bird: 2/20
Class bird     Iteration 40   49.84sample/s
Class bird     Iteration 80   57.23sample/s
Class bird     Iteration 120  65.56sample/s
Class bird acc = 0.7340
Evaluating class boat: 3/20
Class boat     Iteration 40   57.71sample/s
Class boat     Iteration 80   58.40sample/s
Class boat     Iteration 120  72.82sample/s
Class boat acc = 0.7540
Evaluating class bottle: 4/20
Class bottle   Iteration 40   59.10sample/s
Class bottle   Iteration 80   63.64sample/s
Class bottle   Iteration 120  68.65sample/s
Class bottle acc = 0.8790
Evaluating class bus: 5/20
Class bus      Iteration 40   54.73sample/s
Class bus      Iteration 80   65.91sample/s
Class bus      Iteration 120  65.37sample/s
Class bus acc = 0.8967
Evaluating class car: 6/20
Class car      Iteration 40   47.48sample/s
Class car      Iteration 80   59.28sample/s
Class car      Iteration 120  63.06sample/s
Class car acc = 0.8651
Evaluating class cat: 7/20
Class cat      Iteration 40   61.31sample/s
Class cat      Iteration 80   62.85sample/s
Class cat      Iteration 120  75.32sample/s
Class cat acc = 0.8134
Evaluating class chair: 8/20
Class chair    Iteration 40   59.13sample/s
Class chair    Iteration 80   65.78sample/s
Class chair    Iteration 120  66.06sample/s
Class chair acc = 0.5016
Evaluating class cow: 9/20
Class cow      Iteration 40   57.24sample/s
Class cow      Iteration 80   63.92sample/s
Class cow      Iteration 120  62.41sample/s
Class cow acc = 0.7772
Evaluating class diningtable: 10/20
Class diningtable Iteration 40   111.64sample/s
Class diningtable Iteration 80   130.13sample/s
Class diningtable Iteration 120  132.18sample/s
Class diningtable acc = 0.7684
Evaluating class dog: 11/20
Class dog      Iteration 40   103.53sample/s
Class dog      Iteration 80   116.79sample/s
Class dog      Iteration 120  130.46sample/s
Class dog acc = 0.7701
Evaluating class horse: 12/20
Class horse    Iteration 40   104.05sample/s
Class horse    Iteration 80   122.83sample/s
Class horse    Iteration 120  134.67sample/s
Class horse acc = 0.8023
Evaluating class motorbike: 13/20
Class motorbike Iteration 40   105.49sample/s
Class motorbike Iteration 80   129.12sample/s
Class motorbike Iteration 120  127.31sample/s
Class motorbike acc = 0.7681
Evaluating class person: 14/20
Class person   Iteration 40   110.80sample/s
Class person   Iteration 80   130.57sample/s
Class person   Iteration 120  135.52sample/s
Class person acc = 0.6021
Evaluating class pottedplant: 15/20
Class pottedplant Iteration 40   113.71sample/s
Class pottedplant Iteration 80   135.19sample/s
Class pottedplant Iteration 120  133.90sample/s
Class pottedplant acc = 0.9629
Evaluating class sheep: 16/20
Class sheep    Iteration 40   86.21sample/s
Class sheep    Iteration 80   99.36sample/s
Class sheep    Iteration 120  109.38sample/s
Class sheep acc = 0.7390
Evaluating class sofa: 17/20
Class sofa     Iteration 40   116.98sample/s
Class sofa     Iteration 80   130.93sample/s
Class sofa     Iteration 120  131.49sample/s
Class sofa acc = 0.7069
Evaluating class train: 18/20
Class train    Iteration 40   78.99sample/s
Class train    Iteration 80   97.57sample/s
Class train    Iteration 120  106.52sample/s
Class train acc = 0.9805
Evaluating class tvmonitor: 19/20
Class tvmonitor Iteration 40   105.38sample/s
Class tvmonitor Iteration 80   117.13sample/s
Class tvmonitor Iteration 120  136.30sample/s
Class tvmonitor acc = 0.9474
Evaluation complete in 4m 8s
Matching accuracy
aeroplane = 0.6143
bicycle = 0.7802
bird = 0.7340
boat = 0.7540
bottle = 0.8790
bus = 0.8967
car = 0.8651
cat = 0.8134
chair = 0.5016
cow = 0.7772
diningtable = 0.7684
dog = 0.7701
horse = 0.8023
motorbike = 0.7681
person = 0.6021
pottedplant = 0.9629
sheep = 0.7390
sofa = 0.7069
train = 0.9805
tvmonitor = 0.9474
average = 0.7832
[1;34mwandb[0m: 
[1;34mwandb[0m: You can sync this run to the cloud by running:
[1;34mwandb[0m: [1mwandb sync /scratch/hpc-prf-llmrout/hpcabpo/nmt/wandb/wandb/offline-run-20260923_105736-tz0jlvht[0m
[1;34mwandb[0m: Find logs at: [1;35m../../../../../../scratch/hpc-prf-llmrout/hpcabpo/nmt/wandb/wandb/offline-run-20260923_105736-tz0jlvht/logs[0m
