CPU_SET_HEX_STR_SIZE: 257, Size of mstr: 257
cpu-bind=MASK - gpu1022, task  0  0 [3712381]: mask |--------|--------|--------|--------|BBBBBBBB|--------|BBBB----|--------|--------|--------|----BBBB|--------||||--------|--------|--------|--------|--------|--------|--------|--------|--------|--------|--------|--------| set
job=3378382 node=gpu1022 gpu=NVIDIA H100 config=/scratch/hpc-prf-llmrout/hpcabpo/nmt/runs/configs/voc_mv_K6_seed4.json wandb=offline
dataset=PascalVOC backbone=vgg16 image_size=256 conv=rational model_dir=/scratch/hpc-prf-llmrout/hpcabpo/nmt/runs/voc_vgg16/mv_K6_seed4
{
    "BACKBONE": "vgg16",
    "BACKBONE_DIR": "/scratch/hpc-prf-llmrout/hpcabpo/nmt/checkpoints",
    "BATCH_SIZE": 8,
    "CACHE_PATH": "/scratch/hpc-prf-llmrout/hpcabpo/nmt/cache/voc_db",
    "DATASET_NAME": "PascalVOC",
    "EVAL": {
        "SAMPLES": 1000,
        "difficulty_params": {},
        "num_graphs_in_matching_instance": 2
    },
    "IMAGE_SIZE": 256,
    "Matching_TF": {
        "activation": "relu",
        "batch_norm": true,
        "d_model": 648,
        "nGPT_mlp_hidden_mult": 6,
        "n_decoder": 4,
        "n_encoder": 4,
        "n_head": 12,
        "n_lap_EigVec": 8,
        "pos_encoding": false
    },
    "NORM_MEANS": [
        0.485,
        0.456,
        0.406
    ],
    "NORM_STD": [
        0.229,
        0.224,
        0.225
    ],
    "RANDOM_SEED": 4,
    "SPLINE_CNN": {
        "aggr": "max",
        "conv": "rational",
        "degrees": [
            8,
            6
        ],
        "dim": 2,
        "init": "pca",
        "init_noise": 0.001,
        "input_features": 1024,
        "kernel_size": 5,
        "num_bases": 6,
        "output_features": 648,
        "poly": "chebyshev",
        "pyg_init": true,
        "rational_basis": "multivariate",
        "safe": "B",
        "vp": true
    },
    "SPair": {
        "CLASSES": [
            "aeroplane",
            "bicycle",
            "bird",
            "boat",
            "boat",
            "bottle",
            "bus",
            "car",
            "cat",
            "chair",
            "cow",
            "dog",
            "horse",
            "motorbike",
            "person",
            "pottedplant",
            "sheep",
            "train",
            "tvmonitor"
        ],
        "ROOT_DIR": "./data/downloaded/SPair-71k",
        "size": "large"
    },
    "STATISTIC_STEP": 1,
    "TRACK_GRAD_NORM": false,
    "TRAIN": {
        "EPOCH_ITERS": 2000,
        "LR": 0.0005,
        "_comment_epochs": "Identical budget to the SPair-71k sweep so the two NMT columns are comparable: lr_schedule long_halving5 defines 12 epochs, max_epochs stops after 7, and both LR drops (epochs 2 and 5) still happen.",
        "clip_norm": 0,
        "cutmix_beta": 1.0,
        "cutmix_prob": 0.3,
        "difficulty_params": {},
        "layer_loss_param": 0.3,
        "lr_schedule": "long_halving5",
        "max_epochs": 7,
        "mixup_alpha": 0.8,
        "mixup_prob": 0.3,
        "num_graphs_in_matching_instance": 2,
        "random_erasing_prob": 0.3,
        "temperature": 0.1,
        "weight_decay": 0
    },
    "USE_SYNTHETIC": false,
    "VOC2011": {
        "CLASSES": [
            "aeroplane",
            "bicycle",
            "bird",
            "boat",
            "bottle",
            "bus",
            "car",
            "cat",
            "chair",
            "cow",
            "diningtable",
            "dog",
            "horse",
            "motorbike",
            "person",
            "pottedplant",
            "sheep",
            "sofa",
            "train",
            "tvmonitor"
        ],
        "KPT_ANNO_DIR": "/pc2/groups/hpc-prf-llmrout/hpcabpo/rational-basis-cnn/data/PascalVOC/raw/annotations/",
        "ROOT_DIR": "/pc2/groups/hpc-prf-llmrout/hpcabpo/rational-basis-cnn/data/PascalVOC/raw/images/",
        "SET_SPLIT": "/pc2/groups/hpc-prf-llmrout/hpcabpo/rational-basis-cnn/data/PascalVOC/raw/splits.npz"
    },
    "WILLOW": {
        "CLASSES": [
            "Car",
            "Duck",
            "Face",
            "Motorbike",
            "Winebottle"
        ],
        "KPT_LEN": 10,
        "ROOT_DIR": "./data/downloaded/WILLOW/WILLOW-ObjectClass",
        "TRAIN_NUM": 20,
        "TRAIN_OFFSET": 0
    },
    "_comment_batch_size": "BATCH_SIZE is deliberately NOT overridden here. voc_basic.json sets 8, which is NMT's own PascalVOC recipe; the claim being tested is that only the SplineConv layer changes, so the host recipe is left alone. spair_vgg16.json sets 5 because no author-provided SPair recipe existed.",
    "_comment_cache": "data/pascal_voc.py writes a filtered-xml pickle to cfg.CACHE_PATH. The default 'data/cache' is repo-relative, i.e. inside the 50 GB HOME quota, and group storage is read-only inside jobs, so it is redirected to scratch.",
    "_comment_paths": "ROOT_DIR must end in a slash: data/pascal_voc.py builds the image and annotation directories by string concatenation (cfg.VOC2011.ROOT_DIR + 'JPEGImages'). SET_SPLIT points at the split shipped with the shared PascalVOC tree; see NMT_VOC_ROOT in hpc/env.sh for why voc2011_pairs.npz is not required.",
    "_generated_by": "slurm/make_config.py mv_K6 4 (voc)",
    "combine_classes": false,
    "default_json": "experiments/voc_basic.json",
    "eval_sampling": "intersection",
    "evaluate_only": false,
    "exclude_willow_classes": false,
    "keep_last_checkpoint_only": true,
    "log_dir": "runs/",
    "model_dir": "/scratch/hpc-prf-llmrout/hpcabpo/nmt/runs/voc_vgg16/mv_K6_seed4",
    "save_checkpoint": true,
    "train_sampling": "intersection",
    "visualization_params": {
        "produce_pdf": false,
        "reduced_vis": true
    },
    "visualize": false,
    "warmstart_path": null
}
wandb: Tracking run with wandb version 0.30.0
wandb: W&B syncing is set to `offline` in this directory. Run `wandb online` or set WANDB_MODE=online to enable cloud syncing.
wandb: Run data is saved locally in /scratch/hpc-prf-llmrout/hpcabpo/nmt/wandb/wandb/offline-run-20260923_070210-x0lnjhwy
wandb: View this run in the terminal with `wandb leet`
xml list loaded from /scratch/hpc-prf-llmrout/hpcabpo/nmt/cache/voc_db/voc_db_train.pkl
TRUE EPOCHS:  False
16000
Initializing train-set. Randomly sampling 16000 examples.
/pc2/groups/hpc-prf-llmrout/hpcabpo/nmt/conda/envs/nmt/lib/python3.12/site-packages/albumentations/core/composition.py:331: UserWarning: Got processor for keypoints, but no transform to process it.
  self._set_keys()
xml list loaded from /scratch/hpc-prf-llmrout/hpcabpo/nmt/cache/voc_db/voc_db_test.pkl
TRUE EPOCHS:  False
1000
Initializing test-set. Randomly sampling 1000 examples.
/pc2/groups/hpc-prf-llmrout/hpcabpo/nmt/conda/envs/nmt/lib/python3.12/site-packages/torchvision/models/_utils.py:208: UserWarning: The parameter 'pretrained' is deprecated since 0.13 and may be removed in the future, please use 'weights' instead.
  warnings.warn(
/pc2/groups/hpc-prf-llmrout/hpcabpo/nmt/conda/envs/nmt/lib/python3.12/site-packages/torchvision/models/_utils.py:223: UserWarning: Arguments other than a weight enum or `None` for 'weights' are deprecated since 0.13 and may be removed in the future. The current behavior is equivalent to passing `weights=VGG16_Weights.IMAGENET1K_V1`. You can also use `weights=VGG16_Weights.DEFAULT` to get the most up-to-date weights.
  warnings.warn(msg)
stopping after 7 epochs (cfg.TRAIN.max_epochs; schedule 'long_halving5' defines 12)
Start training...
NMT model on device: cuda:0
Epoch 0/6
----------
lr = 1.50e-05, 5.00e-04
Epoch 0/6:   0%|          | 0/2000 [00:00<?, ?it/s]/pc2/groups/hpc-prf-llmrout/hpcabpo/nmt/conda/envs/nmt/lib/python3.12/site-packages/torch_geometric/utils/_scatter.py:91: UserWarning: The usage of `scatter(reduce='max')` can be accelerated via the 'torch-scatter' package, but it was not found
  warnings.warn(
[rank0]:[W923 07:02:22.936472095 reducer.cpp:1528] Warning: find_unused_parameters=True was specified in DDP constructor, but did not find any unused parameters in the forward pass. This flag results in an extra traversal of the autograd graph every iteration,  which can adversely affect performance. If your model indeed never has any unused parameters in the forward pass, consider turning this flag off. Note that this warning may be a false positive if your model has flow control causing later iterations to have unused parameters. (function operator())
Epoch 0/6: 100%|██████████| 2000/2000 [09:46<00:00,  3.41it/s, loss=2.3146, acc=0.6782]
epoch loss: 3.3354355734586716, epoch accuracy: 0.6782075889561494
completed in 586.95s (9.78m)
Start evaluation...
Evaluating class aeroplane: 0/20
Class aeroplane Iteration 40   27.12sample/s
Class aeroplane Iteration 80   27.79sample/s
Class aeroplane Iteration 120  30.38sample/s
Class aeroplane acc = 0.5188
Evaluating class bicycle: 1/20
Class bicycle  Iteration 40   29.27sample/s
Class bicycle  Iteration 80   30.38sample/s
Class bicycle  Iteration 120  31.00sample/s
Class bicycle acc = 0.7791
Evaluating class bird: 2/20
Class bird     Iteration 40   24.86sample/s
Class bird     Iteration 80   27.28sample/s
Class bird     Iteration 120  26.14sample/s
Class bird acc = 0.7217
Evaluating class boat: 3/20
Class boat     Iteration 40   25.74sample/s
Class boat     Iteration 80   25.23sample/s
Class boat     Iteration 120  28.70sample/s
Class boat acc = 0.7450
Evaluating class bottle: 4/20
Class bottle   Iteration 40   29.73sample/s
Class bottle   Iteration 80   29.21sample/s
Class bottle   Iteration 120  29.13sample/s
Class bottle acc = 0.8610
Evaluating class bus: 5/20
Class bus      Iteration 40   27.59sample/s
Class bus      Iteration 80   29.42sample/s
Class bus      Iteration 120  28.73sample/s
Class bus acc = 0.8963
Evaluating class car: 6/20
Class car      Iteration 40   22.05sample/s
Class car      Iteration 80   26.00sample/s
Class car      Iteration 120  24.02sample/s
Class car acc = 0.8275
Evaluating class cat: 7/20
Class cat      Iteration 40   26.60sample/s
Class cat      Iteration 80   27.29sample/s
Class cat      Iteration 120  30.12sample/s
Class cat acc = 0.7870
Evaluating class chair: 8/20
Class chair    Iteration 40   28.49sample/s
Class chair    Iteration 80   30.94sample/s
Class chair    Iteration 120  28.97sample/s
Class chair acc = 0.5176
Evaluating class cow: 9/20
Class cow      Iteration 40   27.03sample/s
Class cow      Iteration 80   31.24sample/s
Class cow      Iteration 120  27.75sample/s
Class cow acc = 0.7645
Evaluating class diningtable: 10/20
Class diningtable Iteration 40   27.52sample/s
Class diningtable Iteration 80   29.25sample/s
Class diningtable Iteration 120  29.34sample/s
Class diningtable acc = 0.7815
Evaluating class dog: 11/20
Class dog      Iteration 40   26.60sample/s
Class dog      Iteration 80   28.22sample/s
Class dog      Iteration 120  26.76sample/s
Class dog acc = 0.7561
Evaluating class horse: 12/20
Class horse    Iteration 40   25.51sample/s
Class horse    Iteration 80   29.02sample/s
Class horse    Iteration 120  27.87sample/s
Class horse acc = 0.7710
Evaluating class motorbike: 13/20
Class motorbike Iteration 40   26.16sample/s
Class motorbike Iteration 80   26.45sample/s
Class motorbike Iteration 120  26.20sample/s
Class motorbike acc = 0.7601
Evaluating class person: 14/20
Class person   Iteration 40   26.38sample/s
Class person   Iteration 80   28.11sample/s
Class person   Iteration 120  25.50sample/s
Class person acc = 0.5775
Evaluating class pottedplant: 15/20
Class pottedplant Iteration 40   25.09sample/s
Class pottedplant Iteration 80   26.70sample/s
Class pottedplant Iteration 120  28.41sample/s
Class pottedplant acc = 0.9609
Evaluating class sheep: 16/20
Class sheep    Iteration 40   20.66sample/s
Class sheep    Iteration 80   21.84sample/s
Class sheep    Iteration 120  23.16sample/s
Class sheep acc = 0.7288
Evaluating class sofa: 17/20
Class sofa     Iteration 40   26.28sample/s
Class sofa     Iteration 80   28.60sample/s
Class sofa     Iteration 120  28.84sample/s
Class sofa acc = 0.7779
Evaluating class train: 18/20
Class train    Iteration 40   18.59sample/s
Class train    Iteration 80   21.30sample/s
Class train    Iteration 120  22.57sample/s
Class train acc = 0.9687
Evaluating class tvmonitor: 19/20
Class tvmonitor Iteration 40   24.55sample/s
Class tvmonitor Iteration 80   26.21sample/s
Class tvmonitor Iteration 120  27.48sample/s
Class tvmonitor acc = 0.9633
Evaluation complete in 12m 36s
Matching accuracy
aeroplane = 0.5188
bicycle = 0.7791
bird = 0.7217
boat = 0.7450
bottle = 0.8610
bus = 0.8963
car = 0.8275
cat = 0.7870
chair = 0.5176
cow = 0.7645
diningtable = 0.7815
dog = 0.7561
horse = 0.7710
motorbike = 0.7601
person = 0.5775
pottedplant = 0.9609
sheep = 0.7288
sofa = 0.7779
train = 0.9687
tvmonitor = 0.9633
average = 0.7732
Epoch 1/6
----------
lr = 1.50e-05, 5.00e-04
Epoch 1/6: 100%|██████████| 2000/2000 [10:38<00:00,  3.13it/s, loss=1.7225, acc=0.7851]
epoch loss: 2.4997642097473145, epoch accuracy: 0.7850955780639292
completed in 638.52s (10.64m)
Start evaluation...
Evaluating class aeroplane: 0/20
Class aeroplane Iteration 40   24.65sample/s
Class aeroplane Iteration 80   24.64sample/s
Class aeroplane Iteration 120  26.56sample/s
Class aeroplane acc = 0.5901
Evaluating class bicycle: 1/20
Class bicycle  Iteration 40   25.12sample/s
Class bicycle  Iteration 80   27.02sample/s
Class bicycle  Iteration 120  26.77sample/s
Class bicycle acc = 0.7824
Evaluating class bird: 2/20
Class bird     Iteration 40   22.30sample/s
Class bird     Iteration 80   24.56sample/s
Class bird     Iteration 120  24.33sample/s
Class bird acc = 0.7395
Evaluating class boat: 3/20
Class boat     Iteration 40   25.62sample/s
Class boat     Iteration 80   24.13sample/s
Class boat     Iteration 120  27.09sample/s
Class boat acc = 0.7422
Evaluating class bottle: 4/20
Class bottle   Iteration 40   29.04sample/s
Class bottle   Iteration 80   27.24sample/s
Class bottle   Iteration 120  27.49sample/s
Class bottle acc = 0.8713
Evaluating class bus: 5/20
Class bus      Iteration 40   25.08sample/s
Class bus      Iteration 80   25.12sample/s
Class bus      Iteration 120  24.92sample/s
Class bus acc = 0.9096
Evaluating class car: 6/20
Class car      Iteration 40   21.23sample/s
Class car      Iteration 80   24.18sample/s
Class car      Iteration 120  21.25sample/s
Class car acc = 0.8491
Evaluating class cat: 7/20
Class cat      Iteration 40   25.35sample/s
Class cat      Iteration 80   25.34sample/s
Class cat      Iteration 120  25.68sample/s
Class cat acc = 0.7962
Evaluating class chair: 8/20
Class chair    Iteration 40   26.31sample/s
Class chair    Iteration 80   29.88sample/s
Class chair    Iteration 120  26.18sample/s
Class chair acc = 0.5474
Evaluating class cow: 9/20
Class cow      Iteration 40   24.27sample/s
Class cow      Iteration 80   27.71sample/s
Class cow      Iteration 120  25.73sample/s
Class cow acc = 0.7921
Evaluating class diningtable: 10/20
Class diningtable Iteration 40   26.46sample/s
Class diningtable Iteration 80   28.25sample/s
Class diningtable Iteration 120  25.63sample/s
Class diningtable acc = 0.7338
Evaluating class dog: 11/20
Class dog      Iteration 40   24.72sample/s
Class dog      Iteration 80   24.63sample/s
Class dog      Iteration 120  24.90sample/s
Class dog acc = 0.7794
Evaluating class horse: 12/20
Class horse    Iteration 40   24.87sample/s
Class horse    Iteration 80   27.88sample/s
Class horse    Iteration 120  27.18sample/s
Class horse acc = 0.8053
Evaluating class motorbike: 13/20
Class motorbike Iteration 40   25.57sample/s
Class motorbike Iteration 80   26.79sample/s
Class motorbike Iteration 120  26.22sample/s
Class motorbike acc = 0.7952
Evaluating class person: 14/20
Class person   Iteration 40   27.85sample/s
Class person   Iteration 80   31.28sample/s
Class person   Iteration 120  28.05sample/s
Class person acc = 0.6265
Evaluating class pottedplant: 15/20
Class pottedplant Iteration 40   27.81sample/s
Class pottedplant Iteration 80   28.54sample/s
Class pottedplant Iteration 120  30.65sample/s
Class pottedplant acc = 0.9763
Evaluating class sheep: 16/20
Class sheep    Iteration 40   21.69sample/s
Class sheep    Iteration 80   21.78sample/s
Class sheep    Iteration 120  24.30sample/s
Class sheep acc = 0.7517
Evaluating class sofa: 17/20
Class sofa     Iteration 40   27.42sample/s
Class sofa     Iteration 80   30.25sample/s
Class sofa     Iteration 120  28.68sample/s
Class sofa acc = 0.7423
Evaluating class train: 18/20
Class train    Iteration 40   18.70sample/s
Class train    Iteration 80   21.66sample/s
Class train    Iteration 120  22.76sample/s
Class train acc = 0.9606
Evaluating class tvmonitor: 19/20
Class tvmonitor Iteration 40   24.91sample/s
Class tvmonitor Iteration 80   26.48sample/s
Class tvmonitor Iteration 120  28.37sample/s
Class tvmonitor acc = 0.9334
Evaluation complete in 13m 11s
Matching accuracy
aeroplane = 0.5901
bicycle = 0.7824
bird = 0.7395
boat = 0.7422
bottle = 0.8713
bus = 0.9096
car = 0.8491
cat = 0.7962
chair = 0.5474
cow = 0.7921
diningtable = 0.7338
dog = 0.7794
horse = 0.8053
motorbike = 0.7952
person = 0.6265
pottedplant = 0.9763
sheep = 0.7517
sofa = 0.7423
train = 0.9606
tvmonitor = 0.9334
average = 0.7862
Epoch 2/6
----------
lr = 1.50e-06, 5.00e-05
Epoch 2/6: 100%|██████████| 2000/2000 [10:47<00:00,  3.09it/s, loss=1.7689, acc=0.8350]
epoch loss: 2.142692414969206, epoch accuracy: 0.8349700021327695
completed in 647.31s (10.79m)
Start evaluation...
Evaluating class aeroplane: 0/20
Class aeroplane Iteration 40   24.85sample/s
Class aeroplane Iteration 80   24.97sample/s
Class aeroplane Iteration 120  28.36sample/s
Class aeroplane acc = 0.6234
Evaluating class bicycle: 1/20
Class bicycle  Iteration 40   26.56sample/s
Class bicycle  Iteration 80   28.14sample/s
Class bicycle  Iteration 120  27.49sample/s
Class bicycle acc = 0.7809
Evaluating class bird: 2/20
Class bird     Iteration 40   22.18sample/s
Class bird     Iteration 80   24.88sample/s
Class bird     Iteration 120  24.62sample/s
Class bird acc = 0.7726
Evaluating class boat: 3/20
Class boat     Iteration 40   25.47sample/s
Class boat     Iteration 80   22.31sample/s
Class boat     Iteration 120  27.18sample/s
Class boat acc = 0.7653
Evaluating class bottle: 4/20
Class bottle   Iteration 40   23.21sample/s
Class bottle   Iteration 80   24.41sample/s
Class bottle   Iteration 120  24.55sample/s
Class bottle acc = 0.8767
Evaluating class bus: 5/20
Class bus      Iteration 40   21.88sample/s
Class bus      Iteration 80   24.76sample/s
Class bus      Iteration 120  25.10sample/s
Class bus acc = 0.9308
Evaluating class car: 6/20
Class car      Iteration 40   18.53sample/s
Class car      Iteration 80   21.80sample/s
Class car      Iteration 120  20.64sample/s
Class car acc = 0.8896
Evaluating class cat: 7/20
Class cat      Iteration 40   22.30sample/s
Class cat      Iteration 80   22.10sample/s
Class cat      Iteration 120  27.68sample/s
Class cat acc = 0.8151
Evaluating class chair: 8/20
Class chair    Iteration 40   26.40sample/s
Class chair    Iteration 80   29.65sample/s
Class chair    Iteration 120  27.39sample/s
Class chair acc = 0.6207
Evaluating class cow: 9/20
Class cow      Iteration 40   24.13sample/s
Class cow      Iteration 80   29.17sample/s
Class cow      Iteration 120  27.21sample/s
Class cow acc = 0.8084
Evaluating class diningtable: 10/20
Class diningtable Iteration 40   26.32sample/s
Class diningtable Iteration 80   29.42sample/s
Class diningtable Iteration 120  28.49sample/s
Class diningtable acc = 0.8372
Evaluating class dog: 11/20
Class dog      Iteration 40   27.42sample/s
Class dog      Iteration 80   27.76sample/s
Class dog      Iteration 120  27.58sample/s
Class dog acc = 0.8029
Evaluating class horse: 12/20
Class horse    Iteration 40   25.91sample/s
Class horse    Iteration 80   28.59sample/s
Class horse    Iteration 120  28.46sample/s
Class horse acc = 0.8169
Evaluating class motorbike: 13/20
Class motorbike Iteration 40   26.11sample/s
Class motorbike Iteration 80   28.56sample/s
Class motorbike Iteration 120  28.33sample/s
Class motorbike acc = 0.8001
Evaluating class person: 14/20
Class person   Iteration 40   27.68sample/s
Class person   Iteration 80   30.56sample/s
Class person   Iteration 120  27.82sample/s
Class person acc = 0.6705
Evaluating class pottedplant: 15/20
Class pottedplant Iteration 40   27.01sample/s
Class pottedplant Iteration 80   29.97sample/s
Class pottedplant Iteration 120  29.05sample/s
Class pottedplant acc = 0.9777
Evaluating class sheep: 16/20
Class sheep    Iteration 40   20.95sample/s
Class sheep    Iteration 80   20.52sample/s
Class sheep    Iteration 120  24.40sample/s
Class sheep acc = 0.7694
Evaluating class sofa: 17/20
Class sofa     Iteration 40   26.66sample/s
Class sofa     Iteration 80   29.58sample/s
Class sofa     Iteration 120  30.11sample/s
Class sofa acc = 0.7887
Evaluating class train: 18/20
Class train    Iteration 40   19.52sample/s
Class train    Iteration 80   22.96sample/s
Class train    Iteration 120  22.47sample/s
Class train acc = 0.9710
Evaluating class tvmonitor: 19/20
Class tvmonitor Iteration 40   24.36sample/s
Class tvmonitor Iteration 80   25.42sample/s
Class tvmonitor Iteration 120  24.94sample/s
Class tvmonitor acc = 0.9668
Evaluation complete in 13m 13s
Matching accuracy
aeroplane = 0.6234
bicycle = 0.7809
bird = 0.7726
boat = 0.7653
bottle = 0.8767
bus = 0.9308
car = 0.8896
cat = 0.8151
chair = 0.6207
cow = 0.8084
diningtable = 0.8372
dog = 0.8029
horse = 0.8169
motorbike = 0.8001
person = 0.6705
pottedplant = 0.9777
sheep = 0.7694
sofa = 0.7887
train = 0.9710
tvmonitor = 0.9668
average = 0.8142
Epoch 3/6
----------
lr = 1.50e-06, 5.00e-05
Epoch 3/6: 100%|██████████| 2000/2000 [10:12<00:00,  3.26it/s, loss=1.4615, acc=0.8574]
epoch loss: 1.9873910444378853, epoch accuracy: 0.8573976369175894
completed in 612.89s (10.21m)
Start evaluation...
Evaluating class aeroplane: 0/20
Class aeroplane Iteration 40   24.29sample/s
Class aeroplane Iteration 80   24.67sample/s
Class aeroplane Iteration 120  28.29sample/s
Class aeroplane acc = 0.6370
Evaluating class bicycle: 1/20
Class bicycle  Iteration 40   26.82sample/s
Class bicycle  Iteration 80   27.72sample/s
Class bicycle  Iteration 120  28.22sample/s
Class bicycle acc = 0.7902
Evaluating class bird: 2/20
Class bird     Iteration 40   22.39sample/s
Class bird     Iteration 80   25.89sample/s
Class bird     Iteration 120  25.02sample/s
Class bird acc = 0.7800
Evaluating class boat: 3/20
Class boat     Iteration 40   27.36sample/s
Class boat     Iteration 80   26.25sample/s
Class boat     Iteration 120  35.35sample/s
Class boat acc = 0.7533
Evaluating class bottle: 4/20
Class bottle   Iteration 40   30.75sample/s
Class bottle   Iteration 80   31.14sample/s
Class bottle   Iteration 120  31.48sample/s
Class bottle acc = 0.8840
Evaluating class bus: 5/20
Class bus      Iteration 40   28.15sample/s
Class bus      Iteration 80   30.75sample/s
Class bus      Iteration 120  31.34sample/s
Class bus acc = 0.9277
Evaluating class car: 6/20
Class car      Iteration 40   23.86sample/s
Class car      Iteration 80   28.01sample/s
Class car      Iteration 120  27.34sample/s
Class car acc = 0.8990
Evaluating class cat: 7/20
Class cat      Iteration 40   28.68sample/s
Class cat      Iteration 80   28.02sample/s
Class cat      Iteration 120  32.69sample/s
Class cat acc = 0.8187
Evaluating class chair: 8/20
Class chair    Iteration 40   29.50sample/s
Class chair    Iteration 80   34.81sample/s
Class chair    Iteration 120  31.33sample/s
Class chair acc = 0.6314
Evaluating class cow: 9/20
Class cow      Iteration 40   28.71sample/s
Class cow      Iteration 80   32.57sample/s
Class cow      Iteration 120  31.05sample/s
Class cow acc = 0.8137
Evaluating class diningtable: 10/20
Class diningtable Iteration 40   29.75sample/s
Class diningtable Iteration 80   33.66sample/s
Class diningtable Iteration 120  32.03sample/s
Class diningtable acc = 0.9193
Evaluating class dog: 11/20
Class dog      Iteration 40   29.83sample/s
Class dog      Iteration 80   29.62sample/s
Class dog      Iteration 120  27.41sample/s
Class dog acc = 0.8171
Evaluating class horse: 12/20
Class horse    Iteration 40   28.40sample/s
Class horse    Iteration 80   26.64sample/s
Class horse    Iteration 120  30.50sample/s
Class horse acc = 0.8247
Evaluating class motorbike: 13/20
Class motorbike Iteration 40   29.16sample/s
Class motorbike Iteration 80   28.18sample/s
Class motorbike Iteration 120  32.26sample/s
Class motorbike acc = 0.8055
Evaluating class person: 14/20
Class person   Iteration 40   30.74sample/s
Class person   Iteration 80   34.70sample/s
Class person   Iteration 120  30.83sample/s
Class person acc = 0.6800
Evaluating class pottedplant: 15/20
Class pottedplant Iteration 40   30.09sample/s
Class pottedplant Iteration 80   31.91sample/s
Class pottedplant Iteration 120  32.38sample/s
Class pottedplant acc = 0.9787
Evaluating class sheep: 16/20
Class sheep    Iteration 40   21.92sample/s
Class sheep    Iteration 80   23.72sample/s
Class sheep    Iteration 120  25.06sample/s
Class sheep acc = 0.7775
Evaluating class sofa: 17/20
Class sofa     Iteration 40   28.41sample/s
Class sofa     Iteration 80   31.89sample/s
Class sofa     Iteration 120  32.66sample/s
Class sofa acc = 0.8005
Evaluating class train: 18/20
Class train    Iteration 40   19.98sample/s
Class train    Iteration 80   22.90sample/s
Class train    Iteration 120  24.02sample/s
Class train acc = 0.9778
Evaluating class tvmonitor: 19/20
Class tvmonitor Iteration 40   26.31sample/s
Class tvmonitor Iteration 80   27.36sample/s
Class tvmonitor Iteration 120  28.77sample/s
Class tvmonitor acc = 0.9548
Evaluation complete in 11m 51s
Matching accuracy
aeroplane = 0.6370
bicycle = 0.7902
bird = 0.7800
boat = 0.7533
bottle = 0.8840
bus = 0.9277
car = 0.8990
cat = 0.8187
chair = 0.6314
cow = 0.8137
diningtable = 0.9193
dog = 0.8171
horse = 0.8247
motorbike = 0.8055
person = 0.6800
pottedplant = 0.9787
sheep = 0.7775
sofa = 0.8005
train = 0.9778
tvmonitor = 0.9548
average = 0.8235
Epoch 4/6
----------
lr = 1.50e-06, 5.00e-05
Epoch 4/6: 100%|██████████| 2000/2000 [09:23<00:00,  3.55it/s, loss=1.4882, acc=0.8664]
epoch loss: 1.9270913314521312, epoch accuracy: 0.8664206710488499
completed in 563.23s (9.39m)
Start evaluation...
Evaluating class aeroplane: 0/20
Class aeroplane Iteration 40   26.77sample/s
Class aeroplane Iteration 80   27.74sample/s
Class aeroplane Iteration 120  31.40sample/s
Class aeroplane acc = 0.6469
Evaluating class bicycle: 1/20
Class bicycle  Iteration 40   28.80sample/s
Class bicycle  Iteration 80   31.32sample/s
Class bicycle  Iteration 120  31.04sample/s
Class bicycle acc = 0.7863
Evaluating class bird: 2/20
Class bird     Iteration 40   25.43sample/s
Class bird     Iteration 80   28.10sample/s
Class bird     Iteration 120  27.61sample/s
Class bird acc = 0.7807
Evaluating class boat: 3/20
Class boat     Iteration 40   29.47sample/s
Class boat     Iteration 80   26.48sample/s
Class boat     Iteration 120  29.71sample/s
Class boat acc = 0.7608
Evaluating class bottle: 4/20
Class bottle   Iteration 40   28.54sample/s
Class bottle   Iteration 80   27.03sample/s
Class bottle   Iteration 120  26.66sample/s
Class bottle acc = 0.8792
Evaluating class bus: 5/20
Class bus      Iteration 40   26.87sample/s
Class bus      Iteration 80   31.45sample/s
Class bus      Iteration 120  31.70sample/s
Class bus acc = 0.9336
Evaluating class car: 6/20
Class car      Iteration 40   24.81sample/s
Class car      Iteration 80   29.41sample/s
Class car      Iteration 120  24.83sample/s
Class car acc = 0.9088
Evaluating class cat: 7/20
Class cat      Iteration 40   29.90sample/s
Class cat      Iteration 80   29.13sample/s
Class cat      Iteration 120  31.80sample/s
Class cat acc = 0.8173
Evaluating class chair: 8/20
Class chair    Iteration 40   32.28sample/s
Class chair    Iteration 80   36.38sample/s
Class chair    Iteration 120  33.08sample/s
Class chair acc = 0.6585
Evaluating class cow: 9/20
Class cow      Iteration 40   30.51sample/s
Class cow      Iteration 80   35.25sample/s
Class cow      Iteration 120  30.75sample/s
Class cow acc = 0.8186
Evaluating class diningtable: 10/20
Class diningtable Iteration 40   31.74sample/s
Class diningtable Iteration 80   32.14sample/s
Class diningtable Iteration 120  32.09sample/s
Class diningtable acc = 0.9193
Evaluating class dog: 11/20
Class dog      Iteration 40   31.92sample/s
Class dog      Iteration 80   32.98sample/s
Class dog      Iteration 120  32.80sample/s
Class dog acc = 0.8229
Evaluating class horse: 12/20
Class horse    Iteration 40   32.22sample/s
Class horse    Iteration 80   33.74sample/s
Class horse    Iteration 120  33.13sample/s
Class horse acc = 0.8267
Evaluating class motorbike: 13/20
Class motorbike Iteration 40   32.28sample/s
Class motorbike Iteration 80   33.88sample/s
Class motorbike Iteration 120  32.06sample/s
Class motorbike acc = 0.8088
Evaluating class person: 14/20
Class person   Iteration 40   33.43sample/s
Class person   Iteration 80   34.55sample/s
Class person   Iteration 120  32.03sample/s
Class person acc = 0.6945
Evaluating class pottedplant: 15/20
Class pottedplant Iteration 40   31.47sample/s
Class pottedplant Iteration 80   31.34sample/s
Class pottedplant Iteration 120  34.33sample/s
Class pottedplant acc = 0.9663
Evaluating class sheep: 16/20
Class sheep    Iteration 40   23.97sample/s
Class sheep    Iteration 80   24.68sample/s
Class sheep    Iteration 120  28.24sample/s
Class sheep acc = 0.7766
Evaluating class sofa: 17/20
Class sofa     Iteration 40   30.06sample/s
Class sofa     Iteration 80   34.77sample/s
Class sofa     Iteration 120  34.55sample/s
Class sofa acc = 0.7850
Evaluating class train: 18/20
Class train    Iteration 40   21.31sample/s
Class train    Iteration 80   26.16sample/s
Class train    Iteration 120  27.06sample/s
Class train acc = 0.9724
Evaluating class tvmonitor: 19/20
Class tvmonitor Iteration 40   31.25sample/s
Class tvmonitor Iteration 80   31.89sample/s
Class tvmonitor Iteration 120  31.99sample/s
Class tvmonitor acc = 0.9515
Evaluation complete in 11m 14s
Matching accuracy
aeroplane = 0.6469
bicycle = 0.7863
bird = 0.7807
boat = 0.7608
bottle = 0.8792
bus = 0.9336
car = 0.9088
cat = 0.8173
chair = 0.6585
cow = 0.8186
diningtable = 0.9193
dog = 0.8229
horse = 0.8267
motorbike = 0.8088
person = 0.6945
pottedplant = 0.9663
sheep = 0.7766
sofa = 0.7850
train = 0.9724
tvmonitor = 0.9515
average = 0.8257
Epoch 5/6
----------
lr = 1.50e-07, 5.00e-06
Epoch 5/6: 100%|██████████| 2000/2000 [08:02<00:00,  4.14it/s, loss=1.7799, acc=0.8788]
epoch loss: 1.8492273282110692, epoch accuracy: 0.8787685185185186
completed in 482.81s (8.05m)
Start evaluation...
Evaluating class aeroplane: 0/20
Class aeroplane Iteration 40   32.00sample/s
Class aeroplane Iteration 80   31.17sample/s
Class aeroplane Iteration 120  36.27sample/s
Class aeroplane acc = 0.6501
Evaluating class bicycle: 1/20
Class bicycle  Iteration 40   34.48sample/s
Class bicycle  Iteration 80   34.60sample/s
Class bicycle  Iteration 120  34.73sample/s
Class bicycle acc = 0.7870
Evaluating class bird: 2/20
Class bird     Iteration 40   29.61sample/s
Class bird     Iteration 80   31.54sample/s
Class bird     Iteration 120  32.05sample/s
Class bird acc = 0.7855
Evaluating class boat: 3/20
Class boat     Iteration 40   33.95sample/s
Class boat     Iteration 80   30.83sample/s
Class boat     Iteration 120  45.58sample/s
Class boat acc = 0.7638
Evaluating class bottle: 4/20
Class bottle   Iteration 40   34.78sample/s
Class bottle   Iteration 80   36.17sample/s
Class bottle   Iteration 120  38.02sample/s
Class bottle acc = 0.8835
Evaluating class bus: 5/20
Class bus      Iteration 40   32.40sample/s
Class bus      Iteration 80   35.24sample/s
Class bus      Iteration 120  38.50sample/s
Class bus acc = 0.9363
Evaluating class car: 6/20
Class car      Iteration 40   27.71sample/s
Class car      Iteration 80   33.34sample/s
Class car      Iteration 120  31.14sample/s
Class car acc = 0.9096
Evaluating class cat: 7/20
Class cat      Iteration 40   34.55sample/s
Class cat      Iteration 80   34.53sample/s
Class cat      Iteration 120  41.66sample/s
Class cat acc = 0.8193
Evaluating class chair: 8/20
Class chair    Iteration 40   36.83sample/s
Class chair    Iteration 80   44.96sample/s
Class chair    Iteration 120  39.79sample/s
Class chair acc = 0.6657
Evaluating class cow: 9/20
Class cow      Iteration 40   33.14sample/s
Class cow      Iteration 80   40.65sample/s
Class cow      Iteration 120  40.23sample/s
Class cow acc = 0.8241
Evaluating class diningtable: 10/20
Class diningtable Iteration 40   35.93sample/s
Class diningtable Iteration 80   40.75sample/s
Class diningtable Iteration 120  39.85sample/s
Class diningtable acc = 0.9193
Evaluating class dog: 11/20
Class dog      Iteration 40   33.92sample/s
Class dog      Iteration 80   32.07sample/s
Class dog      Iteration 120  39.60sample/s
Class dog acc = 0.8236
Evaluating class horse: 12/20
Class horse    Iteration 40   31.73sample/s
Class horse    Iteration 80   36.88sample/s
Class horse    Iteration 120  41.38sample/s
Class horse acc = 0.8260
Evaluating class motorbike: 13/20
Class motorbike Iteration 40   33.30sample/s
Class motorbike Iteration 80   37.28sample/s
Class motorbike Iteration 120  39.37sample/s
Class motorbike acc = 0.8091
Evaluating class person: 14/20
Class person   Iteration 40   32.10sample/s
Class person   Iteration 80   38.18sample/s
Class person   Iteration 120  40.23sample/s
Class person acc = 0.6983
Evaluating class pottedplant: 15/20
Class pottedplant Iteration 40   35.49sample/s
Class pottedplant Iteration 80   35.71sample/s
Class pottedplant Iteration 120  40.24sample/s
Class pottedplant acc = 0.9725
Evaluating class sheep: 16/20
Class sheep    Iteration 40   24.98sample/s
Class sheep    Iteration 80   28.32sample/s
Class sheep    Iteration 120  32.89sample/s
Class sheep acc = 0.7773
Evaluating class sofa: 17/20
Class sofa     Iteration 40   35.26sample/s
Class sofa     Iteration 80   38.91sample/s
Class sofa     Iteration 120  39.85sample/s
Class sofa acc = 0.7727
Evaluating class train: 18/20
Class train    Iteration 40   23.51sample/s
Class train    Iteration 80   32.43sample/s
Class train    Iteration 120  29.53sample/s
Class train acc = 0.9764
Evaluating class tvmonitor: 19/20
Class tvmonitor Iteration 40   33.26sample/s
Class tvmonitor Iteration 80   36.15sample/s
Class tvmonitor Iteration 120  40.78sample/s
Class tvmonitor acc = 0.9567
Evaluation complete in 9m 39s
Matching accuracy
aeroplane = 0.6501
bicycle = 0.7870
bird = 0.7855
boat = 0.7638
bottle = 0.8835
bus = 0.9363
car = 0.9096
cat = 0.8193
chair = 0.6657
cow = 0.8241
diningtable = 0.9193
dog = 0.8236
horse = 0.8260
motorbike = 0.8091
person = 0.6983
pottedplant = 0.9725
sheep = 0.7773
sofa = 0.7727
train = 0.9764
tvmonitor = 0.9567
average = 0.8278
Epoch 6/6
----------
lr = 1.50e-07, 5.00e-06
Epoch 6/6: 100%|██████████| 2000/2000 [07:32<00:00,  4.42it/s, loss=1.8158, acc=0.8776]
epoch loss: 1.8586597390919923, epoch accuracy: 0.8775566815844953
completed in 452.18s (7.54m)
Start evaluation...
Evaluating class aeroplane: 0/20
Class aeroplane Iteration 40   98.72sample/s
Class aeroplane Iteration 80   104.00sample/s
Class aeroplane Iteration 120  106.39sample/s
Class aeroplane acc = 0.6538
Evaluating class bicycle: 1/20
Class bicycle  Iteration 40   97.91sample/s
Class bicycle  Iteration 80   109.48sample/s
Class bicycle  Iteration 120  113.64sample/s
Class bicycle acc = 0.7874
Evaluating class bird: 2/20
Class bird     Iteration 40   85.16sample/s
Class bird     Iteration 80   102.76sample/s
Class bird     Iteration 120  105.15sample/s
Class bird acc = 0.7822
Evaluating class boat: 3/20
Class boat     Iteration 40   97.95sample/s
Class boat     Iteration 80   93.80sample/s
Class boat     Iteration 120  115.32sample/s
Class boat acc = 0.7632
Evaluating class bottle: 4/20
Class bottle   Iteration 40   93.90sample/s
Class bottle   Iteration 80   108.14sample/s
Class bottle   Iteration 120  115.92sample/s
Class bottle acc = 0.8841
Evaluating class bus: 5/20
Class bus      Iteration 40   95.88sample/s
Class bus      Iteration 80   118.53sample/s
Class bus      Iteration 120  121.92sample/s
Class bus acc = 0.9363
Evaluating class car: 6/20
Class car      Iteration 40   83.55sample/s
Class car      Iteration 80   104.76sample/s
Class car      Iteration 120  101.17sample/s
Class car acc = 0.9124
Evaluating class cat: 7/20
Class cat      Iteration 40   94.94sample/s
Class cat      Iteration 80   111.11sample/s
Class cat      Iteration 120  122.74sample/s
Class cat acc = 0.8197
Evaluating class chair: 8/20
Class chair    Iteration 40   101.92sample/s
Class chair    Iteration 80   114.86sample/s
Class chair    Iteration 120  116.22sample/s
Class chair acc = 0.6685
Evaluating class cow: 9/20
Class cow      Iteration 40   102.97sample/s
Class cow      Iteration 80   122.27sample/s
Class cow      Iteration 120  120.24sample/s
Class cow acc = 0.8214
Evaluating class diningtable: 10/20
Class diningtable Iteration 40   106.23sample/s
Class diningtable Iteration 80   123.87sample/s
Class diningtable Iteration 120  124.80sample/s
Class diningtable acc = 0.9193
Evaluating class dog: 11/20
Class dog      Iteration 40   98.76sample/s
Class dog      Iteration 80   112.69sample/s
Class dog      Iteration 120  120.53sample/s
Class dog acc = 0.8267
Evaluating class horse: 12/20
Class horse    Iteration 40   98.17sample/s
Class horse    Iteration 80   115.76sample/s
Class horse    Iteration 120  130.26sample/s
Class horse acc = 0.8248
Evaluating class motorbike: 13/20
Class motorbike Iteration 40   102.52sample/s
Class motorbike Iteration 80   116.01sample/s
Class motorbike Iteration 120  116.86sample/s
Class motorbike acc = 0.8111
Evaluating class person: 14/20
Class person   Iteration 40   100.87sample/s
Class person   Iteration 80   118.10sample/s
Class person   Iteration 120  119.75sample/s
Class person acc = 0.6983
Evaluating class pottedplant: 15/20
Class pottedplant Iteration 40   103.61sample/s
Class pottedplant Iteration 80   115.95sample/s
Class pottedplant Iteration 120  122.69sample/s
Class pottedplant acc = 0.9685
Evaluating class sheep: 16/20
Class sheep    Iteration 40   81.56sample/s
Class sheep    Iteration 80   90.00sample/s
Class sheep    Iteration 120  95.69sample/s
Class sheep acc = 0.7758
Evaluating class sofa: 17/20
Class sofa     Iteration 40   104.53sample/s
Class sofa     Iteration 80   119.47sample/s
Class sofa     Iteration 120  120.07sample/s
Class sofa acc = 0.7818
Evaluating class train: 18/20
Class train    Iteration 40   75.20sample/s
Class train    Iteration 80   93.15sample/s
Class train    Iteration 120  103.54sample/s
Class train acc = 0.9731
Evaluating class tvmonitor: 19/20
Class tvmonitor Iteration 40   100.63sample/s
Class tvmonitor Iteration 80   105.96sample/s
Class tvmonitor Iteration 120  122.59sample/s
Class tvmonitor acc = 0.9534
Evaluation complete in 3m 6s
Matching accuracy
aeroplane = 0.6538
bicycle = 0.7874
bird = 0.7822
boat = 0.7632
bottle = 0.8841
bus = 0.9363
car = 0.9124
cat = 0.8197
chair = 0.6685
cow = 0.8214
diningtable = 0.9193
dog = 0.8267
horse = 0.8248
motorbike = 0.8111
person = 0.6983
pottedplant = 0.9685
sheep = 0.7758
sofa = 0.7818
train = 0.9731
tvmonitor = 0.9534
average = 0.8281
[1;34mwandb[0m: 
[1;34mwandb[0m: You can sync this run to the cloud by running:
[1;34mwandb[0m: [1mwandb sync /scratch/hpc-prf-llmrout/hpcabpo/nmt/wandb/wandb/offline-run-20260923_070210-x0lnjhwy[0m
[1;34mwandb[0m: Find logs at: [1;35m../../../../../../scratch/hpc-prf-llmrout/hpcabpo/nmt/wandb/wandb/offline-run-20260923_070210-x0lnjhwy/logs[0m
