CPU_SET_HEX_STR_SIZE: 257, Size of mstr: 257
cpu-bind=MASK - gpu1015, task  0  0 [2718941]: mask |--------|BBBBBBBB|--------|--------|--------|--------|--------|--------|--------|--------|BBBBBBBB|--------||||--------|--------|--------|--------|--------|--------|--------|--------|--------|--------|--------|--------| set
job=3378375 node=gpu1015 gpu=NVIDIA H100 config=/scratch/hpc-prf-llmrout/hpcabpo/nmt/runs/configs/voc_mv_K4_seed2.json wandb=offline
dataset=PascalVOC backbone=vgg16 image_size=256 conv=rational model_dir=/scratch/hpc-prf-llmrout/hpcabpo/nmt/runs/voc_vgg16/mv_K4_seed2
{
    "BACKBONE": "vgg16",
    "BACKBONE_DIR": "/scratch/hpc-prf-llmrout/hpcabpo/nmt/checkpoints",
    "BATCH_SIZE": 8,
    "CACHE_PATH": "/scratch/hpc-prf-llmrout/hpcabpo/nmt/cache/voc_db",
    "DATASET_NAME": "PascalVOC",
    "EVAL": {
        "SAMPLES": 1000,
        "difficulty_params": {},
        "num_graphs_in_matching_instance": 2
    },
    "IMAGE_SIZE": 256,
    "Matching_TF": {
        "activation": "relu",
        "batch_norm": true,
        "d_model": 648,
        "nGPT_mlp_hidden_mult": 6,
        "n_decoder": 4,
        "n_encoder": 4,
        "n_head": 12,
        "n_lap_EigVec": 8,
        "pos_encoding": false
    },
    "NORM_MEANS": [
        0.485,
        0.456,
        0.406
    ],
    "NORM_STD": [
        0.229,
        0.224,
        0.225
    ],
    "RANDOM_SEED": 2,
    "SPLINE_CNN": {
        "aggr": "max",
        "conv": "rational",
        "degrees": [
            8,
            6
        ],
        "dim": 2,
        "init": "pca",
        "init_noise": 0.001,
        "input_features": 1024,
        "kernel_size": 5,
        "num_bases": 4,
        "output_features": 648,
        "poly": "chebyshev",
        "pyg_init": true,
        "rational_basis": "multivariate",
        "safe": "B",
        "vp": true
    },
    "SPair": {
        "CLASSES": [
            "aeroplane",
            "bicycle",
            "bird",
            "boat",
            "boat",
            "bottle",
            "bus",
            "car",
            "cat",
            "chair",
            "cow",
            "dog",
            "horse",
            "motorbike",
            "person",
            "pottedplant",
            "sheep",
            "train",
            "tvmonitor"
        ],
        "ROOT_DIR": "./data/downloaded/SPair-71k",
        "size": "large"
    },
    "STATISTIC_STEP": 1,
    "TRACK_GRAD_NORM": false,
    "TRAIN": {
        "EPOCH_ITERS": 2000,
        "LR": 0.0005,
        "_comment_epochs": "Identical budget to the SPair-71k sweep so the two NMT columns are comparable: lr_schedule long_halving5 defines 12 epochs, max_epochs stops after 7, and both LR drops (epochs 2 and 5) still happen.",
        "clip_norm": 0,
        "cutmix_beta": 1.0,
        "cutmix_prob": 0.3,
        "difficulty_params": {},
        "layer_loss_param": 0.3,
        "lr_schedule": "long_halving5",
        "max_epochs": 7,
        "mixup_alpha": 0.8,
        "mixup_prob": 0.3,
        "num_graphs_in_matching_instance": 2,
        "random_erasing_prob": 0.3,
        "temperature": 0.1,
        "weight_decay": 0
    },
    "USE_SYNTHETIC": false,
    "VOC2011": {
        "CLASSES": [
            "aeroplane",
            "bicycle",
            "bird",
            "boat",
            "bottle",
            "bus",
            "car",
            "cat",
            "chair",
            "cow",
            "diningtable",
            "dog",
            "horse",
            "motorbike",
            "person",
            "pottedplant",
            "sheep",
            "sofa",
            "train",
            "tvmonitor"
        ],
        "KPT_ANNO_DIR": "/pc2/groups/hpc-prf-llmrout/hpcabpo/rational-basis-cnn/data/PascalVOC/raw/annotations/",
        "ROOT_DIR": "/pc2/groups/hpc-prf-llmrout/hpcabpo/rational-basis-cnn/data/PascalVOC/raw/images/",
        "SET_SPLIT": "/pc2/groups/hpc-prf-llmrout/hpcabpo/rational-basis-cnn/data/PascalVOC/raw/splits.npz"
    },
    "WILLOW": {
        "CLASSES": [
            "Car",
            "Duck",
            "Face",
            "Motorbike",
            "Winebottle"
        ],
        "KPT_LEN": 10,
        "ROOT_DIR": "./data/downloaded/WILLOW/WILLOW-ObjectClass",
        "TRAIN_NUM": 20,
        "TRAIN_OFFSET": 0
    },
    "_comment_batch_size": "BATCH_SIZE is deliberately NOT overridden here. voc_basic.json sets 8, which is NMT's own PascalVOC recipe; the claim being tested is that only the SplineConv layer changes, so the host recipe is left alone. spair_vgg16.json sets 5 because no author-provided SPair recipe existed.",
    "_comment_cache": "data/pascal_voc.py writes a filtered-xml pickle to cfg.CACHE_PATH. The default 'data/cache' is repo-relative, i.e. inside the 50 GB HOME quota, and group storage is read-only inside jobs, so it is redirected to scratch.",
    "_comment_paths": "ROOT_DIR must end in a slash: data/pascal_voc.py builds the image and annotation directories by string concatenation (cfg.VOC2011.ROOT_DIR + 'JPEGImages'). SET_SPLIT points at the split shipped with the shared PascalVOC tree; see NMT_VOC_ROOT in hpc/env.sh for why voc2011_pairs.npz is not required.",
    "_generated_by": "slurm/make_config.py mv_K4 2 (voc)",
    "combine_classes": false,
    "default_json": "experiments/voc_basic.json",
    "eval_sampling": "intersection",
    "evaluate_only": false,
    "exclude_willow_classes": false,
    "keep_last_checkpoint_only": true,
    "log_dir": "runs/",
    "model_dir": "/scratch/hpc-prf-llmrout/hpcabpo/nmt/runs/voc_vgg16/mv_K4_seed2",
    "save_checkpoint": true,
    "train_sampling": "intersection",
    "visualization_params": {
        "produce_pdf": false,
        "reduced_vis": true
    },
    "visualize": false,
    "warmstart_path": null
}
wandb: Tracking run with wandb version 0.30.0
wandb: W&B syncing is set to `offline` in this directory. Run `wandb online` or set WANDB_MODE=online to enable cloud syncing.
wandb: Run data is saved locally in /scratch/hpc-prf-llmrout/hpcabpo/nmt/wandb/wandb/offline-run-20260923_050105-uobi2rdh
wandb: View this run in the terminal with `wandb leet`
xml list loaded from /scratch/hpc-prf-llmrout/hpcabpo/nmt/cache/voc_db/voc_db_train.pkl
TRUE EPOCHS:  False
16000
Initializing train-set. Randomly sampling 16000 examples.
/pc2/groups/hpc-prf-llmrout/hpcabpo/nmt/conda/envs/nmt/lib/python3.12/site-packages/albumentations/core/composition.py:331: UserWarning: Got processor for keypoints, but no transform to process it.
  self._set_keys()
xml list loaded from /scratch/hpc-prf-llmrout/hpcabpo/nmt/cache/voc_db/voc_db_test.pkl
TRUE EPOCHS:  False
1000
Initializing test-set. Randomly sampling 1000 examples.
/pc2/groups/hpc-prf-llmrout/hpcabpo/nmt/conda/envs/nmt/lib/python3.12/site-packages/torchvision/models/_utils.py:208: UserWarning: The parameter 'pretrained' is deprecated since 0.13 and may be removed in the future, please use 'weights' instead.
  warnings.warn(
/pc2/groups/hpc-prf-llmrout/hpcabpo/nmt/conda/envs/nmt/lib/python3.12/site-packages/torchvision/models/_utils.py:223: UserWarning: Arguments other than a weight enum or `None` for 'weights' are deprecated since 0.13 and may be removed in the future. The current behavior is equivalent to passing `weights=VGG16_Weights.IMAGENET1K_V1`. You can also use `weights=VGG16_Weights.DEFAULT` to get the most up-to-date weights.
  warnings.warn(msg)
stopping after 7 epochs (cfg.TRAIN.max_epochs; schedule 'long_halving5' defines 12)
Start training...
NMT model on device: cuda:0
Epoch 0/6
----------
lr = 1.50e-05, 5.00e-04
Epoch 0/6:   0%|          | 0/2000 [00:00<?, ?it/s]/pc2/groups/hpc-prf-llmrout/hpcabpo/nmt/conda/envs/nmt/lib/python3.12/site-packages/torch_geometric/utils/_scatter.py:91: UserWarning: The usage of `scatter(reduce='max')` can be accelerated via the 'torch-scatter' package, but it was not found
  warnings.warn(
[rank0]:[W923 05:01:13.498272243 reducer.cpp:1528] Warning: find_unused_parameters=True was specified in DDP constructor, but did not find any unused parameters in the forward pass. This flag results in an extra traversal of the autograd graph every iteration,  which can adversely affect performance. If your model indeed never has any unused parameters in the forward pass, consider turning this flag off. Note that this warning may be a false positive if your model has flow control causing later iterations to have unused parameters. (function operator())
Epoch 0/6: 100%|██████████| 2000/2000 [12:33<00:00,  2.65it/s, loss=2.7039, acc=0.6610]
epoch loss: 3.445275304347277, epoch accuracy: 0.6610063421787579
completed in 753.35s (12.56m)
Start evaluation...
Evaluating class aeroplane: 0/20
Class aeroplane Iteration 40   22.49sample/s
Class aeroplane Iteration 80   21.62sample/s
Class aeroplane Iteration 120  27.03sample/s
Class aeroplane acc = 0.5222
Evaluating class bicycle: 1/20
Class bicycle  Iteration 40   23.01sample/s
Class bicycle  Iteration 80   22.81sample/s
Class bicycle  Iteration 120  25.74sample/s
Class bicycle acc = 0.7864
Evaluating class bird: 2/20
Class bird     Iteration 40   19.27sample/s
Class bird     Iteration 80   20.39sample/s
Class bird     Iteration 120  22.72sample/s
Class bird acc = 0.7218
Evaluating class boat: 3/20
Class boat     Iteration 40   22.16sample/s
Class boat     Iteration 80   20.85sample/s
Class boat     Iteration 120  26.39sample/s
Class boat acc = 0.6637
Evaluating class bottle: 4/20
Class bottle   Iteration 40   22.55sample/s
Class bottle   Iteration 80   23.09sample/s
Class bottle   Iteration 120  25.47sample/s
Class bottle acc = 0.8423
Evaluating class bus: 5/20
Class bus      Iteration 40   22.33sample/s
Class bus      Iteration 80   25.16sample/s
Class bus      Iteration 120  27.46sample/s
Class bus acc = 0.8553
Evaluating class car: 6/20
Class car      Iteration 40   20.48sample/s
Class car      Iteration 80   23.19sample/s
Class car      Iteration 120  22.76sample/s
Class car acc = 0.8047
Evaluating class cat: 7/20
Class cat      Iteration 40   23.03sample/s
Class cat      Iteration 80   24.95sample/s
Class cat      Iteration 120  30.56sample/s
Class cat acc = 0.7780
Evaluating class chair: 8/20
Class chair    Iteration 40   24.30sample/s
Class chair    Iteration 80   25.70sample/s
Class chair    Iteration 120  29.18sample/s
Class chair acc = 0.4777
Evaluating class cow: 9/20
Class cow      Iteration 40   22.60sample/s
Class cow      Iteration 80   25.59sample/s
Class cow      Iteration 120  27.94sample/s
Class cow acc = 0.7454
Evaluating class diningtable: 10/20
Class diningtable Iteration 40   26.98sample/s
Class diningtable Iteration 80   26.35sample/s
Class diningtable Iteration 120  29.04sample/s
Class diningtable acc = 0.8811
Evaluating class dog: 11/20
Class dog      Iteration 40   21.60sample/s
Class dog      Iteration 80   19.72sample/s
Class dog      Iteration 120  23.83sample/s
Class dog acc = 0.7545
Evaluating class horse: 12/20
Class horse    Iteration 40   18.92sample/s
Class horse    Iteration 80   20.52sample/s
Class horse    Iteration 120  23.53sample/s
Class horse acc = 0.7733
Evaluating class motorbike: 13/20
Class motorbike Iteration 40   17.06sample/s
Class motorbike Iteration 80   17.15sample/s
Class motorbike Iteration 120  18.56sample/s
Class motorbike acc = 0.7524
Evaluating class person: 14/20
Class person   Iteration 40   16.58sample/s
Class person   Iteration 80   17.39sample/s
Class person   Iteration 120  17.58sample/s
Class person acc = 0.5432
Evaluating class pottedplant: 15/20
Class pottedplant Iteration 40   15.79sample/s
Class pottedplant Iteration 80   13.11sample/s
Class pottedplant Iteration 120  13.63sample/s
Class pottedplant acc = 0.9694
Evaluating class sheep: 16/20
Class sheep    Iteration 40   9.35sample/s
Class sheep    Iteration 80   8.78sample/s
Class sheep    Iteration 120  10.74sample/s
Class sheep acc = 0.7102
Evaluating class sofa: 17/20
Class sofa     Iteration 40   20.20sample/s
Class sofa     Iteration 80   22.13sample/s
Class sofa     Iteration 120  22.92sample/s
Class sofa acc = 0.7233
Evaluating class train: 18/20
Class train    Iteration 40   14.36sample/s
Class train    Iteration 80   16.10sample/s
Class train    Iteration 120  16.70sample/s
Class train acc = 0.9608
Evaluating class tvmonitor: 19/20
Class tvmonitor Iteration 40   17.81sample/s
Class tvmonitor Iteration 80   17.70sample/s
Class tvmonitor Iteration 120  23.83sample/s
Class tvmonitor acc = 0.9587
Evaluation complete in 16m 55s
Matching accuracy
aeroplane = 0.5222
bicycle = 0.7864
bird = 0.7218
boat = 0.6637
bottle = 0.8423
bus = 0.8553
car = 0.8047
cat = 0.7780
chair = 0.4777
cow = 0.7454
diningtable = 0.8811
dog = 0.7545
horse = 0.7733
motorbike = 0.7524
person = 0.5432
pottedplant = 0.9694
sheep = 0.7102
sofa = 0.7233
train = 0.9608
tvmonitor = 0.9587
average = 0.7612
Epoch 1/6
----------
lr = 1.50e-05, 5.00e-04
Epoch 1/6: 100%|██████████| 2000/2000 [12:35<00:00,  2.65it/s, loss=2.4967, acc=0.7732]
epoch loss: 2.5681354727894066, epoch accuracy: 0.7732280249102064
completed in 755.66s (12.59m)
Start evaluation...
Evaluating class aeroplane: 0/20
Class aeroplane Iteration 40   22.42sample/s
Class aeroplane Iteration 80   24.31sample/s
Class aeroplane Iteration 120  24.75sample/s
Class aeroplane acc = 0.5651
Evaluating class bicycle: 1/20
Class bicycle  Iteration 40   22.40sample/s
Class bicycle  Iteration 80   27.14sample/s
Class bicycle  Iteration 120  25.33sample/s
Class bicycle acc = 0.7739
Evaluating class bird: 2/20
Class bird     Iteration 40   19.82sample/s
Class bird     Iteration 80   22.12sample/s
Class bird     Iteration 120  22.07sample/s
Class bird acc = 0.7348
Evaluating class boat: 3/20
Class boat     Iteration 40   21.09sample/s
Class boat     Iteration 80   22.44sample/s
Class boat     Iteration 120  25.08sample/s
Class boat acc = 0.7105
Evaluating class bottle: 4/20
Class bottle   Iteration 40   22.29sample/s
Class bottle   Iteration 80   25.87sample/s
Class bottle   Iteration 120  24.74sample/s
Class bottle acc = 0.8495
Evaluating class bus: 5/20
Class bus      Iteration 40   20.53sample/s
Class bus      Iteration 80   26.38sample/s
Class bus      Iteration 120  24.32sample/s
Class bus acc = 0.8999
Evaluating class car: 6/20
Class car      Iteration 40   17.85sample/s
Class car      Iteration 80   23.04sample/s
Class car      Iteration 120  19.88sample/s
Class car acc = 0.8363
Evaluating class cat: 7/20
Class cat      Iteration 40   22.44sample/s
Class cat      Iteration 80   25.04sample/s
Class cat      Iteration 120  26.44sample/s
Class cat acc = 0.8138
Evaluating class chair: 8/20
Class chair    Iteration 40   22.49sample/s
Class chair    Iteration 80   23.64sample/s
Class chair    Iteration 120  24.13sample/s
Class chair acc = 0.5403
Evaluating class cow: 9/20
Class cow      Iteration 40   19.57sample/s
Class cow      Iteration 80   24.52sample/s
Class cow      Iteration 120  22.31sample/s
Class cow acc = 0.7799
Evaluating class diningtable: 10/20
Class diningtable Iteration 40   20.93sample/s
Class diningtable Iteration 80   23.39sample/s
Class diningtable Iteration 120  22.24sample/s
Class diningtable acc = 0.8138
Evaluating class dog: 11/20
Class dog      Iteration 40   18.93sample/s
Class dog      Iteration 80   20.44sample/s
Class dog      Iteration 120  22.82sample/s
Class dog acc = 0.7805
Evaluating class horse: 12/20
Class horse    Iteration 40   18.10sample/s
Class horse    Iteration 80   20.09sample/s
Class horse    Iteration 120  27.53sample/s
Class horse acc = 0.7821
Evaluating class motorbike: 13/20
Class motorbike Iteration 40   20.46sample/s
Class motorbike Iteration 80   21.92sample/s
Class motorbike Iteration 120  24.25sample/s
Class motorbike acc = 0.7636
Evaluating class person: 14/20
Class person   Iteration 40   22.64sample/s
Class person   Iteration 80   24.12sample/s
Class person   Iteration 120  25.76sample/s
Class person acc = 0.6028
Evaluating class pottedplant: 15/20
Class pottedplant Iteration 40   26.00sample/s
Class pottedplant Iteration 80   25.12sample/s
Class pottedplant Iteration 120  27.28sample/s
Class pottedplant acc = 0.9750
Evaluating class sheep: 16/20
Class sheep    Iteration 40   18.92sample/s
Class sheep    Iteration 80   18.20sample/s
Class sheep    Iteration 120  21.76sample/s
Class sheep acc = 0.7421
Evaluating class sofa: 17/20
Class sofa     Iteration 40   23.36sample/s
Class sofa     Iteration 80   24.16sample/s
Class sofa     Iteration 120  24.92sample/s
Class sofa acc = 0.7599
Evaluating class train: 18/20
Class train    Iteration 40   15.22sample/s
Class train    Iteration 80   18.42sample/s
Class train    Iteration 120  19.99sample/s
Class train acc = 0.9642
Evaluating class tvmonitor: 19/20
Class tvmonitor Iteration 40   20.92sample/s
Class tvmonitor Iteration 80   21.38sample/s
Class tvmonitor Iteration 120  27.01sample/s
Class tvmonitor acc = 0.9622
Evaluation complete in 15m 8s
Matching accuracy
aeroplane = 0.5651
bicycle = 0.7739
bird = 0.7348
boat = 0.7105
bottle = 0.8495
bus = 0.8999
car = 0.8363
cat = 0.8138
chair = 0.5403
cow = 0.7799
diningtable = 0.8138
dog = 0.7805
horse = 0.7821
motorbike = 0.7636
person = 0.6028
pottedplant = 0.9750
sheep = 0.7421
sofa = 0.7599
train = 0.9642
tvmonitor = 0.9622
average = 0.7825
Epoch 2/6
----------
lr = 1.50e-06, 5.00e-05
Epoch 2/6: 100%|██████████| 2000/2000 [12:33<00:00,  2.65it/s, loss=1.8144, acc=0.8246]
epoch loss: 2.190092385262251, epoch accuracy: 0.8246178674779253
completed in 753.66s (12.56m)
Start evaluation...
Evaluating class aeroplane: 0/20
Class aeroplane Iteration 40   23.54sample/s
Class aeroplane Iteration 80   23.50sample/s
Class aeroplane Iteration 120  23.86sample/s
Class aeroplane acc = 0.6017
Evaluating class bicycle: 1/20
Class bicycle  Iteration 40   24.63sample/s
Class bicycle  Iteration 80   23.76sample/s
Class bicycle  Iteration 120  23.82sample/s
Class bicycle acc = 0.8004
Evaluating class bird: 2/20
Class bird     Iteration 40   20.27sample/s
Class bird     Iteration 80   21.58sample/s
Class bird     Iteration 120  20.50sample/s
Class bird acc = 0.7711
Evaluating class boat: 3/20
Class boat     Iteration 40   22.68sample/s
Class boat     Iteration 80   21.48sample/s
Class boat     Iteration 120  22.16sample/s
Class boat acc = 0.7605
Evaluating class bottle: 4/20
Class bottle   Iteration 40   21.94sample/s
Class bottle   Iteration 80   23.17sample/s
Class bottle   Iteration 120  21.53sample/s
Class bottle acc = 0.8650
Evaluating class bus: 5/20
Class bus      Iteration 40   19.57sample/s
Class bus      Iteration 80   23.41sample/s
Class bus      Iteration 120  22.37sample/s
Class bus acc = 0.9274
Evaluating class car: 6/20
Class car      Iteration 40   17.75sample/s
Class car      Iteration 80   21.06sample/s
Class car      Iteration 120  18.00sample/s
Class car acc = 0.8844
Evaluating class cat: 7/20
Class cat      Iteration 40   22.55sample/s
Class cat      Iteration 80   23.36sample/s
Class cat      Iteration 120  23.39sample/s
Class cat acc = 0.8499
Evaluating class chair: 8/20
Class chair    Iteration 40   24.01sample/s
Class chair    Iteration 80   24.69sample/s
Class chair    Iteration 120  24.50sample/s
Class chair acc = 0.5968
Evaluating class cow: 9/20
Class cow      Iteration 40   23.20sample/s
Class cow      Iteration 80   24.60sample/s
Class cow      Iteration 120  23.91sample/s
Class cow acc = 0.7984
Evaluating class diningtable: 10/20
Class diningtable Iteration 40   24.10sample/s
Class diningtable Iteration 80   24.07sample/s
Class diningtable Iteration 120  25.83sample/s
Class diningtable acc = 0.8481
Evaluating class dog: 11/20
Class dog      Iteration 40   22.76sample/s
Class dog      Iteration 80   21.16sample/s
Class dog      Iteration 120  24.59sample/s
Class dog acc = 0.8051
Evaluating class horse: 12/20
Class horse    Iteration 40   21.58sample/s
Class horse    Iteration 80   22.62sample/s
Class horse    Iteration 120  23.91sample/s
Class horse acc = 0.8093
Evaluating class motorbike: 13/20
Class motorbike Iteration 40   22.81sample/s
Class motorbike Iteration 80   23.04sample/s
Class motorbike Iteration 120  25.37sample/s
Class motorbike acc = 0.8030
Evaluating class person: 14/20
Class person   Iteration 40   24.45sample/s
Class person   Iteration 80   28.21sample/s
Class person   Iteration 120  25.71sample/s
Class person acc = 0.6549
Evaluating class pottedplant: 15/20
Class pottedplant Iteration 40   24.09sample/s
Class pottedplant Iteration 80   25.89sample/s
Class pottedplant Iteration 120  25.09sample/s
Class pottedplant acc = 0.9765
Evaluating class sheep: 16/20
Class sheep    Iteration 40   17.56sample/s
Class sheep    Iteration 80   17.12sample/s
Class sheep    Iteration 120  18.56sample/s
Class sheep acc = 0.7620
Evaluating class sofa: 17/20
Class sofa     Iteration 40   19.34sample/s
Class sofa     Iteration 80   21.09sample/s
Class sofa     Iteration 120  21.91sample/s
Class sofa acc = 0.8236
Evaluating class train: 18/20
Class train    Iteration 40   13.21sample/s
Class train    Iteration 80   15.18sample/s
Class train    Iteration 120  16.13sample/s
Class train acc = 0.9605
Evaluating class tvmonitor: 19/20
Class tvmonitor Iteration 40   18.05sample/s
Class tvmonitor Iteration 80   19.42sample/s
Class tvmonitor Iteration 120  23.01sample/s
Class tvmonitor acc = 0.9625
Evaluation complete in 15m 23s
Matching accuracy
aeroplane = 0.6017
bicycle = 0.8004
bird = 0.7711
boat = 0.7605
bottle = 0.8650
bus = 0.9274
car = 0.8844
cat = 0.8499
chair = 0.5968
cow = 0.7984
diningtable = 0.8481
dog = 0.8051
horse = 0.8093
motorbike = 0.8030
person = 0.6549
pottedplant = 0.9765
sheep = 0.7620
sofa = 0.8236
train = 0.9605
tvmonitor = 0.9625
average = 0.8131
Epoch 3/6
----------
lr = 1.50e-06, 5.00e-05
Epoch 3/6: 100%|██████████| 2000/2000 [12:40<00:00,  2.63it/s, loss=2.3543, acc=0.8455]
epoch loss: 2.041862535208464, epoch accuracy: 0.8455493243306084
completed in 760.97s (12.68m)
Start evaluation...
Evaluating class aeroplane: 0/20
Class aeroplane Iteration 40   21.41sample/s
Class aeroplane Iteration 80   20.40sample/s
Class aeroplane Iteration 120  23.52sample/s
Class aeroplane acc = 0.6201
Evaluating class bicycle: 1/20
Class bicycle  Iteration 40   22.25sample/s
Class bicycle  Iteration 80   23.27sample/s
Class bicycle  Iteration 120  23.60sample/s
Class bicycle acc = 0.8036
Evaluating class bird: 2/20
Class bird     Iteration 40   20.69sample/s
Class bird     Iteration 80   20.62sample/s
Class bird     Iteration 120  20.51sample/s
Class bird acc = 0.7748
Evaluating class boat: 3/20
Class boat     Iteration 40   23.56sample/s
Class boat     Iteration 80   20.31sample/s
Class boat     Iteration 120  23.56sample/s
Class boat acc = 0.7683
Evaluating class bottle: 4/20
Class bottle   Iteration 40   23.75sample/s
Class bottle   Iteration 80   23.22sample/s
Class bottle   Iteration 120  23.38sample/s
Class bottle acc = 0.8679
Evaluating class bus: 5/20
Class bus      Iteration 40   23.23sample/s
Class bus      Iteration 80   25.32sample/s
Class bus      Iteration 120  24.59sample/s
Class bus acc = 0.9222
Evaluating class car: 6/20
Class car      Iteration 40   19.13sample/s
Class car      Iteration 80   21.19sample/s
Class car      Iteration 120  21.07sample/s
Class car acc = 0.8854
Evaluating class cat: 7/20
Class cat      Iteration 40   22.50sample/s
Class cat      Iteration 80   23.45sample/s
Class cat      Iteration 120  25.06sample/s
Class cat acc = 0.8513
Evaluating class chair: 8/20
Class chair    Iteration 40   22.86sample/s
Class chair    Iteration 80   22.63sample/s
Class chair    Iteration 120  23.49sample/s
Class chair acc = 0.6192
Evaluating class cow: 9/20
Class cow      Iteration 40   21.59sample/s
Class cow      Iteration 80   22.91sample/s
Class cow      Iteration 120  23.49sample/s
Class cow acc = 0.8074
Evaluating class diningtable: 10/20
Class diningtable Iteration 40   21.61sample/s
Class diningtable Iteration 80   24.40sample/s
Class diningtable Iteration 120  23.05sample/s
Class diningtable acc = 0.9136
Evaluating class dog: 11/20
Class dog      Iteration 40   19.69sample/s
Class dog      Iteration 80   20.96sample/s
Class dog      Iteration 120  21.15sample/s
Class dog acc = 0.8160
Evaluating class horse: 12/20
Class horse    Iteration 40   20.22sample/s
Class horse    Iteration 80   20.29sample/s
Class horse    Iteration 120  21.90sample/s
Class horse acc = 0.8087
Evaluating class motorbike: 13/20
Class motorbike Iteration 40   20.84sample/s
Class motorbike Iteration 80   21.96sample/s
Class motorbike Iteration 120  23.51sample/s
Class motorbike acc = 0.8101
Evaluating class person: 14/20
Class person   Iteration 40   22.72sample/s
Class person   Iteration 80   26.23sample/s
Class person   Iteration 120  22.42sample/s
Class person acc = 0.6626
Evaluating class pottedplant: 15/20
Class pottedplant Iteration 40   21.00sample/s
Class pottedplant Iteration 80   24.29sample/s
Class pottedplant Iteration 120  23.18sample/s
Class pottedplant acc = 0.9748
Evaluating class sheep: 16/20
Class sheep    Iteration 40   16.86sample/s
Class sheep    Iteration 80   17.64sample/s
Class sheep    Iteration 120  19.61sample/s
Class sheep acc = 0.7584
Evaluating class sofa: 17/20
Class sofa     Iteration 40   23.17sample/s
Class sofa     Iteration 80   23.26sample/s
Class sofa     Iteration 120  23.07sample/s
Class sofa acc = 0.8058
Evaluating class train: 18/20
Class train    Iteration 40   15.03sample/s
Class train    Iteration 80   17.36sample/s
Class train    Iteration 120  17.89sample/s
Class train acc = 0.9705
Evaluating class tvmonitor: 19/20
Class tvmonitor Iteration 40   16.82sample/s
Class tvmonitor Iteration 80   19.24sample/s
Class tvmonitor Iteration 120  23.76sample/s
Class tvmonitor acc = 0.9606
Evaluation complete in 15m 27s
Matching accuracy
aeroplane = 0.6201
bicycle = 0.8036
bird = 0.7748
boat = 0.7683
bottle = 0.8679
bus = 0.9222
car = 0.8854
cat = 0.8513
chair = 0.6192
cow = 0.8074
diningtable = 0.9136
dog = 0.8160
horse = 0.8087
motorbike = 0.8101
person = 0.6626
pottedplant = 0.9748
sheep = 0.7584
sofa = 0.8058
train = 0.9705
tvmonitor = 0.9606
average = 0.8201
Epoch 4/6
----------
lr = 1.50e-06, 5.00e-05
Epoch 4/6: 100%|██████████| 2000/2000 [12:48<00:00,  2.60it/s, loss=1.9512, acc=0.8610]
epoch loss: 1.957459275007248, epoch accuracy: 0.8609732337523774
completed in 768.42s (12.81m)
Start evaluation...
Evaluating class aeroplane: 0/20
Class aeroplane Iteration 40   23.11sample/s
Class aeroplane Iteration 80   19.85sample/s
Class aeroplane Iteration 120  22.28sample/s
Class aeroplane acc = 0.6297
Evaluating class bicycle: 1/20
Class bicycle  Iteration 40   24.02sample/s
Class bicycle  Iteration 80   23.18sample/s
Class bicycle  Iteration 120  22.34sample/s
Class bicycle acc = 0.7913
Evaluating class bird: 2/20
Class bird     Iteration 40   20.53sample/s
Class bird     Iteration 80   20.20sample/s
Class bird     Iteration 120  19.55sample/s
Class bird acc = 0.7803
Evaluating class boat: 3/20
Class boat     Iteration 40   24.58sample/s
Class boat     Iteration 80   19.66sample/s
Class boat     Iteration 120  22.37sample/s
Class boat acc = 0.7744
Evaluating class bottle: 4/20
Class bottle   Iteration 40   25.32sample/s
Class bottle   Iteration 80   22.85sample/s
Class bottle   Iteration 120  22.36sample/s
Class bottle acc = 0.8708
Evaluating class bus: 5/20
Class bus      Iteration 40   22.95sample/s
Class bus      Iteration 80   23.24sample/s
Class bus      Iteration 120  23.45sample/s
Class bus acc = 0.9302
Evaluating class car: 6/20
Class car      Iteration 40   19.99sample/s
Class car      Iteration 80   21.63sample/s
Class car      Iteration 120  19.49sample/s
Class car acc = 0.8946
Evaluating class cat: 7/20
Class cat      Iteration 40   23.41sample/s
Class cat      Iteration 80   22.52sample/s
Class cat      Iteration 120  24.13sample/s
Class cat acc = 0.8491
Evaluating class chair: 8/20
Class chair    Iteration 40   25.25sample/s
Class chair    Iteration 80   23.05sample/s
Class chair    Iteration 120  22.62sample/s
Class chair acc = 0.6395
Evaluating class cow: 9/20
Class cow      Iteration 40   22.11sample/s
Class cow      Iteration 80   23.00sample/s
Class cow      Iteration 120  22.21sample/s
Class cow acc = 0.8084
Evaluating class diningtable: 10/20
Class diningtable Iteration 40   22.83sample/s
Class diningtable Iteration 80   24.05sample/s
Class diningtable Iteration 120  22.60sample/s
Class diningtable acc = 0.8377
Evaluating class dog: 11/20
Class dog      Iteration 40   20.96sample/s
Class dog      Iteration 80   21.88sample/s
Class dog      Iteration 120  22.26sample/s
Class dog acc = 0.8193
Evaluating class horse: 12/20
Class horse    Iteration 40   21.67sample/s
Class horse    Iteration 80   21.20sample/s
Class horse    Iteration 120  22.55sample/s
Class horse acc = 0.8104
Evaluating class motorbike: 13/20
Class motorbike Iteration 40   22.19sample/s
Class motorbike Iteration 80   21.65sample/s
Class motorbike Iteration 120  22.34sample/s
Class motorbike acc = 0.8116
Evaluating class person: 14/20
Class person   Iteration 40   21.74sample/s
Class person   Iteration 80   24.94sample/s
Class person   Iteration 120  21.86sample/s
Class person acc = 0.6707
Evaluating class pottedplant: 15/20
Class pottedplant Iteration 40   19.99sample/s
Class pottedplant Iteration 80   23.05sample/s
Class pottedplant Iteration 120  20.99sample/s
Class pottedplant acc = 0.9742
Evaluating class sheep: 16/20
Class sheep    Iteration 40   15.27sample/s
Class sheep    Iteration 80   14.79sample/s
Class sheep    Iteration 120  16.38sample/s
Class sheep acc = 0.7783
Evaluating class sofa: 17/20
Class sofa     Iteration 40   18.90sample/s
Class sofa     Iteration 80   19.48sample/s
Class sofa     Iteration 120  19.33sample/s
Class sofa acc = 0.8458
Evaluating class train: 18/20
Class train    Iteration 40   13.00sample/s
Class train    Iteration 80   15.37sample/s
Class train    Iteration 120  16.40sample/s
Class train acc = 0.9699
Evaluating class tvmonitor: 19/20
Class tvmonitor Iteration 40   17.69sample/s
Class tvmonitor Iteration 80   18.29sample/s
Class tvmonitor Iteration 120  20.77sample/s
Class tvmonitor acc = 0.9581
Evaluation complete in 16m 6s
Matching accuracy
aeroplane = 0.6297
bicycle = 0.7913
bird = 0.7803
boat = 0.7744
bottle = 0.8708
bus = 0.9302
car = 0.8946
cat = 0.8491
chair = 0.6395
cow = 0.8084
diningtable = 0.8377
dog = 0.8193
horse = 0.8104
motorbike = 0.8116
person = 0.6707
pottedplant = 0.9742
sheep = 0.7783
sofa = 0.8458
train = 0.9699
tvmonitor = 0.9581
average = 0.8222
Epoch 5/6
----------
lr = 1.50e-07, 5.00e-06
Epoch 5/6: 100%|██████████| 2000/2000 [14:28<00:00,  2.30it/s, loss=1.8983, acc=0.8691]
epoch loss: 1.8918967862688005, epoch accuracy: 0.8690839022853808
completed in 868.01s (14.47m)
Start evaluation...
Evaluating class aeroplane: 0/20
Class aeroplane Iteration 40   20.60sample/s
Class aeroplane Iteration 80   18.70sample/s
Class aeroplane Iteration 120  20.59sample/s
Class aeroplane acc = 0.6293
Evaluating class bicycle: 1/20
Class bicycle  Iteration 40   21.36sample/s
Class bicycle  Iteration 80   19.23sample/s
Class bicycle  Iteration 120  19.73sample/s
Class bicycle acc = 0.7991
Evaluating class bird: 2/20
Class bird     Iteration 40   17.76sample/s
Class bird     Iteration 80   18.13sample/s
Class bird     Iteration 120  17.96sample/s
Class bird acc = 0.7835
Evaluating class boat: 3/20
Class boat     Iteration 40   20.68sample/s
Class boat     Iteration 80   17.02sample/s
Class boat     Iteration 120  19.06sample/s
Class boat acc = 0.7683
Evaluating class bottle: 4/20
Class bottle   Iteration 40   20.70sample/s
Class bottle   Iteration 80   18.98sample/s
Class bottle   Iteration 120  19.01sample/s
Class bottle acc = 0.8698
Evaluating class bus: 5/20
Class bus      Iteration 40   18.96sample/s
Class bus      Iteration 80   19.04sample/s
Class bus      Iteration 120  18.65sample/s
Class bus acc = 0.9313
Evaluating class car: 6/20
Class car      Iteration 40   15.86sample/s
Class car      Iteration 80   17.09sample/s
Class car      Iteration 120  15.84sample/s
Class car acc = 0.8950
Evaluating class cat: 7/20
Class cat      Iteration 40   18.98sample/s
Class cat      Iteration 80   18.68sample/s
Class cat      Iteration 120  20.89sample/s
Class cat acc = 0.8492
Evaluating class chair: 8/20
Class chair    Iteration 40   22.89sample/s
Class chair    Iteration 80   20.50sample/s
Class chair    Iteration 120  21.11sample/s
Class chair acc = 0.6401
Evaluating class cow: 9/20
Class cow      Iteration 40   20.82sample/s
Class cow      Iteration 80   20.24sample/s
Class cow      Iteration 120  19.48sample/s
Class cow acc = 0.8123
Evaluating class diningtable: 10/20
Class diningtable Iteration 40   20.65sample/s
Class diningtable Iteration 80   21.66sample/s
Class diningtable Iteration 120  20.90sample/s
Class diningtable acc = 0.8748
Evaluating class dog: 11/20
Class dog      Iteration 40   19.72sample/s
Class dog      Iteration 80   20.02sample/s
Class dog      Iteration 120  20.43sample/s
Class dog acc = 0.8222
Evaluating class horse: 12/20
Class horse    Iteration 40   18.83sample/s
Class horse    Iteration 80   19.96sample/s
Class horse    Iteration 120  21.07sample/s
Class horse acc = 0.8187
Evaluating class motorbike: 13/20
Class motorbike Iteration 40   19.93sample/s
Class motorbike Iteration 80   20.25sample/s
Class motorbike Iteration 120  20.60sample/s
Class motorbike acc = 0.8179
Evaluating class person: 14/20
Class person   Iteration 40   19.95sample/s
Class person   Iteration 80   22.49sample/s
Class person   Iteration 120  20.54sample/s
Class person acc = 0.6718
Evaluating class pottedplant: 15/20
Class pottedplant Iteration 40   18.02sample/s
Class pottedplant Iteration 80   19.25sample/s
Class pottedplant Iteration 120  20.24sample/s
Class pottedplant acc = 0.9759
Evaluating class sheep: 16/20
Class sheep    Iteration 40   13.96sample/s
Class sheep    Iteration 80   14.06sample/s
Class sheep    Iteration 120  17.28sample/s
Class sheep acc = 0.7792
Evaluating class sofa: 17/20
Class sofa     Iteration 40   20.19sample/s
Class sofa     Iteration 80   19.79sample/s
Class sofa     Iteration 120  19.23sample/s
Class sofa acc = 0.8288
Evaluating class train: 18/20
Class train    Iteration 40   12.42sample/s
Class train    Iteration 80   14.28sample/s
Class train    Iteration 120  14.89sample/s
Class train acc = 0.9736
Evaluating class tvmonitor: 19/20
Class tvmonitor Iteration 40   16.07sample/s
Class tvmonitor Iteration 80   17.53sample/s
Class tvmonitor Iteration 120  19.70sample/s
Class tvmonitor acc = 0.9633
Evaluation complete in 17m 51s
Matching accuracy
aeroplane = 0.6293
bicycle = 0.7991
bird = 0.7835
boat = 0.7683
bottle = 0.8698
bus = 0.9313
car = 0.8950
cat = 0.8492
chair = 0.6401
cow = 0.8123
diningtable = 0.8748
dog = 0.8222
horse = 0.8187
motorbike = 0.8179
person = 0.6718
pottedplant = 0.9759
sheep = 0.7792
sofa = 0.8288
train = 0.9736
tvmonitor = 0.9633
average = 0.8252
Epoch 6/6
----------
lr = 1.50e-07, 5.00e-06
Epoch 6/6: 100%|██████████| 2000/2000 [14:27<00:00,  2.31it/s, loss=1.9612, acc=0.8707]
epoch loss: 1.8807268388718366, epoch accuracy: 0.8707440858624611
completed in 867.25s (14.45m)
Start evaluation...
Evaluating class aeroplane: 0/20
Class aeroplane Iteration 40   21.61sample/s
Class aeroplane Iteration 80   19.09sample/s
Class aeroplane Iteration 120  21.06sample/s
Class aeroplane acc = 0.6314
Evaluating class bicycle: 1/20
Class bicycle  Iteration 40   23.32sample/s
Class bicycle  Iteration 80   21.33sample/s
Class bicycle  Iteration 120  21.11sample/s
Class bicycle acc = 0.8006
Evaluating class bird: 2/20
Class bird     Iteration 40   18.31sample/s
Class bird     Iteration 80   18.45sample/s
Class bird     Iteration 120  15.75sample/s
Class bird acc = 0.7817
Evaluating class boat: 3/20
Class boat     Iteration 40   19.59sample/s
Class boat     Iteration 80   17.42sample/s
Class boat     Iteration 120  18.93sample/s
Class boat acc = 0.7685
Evaluating class bottle: 4/20
Class bottle   Iteration 40   20.94sample/s
Class bottle   Iteration 80   19.10sample/s
Class bottle   Iteration 120  19.38sample/s
Class bottle acc = 0.8688
Evaluating class bus: 5/20
Class bus      Iteration 40   21.26sample/s
Class bus      Iteration 80   21.52sample/s
Class bus      Iteration 120  20.93sample/s
Class bus acc = 0.9340
Evaluating class car: 6/20
Class car      Iteration 40   17.09sample/s
Class car      Iteration 80   18.67sample/s
Class car      Iteration 120  17.47sample/s
Class car acc = 0.8972
Evaluating class cat: 7/20
Class cat      Iteration 40   20.98sample/s
Class cat      Iteration 80   20.44sample/s
Class cat      Iteration 120  21.28sample/s
Class cat acc = 0.8530
Evaluating class chair: 8/20
Class chair    Iteration 40   23.35sample/s
Class chair    Iteration 80   20.66sample/s
Class chair    Iteration 120  21.08sample/s
Class chair acc = 0.6428
Evaluating class cow: 9/20
Class cow      Iteration 40   21.25sample/s
Class cow      Iteration 80   21.23sample/s
Class cow      Iteration 120  20.31sample/s
Class cow acc = 0.8120
Evaluating class diningtable: 10/20
Class diningtable Iteration 40   21.42sample/s
Class diningtable Iteration 80   22.23sample/s
Class diningtable Iteration 120  21.34sample/s
Class diningtable acc = 0.9008
Evaluating class dog: 11/20
Class dog      Iteration 40   20.18sample/s
Class dog      Iteration 80   23.27sample/s
Class dog      Iteration 120  26.45sample/s
Class dog acc = 0.8249
Evaluating class horse: 12/20
Class horse    Iteration 40   24.76sample/s
Class horse    Iteration 80   27.98sample/s
Class horse    Iteration 120  27.30sample/s
Class horse acc = 0.8177
Evaluating class motorbike: 13/20
Class motorbike Iteration 40   26.12sample/s
Class motorbike Iteration 80   27.19sample/s
Class motorbike Iteration 120  27.82sample/s
Class motorbike acc = 0.8214
Evaluating class person: 14/20
Class person   Iteration 40   27.38sample/s
Class person   Iteration 80   29.67sample/s
Class person   Iteration 120  31.15sample/s
Class person acc = 0.6749
Evaluating class pottedplant: 15/20
Class pottedplant Iteration 40   26.58sample/s
Class pottedplant Iteration 80   28.05sample/s
Class pottedplant Iteration 120  39.26sample/s
Class pottedplant acc = 0.9756
Evaluating class sheep: 16/20
Class sheep    Iteration 40   30.56sample/s
Class sheep    Iteration 80   31.85sample/s
Class sheep    Iteration 120  36.15sample/s
Class sheep acc = 0.7761
Evaluating class sofa: 17/20
Class sofa     Iteration 40   39.31sample/s
Class sofa     Iteration 80   43.17sample/s
Class sofa     Iteration 120  44.65sample/s
Class sofa acc = 0.8320
Evaluating class train: 18/20
Class train    Iteration 40   28.21sample/s
Class train    Iteration 80   33.84sample/s
Class train    Iteration 120  37.19sample/s
Class train acc = 0.9732
Evaluating class tvmonitor: 19/20
Class tvmonitor Iteration 40   37.94sample/s
Class tvmonitor Iteration 80   39.69sample/s
Class tvmonitor Iteration 120  45.70sample/s
Class tvmonitor acc = 0.9633
Evaluation complete in 14m 6s
Matching accuracy
aeroplane = 0.6314
bicycle = 0.8006
bird = 0.7817
boat = 0.7685
bottle = 0.8688
bus = 0.9340
car = 0.8972
cat = 0.8530
chair = 0.6428
cow = 0.8120
diningtable = 0.9008
dog = 0.8249
horse = 0.8177
motorbike = 0.8214
person = 0.6749
pottedplant = 0.9756
sheep = 0.7761
sofa = 0.8320
train = 0.9732
tvmonitor = 0.9633
average = 0.8275
[1;34mwandb[0m: 
[1;34mwandb[0m: You can sync this run to the cloud by running:
[1;34mwandb[0m: [1mwandb sync /scratch/hpc-prf-llmrout/hpcabpo/nmt/wandb/wandb/offline-run-20260923_050105-uobi2rdh[0m
[1;34mwandb[0m: Find logs at: [1;35m../../../../../../scratch/hpc-prf-llmrout/hpcabpo/nmt/wandb/wandb/offline-run-20260923_050105-uobi2rdh/logs[0m
