CPU_SET_HEX_STR_SIZE: 257, Size of mstr: 257
cpu-bind=MASK - gpu1022, task  0  0 [3682169]: mask |--------|BBBBBBBB|--------|--------|--------|--------|----BBBB|--------|--------|--------|BBBB----|--------||||--------|--------|--------|--------|--------|--------|--------|--------|--------|--------|--------|--------| set
job=3378377 node=gpu1022 gpu=NVIDIA H100 config=/scratch/hpc-prf-llmrout/hpcabpo/nmt/runs/configs/voc_mv_K4_seed4.json wandb=offline
dataset=PascalVOC backbone=vgg16 image_size=256 conv=rational model_dir=/scratch/hpc-prf-llmrout/hpcabpo/nmt/runs/voc_vgg16/mv_K4_seed4
{
    "BACKBONE": "vgg16",
    "BACKBONE_DIR": "/scratch/hpc-prf-llmrout/hpcabpo/nmt/checkpoints",
    "BATCH_SIZE": 8,
    "CACHE_PATH": "/scratch/hpc-prf-llmrout/hpcabpo/nmt/cache/voc_db",
    "DATASET_NAME": "PascalVOC",
    "EVAL": {
        "SAMPLES": 1000,
        "difficulty_params": {},
        "num_graphs_in_matching_instance": 2
    },
    "IMAGE_SIZE": 256,
    "Matching_TF": {
        "activation": "relu",
        "batch_norm": true,
        "d_model": 648,
        "nGPT_mlp_hidden_mult": 6,
        "n_decoder": 4,
        "n_encoder": 4,
        "n_head": 12,
        "n_lap_EigVec": 8,
        "pos_encoding": false
    },
    "NORM_MEANS": [
        0.485,
        0.456,
        0.406
    ],
    "NORM_STD": [
        0.229,
        0.224,
        0.225
    ],
    "RANDOM_SEED": 4,
    "SPLINE_CNN": {
        "aggr": "max",
        "conv": "rational",
        "degrees": [
            8,
            6
        ],
        "dim": 2,
        "init": "pca",
        "init_noise": 0.001,
        "input_features": 1024,
        "kernel_size": 5,
        "num_bases": 4,
        "output_features": 648,
        "poly": "chebyshev",
        "pyg_init": true,
        "rational_basis": "multivariate",
        "safe": "B",
        "vp": true
    },
    "SPair": {
        "CLASSES": [
            "aeroplane",
            "bicycle",
            "bird",
            "boat",
            "boat",
            "bottle",
            "bus",
            "car",
            "cat",
            "chair",
            "cow",
            "dog",
            "horse",
            "motorbike",
            "person",
            "pottedplant",
            "sheep",
            "train",
            "tvmonitor"
        ],
        "ROOT_DIR": "./data/downloaded/SPair-71k",
        "size": "large"
    },
    "STATISTIC_STEP": 1,
    "TRACK_GRAD_NORM": false,
    "TRAIN": {
        "EPOCH_ITERS": 2000,
        "LR": 0.0005,
        "_comment_epochs": "Identical budget to the SPair-71k sweep so the two NMT columns are comparable: lr_schedule long_halving5 defines 12 epochs, max_epochs stops after 7, and both LR drops (epochs 2 and 5) still happen.",
        "clip_norm": 0,
        "cutmix_beta": 1.0,
        "cutmix_prob": 0.3,
        "difficulty_params": {},
        "layer_loss_param": 0.3,
        "lr_schedule": "long_halving5",
        "max_epochs": 7,
        "mixup_alpha": 0.8,
        "mixup_prob": 0.3,
        "num_graphs_in_matching_instance": 2,
        "random_erasing_prob": 0.3,
        "temperature": 0.1,
        "weight_decay": 0
    },
    "USE_SYNTHETIC": false,
    "VOC2011": {
        "CLASSES": [
            "aeroplane",
            "bicycle",
            "bird",
            "boat",
            "bottle",
            "bus",
            "car",
            "cat",
            "chair",
            "cow",
            "diningtable",
            "dog",
            "horse",
            "motorbike",
            "person",
            "pottedplant",
            "sheep",
            "sofa",
            "train",
            "tvmonitor"
        ],
        "KPT_ANNO_DIR": "/pc2/groups/hpc-prf-llmrout/hpcabpo/rational-basis-cnn/data/PascalVOC/raw/annotations/",
        "ROOT_DIR": "/pc2/groups/hpc-prf-llmrout/hpcabpo/rational-basis-cnn/data/PascalVOC/raw/images/",
        "SET_SPLIT": "/pc2/groups/hpc-prf-llmrout/hpcabpo/rational-basis-cnn/data/PascalVOC/raw/splits.npz"
    },
    "WILLOW": {
        "CLASSES": [
            "Car",
            "Duck",
            "Face",
            "Motorbike",
            "Winebottle"
        ],
        "KPT_LEN": 10,
        "ROOT_DIR": "./data/downloaded/WILLOW/WILLOW-ObjectClass",
        "TRAIN_NUM": 20,
        "TRAIN_OFFSET": 0
    },
    "_comment_batch_size": "BATCH_SIZE is deliberately NOT overridden here. voc_basic.json sets 8, which is NMT's own PascalVOC recipe; the claim being tested is that only the SplineConv layer changes, so the host recipe is left alone. spair_vgg16.json sets 5 because no author-provided SPair recipe existed.",
    "_comment_cache": "data/pascal_voc.py writes a filtered-xml pickle to cfg.CACHE_PATH. The default 'data/cache' is repo-relative, i.e. inside the 50 GB HOME quota, and group storage is read-only inside jobs, so it is redirected to scratch.",
    "_comment_paths": "ROOT_DIR must end in a slash: data/pascal_voc.py builds the image and annotation directories by string concatenation (cfg.VOC2011.ROOT_DIR + 'JPEGImages'). SET_SPLIT points at the split shipped with the shared PascalVOC tree; see NMT_VOC_ROOT in hpc/env.sh for why voc2011_pairs.npz is not required.",
    "_generated_by": "slurm/make_config.py mv_K4 4 (voc)",
    "combine_classes": false,
    "default_json": "experiments/voc_basic.json",
    "eval_sampling": "intersection",
    "evaluate_only": false,
    "exclude_willow_classes": false,
    "keep_last_checkpoint_only": true,
    "log_dir": "runs/",
    "model_dir": "/scratch/hpc-prf-llmrout/hpcabpo/nmt/runs/voc_vgg16/mv_K4_seed4",
    "save_checkpoint": true,
    "train_sampling": "intersection",
    "visualization_params": {
        "produce_pdf": false,
        "reduced_vis": true
    },
    "visualize": false,
    "warmstart_path": null
}
wandb: Tracking run with wandb version 0.30.0
wandb: W&B syncing is set to `offline` in this directory. Run `wandb online` or set WANDB_MODE=online to enable cloud syncing.
wandb: Run data is saved locally in /scratch/hpc-prf-llmrout/hpcabpo/nmt/wandb/wandb/offline-run-20260923_050318-b0nokm72
wandb: View this run in the terminal with `wandb leet`
xml list loaded from /scratch/hpc-prf-llmrout/hpcabpo/nmt/cache/voc_db/voc_db_train.pkl
TRUE EPOCHS:  False
16000
Initializing train-set. Randomly sampling 16000 examples.
/pc2/groups/hpc-prf-llmrout/hpcabpo/nmt/conda/envs/nmt/lib/python3.12/site-packages/albumentations/core/composition.py:331: UserWarning: Got processor for keypoints, but no transform to process it.
  self._set_keys()
xml list loaded from /scratch/hpc-prf-llmrout/hpcabpo/nmt/cache/voc_db/voc_db_test.pkl
TRUE EPOCHS:  False
1000
Initializing test-set. Randomly sampling 1000 examples.
/pc2/groups/hpc-prf-llmrout/hpcabpo/nmt/conda/envs/nmt/lib/python3.12/site-packages/torchvision/models/_utils.py:208: UserWarning: The parameter 'pretrained' is deprecated since 0.13 and may be removed in the future, please use 'weights' instead.
  warnings.warn(
/pc2/groups/hpc-prf-llmrout/hpcabpo/nmt/conda/envs/nmt/lib/python3.12/site-packages/torchvision/models/_utils.py:223: UserWarning: Arguments other than a weight enum or `None` for 'weights' are deprecated since 0.13 and may be removed in the future. The current behavior is equivalent to passing `weights=VGG16_Weights.IMAGENET1K_V1`. You can also use `weights=VGG16_Weights.DEFAULT` to get the most up-to-date weights.
  warnings.warn(msg)
stopping after 7 epochs (cfg.TRAIN.max_epochs; schedule 'long_halving5' defines 12)
Start training...
NMT model on device: cuda:0
Epoch 0/6
----------
lr = 1.50e-05, 5.00e-04
Epoch 0/6:   0%|          | 0/2000 [00:00<?, ?it/s]/pc2/groups/hpc-prf-llmrout/hpcabpo/nmt/conda/envs/nmt/lib/python3.12/site-packages/torch_geometric/utils/_scatter.py:91: UserWarning: The usage of `scatter(reduce='max')` can be accelerated via the 'torch-scatter' package, but it was not found
  warnings.warn(
[rank0]:[W923 05:03:23.734361787 reducer.cpp:1528] Warning: find_unused_parameters=True was specified in DDP constructor, but did not find any unused parameters in the forward pass. This flag results in an extra traversal of the autograd graph every iteration,  which can adversely affect performance. If your model indeed never has any unused parameters in the forward pass, consider turning this flag off. Note that this warning may be a false positive if your model has flow control causing later iterations to have unused parameters. (function operator())
Epoch 0/6: 100%|██████████| 2000/2000 [07:28<00:00,  4.46it/s, loss=4.1317, acc=0.6551]
epoch loss: 3.4891588131785394, epoch accuracy: 0.6551038078219701
completed in 448.35s (7.47m)
Start evaluation...
Evaluating class aeroplane: 0/20
Class aeroplane Iteration 40   46.36sample/s
Class aeroplane Iteration 80   48.94sample/s
Class aeroplane Iteration 120  50.76sample/s
Class aeroplane acc = 0.5131
Evaluating class bicycle: 1/20
Class bicycle  Iteration 40   45.95sample/s
Class bicycle  Iteration 80   55.42sample/s
Class bicycle  Iteration 120  51.14sample/s
Class bicycle acc = 0.7647
Evaluating class bird: 2/20
Class bird     Iteration 40   40.12sample/s
Class bird     Iteration 80   48.36sample/s
Class bird     Iteration 120  44.24sample/s
Class bird acc = 0.7131
Evaluating class boat: 3/20
Class boat     Iteration 40   47.22sample/s
Class boat     Iteration 80   49.33sample/s
Class boat     Iteration 120  49.98sample/s
Class boat acc = 0.6678
Evaluating class bottle: 4/20
Class bottle   Iteration 40   43.00sample/s
Class bottle   Iteration 80   51.44sample/s
Class bottle   Iteration 120  49.54sample/s
Class bottle acc = 0.8636
Evaluating class bus: 5/20
Class bus      Iteration 40   43.49sample/s
Class bus      Iteration 80   50.30sample/s
Class bus      Iteration 120  48.03sample/s
Class bus acc = 0.8664
Evaluating class car: 6/20
Class car      Iteration 40   40.30sample/s
Class car      Iteration 80   45.21sample/s
Class car      Iteration 120  39.19sample/s
Class car acc = 0.7999
Evaluating class cat: 7/20
Class cat      Iteration 40   51.36sample/s
Class cat      Iteration 80   46.42sample/s
Class cat      Iteration 120  50.70sample/s
Class cat acc = 0.7606
Evaluating class chair: 8/20
Class chair    Iteration 40   49.87sample/s
Class chair    Iteration 80   45.31sample/s
Class chair    Iteration 120  45.91sample/s
Class chair acc = 0.4542
Evaluating class cow: 9/20
Class cow      Iteration 40   44.28sample/s
Class cow      Iteration 80   44.27sample/s
Class cow      Iteration 120  44.96sample/s
Class cow acc = 0.7524
Evaluating class diningtable: 10/20
Class diningtable Iteration 40   47.94sample/s
Class diningtable Iteration 80   45.06sample/s
Class diningtable Iteration 120  43.92sample/s
Class diningtable acc = 0.9260
Evaluating class dog: 11/20
Class dog      Iteration 40   39.37sample/s
Class dog      Iteration 80   48.13sample/s
Class dog      Iteration 120  43.46sample/s
Class dog acc = 0.7413
Evaluating class horse: 12/20
Class horse    Iteration 40   38.24sample/s
Class horse    Iteration 80   45.98sample/s
Class horse    Iteration 120  45.93sample/s
Class horse acc = 0.7730
Evaluating class motorbike: 13/20
Class motorbike Iteration 40   40.53sample/s
Class motorbike Iteration 80   42.85sample/s
Class motorbike Iteration 120  49.80sample/s
Class motorbike acc = 0.7218
Evaluating class person: 14/20
Class person   Iteration 40   41.63sample/s
Class person   Iteration 80   43.87sample/s
Class person   Iteration 120  51.90sample/s
Class person acc = 0.5460
Evaluating class pottedplant: 15/20
Class pottedplant Iteration 40   42.60sample/s
Class pottedplant Iteration 80   47.69sample/s
Class pottedplant Iteration 120  47.68sample/s
Class pottedplant acc = 0.9733
Evaluating class sheep: 16/20
Class sheep    Iteration 40   32.07sample/s
Class sheep    Iteration 80   35.16sample/s
Class sheep    Iteration 120  42.34sample/s
Class sheep acc = 0.7188
Evaluating class sofa: 17/20
Class sofa     Iteration 40   49.60sample/s
Class sofa     Iteration 80   52.08sample/s
Class sofa     Iteration 120  51.96sample/s
Class sofa acc = 0.6916
Evaluating class train: 18/20
Class train    Iteration 40   38.96sample/s
Class train    Iteration 80   41.88sample/s
Class train    Iteration 120  44.74sample/s
Class train acc = 0.9613
Evaluating class tvmonitor: 19/20
Class tvmonitor Iteration 40   51.76sample/s
Class tvmonitor Iteration 80   50.53sample/s
Class tvmonitor Iteration 120  52.67sample/s
Class tvmonitor acc = 0.9559
Evaluation complete in 7m 21s
Matching accuracy
aeroplane = 0.5131
bicycle = 0.7647
bird = 0.7131
boat = 0.6678
bottle = 0.8636
bus = 0.8664
car = 0.7999
cat = 0.7606
chair = 0.4542
cow = 0.7524
diningtable = 0.9260
dog = 0.7413
horse = 0.7730
motorbike = 0.7218
person = 0.5460
pottedplant = 0.9733
sheep = 0.7188
sofa = 0.6916
train = 0.9613
tvmonitor = 0.9559
average = 0.7582
Epoch 1/6
----------
lr = 1.50e-05, 5.00e-04
Epoch 1/6: 100%|██████████| 2000/2000 [09:52<00:00,  3.38it/s, loss=3.4681, acc=0.7750]
epoch loss: 2.5706477659642695, epoch accuracy: 0.7750201346009646
completed in 592.25s (9.87m)
Start evaluation...
Evaluating class aeroplane: 0/20
Class aeroplane Iteration 40   32.41sample/s
Class aeroplane Iteration 80   35.35sample/s
Class aeroplane Iteration 120  47.67sample/s
Class aeroplane acc = 0.5853
Evaluating class bicycle: 1/20
Class bicycle  Iteration 40   39.56sample/s
Class bicycle  Iteration 80   41.40sample/s
Class bicycle  Iteration 120  45.21sample/s
Class bicycle acc = 0.7750
Evaluating class bird: 2/20
Class bird     Iteration 40   32.86sample/s
Class bird     Iteration 80   34.94sample/s
Class bird     Iteration 120  38.14sample/s
Class bird acc = 0.7324
Evaluating class boat: 3/20
Class boat     Iteration 40   35.96sample/s
Class boat     Iteration 80   34.65sample/s
Class boat     Iteration 120  42.30sample/s
Class boat acc = 0.7066
Evaluating class bottle: 4/20
Class bottle   Iteration 40   38.78sample/s
Class bottle   Iteration 80   35.94sample/s
Class bottle   Iteration 120  39.32sample/s
Class bottle acc = 0.8639
Evaluating class bus: 5/20
Class bus      Iteration 40   36.22sample/s
Class bus      Iteration 80   42.12sample/s
Class bus      Iteration 120  45.71sample/s
Class bus acc = 0.8809
Evaluating class car: 6/20
Class car      Iteration 40   30.83sample/s
Class car      Iteration 80   40.07sample/s
Class car      Iteration 120  37.06sample/s
Class car acc = 0.8281
Evaluating class cat: 7/20
Class cat      Iteration 40   40.90sample/s
Class cat      Iteration 80   48.36sample/s
Class cat      Iteration 120  57.16sample/s
Class cat acc = 0.8002
Evaluating class chair: 8/20
Class chair    Iteration 40   44.93sample/s
Class chair    Iteration 80   46.00sample/s
Class chair    Iteration 120  48.39sample/s
Class chair acc = 0.5130
Evaluating class cow: 9/20
Class cow      Iteration 40   41.97sample/s
Class cow      Iteration 80   48.79sample/s
Class cow      Iteration 120  54.27sample/s
Class cow acc = 0.7846
Evaluating class diningtable: 10/20
Class diningtable Iteration 40   43.27sample/s
Class diningtable Iteration 80   47.87sample/s
Class diningtable Iteration 120  53.48sample/s
Class diningtable acc = 0.8263
Evaluating class dog: 11/20
Class dog      Iteration 40   41.20sample/s
Class dog      Iteration 80   43.49sample/s
Class dog      Iteration 120  47.27sample/s
Class dog acc = 0.7681
Evaluating class horse: 12/20
Class horse    Iteration 40   39.36sample/s
Class horse    Iteration 80   40.30sample/s
Class horse    Iteration 120  53.78sample/s
Class horse acc = 0.8039
Evaluating class motorbike: 13/20
Class motorbike Iteration 40   41.45sample/s
Class motorbike Iteration 80   43.06sample/s
Class motorbike Iteration 120  50.88sample/s
Class motorbike acc = 0.7354
Evaluating class person: 14/20
Class person   Iteration 40   41.71sample/s
Class person   Iteration 80   47.60sample/s
Class person   Iteration 120  48.84sample/s
Class person acc = 0.5885
Evaluating class pottedplant: 15/20
Class pottedplant Iteration 40   50.25sample/s
Class pottedplant Iteration 80   45.15sample/s
Class pottedplant Iteration 120  47.34sample/s
Class pottedplant acc = 0.9831
Evaluating class sheep: 16/20
Class sheep    Iteration 40   39.77sample/s
Class sheep    Iteration 80   37.10sample/s
Class sheep    Iteration 120  41.11sample/s
Class sheep acc = 0.7525
Evaluating class sofa: 17/20
Class sofa     Iteration 40   49.77sample/s
Class sofa     Iteration 80   52.74sample/s
Class sofa     Iteration 120  46.89sample/s
Class sofa acc = 0.7334
Evaluating class train: 18/20
Class train    Iteration 40   30.44sample/s
Class train    Iteration 80   38.13sample/s
Class train    Iteration 120  39.92sample/s
Class train acc = 0.9508
Evaluating class tvmonitor: 19/20
Class tvmonitor Iteration 40   41.20sample/s
Class tvmonitor Iteration 80   41.27sample/s
Class tvmonitor Iteration 120  47.04sample/s
Class tvmonitor acc = 0.9460
Evaluation complete in 7m 59s
Matching accuracy
aeroplane = 0.5853
bicycle = 0.7750
bird = 0.7324
boat = 0.7066
bottle = 0.8639
bus = 0.8809
car = 0.8281
cat = 0.8002
chair = 0.5130
cow = 0.7846
diningtable = 0.8263
dog = 0.7681
horse = 0.8039
motorbike = 0.7354
person = 0.5885
pottedplant = 0.9831
sheep = 0.7525
sofa = 0.7334
train = 0.9508
tvmonitor = 0.9460
average = 0.7779
Epoch 2/6
----------
lr = 1.50e-06, 5.00e-05
Epoch 2/6: 100%|██████████| 2000/2000 [07:28<00:00,  4.46it/s, loss=2.3006, acc=0.8233]
epoch loss: 2.199061202585697, epoch accuracy: 0.8233188419202664
completed in 448.14s (7.47m)
Start evaluation...
Evaluating class aeroplane: 0/20
Class aeroplane Iteration 40   42.90sample/s
Class aeroplane Iteration 80   49.84sample/s
Class aeroplane Iteration 120  47.91sample/s
Class aeroplane acc = 0.6087
Evaluating class bicycle: 1/20
Class bicycle  Iteration 40   43.42sample/s
Class bicycle  Iteration 80   52.66sample/s
Class bicycle  Iteration 120  46.16sample/s
Class bicycle acc = 0.7797
Evaluating class bird: 2/20
Class bird     Iteration 40   37.45sample/s
Class bird     Iteration 80   48.36sample/s
Class bird     Iteration 120  43.66sample/s
Class bird acc = 0.7605
Evaluating class boat: 3/20
Class boat     Iteration 40   43.70sample/s
Class boat     Iteration 80   46.08sample/s
Class boat     Iteration 120  45.95sample/s
Class boat acc = 0.7684
Evaluating class bottle: 4/20
Class bottle   Iteration 40   43.52sample/s
Class bottle   Iteration 80   49.76sample/s
Class bottle   Iteration 120  44.89sample/s
Class bottle acc = 0.8745
Evaluating class bus: 5/20
Class bus      Iteration 40   37.62sample/s
Class bus      Iteration 80   49.84sample/s
Class bus      Iteration 120  44.88sample/s
Class bus acc = 0.9112
Evaluating class car: 6/20
Class car      Iteration 40   32.74sample/s
Class car      Iteration 80   44.91sample/s
Class car      Iteration 120  35.00sample/s
Class car acc = 0.8705
Evaluating class cat: 7/20
Class cat      Iteration 40   42.91sample/s
Class cat      Iteration 80   46.52sample/s
Class cat      Iteration 120  47.55sample/s
Class cat acc = 0.8158
Evaluating class chair: 8/20
Class chair    Iteration 40   45.60sample/s
Class chair    Iteration 80   50.43sample/s
Class chair    Iteration 120  45.33sample/s
Class chair acc = 0.5818
Evaluating class cow: 9/20
Class cow      Iteration 40   43.43sample/s
Class cow      Iteration 80   50.94sample/s
Class cow      Iteration 120  45.43sample/s
Class cow acc = 0.8061
Evaluating class diningtable: 10/20
Class diningtable Iteration 40   46.81sample/s
Class diningtable Iteration 80   48.18sample/s
Class diningtable Iteration 120  45.89sample/s
Class diningtable acc = 0.8237
Evaluating class dog: 11/20
Class dog      Iteration 40   40.92sample/s
Class dog      Iteration 80   50.41sample/s
Class dog      Iteration 120  47.40sample/s
Class dog acc = 0.7938
Evaluating class horse: 12/20
Class horse    Iteration 40   41.45sample/s
Class horse    Iteration 80   48.76sample/s
Class horse    Iteration 120  47.47sample/s
Class horse acc = 0.8187
Evaluating class motorbike: 13/20
Class motorbike Iteration 40   45.72sample/s
Class motorbike Iteration 80   47.92sample/s
Class motorbike Iteration 120  56.22sample/s
Class motorbike acc = 0.7705
Evaluating class person: 14/20
Class person   Iteration 40   45.33sample/s
Class person   Iteration 80   49.86sample/s
Class person   Iteration 120  60.68sample/s
Class person acc = 0.6481
Evaluating class pottedplant: 15/20
Class pottedplant Iteration 40   41.64sample/s
Class pottedplant Iteration 80   46.69sample/s
Class pottedplant Iteration 120  46.66sample/s
Class pottedplant acc = 0.9815
Evaluating class sheep: 16/20
Class sheep    Iteration 40   32.84sample/s
Class sheep    Iteration 80   36.17sample/s
Class sheep    Iteration 120  37.25sample/s
Class sheep acc = 0.7659
Evaluating class sofa: 17/20
Class sofa     Iteration 40   46.56sample/s
Class sofa     Iteration 80   45.66sample/s
Class sofa     Iteration 120  42.91sample/s
Class sofa acc = 0.7685
Evaluating class train: 18/20
Class train    Iteration 40   28.86sample/s
Class train    Iteration 80   34.14sample/s
Class train    Iteration 120  34.09sample/s
Class train acc = 0.9670
Evaluating class tvmonitor: 19/20
Class tvmonitor Iteration 40   41.40sample/s
Class tvmonitor Iteration 80   41.68sample/s
Class tvmonitor Iteration 120  44.96sample/s
Class tvmonitor acc = 0.9487
Evaluation complete in 7m 39s
Matching accuracy
aeroplane = 0.6087
bicycle = 0.7797
bird = 0.7605
boat = 0.7684
bottle = 0.8745
bus = 0.9112
car = 0.8705
cat = 0.8158
chair = 0.5818
cow = 0.8061
diningtable = 0.8237
dog = 0.7938
horse = 0.8187
motorbike = 0.7705
person = 0.6481
pottedplant = 0.9815
sheep = 0.7659
sofa = 0.7685
train = 0.9670
tvmonitor = 0.9487
average = 0.8032
Epoch 3/6
----------
lr = 1.50e-06, 5.00e-05
Epoch 3/6: 100%|██████████| 2000/2000 [07:27<00:00,  4.47it/s, loss=1.8881, acc=0.8446]
epoch loss: 2.052084917128086, epoch accuracy: 0.8446446222421157
completed in 447.75s (7.46m)
Start evaluation...
Evaluating class aeroplane: 0/20
Class aeroplane Iteration 40   41.16sample/s
Class aeroplane Iteration 80   39.78sample/s
Class aeroplane Iteration 120  56.58sample/s
Class aeroplane acc = 0.6187
Evaluating class bicycle: 1/20
Class bicycle  Iteration 40   45.98sample/s
Class bicycle  Iteration 80   48.35sample/s
Class bicycle  Iteration 120  52.44sample/s
Class bicycle acc = 0.7807
Evaluating class bird: 2/20
Class bird     Iteration 40   40.93sample/s
Class bird     Iteration 80   44.58sample/s
Class bird     Iteration 120  48.29sample/s
Class bird acc = 0.7689
Evaluating class boat: 3/20
Class boat     Iteration 40   44.71sample/s
Class boat     Iteration 80   44.26sample/s
Class boat     Iteration 120  54.96sample/s
Class boat acc = 0.7627
Evaluating class bottle: 4/20
Class bottle   Iteration 40   44.83sample/s
Class bottle   Iteration 80   48.27sample/s
Class bottle   Iteration 120  54.31sample/s
Class bottle acc = 0.8738
Evaluating class bus: 5/20
Class bus      Iteration 40   40.49sample/s
Class bus      Iteration 80   44.83sample/s
Class bus      Iteration 120  51.69sample/s
Class bus acc = 0.9040
Evaluating class car: 6/20
Class car      Iteration 40   32.15sample/s
Class car      Iteration 80   41.26sample/s
Class car      Iteration 120  36.42sample/s
Class car acc = 0.8794
Evaluating class cat: 7/20
Class cat      Iteration 40   40.46sample/s
Class cat      Iteration 80   46.68sample/s
Class cat      Iteration 120  47.78sample/s
Class cat acc = 0.8311
Evaluating class chair: 8/20
Class chair    Iteration 40   42.18sample/s
Class chair    Iteration 80   47.31sample/s
Class chair    Iteration 120  45.05sample/s
Class chair acc = 0.6042
Evaluating class cow: 9/20
Class cow      Iteration 40   39.08sample/s
Class cow      Iteration 80   43.76sample/s
Class cow      Iteration 120  50.92sample/s
Class cow acc = 0.8189
Evaluating class diningtable: 10/20
Class diningtable Iteration 40   43.45sample/s
Class diningtable Iteration 80   47.03sample/s
Class diningtable Iteration 120  53.70sample/s
Class diningtable acc = 0.8916
Evaluating class dog: 11/20
Class dog      Iteration 40   39.10sample/s
Class dog      Iteration 80   40.25sample/s
Class dog      Iteration 120  44.39sample/s
Class dog acc = 0.8051
Evaluating class horse: 12/20
Class horse    Iteration 40   41.03sample/s
Class horse    Iteration 80   39.39sample/s
Class horse    Iteration 120  43.60sample/s
Class horse acc = 0.8303
Evaluating class motorbike: 13/20
Class motorbike Iteration 40   45.16sample/s
Class motorbike Iteration 80   40.98sample/s
Class motorbike Iteration 120  43.21sample/s
Class motorbike acc = 0.8022
Evaluating class person: 14/20
Class person   Iteration 40   48.45sample/s
Class person   Iteration 80   47.79sample/s
Class person   Iteration 120  46.48sample/s
Class person acc = 0.6548
Evaluating class pottedplant: 15/20
Class pottedplant Iteration 40   49.16sample/s
Class pottedplant Iteration 80   55.02sample/s
Class pottedplant Iteration 120  56.43sample/s
Class pottedplant acc = 0.9836
Evaluating class sheep: 16/20
Class sheep    Iteration 40   36.45sample/s
Class sheep    Iteration 80   34.85sample/s
Class sheep    Iteration 120  46.54sample/s
Class sheep acc = 0.7670
Evaluating class sofa: 17/20
Class sofa     Iteration 40   57.72sample/s
Class sofa     Iteration 80   54.60sample/s
Class sofa     Iteration 120  56.36sample/s
Class sofa acc = 0.7441
Evaluating class train: 18/20
Class train    Iteration 40   34.57sample/s
Class train    Iteration 80   40.30sample/s
Class train    Iteration 120  43.79sample/s
Class train acc = 0.9704
Evaluating class tvmonitor: 19/20
Class tvmonitor Iteration 40   51.05sample/s
Class tvmonitor Iteration 80   51.21sample/s
Class tvmonitor Iteration 120  62.01sample/s
Class tvmonitor acc = 0.9539
Evaluation complete in 7m 25s
Matching accuracy
aeroplane = 0.6187
bicycle = 0.7807
bird = 0.7689
boat = 0.7627
bottle = 0.8738
bus = 0.9040
car = 0.8794
cat = 0.8311
chair = 0.6042
cow = 0.8189
diningtable = 0.8916
dog = 0.8051
horse = 0.8303
motorbike = 0.8022
person = 0.6548
pottedplant = 0.9836
sheep = 0.7670
sofa = 0.7441
train = 0.9704
tvmonitor = 0.9539
average = 0.8123
Epoch 4/6
----------
lr = 1.50e-06, 5.00e-05
Epoch 4/6: 100%|██████████| 2000/2000 [07:24<00:00,  4.49it/s, loss=2.3993, acc=0.8597]
epoch loss: 1.9373940313458442, epoch accuracy: 0.8596967765181962
completed in 444.95s (7.42m)
Start evaluation...
Evaluating class aeroplane: 0/20
Class aeroplane Iteration 40   47.05sample/s
Class aeroplane Iteration 80   41.28sample/s
Class aeroplane Iteration 120  46.17sample/s
Class aeroplane acc = 0.6270
Evaluating class bicycle: 1/20
Class bicycle  Iteration 40   45.18sample/s
Class bicycle  Iteration 80   43.36sample/s
Class bicycle  Iteration 120  42.79sample/s
Class bicycle acc = 0.7827
Evaluating class bird: 2/20
Class bird     Iteration 40   37.52sample/s
Class bird     Iteration 80   38.30sample/s
Class bird     Iteration 120  38.69sample/s
Class bird acc = 0.7699
Evaluating class boat: 3/20
Class boat     Iteration 40   40.33sample/s
Class boat     Iteration 80   34.93sample/s
Class boat     Iteration 120  41.88sample/s
Class boat acc = 0.7544
Evaluating class bottle: 4/20
Class bottle   Iteration 40   41.17sample/s
Class bottle   Iteration 80   45.20sample/s
Class bottle   Iteration 120  45.68sample/s
Class bottle acc = 0.8786
Evaluating class bus: 5/20
Class bus      Iteration 40   41.79sample/s
Class bus      Iteration 80   45.28sample/s
Class bus      Iteration 120  47.21sample/s
Class bus acc = 0.8967
Evaluating class car: 6/20
Class car      Iteration 40   33.37sample/s
Class car      Iteration 80   38.27sample/s
Class car      Iteration 120  37.91sample/s
Class car acc = 0.8834
Evaluating class cat: 7/20
Class cat      Iteration 40   41.07sample/s
Class cat      Iteration 80   43.85sample/s
Class cat      Iteration 120  54.61sample/s
Class cat acc = 0.8375
Evaluating class chair: 8/20
Class chair    Iteration 40   44.79sample/s
Class chair    Iteration 80   45.79sample/s
Class chair    Iteration 120  48.08sample/s
Class chair acc = 0.6011
Evaluating class cow: 9/20
Class cow      Iteration 40   48.74sample/s
Class cow      Iteration 80   48.12sample/s
Class cow      Iteration 120  47.03sample/s
Class cow acc = 0.8187
Evaluating class diningtable: 10/20
Class diningtable Iteration 40   50.32sample/s
Class diningtable Iteration 80   48.07sample/s
Class diningtable Iteration 120  49.24sample/s
Class diningtable acc = 0.8559
Evaluating class dog: 11/20
Class dog      Iteration 40   47.48sample/s
Class dog      Iteration 80   44.61sample/s
Class dog      Iteration 120  47.05sample/s
Class dog acc = 0.8075
Evaluating class horse: 12/20
Class horse    Iteration 40   46.90sample/s
Class horse    Iteration 80   45.08sample/s
Class horse    Iteration 120  49.01sample/s
Class horse acc = 0.8235
Evaluating class motorbike: 13/20
Class motorbike Iteration 40   52.92sample/s
Class motorbike Iteration 80   52.49sample/s
Class motorbike Iteration 120  52.50sample/s
Class motorbike acc = 0.8042
Evaluating class person: 14/20
Class person   Iteration 40   56.52sample/s
Class person   Iteration 80   52.95sample/s
Class person   Iteration 120  58.97sample/s
Class person acc = 0.6696
Evaluating class pottedplant: 15/20
Class pottedplant Iteration 40   59.43sample/s
Class pottedplant Iteration 80   56.15sample/s
Class pottedplant Iteration 120  57.01sample/s
Class pottedplant acc = 0.9827
Evaluating class sheep: 16/20
Class sheep    Iteration 40   38.76sample/s
Class sheep    Iteration 80   42.61sample/s
Class sheep    Iteration 120  45.39sample/s
Class sheep acc = 0.7749
Evaluating class sofa: 17/20
Class sofa     Iteration 40   57.43sample/s
Class sofa     Iteration 80   57.31sample/s
Class sofa     Iteration 120  58.84sample/s
Class sofa acc = 0.7637
Evaluating class train: 18/20
Class train    Iteration 40   39.54sample/s
Class train    Iteration 80   47.30sample/s
Class train    Iteration 120  42.72sample/s
Class train acc = 0.9690
Evaluating class tvmonitor: 19/20
Class tvmonitor Iteration 40   52.49sample/s
Class tvmonitor Iteration 80   53.54sample/s
Class tvmonitor Iteration 120  56.65sample/s
Class tvmonitor acc = 0.9454
Evaluation complete in 7m 13s
Matching accuracy
aeroplane = 0.6270
bicycle = 0.7827
bird = 0.7699
boat = 0.7544
bottle = 0.8786
bus = 0.8967
car = 0.8834
cat = 0.8375
chair = 0.6011
cow = 0.8187
diningtable = 0.8559
dog = 0.8075
horse = 0.8235
motorbike = 0.8042
person = 0.6696
pottedplant = 0.9827
sheep = 0.7749
sofa = 0.7637
train = 0.9690
tvmonitor = 0.9454
average = 0.8123
Epoch 5/6
----------
lr = 1.50e-07, 5.00e-06
Epoch 5/6: 100%|██████████| 2000/2000 [07:28<00:00,  4.46it/s, loss=1.8511, acc=0.8671]
epoch loss: 1.9050913957953453, epoch accuracy: 0.8671325417798786
completed in 448.10s (7.47m)
Start evaluation...
Evaluating class aeroplane: 0/20
Class aeroplane Iteration 40   40.45sample/s
Class aeroplane Iteration 80   43.68sample/s
Class aeroplane Iteration 120  45.69sample/s
Class aeroplane acc = 0.6291
Evaluating class bicycle: 1/20
Class bicycle  Iteration 40   41.66sample/s
Class bicycle  Iteration 80   49.81sample/s
Class bicycle  Iteration 120  43.86sample/s
Class bicycle acc = 0.7818
Evaluating class bird: 2/20
Class bird     Iteration 40   38.19sample/s
Class bird     Iteration 80   45.21sample/s
Class bird     Iteration 120  42.56sample/s
Class bird acc = 0.7733
Evaluating class boat: 3/20
Class boat     Iteration 40   47.92sample/s
Class boat     Iteration 80   44.83sample/s
Class boat     Iteration 120  49.03sample/s
Class boat acc = 0.7605
Evaluating class bottle: 4/20
Class bottle   Iteration 40   50.30sample/s
Class bottle   Iteration 80   50.65sample/s
Class bottle   Iteration 120  48.69sample/s
Class bottle acc = 0.8782
Evaluating class bus: 5/20
Class bus      Iteration 40   35.66sample/s
Class bus      Iteration 80   50.41sample/s
Class bus      Iteration 120  46.27sample/s
Class bus acc = 0.9175
Evaluating class car: 6/20
Class car      Iteration 40   39.46sample/s
Class car      Iteration 80   40.24sample/s
Class car      Iteration 120  36.62sample/s
Class car acc = 0.8832
Evaluating class cat: 7/20
Class cat      Iteration 40   44.59sample/s
Class cat      Iteration 80   44.70sample/s
Class cat      Iteration 120  47.11sample/s
Class cat acc = 0.8409
Evaluating class chair: 8/20
Class chair    Iteration 40   49.18sample/s
Class chair    Iteration 80   45.05sample/s
Class chair    Iteration 120  46.82sample/s
Class chair acc = 0.6118
Evaluating class cow: 9/20
Class cow      Iteration 40   42.50sample/s
Class cow      Iteration 80   56.14sample/s
Class cow      Iteration 120  44.38sample/s
Class cow acc = 0.8190
Evaluating class diningtable: 10/20
Class diningtable Iteration 40   45.54sample/s
Class diningtable Iteration 80   55.77sample/s
Class diningtable Iteration 120  49.63sample/s
Class diningtable acc = 0.8559
Evaluating class dog: 11/20
Class dog      Iteration 40   42.58sample/s
Class dog      Iteration 80   46.11sample/s
Class dog      Iteration 120  51.77sample/s
Class dog acc = 0.8137
Evaluating class horse: 12/20
Class horse    Iteration 40   42.81sample/s
Class horse    Iteration 80   50.76sample/s
Class horse    Iteration 120  54.03sample/s
Class horse acc = 0.8280
Evaluating class motorbike: 13/20
Class motorbike Iteration 40   55.73sample/s
Class motorbike Iteration 80   59.55sample/s
Class motorbike Iteration 120  56.18sample/s
Class motorbike acc = 0.8072
Evaluating class person: 14/20
Class person   Iteration 40   57.34sample/s
Class person   Iteration 80   55.22sample/s
Class person   Iteration 120  57.93sample/s
Class person acc = 0.6705
Evaluating class pottedplant: 15/20
Class pottedplant Iteration 40   56.15sample/s
Class pottedplant Iteration 80   55.76sample/s
Class pottedplant Iteration 120  59.77sample/s
Class pottedplant acc = 0.9836
Evaluating class sheep: 16/20
Class sheep    Iteration 40   37.24sample/s
Class sheep    Iteration 80   40.12sample/s
Class sheep    Iteration 120  39.12sample/s
Class sheep acc = 0.7764
Evaluating class sofa: 17/20
Class sofa     Iteration 40   51.49sample/s
Class sofa     Iteration 80   48.94sample/s
Class sofa     Iteration 120  51.18sample/s
Class sofa acc = 0.7669
Evaluating class train: 18/20
Class train    Iteration 40   36.75sample/s
Class train    Iteration 80   42.23sample/s
Class train    Iteration 120  41.17sample/s
Class train acc = 0.9657
Evaluating class tvmonitor: 19/20
Class tvmonitor Iteration 40   47.44sample/s
Class tvmonitor Iteration 80   44.63sample/s
Class tvmonitor Iteration 120  49.86sample/s
Class tvmonitor acc = 0.9457
Evaluation complete in 7m 11s
Matching accuracy
aeroplane = 0.6291
bicycle = 0.7818
bird = 0.7733
boat = 0.7605
bottle = 0.8782
bus = 0.9175
car = 0.8832
cat = 0.8409
chair = 0.6118
cow = 0.8190
diningtable = 0.8559
dog = 0.8137
horse = 0.8280
motorbike = 0.8072
person = 0.6705
pottedplant = 0.9836
sheep = 0.7764
sofa = 0.7669
train = 0.9657
tvmonitor = 0.9457
average = 0.8154
Epoch 6/6
----------
lr = 1.50e-07, 5.00e-06
Epoch 6/6: 100%|██████████| 2000/2000 [07:21<00:00,  4.53it/s, loss=1.7601, acc=0.8715]
epoch loss: 1.871478963471949, epoch accuracy: 0.8714633221417538
completed in 441.82s (7.36m)
Start evaluation...
Evaluating class aeroplane: 0/20
Class aeroplane Iteration 40   48.22sample/s
Class aeroplane Iteration 80   45.22sample/s
Class aeroplane Iteration 120  53.15sample/s
Class aeroplane acc = 0.6302
Evaluating class bicycle: 1/20
Class bicycle  Iteration 40   52.73sample/s
Class bicycle  Iteration 80   49.70sample/s
Class bicycle  Iteration 120  50.80sample/s
Class bicycle acc = 0.7882
Evaluating class bird: 2/20
Class bird     Iteration 40   43.98sample/s
Class bird     Iteration 80   45.62sample/s
Class bird     Iteration 120  44.16sample/s
Class bird acc = 0.7741
Evaluating class boat: 3/20
Class boat     Iteration 40   49.44sample/s
Class boat     Iteration 80   42.20sample/s
Class boat     Iteration 120  51.01sample/s
Class boat acc = 0.7656
Evaluating class bottle: 4/20
Class bottle   Iteration 40   53.23sample/s
Class bottle   Iteration 80   49.43sample/s
Class bottle   Iteration 120  47.32sample/s
Class bottle acc = 0.8792
Evaluating class bus: 5/20
Class bus      Iteration 40   48.44sample/s
Class bus      Iteration 80   49.17sample/s
Class bus      Iteration 120  48.74sample/s
Class bus acc = 0.9171
Evaluating class car: 6/20
Class car      Iteration 40   37.32sample/s
Class car      Iteration 80   40.59sample/s
Class car      Iteration 120  41.18sample/s
Class car acc = 0.8872
Evaluating class cat: 7/20
Class cat      Iteration 40   42.19sample/s
Class cat      Iteration 80   41.67sample/s
Class cat      Iteration 120  47.41sample/s
Class cat acc = 0.8429
Evaluating class chair: 8/20
Class chair    Iteration 40   43.71sample/s
Class chair    Iteration 80   46.81sample/s
Class chair    Iteration 120  46.45sample/s
Class chair acc = 0.6189
Evaluating class cow: 9/20
Class cow      Iteration 40   48.23sample/s
Class cow      Iteration 80   47.49sample/s
Class cow      Iteration 120  45.78sample/s
Class cow acc = 0.8189
Evaluating class diningtable: 10/20
Class diningtable Iteration 40   48.27sample/s
Class diningtable Iteration 80   45.70sample/s
Class diningtable Iteration 120  46.24sample/s
Class diningtable acc = 0.8559
Evaluating class dog: 11/20
Class dog      Iteration 40   41.51sample/s
Class dog      Iteration 80   46.08sample/s
Class dog      Iteration 120  43.24sample/s
Class dog acc = 0.8132
Evaluating class horse: 12/20
Class horse    Iteration 40   38.35sample/s
Class horse    Iteration 80   63.86sample/s
Class horse    Iteration 120  92.60sample/s
Class horse acc = 0.8277
Evaluating class motorbike: 13/20
Class motorbike Iteration 40   72.97sample/s
Class motorbike Iteration 80   85.63sample/s
Class motorbike Iteration 120  88.26sample/s
Class motorbike acc = 0.8113
Evaluating class person: 14/20
Class person   Iteration 40   77.61sample/s
Class person   Iteration 80   83.79sample/s
Class person   Iteration 120  85.21sample/s
Class person acc = 0.6725
Evaluating class pottedplant: 15/20
Class pottedplant Iteration 40   78.91sample/s
Class pottedplant Iteration 80   82.61sample/s
Class pottedplant Iteration 120  79.08sample/s
Class pottedplant acc = 0.9831
Evaluating class sheep: 16/20
Class sheep    Iteration 40   60.63sample/s
Class sheep    Iteration 80   63.07sample/s
Class sheep    Iteration 120  71.88sample/s
Class sheep acc = 0.7724
Evaluating class sofa: 17/20
Class sofa     Iteration 40   77.94sample/s
Class sofa     Iteration 80   88.06sample/s
Class sofa     Iteration 120  82.14sample/s
Class sofa acc = 0.7700
Evaluating class train: 18/20
Class train    Iteration 40   55.45sample/s
Class train    Iteration 80   64.57sample/s
Class train    Iteration 120  68.33sample/s
Class train acc = 0.9643
Evaluating class tvmonitor: 19/20
Class tvmonitor Iteration 40   68.00sample/s
Class tvmonitor Iteration 80   48.73sample/s
Class tvmonitor Iteration 120  45.60sample/s
Class tvmonitor acc = 0.9454
Evaluation complete in 6m 16s
Matching accuracy
aeroplane = 0.6302
bicycle = 0.7882
bird = 0.7741
boat = 0.7656
bottle = 0.8792
bus = 0.9171
car = 0.8872
cat = 0.8429
chair = 0.6189
cow = 0.8189
diningtable = 0.8559
dog = 0.8132
horse = 0.8277
motorbike = 0.8113
person = 0.6725
pottedplant = 0.9831
sheep = 0.7724
sofa = 0.7700
train = 0.9643
tvmonitor = 0.9454
average = 0.8169
[1;34mwandb[0m: 
[1;34mwandb[0m: You can sync this run to the cloud by running:
[1;34mwandb[0m: [1mwandb sync /scratch/hpc-prf-llmrout/hpcabpo/nmt/wandb/wandb/offline-run-20260923_050318-b0nokm72[0m
[1;34mwandb[0m: Find logs at: [1;35m../../../../../../scratch/hpc-prf-llmrout/hpcabpo/nmt/wandb/wandb/offline-run-20260923_050318-b0nokm72/logs[0m
