CPU_SET_HEX_STR_SIZE: 257, Size of mstr: 257
cpu-bind=MASK - gpu1001, task  0  0 [2412533]: mask |--------|BBBBBBBB|--------|--------|--------|--------|--------|--------|--------|BBBBBBBB|--------|--------||||--------|--------|--------|--------|--------|--------|--------|--------|--------|--------|--------|--------| set
job=3378387 node=gpu1001 gpu=NVIDIA H100 config=/scratch/hpc-prf-llmrout/hpcabpo/nmt/runs/configs/voc_mv_K9_seed4.json wandb=offline
dataset=PascalVOC backbone=vgg16 image_size=256 conv=rational model_dir=/scratch/hpc-prf-llmrout/hpcabpo/nmt/runs/voc_vgg16/mv_K9_seed4
{
    "BACKBONE": "vgg16",
    "BACKBONE_DIR": "/scratch/hpc-prf-llmrout/hpcabpo/nmt/checkpoints",
    "BATCH_SIZE": 8,
    "CACHE_PATH": "/scratch/hpc-prf-llmrout/hpcabpo/nmt/cache/voc_db",
    "DATASET_NAME": "PascalVOC",
    "EVAL": {
        "SAMPLES": 1000,
        "difficulty_params": {},
        "num_graphs_in_matching_instance": 2
    },
    "IMAGE_SIZE": 256,
    "Matching_TF": {
        "activation": "relu",
        "batch_norm": true,
        "d_model": 648,
        "nGPT_mlp_hidden_mult": 6,
        "n_decoder": 4,
        "n_encoder": 4,
        "n_head": 12,
        "n_lap_EigVec": 8,
        "pos_encoding": false
    },
    "NORM_MEANS": [
        0.485,
        0.456,
        0.406
    ],
    "NORM_STD": [
        0.229,
        0.224,
        0.225
    ],
    "RANDOM_SEED": 4,
    "SPLINE_CNN": {
        "aggr": "max",
        "conv": "rational",
        "degrees": [
            8,
            6
        ],
        "dim": 2,
        "init": "pca",
        "init_noise": 0.001,
        "input_features": 1024,
        "kernel_size": 5,
        "num_bases": 9,
        "output_features": 648,
        "poly": "chebyshev",
        "pyg_init": true,
        "rational_basis": "multivariate",
        "safe": "B",
        "vp": true
    },
    "SPair": {
        "CLASSES": [
            "aeroplane",
            "bicycle",
            "bird",
            "boat",
            "boat",
            "bottle",
            "bus",
            "car",
            "cat",
            "chair",
            "cow",
            "dog",
            "horse",
            "motorbike",
            "person",
            "pottedplant",
            "sheep",
            "train",
            "tvmonitor"
        ],
        "ROOT_DIR": "./data/downloaded/SPair-71k",
        "size": "large"
    },
    "STATISTIC_STEP": 1,
    "TRACK_GRAD_NORM": false,
    "TRAIN": {
        "EPOCH_ITERS": 2000,
        "LR": 0.0005,
        "_comment_epochs": "Identical budget to the SPair-71k sweep so the two NMT columns are comparable: lr_schedule long_halving5 defines 12 epochs, max_epochs stops after 7, and both LR drops (epochs 2 and 5) still happen.",
        "clip_norm": 0,
        "cutmix_beta": 1.0,
        "cutmix_prob": 0.3,
        "difficulty_params": {},
        "layer_loss_param": 0.3,
        "lr_schedule": "long_halving5",
        "max_epochs": 7,
        "mixup_alpha": 0.8,
        "mixup_prob": 0.3,
        "num_graphs_in_matching_instance": 2,
        "random_erasing_prob": 0.3,
        "temperature": 0.1,
        "weight_decay": 0
    },
    "USE_SYNTHETIC": false,
    "VOC2011": {
        "CLASSES": [
            "aeroplane",
            "bicycle",
            "bird",
            "boat",
            "bottle",
            "bus",
            "car",
            "cat",
            "chair",
            "cow",
            "diningtable",
            "dog",
            "horse",
            "motorbike",
            "person",
            "pottedplant",
            "sheep",
            "sofa",
            "train",
            "tvmonitor"
        ],
        "KPT_ANNO_DIR": "/pc2/groups/hpc-prf-llmrout/hpcabpo/rational-basis-cnn/data/PascalVOC/raw/annotations/",
        "ROOT_DIR": "/pc2/groups/hpc-prf-llmrout/hpcabpo/rational-basis-cnn/data/PascalVOC/raw/images/",
        "SET_SPLIT": "/pc2/groups/hpc-prf-llmrout/hpcabpo/rational-basis-cnn/data/PascalVOC/raw/splits.npz"
    },
    "WILLOW": {
        "CLASSES": [
            "Car",
            "Duck",
            "Face",
            "Motorbike",
            "Winebottle"
        ],
        "KPT_LEN": 10,
        "ROOT_DIR": "./data/downloaded/WILLOW/WILLOW-ObjectClass",
        "TRAIN_NUM": 20,
        "TRAIN_OFFSET": 0
    },
    "_comment_batch_size": "BATCH_SIZE is deliberately NOT overridden here. voc_basic.json sets 8, which is NMT's own PascalVOC recipe; the claim being tested is that only the SplineConv layer changes, so the host recipe is left alone. spair_vgg16.json sets 5 because no author-provided SPair recipe existed.",
    "_comment_cache": "data/pascal_voc.py writes a filtered-xml pickle to cfg.CACHE_PATH. The default 'data/cache' is repo-relative, i.e. inside the 50 GB HOME quota, and group storage is read-only inside jobs, so it is redirected to scratch.",
    "_comment_paths": "ROOT_DIR must end in a slash: data/pascal_voc.py builds the image and annotation directories by string concatenation (cfg.VOC2011.ROOT_DIR + 'JPEGImages'). SET_SPLIT points at the split shipped with the shared PascalVOC tree; see NMT_VOC_ROOT in hpc/env.sh for why voc2011_pairs.npz is not required.",
    "_generated_by": "slurm/make_config.py mv_K9 4 (voc)",
    "combine_classes": false,
    "default_json": "experiments/voc_basic.json",
    "eval_sampling": "intersection",
    "evaluate_only": false,
    "exclude_willow_classes": false,
    "keep_last_checkpoint_only": true,
    "log_dir": "runs/",
    "model_dir": "/scratch/hpc-prf-llmrout/hpcabpo/nmt/runs/voc_vgg16/mv_K9_seed4",
    "save_checkpoint": true,
    "train_sampling": "intersection",
    "visualization_params": {
        "produce_pdf": false,
        "reduced_vis": true
    },
    "visualize": false,
    "warmstart_path": null
}
wandb: Tracking run with wandb version 0.30.0
wandb: W&B syncing is set to `offline` in this directory. Run `wandb online` or set WANDB_MODE=online to enable cloud syncing.
wandb: Run data is saved locally in /scratch/hpc-prf-llmrout/hpcabpo/nmt/wandb/wandb/offline-run-20260923_072103-fgab20yv
wandb: View this run in the terminal with `wandb leet`
xml list loaded from /scratch/hpc-prf-llmrout/hpcabpo/nmt/cache/voc_db/voc_db_train.pkl
TRUE EPOCHS:  False
16000
Initializing train-set. Randomly sampling 16000 examples.
/pc2/groups/hpc-prf-llmrout/hpcabpo/nmt/conda/envs/nmt/lib/python3.12/site-packages/albumentations/core/composition.py:331: UserWarning: Got processor for keypoints, but no transform to process it.
  self._set_keys()
xml list loaded from /scratch/hpc-prf-llmrout/hpcabpo/nmt/cache/voc_db/voc_db_test.pkl
TRUE EPOCHS:  False
1000
Initializing test-set. Randomly sampling 1000 examples.
/pc2/groups/hpc-prf-llmrout/hpcabpo/nmt/conda/envs/nmt/lib/python3.12/site-packages/torchvision/models/_utils.py:208: UserWarning: The parameter 'pretrained' is deprecated since 0.13 and may be removed in the future, please use 'weights' instead.
  warnings.warn(
/pc2/groups/hpc-prf-llmrout/hpcabpo/nmt/conda/envs/nmt/lib/python3.12/site-packages/torchvision/models/_utils.py:223: UserWarning: Arguments other than a weight enum or `None` for 'weights' are deprecated since 0.13 and may be removed in the future. The current behavior is equivalent to passing `weights=VGG16_Weights.IMAGENET1K_V1`. You can also use `weights=VGG16_Weights.DEFAULT` to get the most up-to-date weights.
  warnings.warn(msg)
stopping after 7 epochs (cfg.TRAIN.max_epochs; schedule 'long_halving5' defines 12)
Start training...
NMT model on device: cuda:0
Epoch 0/6
----------
lr = 1.50e-05, 5.00e-04
Epoch 0/6:   0%|          | 0/2000 [00:00<?, ?it/s]/pc2/groups/hpc-prf-llmrout/hpcabpo/nmt/conda/envs/nmt/lib/python3.12/site-packages/torch_geometric/utils/_scatter.py:91: UserWarning: The usage of `scatter(reduce='max')` can be accelerated via the 'torch-scatter' package, but it was not found
  warnings.warn(
[rank0]:[W923 07:21:13.950368697 reducer.cpp:1528] Warning: find_unused_parameters=True was specified in DDP constructor, but did not find any unused parameters in the forward pass. This flag results in an extra traversal of the autograd graph every iteration,  which can adversely affect performance. If your model indeed never has any unused parameters in the forward pass, consider turning this flag off. Note that this warning may be a false positive if your model has flow control causing later iterations to have unused parameters. (function operator())
Epoch 0/6: 100%|██████████| 2000/2000 [09:48<00:00,  3.40it/s, loss=1.9117, acc=0.6827]
epoch loss: 3.318341820091009, epoch accuracy: 0.682725670284813
completed in 588.34s (9.81m)
Start evaluation...
Evaluating class aeroplane: 0/20
Class aeroplane Iteration 40   27.78sample/s
Class aeroplane Iteration 80   24.14sample/s
Class aeroplane Iteration 120  26.45sample/s
Class aeroplane acc = 0.5342
Evaluating class bicycle: 1/20
Class bicycle  Iteration 40   25.98sample/s
Class bicycle  Iteration 80   26.22sample/s
Class bicycle  Iteration 120  26.28sample/s
Class bicycle acc = 0.7634
Evaluating class bird: 2/20
Class bird     Iteration 40   21.55sample/s
Class bird     Iteration 80   23.37sample/s
Class bird     Iteration 120  23.47sample/s
Class bird acc = 0.7224
Evaluating class boat: 3/20
Class boat     Iteration 40   26.49sample/s
Class boat     Iteration 80   23.82sample/s
Class boat     Iteration 120  27.10sample/s
Class boat acc = 0.7588
Evaluating class bottle: 4/20
Class bottle   Iteration 40   27.99sample/s
Class bottle   Iteration 80   27.36sample/s
Class bottle   Iteration 120  26.95sample/s
Class bottle acc = 0.8649
Evaluating class bus: 5/20
Class bus      Iteration 40   25.21sample/s
Class bus      Iteration 80   27.58sample/s
Class bus      Iteration 120  27.11sample/s
Class bus acc = 0.8664
Evaluating class car: 6/20
Class car      Iteration 40   21.40sample/s
Class car      Iteration 80   24.24sample/s
Class car      Iteration 120  22.21sample/s
Class car acc = 0.8075
Evaluating class cat: 7/20
Class cat      Iteration 40   26.97sample/s
Class cat      Iteration 80   25.57sample/s
Class cat      Iteration 120  27.97sample/s
Class cat acc = 0.7910
Evaluating class chair: 8/20
Class chair    Iteration 40   27.73sample/s
Class chair    Iteration 80   27.38sample/s
Class chair    Iteration 120  27.72sample/s
Class chair acc = 0.4933
Evaluating class cow: 9/20
Class cow      Iteration 40   26.47sample/s
Class cow      Iteration 80   28.44sample/s
Class cow      Iteration 120  27.81sample/s
Class cow acc = 0.7538
Evaluating class diningtable: 10/20
Class diningtable Iteration 40   28.34sample/s
Class diningtable Iteration 80   27.87sample/s
Class diningtable Iteration 120  28.97sample/s
Class diningtable acc = 0.7811
Evaluating class dog: 11/20
Class dog      Iteration 40   25.68sample/s
Class dog      Iteration 80   25.96sample/s
Class dog      Iteration 120  30.01sample/s
Class dog acc = 0.7519
Evaluating class horse: 12/20
Class horse    Iteration 40   26.62sample/s
Class horse    Iteration 80   25.30sample/s
Class horse    Iteration 120  27.18sample/s
Class horse acc = 0.7791
Evaluating class motorbike: 13/20
Class motorbike Iteration 40   26.34sample/s
Class motorbike Iteration 80   27.90sample/s
Class motorbike Iteration 120  28.81sample/s
Class motorbike acc = 0.7493
Evaluating class person: 14/20
Class person   Iteration 40   26.90sample/s
Class person   Iteration 80   28.58sample/s
Class person   Iteration 120  28.20sample/s
Class person acc = 0.5625
Evaluating class pottedplant: 15/20
Class pottedplant Iteration 40   26.77sample/s
Class pottedplant Iteration 80   26.85sample/s
Class pottedplant Iteration 120  26.29sample/s
Class pottedplant acc = 0.9799
Evaluating class sheep: 16/20
Class sheep    Iteration 40   20.56sample/s
Class sheep    Iteration 80   19.92sample/s
Class sheep    Iteration 120  24.70sample/s
Class sheep acc = 0.7345
Evaluating class sofa: 17/20
Class sofa     Iteration 40   26.68sample/s
Class sofa     Iteration 80   27.66sample/s
Class sofa     Iteration 120  30.01sample/s
Class sofa acc = 0.6570
Evaluating class train: 18/20
Class train    Iteration 40   17.59sample/s
Class train    Iteration 80   20.83sample/s
Class train    Iteration 120  23.14sample/s
Class train acc = 0.9697
Evaluating class tvmonitor: 19/20
Class tvmonitor Iteration 40   23.98sample/s
Class tvmonitor Iteration 80   25.82sample/s
Class tvmonitor Iteration 120  31.44sample/s
Class tvmonitor acc = 0.9553
Evaluation complete in 12m 58s
Matching accuracy
aeroplane = 0.5342
bicycle = 0.7634
bird = 0.7224
boat = 0.7588
bottle = 0.8649
bus = 0.8664
car = 0.8075
cat = 0.7910
chair = 0.4933
cow = 0.7538
diningtable = 0.7811
dog = 0.7519
horse = 0.7791
motorbike = 0.7493
person = 0.5625
pottedplant = 0.9799
sheep = 0.7345
sofa = 0.6570
train = 0.9697
tvmonitor = 0.9553
average = 0.7638
Epoch 1/6
----------
lr = 1.50e-05, 5.00e-04
Epoch 1/6: 100%|██████████| 2000/2000 [10:16<00:00,  3.24it/s, loss=2.7491, acc=0.7932]
epoch loss: 2.4595459963977335, epoch accuracy: 0.793167759209676
completed in 616.90s (10.28m)
Start evaluation...
Evaluating class aeroplane: 0/20
Class aeroplane Iteration 40   23.56sample/s
Class aeroplane Iteration 80   23.70sample/s
Class aeroplane Iteration 120  28.29sample/s
Class aeroplane acc = 0.5862
Evaluating class bicycle: 1/20
Class bicycle  Iteration 40   24.98sample/s
Class bicycle  Iteration 80   26.10sample/s
Class bicycle  Iteration 120  28.30sample/s
Class bicycle acc = 0.7747
Evaluating class bird: 2/20
Class bird     Iteration 40   21.26sample/s
Class bird     Iteration 80   23.14sample/s
Class bird     Iteration 120  24.87sample/s
Class bird acc = 0.7444
Evaluating class boat: 3/20
Class boat     Iteration 40   24.35sample/s
Class boat     Iteration 80   23.10sample/s
Class boat     Iteration 120  26.96sample/s
Class boat acc = 0.7479
Evaluating class bottle: 4/20
Class bottle   Iteration 40   25.35sample/s
Class bottle   Iteration 80   25.74sample/s
Class bottle   Iteration 120  25.95sample/s
Class bottle acc = 0.8964
Evaluating class bus: 5/20
Class bus      Iteration 40   23.13sample/s
Class bus      Iteration 80   26.67sample/s
Class bus      Iteration 120  27.36sample/s
Class bus acc = 0.9455
Evaluating class car: 6/20
Class car      Iteration 40   19.72sample/s
Class car      Iteration 80   22.92sample/s
Class car      Iteration 120  22.24sample/s
Class car acc = 0.8547
Evaluating class cat: 7/20
Class cat      Iteration 40   24.26sample/s
Class cat      Iteration 80   27.25sample/s
Class cat      Iteration 120  29.69sample/s
Class cat acc = 0.8149
Evaluating class chair: 8/20
Class chair    Iteration 40   27.85sample/s
Class chair    Iteration 80   28.70sample/s
Class chair    Iteration 120  29.37sample/s
Class chair acc = 0.5755
Evaluating class cow: 9/20
Class cow      Iteration 40   27.75sample/s
Class cow      Iteration 80   29.15sample/s
Class cow      Iteration 120  28.36sample/s
Class cow acc = 0.7930
Evaluating class diningtable: 10/20
Class diningtable Iteration 40   28.36sample/s
Class diningtable Iteration 80   29.51sample/s
Class diningtable Iteration 120  30.05sample/s
Class diningtable acc = 0.7682
Evaluating class dog: 11/20
Class dog      Iteration 40   24.89sample/s
Class dog      Iteration 80   23.87sample/s
Class dog      Iteration 120  26.29sample/s
Class dog acc = 0.7939
Evaluating class horse: 12/20
Class horse    Iteration 40   24.45sample/s
Class horse    Iteration 80   24.21sample/s
Class horse    Iteration 120  25.82sample/s
Class horse acc = 0.8125
Evaluating class motorbike: 13/20
Class motorbike Iteration 40   24.54sample/s
Class motorbike Iteration 80   24.69sample/s
Class motorbike Iteration 120  26.40sample/s
Class motorbike acc = 0.7929
Evaluating class person: 14/20
Class person   Iteration 40   25.60sample/s
Class person   Iteration 80   25.55sample/s
Class person   Iteration 120  25.66sample/s
Class person acc = 0.6346
Evaluating class pottedplant: 15/20
Class pottedplant Iteration 40   25.80sample/s
Class pottedplant Iteration 80   24.71sample/s
Class pottedplant Iteration 120  24.40sample/s
Class pottedplant acc = 0.9697
Evaluating class sheep: 16/20
Class sheep    Iteration 40   20.19sample/s
Class sheep    Iteration 80   20.69sample/s
Class sheep    Iteration 120  25.07sample/s
Class sheep acc = 0.7544
Evaluating class sofa: 17/20
Class sofa     Iteration 40   27.90sample/s
Class sofa     Iteration 80   29.16sample/s
Class sofa     Iteration 120  30.68sample/s
Class sofa acc = 0.7443
Evaluating class train: 18/20
Class train    Iteration 40   18.87sample/s
Class train    Iteration 80   22.53sample/s
Class train    Iteration 120  25.72sample/s
Class train acc = 0.9667
Evaluating class tvmonitor: 19/20
Class tvmonitor Iteration 40   25.49sample/s
Class tvmonitor Iteration 80   27.08sample/s
Class tvmonitor Iteration 120  34.38sample/s
Class tvmonitor acc = 0.9531
Evaluation complete in 13m 5s
Matching accuracy
aeroplane = 0.5862
bicycle = 0.7747
bird = 0.7444
boat = 0.7479
bottle = 0.8964
bus = 0.9455
car = 0.8547
cat = 0.8149
chair = 0.5755
cow = 0.7930
diningtable = 0.7682
dog = 0.7939
horse = 0.8125
motorbike = 0.7929
person = 0.6346
pottedplant = 0.9697
sheep = 0.7544
sofa = 0.7443
train = 0.9667
tvmonitor = 0.9531
average = 0.7962
Epoch 2/6
----------
lr = 1.50e-06, 5.00e-05
Epoch 2/6: 100%|██████████| 2000/2000 [10:06<00:00,  3.30it/s, loss=1.9008, acc=0.8431]
epoch loss: 2.0885154909938572, epoch accuracy: 0.8430536591709161
completed in 606.61s (10.11m)
Start evaluation...
Evaluating class aeroplane: 0/20
Class aeroplane Iteration 40   25.92sample/s
Class aeroplane Iteration 80   25.46sample/s
Class aeroplane Iteration 120  30.66sample/s
Class aeroplane acc = 0.6233
Evaluating class bicycle: 1/20
Class bicycle  Iteration 40   26.69sample/s
Class bicycle  Iteration 80   28.29sample/s
Class bicycle  Iteration 120  29.07sample/s
Class bicycle acc = 0.7792
Evaluating class bird: 2/20
Class bird     Iteration 40   22.54sample/s
Class bird     Iteration 80   24.64sample/s
Class bird     Iteration 120  27.16sample/s
Class bird acc = 0.7828
Evaluating class boat: 3/20
Class boat     Iteration 40   27.14sample/s
Class boat     Iteration 80   25.84sample/s
Class boat     Iteration 120  30.54sample/s
Class boat acc = 0.7758
Evaluating class bottle: 4/20
Class bottle   Iteration 40   27.57sample/s
Class bottle   Iteration 80   29.01sample/s
Class bottle   Iteration 120  28.81sample/s
Class bottle acc = 0.9009
Evaluating class bus: 5/20
Class bus      Iteration 40   24.98sample/s
Class bus      Iteration 80   29.05sample/s
Class bus      Iteration 120  28.80sample/s
Class bus acc = 0.9421
Evaluating class car: 6/20
Class car      Iteration 40   22.06sample/s
Class car      Iteration 80   26.49sample/s
Class car      Iteration 120  24.15sample/s
Class car acc = 0.8916
Evaluating class cat: 7/20
Class cat      Iteration 40   27.10sample/s
Class cat      Iteration 80   26.02sample/s
Class cat      Iteration 120  29.30sample/s
Class cat acc = 0.8416
Evaluating class chair: 8/20
Class chair    Iteration 40   27.32sample/s
Class chair    Iteration 80   28.30sample/s
Class chair    Iteration 120  29.10sample/s
Class chair acc = 0.6365
Evaluating class cow: 9/20
Class cow      Iteration 40   25.56sample/s
Class cow      Iteration 80   29.31sample/s
Class cow      Iteration 120  28.84sample/s
Class cow acc = 0.8133
Evaluating class diningtable: 10/20
Class diningtable Iteration 40   27.91sample/s
Class diningtable Iteration 80   29.83sample/s
Class diningtable Iteration 120  29.70sample/s
Class diningtable acc = 0.8211
Evaluating class dog: 11/20
Class dog      Iteration 40   25.85sample/s
Class dog      Iteration 80   28.13sample/s
Class dog      Iteration 120  36.60sample/s
Class dog acc = 0.8159
Evaluating class horse: 12/20
Class horse    Iteration 40   27.33sample/s
Class horse    Iteration 80   29.66sample/s
Class horse    Iteration 120  33.02sample/s
Class horse acc = 0.8207
Evaluating class motorbike: 13/20
Class motorbike Iteration 40   30.32sample/s
Class motorbike Iteration 80   31.88sample/s
Class motorbike Iteration 120  34.10sample/s
Class motorbike acc = 0.8127
Evaluating class person: 14/20
Class person   Iteration 40   32.19sample/s
Class person   Iteration 80   32.89sample/s
Class person   Iteration 120  32.59sample/s
Class person acc = 0.6668
Evaluating class pottedplant: 15/20
Class pottedplant Iteration 40   34.01sample/s
Class pottedplant Iteration 80   33.24sample/s
Class pottedplant Iteration 120  33.20sample/s
Class pottedplant acc = 0.9739
Evaluating class sheep: 16/20
Class sheep    Iteration 40   25.79sample/s
Class sheep    Iteration 80   23.69sample/s
Class sheep    Iteration 120  27.89sample/s
Class sheep acc = 0.7800
Evaluating class sofa: 17/20
Class sofa     Iteration 40   32.18sample/s
Class sofa     Iteration 80   32.45sample/s
Class sofa     Iteration 120  34.52sample/s
Class sofa acc = 0.7611
Evaluating class train: 18/20
Class train    Iteration 40   21.19sample/s
Class train    Iteration 80   24.52sample/s
Class train    Iteration 120  27.36sample/s
Class train acc = 0.9667
Evaluating class tvmonitor: 19/20
Class tvmonitor Iteration 40   27.11sample/s
Class tvmonitor Iteration 80   30.37sample/s
Class tvmonitor Iteration 120  35.97sample/s
Class tvmonitor acc = 0.9583
Evaluation complete in 11m 44s
Matching accuracy
aeroplane = 0.6233
bicycle = 0.7792
bird = 0.7828
boat = 0.7758
bottle = 0.9009
bus = 0.9421
car = 0.8916
cat = 0.8416
chair = 0.6365
cow = 0.8133
diningtable = 0.8211
dog = 0.8159
horse = 0.8207
motorbike = 0.8127
person = 0.6668
pottedplant = 0.9739
sheep = 0.7800
sofa = 0.7611
train = 0.9667
tvmonitor = 0.9583
average = 0.8182
Epoch 3/6
----------
lr = 1.50e-06, 5.00e-05
Epoch 3/6: 100%|██████████| 2000/2000 [09:07<00:00,  3.65it/s, loss=2.2919, acc=0.8629]
epoch loss: 1.9278511137664318, epoch accuracy: 0.8629406436586132
completed in 547.57s (9.13m)
Start evaluation...
Evaluating class aeroplane: 0/20
Class aeroplane Iteration 40   32.47sample/s
Class aeroplane Iteration 80   29.24sample/s
Class aeroplane Iteration 120  32.48sample/s
Class aeroplane acc = 0.6375
Evaluating class bicycle: 1/20
Class bicycle  Iteration 40   30.06sample/s
Class bicycle  Iteration 80   29.10sample/s
Class bicycle  Iteration 120  30.68sample/s
Class bicycle acc = 0.7938
Evaluating class bird: 2/20
Class bird     Iteration 40   26.83sample/s
Class bird     Iteration 80   28.69sample/s
Class bird     Iteration 120  27.95sample/s
Class bird acc = 0.7867
Evaluating class boat: 3/20
Class boat     Iteration 40   31.52sample/s
Class boat     Iteration 80   29.17sample/s
Class boat     Iteration 120  32.81sample/s
Class boat acc = 0.7808
Evaluating class bottle: 4/20
Class bottle   Iteration 40   34.33sample/s
Class bottle   Iteration 80   32.97sample/s
Class bottle   Iteration 120  32.54sample/s
Class bottle acc = 0.8985
Evaluating class bus: 5/20
Class bus      Iteration 40   28.93sample/s
Class bus      Iteration 80   33.39sample/s
Class bus      Iteration 120  32.08sample/s
Class bus acc = 0.9424
Evaluating class car: 6/20
Class car      Iteration 40   25.34sample/s
Class car      Iteration 80   28.26sample/s
Class car      Iteration 120  25.77sample/s
Class car acc = 0.8980
Evaluating class cat: 7/20
Class cat      Iteration 40   32.04sample/s
Class cat      Iteration 80   30.99sample/s
Class cat      Iteration 120  33.55sample/s
Class cat acc = 0.8448
Evaluating class chair: 8/20
Class chair    Iteration 40   33.72sample/s
Class chair    Iteration 80   32.15sample/s
Class chair    Iteration 120  34.54sample/s
Class chair acc = 0.6555
Evaluating class cow: 9/20
Class cow      Iteration 40   30.88sample/s
Class cow      Iteration 80   32.28sample/s
Class cow      Iteration 120  31.47sample/s
Class cow acc = 0.8175
Evaluating class diningtable: 10/20
Class diningtable Iteration 40   33.06sample/s
Class diningtable Iteration 80   32.49sample/s
Class diningtable Iteration 120  33.67sample/s
Class diningtable acc = 0.8646
Evaluating class dog: 11/20
Class dog      Iteration 40   30.35sample/s
Class dog      Iteration 80   30.33sample/s
Class dog      Iteration 120  34.49sample/s
Class dog acc = 0.8228
Evaluating class horse: 12/20
Class horse    Iteration 40   30.25sample/s
Class horse    Iteration 80   30.64sample/s
Class horse    Iteration 120  35.04sample/s
Class horse acc = 0.8265
Evaluating class motorbike: 13/20
Class motorbike Iteration 40   31.83sample/s
Class motorbike Iteration 80   32.04sample/s
Class motorbike Iteration 120  34.86sample/s
Class motorbike acc = 0.8204
Evaluating class person: 14/20
Class person   Iteration 40   32.43sample/s
Class person   Iteration 80   32.39sample/s
Class person   Iteration 120  32.17sample/s
Class person acc = 0.6831
Evaluating class pottedplant: 15/20
Class pottedplant Iteration 40   31.68sample/s
Class pottedplant Iteration 80   31.25sample/s
Class pottedplant Iteration 120  32.02sample/s
Class pottedplant acc = 0.9749
Evaluating class sheep: 16/20
Class sheep    Iteration 40   24.18sample/s
Class sheep    Iteration 80   25.01sample/s
Class sheep    Iteration 120  29.16sample/s
Class sheep acc = 0.7808
Evaluating class sofa: 17/20
Class sofa     Iteration 40   34.43sample/s
Class sofa     Iteration 80   34.18sample/s
Class sofa     Iteration 120  38.88sample/s
Class sofa acc = 0.7132
Evaluating class train: 18/20
Class train    Iteration 40   21.34sample/s
Class train    Iteration 80   26.18sample/s
Class train    Iteration 120  28.50sample/s
Class train acc = 0.9721
Evaluating class tvmonitor: 19/20
Class tvmonitor Iteration 40   29.93sample/s
Class tvmonitor Iteration 80   34.25sample/s
Class tvmonitor Iteration 120  36.09sample/s
Class tvmonitor acc = 0.9561
Evaluation complete in 10m 51s
Matching accuracy
aeroplane = 0.6375
bicycle = 0.7938
bird = 0.7867
boat = 0.7808
bottle = 0.8985
bus = 0.9424
car = 0.8980
cat = 0.8448
chair = 0.6555
cow = 0.8175
diningtable = 0.8646
dog = 0.8228
horse = 0.8265
motorbike = 0.8204
person = 0.6831
pottedplant = 0.9749
sheep = 0.7808
sofa = 0.7132
train = 0.9721
tvmonitor = 0.9561
average = 0.8235
Epoch 4/6
----------
lr = 1.50e-06, 5.00e-05
Epoch 4/6: 100%|██████████| 2000/2000 [08:28<00:00,  3.94it/s, loss=2.4960, acc=0.8787]
epoch loss: 1.8482834227532148, epoch accuracy: 0.8787461375228026
completed in 508.18s (8.47m)
Start evaluation...
Evaluating class aeroplane: 0/20
Class aeroplane Iteration 40   37.41sample/s
Class aeroplane Iteration 80   31.65sample/s
Class aeroplane Iteration 120  36.25sample/s
Class aeroplane acc = 0.6408
Evaluating class bicycle: 1/20
Class bicycle  Iteration 40   36.54sample/s
Class bicycle  Iteration 80   37.73sample/s
Class bicycle  Iteration 120  38.83sample/s
Class bicycle acc = 0.7936
Evaluating class bird: 2/20
Class bird     Iteration 40   32.19sample/s
Class bird     Iteration 80   34.63sample/s
Class bird     Iteration 120  34.51sample/s
Class bird acc = 0.7854
Evaluating class boat: 3/20
Class boat     Iteration 40   39.21sample/s
Class boat     Iteration 80   33.40sample/s
Class boat     Iteration 120  37.92sample/s
Class boat acc = 0.7867
Evaluating class bottle: 4/20
Class bottle   Iteration 40   40.96sample/s
Class bottle   Iteration 80   38.44sample/s
Class bottle   Iteration 120  38.25sample/s
Class bottle acc = 0.9004
Evaluating class bus: 5/20
Class bus      Iteration 40   37.65sample/s
Class bus      Iteration 80   39.53sample/s
Class bus      Iteration 120  37.90sample/s
Class bus acc = 0.9451
Evaluating class car: 6/20
Class car      Iteration 40   30.75sample/s
Class car      Iteration 80   33.51sample/s
Class car      Iteration 120  30.61sample/s
Class car acc = 0.9100
Evaluating class cat: 7/20
Class cat      Iteration 40   39.19sample/s
Class cat      Iteration 80   35.88sample/s
Class cat      Iteration 120  38.27sample/s
Class cat acc = 0.8474
Evaluating class chair: 8/20
Class chair    Iteration 40   38.54sample/s
Class chair    Iteration 80   37.35sample/s
Class chair    Iteration 120  38.00sample/s
Class chair acc = 0.6767
Evaluating class cow: 9/20
Class cow      Iteration 40   35.60sample/s
Class cow      Iteration 80   36.54sample/s
Class cow      Iteration 120  35.06sample/s
Class cow acc = 0.8237
Evaluating class diningtable: 10/20
Class diningtable Iteration 40   35.76sample/s
Class diningtable Iteration 80   36.72sample/s
Class diningtable Iteration 120  37.37sample/s
Class diningtable acc = 0.8877
Evaluating class dog: 11/20
Class dog      Iteration 40   32.79sample/s
Class dog      Iteration 80   33.23sample/s
Class dog      Iteration 120  36.09sample/s
Class dog acc = 0.8246
Evaluating class horse: 12/20
Class horse    Iteration 40   40.42sample/s
Class horse    Iteration 80   34.60sample/s
Class horse    Iteration 120  37.59sample/s
Class horse acc = 0.8396
Evaluating class motorbike: 13/20
Class motorbike Iteration 40   37.02sample/s
Class motorbike Iteration 80   36.46sample/s
Class motorbike Iteration 120  36.92sample/s
Class motorbike acc = 0.8218
Evaluating class person: 14/20
Class person   Iteration 40   36.61sample/s
Class person   Iteration 80   36.33sample/s
Class person   Iteration 120  35.92sample/s
Class person acc = 0.6897
Evaluating class pottedplant: 15/20
Class pottedplant Iteration 40   35.24sample/s
Class pottedplant Iteration 80   38.73sample/s
Class pottedplant Iteration 120  36.40sample/s
Class pottedplant acc = 0.9771
Evaluating class sheep: 16/20
Class sheep    Iteration 40   27.95sample/s
Class sheep    Iteration 80   27.36sample/s
Class sheep    Iteration 120  31.63sample/s
Class sheep acc = 0.7888
Evaluating class sofa: 17/20
Class sofa     Iteration 40   39.70sample/s
Class sofa     Iteration 80   38.76sample/s
Class sofa     Iteration 120  37.84sample/s
Class sofa acc = 0.7140
Evaluating class train: 18/20
Class train    Iteration 40   25.77sample/s
Class train    Iteration 80   29.76sample/s
Class train    Iteration 120  32.27sample/s
Class train acc = 0.9714
Evaluating class tvmonitor: 19/20
Class tvmonitor Iteration 40   34.54sample/s
Class tvmonitor Iteration 80   35.76sample/s
Class tvmonitor Iteration 120  41.90sample/s
Class tvmonitor acc = 0.9517
Evaluation complete in 9m 25s
Matching accuracy
aeroplane = 0.6408
bicycle = 0.7936
bird = 0.7854
boat = 0.7867
bottle = 0.9004
bus = 0.9451
car = 0.9100
cat = 0.8474
chair = 0.6767
cow = 0.8237
diningtable = 0.8877
dog = 0.8246
horse = 0.8396
motorbike = 0.8218
person = 0.6897
pottedplant = 0.9771
sheep = 0.7888
sofa = 0.7140
train = 0.9714
tvmonitor = 0.9517
average = 0.8288
Epoch 5/6
----------
lr = 1.50e-07, 5.00e-06
Epoch 5/6: 100%|██████████| 2000/2000 [07:34<00:00,  4.40it/s, loss=2.0285, acc=0.8896]
epoch loss: 1.7714989651665092, epoch accuracy: 0.8895606947153339
completed in 454.76s (7.58m)
Start evaluation...
Evaluating class aeroplane: 0/20
Class aeroplane Iteration 40   45.87sample/s
Class aeroplane Iteration 80   38.94sample/s
Class aeroplane Iteration 120  42.60sample/s
Class aeroplane acc = 0.6448
Evaluating class bicycle: 1/20
Class bicycle  Iteration 40   43.36sample/s
Class bicycle  Iteration 80   42.34sample/s
Class bicycle  Iteration 120  43.26sample/s
Class bicycle acc = 0.7924
Evaluating class bird: 2/20
Class bird     Iteration 40   37.78sample/s
Class bird     Iteration 80   39.51sample/s
Class bird     Iteration 120  42.15sample/s
Class bird acc = 0.7820
Evaluating class boat: 3/20
Class boat     Iteration 40   51.74sample/s
Class boat     Iteration 80   43.36sample/s
Class boat     Iteration 120  49.44sample/s
Class boat acc = 0.7869
Evaluating class bottle: 4/20
Class bottle   Iteration 40   54.07sample/s
Class bottle   Iteration 80   48.07sample/s
Class bottle   Iteration 120  47.72sample/s
Class bottle acc = 0.9008
Evaluating class bus: 5/20
Class bus      Iteration 40   47.98sample/s
Class bus      Iteration 80   50.03sample/s
Class bus      Iteration 120  48.33sample/s
Class bus acc = 0.9451
Evaluating class car: 6/20
Class car      Iteration 40   39.27sample/s
Class car      Iteration 80   44.88sample/s
Class car      Iteration 120  38.87sample/s
Class car acc = 0.9078
Evaluating class cat: 7/20
Class cat      Iteration 40   49.36sample/s
Class cat      Iteration 80   45.74sample/s
Class cat      Iteration 120  49.03sample/s
Class cat acc = 0.8504
Evaluating class chair: 8/20
Class chair    Iteration 40   52.17sample/s
Class chair    Iteration 80   48.50sample/s
Class chair    Iteration 120  44.99sample/s
Class chair acc = 0.6779
Evaluating class cow: 9/20
Class cow      Iteration 40   41.61sample/s
Class cow      Iteration 80   41.93sample/s
Class cow      Iteration 120  43.03sample/s
Class cow acc = 0.8232
Evaluating class diningtable: 10/20
Class diningtable Iteration 40   45.36sample/s
Class diningtable Iteration 80   45.00sample/s
Class diningtable Iteration 120  45.31sample/s
Class diningtable acc = 0.8755
Evaluating class dog: 11/20
Class dog      Iteration 40   42.03sample/s
Class dog      Iteration 80   41.51sample/s
Class dog      Iteration 120  44.09sample/s
Class dog acc = 0.8233
Evaluating class horse: 12/20
Class horse    Iteration 40   39.92sample/s
Class horse    Iteration 80   41.28sample/s
Class horse    Iteration 120  43.65sample/s
Class horse acc = 0.8372
Evaluating class motorbike: 13/20
Class motorbike Iteration 40   41.66sample/s
Class motorbike Iteration 80   41.42sample/s
Class motorbike Iteration 120  42.65sample/s
Class motorbike acc = 0.8246
Evaluating class person: 14/20
Class person   Iteration 40   51.93sample/s
Class person   Iteration 80   39.86sample/s
Class person   Iteration 120  41.87sample/s
Class person acc = 0.6929
Evaluating class pottedplant: 15/20
Class pottedplant Iteration 40   39.49sample/s
Class pottedplant Iteration 80   40.77sample/s
Class pottedplant Iteration 120  39.60sample/s
Class pottedplant acc = 0.9753
Evaluating class sheep: 16/20
Class sheep    Iteration 40   28.36sample/s
Class sheep    Iteration 80   29.28sample/s
Class sheep    Iteration 120  32.16sample/s
Class sheep acc = 0.7932
Evaluating class sofa: 17/20
Class sofa     Iteration 40   42.57sample/s
Class sofa     Iteration 80   39.55sample/s
Class sofa     Iteration 120  41.01sample/s
Class sofa acc = 0.7278
Evaluating class train: 18/20
Class train    Iteration 40   27.75sample/s
Class train    Iteration 80   30.87sample/s
Class train    Iteration 120  33.91sample/s
Class train acc = 0.9717
Evaluating class tvmonitor: 19/20
Class tvmonitor Iteration 40   34.94sample/s
Class tvmonitor Iteration 80   37.47sample/s
Class tvmonitor Iteration 120  48.36sample/s
Class tvmonitor acc = 0.9515
Evaluation complete in 8m 1s
Matching accuracy
aeroplane = 0.6448
bicycle = 0.7924
bird = 0.7820
boat = 0.7869
bottle = 0.9008
bus = 0.9451
car = 0.9078
cat = 0.8504
chair = 0.6779
cow = 0.8232
diningtable = 0.8755
dog = 0.8233
horse = 0.8372
motorbike = 0.8246
person = 0.6929
pottedplant = 0.9753
sheep = 0.7932
sofa = 0.7278
train = 0.9717
tvmonitor = 0.9515
average = 0.8292
Epoch 6/6
----------
lr = 1.50e-07, 5.00e-06
Epoch 6/6: 100%|██████████| 2000/2000 [07:32<00:00,  4.42it/s, loss=1.4052, acc=0.8941]
epoch loss: 1.7477551755458116, epoch accuracy: 0.8940954294698259
completed in 452.55s (7.54m)
Start evaluation...
Evaluating class aeroplane: 0/20
Class aeroplane Iteration 40   81.07sample/s
Class aeroplane Iteration 80   44.62sample/s
Class aeroplane Iteration 120  48.48sample/s
Class aeroplane acc = 0.6456
Evaluating class bicycle: 1/20
Class bicycle  Iteration 40   49.20sample/s
Class bicycle  Iteration 80   49.81sample/s
Class bicycle  Iteration 120  47.14sample/s
Class bicycle acc = 0.7911
Evaluating class bird: 2/20
Class bird     Iteration 40   44.14sample/s
Class bird     Iteration 80   43.99sample/s
Class bird     Iteration 120  40.48sample/s
Class bird acc = 0.7828
Evaluating class boat: 3/20
Class boat     Iteration 40   53.24sample/s
Class boat     Iteration 80   44.69sample/s
Class boat     Iteration 120  48.85sample/s
Class boat acc = 0.7867
Evaluating class bottle: 4/20
Class bottle   Iteration 40   51.01sample/s
Class bottle   Iteration 80   53.90sample/s
Class bottle   Iteration 120  50.13sample/s
Class bottle acc = 0.9005
Evaluating class bus: 5/20
Class bus      Iteration 40   42.42sample/s
Class bus      Iteration 80   49.52sample/s
Class bus      Iteration 120  49.41sample/s
Class bus acc = 0.9469
Evaluating class car: 6/20
Class car      Iteration 40   41.84sample/s
Class car      Iteration 80   44.54sample/s
Class car      Iteration 120  37.96sample/s
Class car acc = 0.9120
Evaluating class cat: 7/20
Class cat      Iteration 40   32.25sample/s
Class cat      Iteration 80   28.97sample/s
Class cat      Iteration 120  19.02sample/s
Class cat acc = 0.8486
Evaluating class chair: 8/20
Class chair    Iteration 40   37.63sample/s
Class chair    Iteration 80   37.57sample/s
Class chair    Iteration 120  35.52sample/s
Class chair acc = 0.6797
Evaluating class cow: 9/20
Class cow      Iteration 40   33.48sample/s
Class cow      Iteration 80   33.01sample/s
Class cow      Iteration 120  34.31sample/s
Class cow acc = 0.8244
Evaluating class diningtable: 10/20
Class diningtable Iteration 40   36.44sample/s
Class diningtable Iteration 80   36.83sample/s
Class diningtable Iteration 120  36.11sample/s
Class diningtable acc = 0.8755
Evaluating class dog: 11/20
Class dog      Iteration 40   46.13sample/s
Class dog      Iteration 80   36.18sample/s
Class dog      Iteration 120  36.98sample/s
Class dog acc = 0.8245
Evaluating class horse: 12/20
Class horse    Iteration 40   39.12sample/s
Class horse    Iteration 80   37.20sample/s
Class horse    Iteration 120  43.89sample/s
Class horse acc = 0.8390
Evaluating class motorbike: 13/20
Class motorbike Iteration 40   47.00sample/s
Class motorbike Iteration 80   43.39sample/s
Class motorbike Iteration 120  44.20sample/s
Class motorbike acc = 0.8243
Evaluating class person: 14/20
Class person   Iteration 40   47.16sample/s
Class person   Iteration 80   39.30sample/s
Class person   Iteration 120  39.52sample/s
Class person acc = 0.6928
Evaluating class pottedplant: 15/20
Class pottedplant Iteration 40   41.66sample/s
Class pottedplant Iteration 80   36.52sample/s
Class pottedplant Iteration 120  37.44sample/s
Class pottedplant acc = 0.9745
Evaluating class sheep: 16/20
Class sheep    Iteration 40   28.76sample/s
Class sheep    Iteration 80   27.02sample/s
Class sheep    Iteration 120  30.91sample/s
Class sheep acc = 0.7960
Evaluating class sofa: 17/20
Class sofa     Iteration 40   42.07sample/s
Class sofa     Iteration 80   39.27sample/s
Class sofa     Iteration 120  37.83sample/s
Class sofa acc = 0.7232
Evaluating class train: 18/20
Class train    Iteration 40   27.27sample/s
Class train    Iteration 80   29.23sample/s
Class train    Iteration 120  32.32sample/s
Class train acc = 0.9737
Evaluating class tvmonitor: 19/20
Class tvmonitor Iteration 40   34.91sample/s
Class tvmonitor Iteration 80   35.18sample/s
Class tvmonitor Iteration 120  41.96sample/s
Class tvmonitor acc = 0.9520
Evaluation complete in 8m 41s
Matching accuracy
aeroplane = 0.6456
bicycle = 0.7911
bird = 0.7828
boat = 0.7867
bottle = 0.9005
bus = 0.9469
car = 0.9120
cat = 0.8486
chair = 0.6797
cow = 0.8244
diningtable = 0.8755
dog = 0.8245
horse = 0.8390
motorbike = 0.8243
person = 0.6928
pottedplant = 0.9745
sheep = 0.7960
sofa = 0.7232
train = 0.9737
tvmonitor = 0.9520
average = 0.8297
[1;34mwandb[0m: 
[1;34mwandb[0m: You can sync this run to the cloud by running:
[1;34mwandb[0m: [1mwandb sync /scratch/hpc-prf-llmrout/hpcabpo/nmt/wandb/wandb/offline-run-20260923_072103-fgab20yv[0m
[1;34mwandb[0m: Find logs at: [1;35m../../../../../../scratch/hpc-prf-llmrout/hpcabpo/nmt/wandb/wandb/offline-run-20260923_072103-fgab20yv/logs[0m
