CPU_SET_HEX_STR_SIZE: 257, Size of mstr: 257
cpu-bind=MASK - gpu1007, task  0  0 [1244488]: mask |--------|--------|--------|BBBBBBBB|--------|--------|--------|--------|--------|BBBBBBBB|--------|--------||||--------|--------|--------|--------|--------|--------|--------|--------|--------|--------|--------|--------| set
job=3378403 node=gpu1007 gpu=NVIDIA H100 config=/scratch/hpc-prf-llmrout/hpcabpo/nmt/runs/configs/voc_rational_mv_d54_seed0.json wandb=offline
dataset=PascalVOC backbone=vgg16 image_size=256 conv=rational model_dir=/scratch/hpc-prf-llmrout/hpcabpo/nmt/runs/voc_vgg16/rational_mv_d54_seed0
{
    "BACKBONE": "vgg16",
    "BACKBONE_DIR": "/scratch/hpc-prf-llmrout/hpcabpo/nmt/checkpoints",
    "BATCH_SIZE": 8,
    "CACHE_PATH": "/scratch/hpc-prf-llmrout/hpcabpo/nmt/cache/voc_db",
    "DATASET_NAME": "PascalVOC",
    "EVAL": {
        "SAMPLES": 1000,
        "difficulty_params": {},
        "num_graphs_in_matching_instance": 2
    },
    "IMAGE_SIZE": 256,
    "Matching_TF": {
        "activation": "relu",
        "batch_norm": true,
        "d_model": 648,
        "nGPT_mlp_hidden_mult": 6,
        "n_decoder": 4,
        "n_encoder": 4,
        "n_head": 12,
        "n_lap_EigVec": 8,
        "pos_encoding": false
    },
    "NORM_MEANS": [
        0.485,
        0.456,
        0.406
    ],
    "NORM_STD": [
        0.229,
        0.224,
        0.225
    ],
    "RANDOM_SEED": 0,
    "SPLINE_CNN": {
        "aggr": "max",
        "conv": "rational",
        "degrees": [
            5,
            4
        ],
        "dim": 2,
        "init": "spline",
        "init_noise": 0.001,
        "input_features": 1024,
        "kernel_size": 5,
        "num_bases": 0,
        "output_features": 648,
        "poly": "chebyshev",
        "pyg_init": true,
        "rational_basis": "multivariate",
        "safe": "B",
        "vp": false
    },
    "SPair": {
        "CLASSES": [
            "aeroplane",
            "bicycle",
            "bird",
            "boat",
            "boat",
            "bottle",
            "bus",
            "car",
            "cat",
            "chair",
            "cow",
            "dog",
            "horse",
            "motorbike",
            "person",
            "pottedplant",
            "sheep",
            "train",
            "tvmonitor"
        ],
        "ROOT_DIR": "./data/downloaded/SPair-71k",
        "size": "large"
    },
    "STATISTIC_STEP": 1,
    "TRACK_GRAD_NORM": false,
    "TRAIN": {
        "EPOCH_ITERS": 2000,
        "LR": 0.0005,
        "_comment_epochs": "Identical budget to the SPair-71k sweep so the two NMT columns are comparable: lr_schedule long_halving5 defines 12 epochs, max_epochs stops after 7, and both LR drops (epochs 2 and 5) still happen.",
        "clip_norm": 0,
        "cutmix_beta": 1.0,
        "cutmix_prob": 0.3,
        "difficulty_params": {},
        "layer_loss_param": 0.3,
        "lr_schedule": "long_halving5",
        "max_epochs": 7,
        "mixup_alpha": 0.8,
        "mixup_prob": 0.3,
        "num_graphs_in_matching_instance": 2,
        "random_erasing_prob": 0.3,
        "temperature": 0.1,
        "weight_decay": 0
    },
    "USE_SYNTHETIC": false,
    "VOC2011": {
        "CLASSES": [
            "aeroplane",
            "bicycle",
            "bird",
            "boat",
            "bottle",
            "bus",
            "car",
            "cat",
            "chair",
            "cow",
            "diningtable",
            "dog",
            "horse",
            "motorbike",
            "person",
            "pottedplant",
            "sheep",
            "sofa",
            "train",
            "tvmonitor"
        ],
        "KPT_ANNO_DIR": "/pc2/groups/hpc-prf-llmrout/hpcabpo/rational-basis-cnn/data/PascalVOC/raw/annotations/",
        "ROOT_DIR": "/pc2/groups/hpc-prf-llmrout/hpcabpo/rational-basis-cnn/data/PascalVOC/raw/images/",
        "SET_SPLIT": "/pc2/groups/hpc-prf-llmrout/hpcabpo/rational-basis-cnn/data/PascalVOC/raw/splits.npz"
    },
    "WILLOW": {
        "CLASSES": [
            "Car",
            "Duck",
            "Face",
            "Motorbike",
            "Winebottle"
        ],
        "KPT_LEN": 10,
        "ROOT_DIR": "./data/downloaded/WILLOW/WILLOW-ObjectClass",
        "TRAIN_NUM": 20,
        "TRAIN_OFFSET": 0
    },
    "_comment_batch_size": "BATCH_SIZE is deliberately NOT overridden here. voc_basic.json sets 8, which is NMT's own PascalVOC recipe; the claim being tested is that only the SplineConv layer changes, so the host recipe is left alone. spair_vgg16.json sets 5 because no author-provided SPair recipe existed.",
    "_comment_cache": "data/pascal_voc.py writes a filtered-xml pickle to cfg.CACHE_PATH. The default 'data/cache' is repo-relative, i.e. inside the 50 GB HOME quota, and group storage is read-only inside jobs, so it is redirected to scratch.",
    "_comment_paths": "ROOT_DIR must end in a slash: data/pascal_voc.py builds the image and annotation directories by string concatenation (cfg.VOC2011.ROOT_DIR + 'JPEGImages'). SET_SPLIT points at the split shipped with the shared PascalVOC tree; see NMT_VOC_ROOT in hpc/env.sh for why voc2011_pairs.npz is not required.",
    "_generated_by": "slurm/make_config.py rational_mv_d54 0 (voc)",
    "combine_classes": false,
    "default_json": "experiments/voc_basic.json",
    "eval_sampling": "intersection",
    "evaluate_only": false,
    "exclude_willow_classes": false,
    "keep_last_checkpoint_only": true,
    "log_dir": "runs/",
    "model_dir": "/scratch/hpc-prf-llmrout/hpcabpo/nmt/runs/voc_vgg16/rational_mv_d54_seed0",
    "save_checkpoint": true,
    "train_sampling": "intersection",
    "visualization_params": {
        "produce_pdf": false,
        "reduced_vis": true
    },
    "visualize": false,
    "warmstart_path": null
}
wandb: Tracking run with wandb version 0.30.0
wandb: W&B syncing is set to `offline` in this directory. Run `wandb online` or set WANDB_MODE=online to enable cloud syncing.
wandb: Run data is saved locally in /scratch/hpc-prf-llmrout/hpcabpo/nmt/wandb/wandb/offline-run-20260923_064414-4lovznkz
wandb: View this run in the terminal with `wandb leet`
xml list loaded from /scratch/hpc-prf-llmrout/hpcabpo/nmt/cache/voc_db/voc_db_train.pkl
TRUE EPOCHS:  False
16000
Initializing train-set. Randomly sampling 16000 examples.
/pc2/groups/hpc-prf-llmrout/hpcabpo/nmt/conda/envs/nmt/lib/python3.12/site-packages/albumentations/core/composition.py:331: UserWarning: Got processor for keypoints, but no transform to process it.
  self._set_keys()
xml list loaded from /scratch/hpc-prf-llmrout/hpcabpo/nmt/cache/voc_db/voc_db_test.pkl
TRUE EPOCHS:  False
1000
Initializing test-set. Randomly sampling 1000 examples.
/pc2/groups/hpc-prf-llmrout/hpcabpo/nmt/conda/envs/nmt/lib/python3.12/site-packages/torchvision/models/_utils.py:208: UserWarning: The parameter 'pretrained' is deprecated since 0.13 and may be removed in the future, please use 'weights' instead.
  warnings.warn(
/pc2/groups/hpc-prf-llmrout/hpcabpo/nmt/conda/envs/nmt/lib/python3.12/site-packages/torchvision/models/_utils.py:223: UserWarning: Arguments other than a weight enum or `None` for 'weights' are deprecated since 0.13 and may be removed in the future. The current behavior is equivalent to passing `weights=VGG16_Weights.IMAGENET1K_V1`. You can also use `weights=VGG16_Weights.DEFAULT` to get the most up-to-date weights.
  warnings.warn(msg)
stopping after 7 epochs (cfg.TRAIN.max_epochs; schedule 'long_halving5' defines 12)
Start training...
NMT model on device: cuda:0
Epoch 0/6
----------
lr = 1.50e-05, 5.00e-04
Epoch 0/6:   0%|          | 0/2000 [00:00<?, ?it/s]/pc2/groups/hpc-prf-llmrout/hpcabpo/nmt/conda/envs/nmt/lib/python3.12/site-packages/torch_geometric/utils/_scatter.py:91: UserWarning: The usage of `scatter(reduce='max')` can be accelerated via the 'torch-scatter' package, but it was not found
  warnings.warn(
[rank0]:[W923 06:44:17.334970018 reducer.cpp:1528] Warning: find_unused_parameters=True was specified in DDP constructor, but did not find any unused parameters in the forward pass. This flag results in an extra traversal of the autograd graph every iteration,  which can adversely affect performance. If your model indeed never has any unused parameters in the forward pass, consider turning this flag off. Note that this warning may be a false positive if your model has flow control causing later iterations to have unused parameters. (function operator())
Epoch 0/6: 100%|██████████| 2000/2000 [07:23<00:00,  4.51it/s, loss=3.0705, acc=0.6819]
epoch loss: 3.2928928686976433, epoch accuracy: 0.6819339134327523
completed in 443.42s (7.39m)
Start evaluation...
Evaluating class aeroplane: 0/20
Class aeroplane Iteration 40   86.47sample/s
Class aeroplane Iteration 80   92.60sample/s
Class aeroplane Iteration 120  106.42sample/s
Class aeroplane acc = 0.5419
Evaluating class bicycle: 1/20
Class bicycle  Iteration 40   90.84sample/s
Class bicycle  Iteration 80   101.73sample/s
Class bicycle  Iteration 120  98.17sample/s
Class bicycle acc = 0.7784
Evaluating class bird: 2/20
Class bird     Iteration 40   78.25sample/s
Class bird     Iteration 80   85.01sample/s
Class bird     Iteration 120  85.51sample/s
Class bird acc = 0.7262
Evaluating class boat: 3/20
Class boat     Iteration 40   86.75sample/s
Class boat     Iteration 80   93.96sample/s
Class boat     Iteration 120  104.79sample/s
Class boat acc = 0.7381
Evaluating class bottle: 4/20
Class bottle   Iteration 40   89.67sample/s
Class bottle   Iteration 80   99.21sample/s
Class bottle   Iteration 120  99.89sample/s
Class bottle acc = 0.8588
Evaluating class bus: 5/20
Class bus      Iteration 40   87.95sample/s
Class bus      Iteration 80   99.53sample/s
Class bus      Iteration 120  99.43sample/s
Class bus acc = 0.9010
Evaluating class car: 6/20
Class car      Iteration 40   75.96sample/s
Class car      Iteration 80   90.28sample/s
Class car      Iteration 120  89.31sample/s
Class car acc = 0.8161
Evaluating class cat: 7/20
Class cat      Iteration 40   82.29sample/s
Class cat      Iteration 80   97.03sample/s
Class cat      Iteration 120  99.25sample/s
Class cat acc = 0.7925
Evaluating class chair: 8/20
Class chair    Iteration 40   86.47sample/s
Class chair    Iteration 80   99.23sample/s
Class chair    Iteration 120  98.63sample/s
Class chair acc = 0.5007
Evaluating class cow: 9/20
Class cow      Iteration 40   87.21sample/s
Class cow      Iteration 80   99.76sample/s
Class cow      Iteration 120  100.08sample/s
Class cow acc = 0.7606
Evaluating class diningtable: 10/20
Class diningtable Iteration 40   90.44sample/s
Class diningtable Iteration 80   94.11sample/s
Class diningtable Iteration 120  84.91sample/s
Class diningtable acc = 0.8319
Evaluating class dog: 11/20
Class dog      Iteration 40   73.54sample/s
Class dog      Iteration 80   78.95sample/s
Class dog      Iteration 120  85.81sample/s
Class dog acc = 0.7570
Evaluating class horse: 12/20
Class horse    Iteration 40   71.60sample/s
Class horse    Iteration 80   77.85sample/s
Class horse    Iteration 120  87.80sample/s
Class horse acc = 0.7791
Evaluating class motorbike: 13/20
Class motorbike Iteration 40   82.02sample/s
Class motorbike Iteration 80   93.20sample/s
Class motorbike Iteration 120  99.52sample/s
Class motorbike acc = 0.7140
Evaluating class person: 14/20
Class person   Iteration 40   90.59sample/s
Class person   Iteration 80   99.92sample/s
Class person   Iteration 120  96.65sample/s
Class person acc = 0.5629
Evaluating class pottedplant: 15/20
Class pottedplant Iteration 40   89.01sample/s
Class pottedplant Iteration 80   98.42sample/s
Class pottedplant Iteration 120  101.65sample/s
Class pottedplant acc = 0.9737
Evaluating class sheep: 16/20
Class sheep    Iteration 40   68.75sample/s
Class sheep    Iteration 80   72.32sample/s
Class sheep    Iteration 120  88.89sample/s
Class sheep acc = 0.7485
Evaluating class sofa: 17/20
Class sofa     Iteration 40   92.46sample/s
Class sofa     Iteration 80   103.21sample/s
Class sofa     Iteration 120  98.46sample/s
Class sofa acc = 0.7419
Evaluating class train: 18/20
Class train    Iteration 40   64.44sample/s
Class train    Iteration 80   77.82sample/s
Class train    Iteration 120  87.63sample/s
Class train acc = 0.9621
Evaluating class tvmonitor: 19/20
Class tvmonitor Iteration 40   84.29sample/s
Class tvmonitor Iteration 80   92.60sample/s
Class tvmonitor Iteration 120  106.01sample/s
Class tvmonitor acc = 0.9573
Evaluation complete in 3m 41s
Matching accuracy
aeroplane = 0.5419
bicycle = 0.7784
bird = 0.7262
boat = 0.7381
bottle = 0.8588
bus = 0.9010
car = 0.8161
cat = 0.7925
chair = 0.5007
cow = 0.7606
diningtable = 0.8319
dog = 0.7570
horse = 0.7791
motorbike = 0.7140
person = 0.5629
pottedplant = 0.9737
sheep = 0.7485
sofa = 0.7419
train = 0.9621
tvmonitor = 0.9573
average = 0.7721
Epoch 1/6
----------
lr = 1.50e-05, 5.00e-04
Epoch 1/6: 100%|██████████| 2000/2000 [07:22<00:00,  4.52it/s, loss=2.6875, acc=0.7979]
epoch loss: 2.4219456527382137, epoch accuracy: 0.7978657738206577
completed in 442.94s (7.38m)
Start evaluation...
Evaluating class aeroplane: 0/20
Class aeroplane Iteration 40   83.40sample/s
Class aeroplane Iteration 80   88.93sample/s
Class aeroplane Iteration 120  100.26sample/s
Class aeroplane acc = 0.5995
Evaluating class bicycle: 1/20
Class bicycle  Iteration 40   81.39sample/s
Class bicycle  Iteration 80   94.96sample/s
Class bicycle  Iteration 120  92.66sample/s
Class bicycle acc = 0.7803
Evaluating class bird: 2/20
Class bird     Iteration 40   76.15sample/s
Class bird     Iteration 80   84.31sample/s
Class bird     Iteration 120  84.97sample/s
Class bird acc = 0.7492
Evaluating class boat: 3/20
Class boat     Iteration 40   84.40sample/s
Class boat     Iteration 80   86.49sample/s
Class boat     Iteration 120  97.19sample/s
Class boat acc = 0.7439
Evaluating class bottle: 4/20
Class bottle   Iteration 40   84.74sample/s
Class bottle   Iteration 80   93.30sample/s
Class bottle   Iteration 120  91.89sample/s
Class bottle acc = 0.8768
Evaluating class bus: 5/20
Class bus      Iteration 40   82.31sample/s
Class bus      Iteration 80   96.74sample/s
Class bus      Iteration 120  93.33sample/s
Class bus acc = 0.9170
Evaluating class car: 6/20
Class car      Iteration 40   69.46sample/s
Class car      Iteration 80   79.91sample/s
Class car      Iteration 120  80.63sample/s
Class car acc = 0.8645
Evaluating class cat: 7/20
Class cat      Iteration 40   80.21sample/s
Class cat      Iteration 80   90.74sample/s
Class cat      Iteration 120  95.32sample/s
Class cat acc = 0.8152
Evaluating class chair: 8/20
Class chair    Iteration 40   86.16sample/s
Class chair    Iteration 80   95.69sample/s
Class chair    Iteration 120  96.39sample/s
Class chair acc = 0.5648
Evaluating class cow: 9/20
Class cow      Iteration 40   82.58sample/s
Class cow      Iteration 80   95.35sample/s
Class cow      Iteration 120  94.58sample/s
Class cow acc = 0.7940
Evaluating class diningtable: 10/20
Class diningtable Iteration 40   84.97sample/s
Class diningtable Iteration 80   95.53sample/s
Class diningtable Iteration 120  99.86sample/s
Class diningtable acc = 0.8176
Evaluating class dog: 11/20
Class dog      Iteration 40   84.69sample/s
Class dog      Iteration 80   91.77sample/s
Class dog      Iteration 120  92.60sample/s
Class dog acc = 0.8012
Evaluating class horse: 12/20
Class horse    Iteration 40   81.70sample/s
Class horse    Iteration 80   91.26sample/s
Class horse    Iteration 120  100.69sample/s
Class horse acc = 0.7979
Evaluating class motorbike: 13/20
Class motorbike Iteration 40   85.28sample/s
Class motorbike Iteration 80   92.70sample/s
Class motorbike Iteration 120  95.37sample/s
Class motorbike acc = 0.7992
Evaluating class person: 14/20
Class person   Iteration 40   86.63sample/s
Class person   Iteration 80   94.35sample/s
Class person   Iteration 120  93.79sample/s
Class person acc = 0.6582
Evaluating class pottedplant: 15/20
Class pottedplant Iteration 40   85.81sample/s
Class pottedplant Iteration 80   95.51sample/s
Class pottedplant Iteration 120  93.57sample/s
Class pottedplant acc = 0.9761
Evaluating class sheep: 16/20
Class sheep    Iteration 40   67.37sample/s
Class sheep    Iteration 80   71.94sample/s
Class sheep    Iteration 120  88.12sample/s
Class sheep acc = 0.7608
Evaluating class sofa: 17/20
Class sofa     Iteration 40   85.14sample/s
Class sofa     Iteration 80   97.63sample/s
Class sofa     Iteration 120  96.97sample/s
Class sofa acc = 0.8093
Evaluating class train: 18/20
Class train    Iteration 40   61.64sample/s
Class train    Iteration 80   74.27sample/s
Class train    Iteration 120  82.80sample/s
Class train acc = 0.9689
Evaluating class tvmonitor: 19/20
Class tvmonitor Iteration 40   82.07sample/s
Class tvmonitor Iteration 80   88.53sample/s
Class tvmonitor Iteration 120  100.30sample/s
Class tvmonitor acc = 0.9605
Evaluation complete in 3m 46s
Matching accuracy
aeroplane = 0.5995
bicycle = 0.7803
bird = 0.7492
boat = 0.7439
bottle = 0.8768
bus = 0.9170
car = 0.8645
cat = 0.8152
chair = 0.5648
cow = 0.7940
diningtable = 0.8176
dog = 0.8012
horse = 0.7979
motorbike = 0.7992
person = 0.6582
pottedplant = 0.9761
sheep = 0.7608
sofa = 0.8093
train = 0.9689
tvmonitor = 0.9605
average = 0.8027
Epoch 2/6
----------
lr = 1.50e-06, 5.00e-05
Epoch 2/6: 100%|██████████| 2000/2000 [07:21<00:00,  4.53it/s, loss=2.1149, acc=0.8465]
epoch loss: 2.0639688991233704, epoch accuracy: 0.8465057580059946
completed in 441.54s (7.36m)
Start evaluation...
Evaluating class aeroplane: 0/20
Class aeroplane Iteration 40   78.85sample/s
Class aeroplane Iteration 80   82.28sample/s
Class aeroplane Iteration 120  92.14sample/s
Class aeroplane acc = 0.6280
Evaluating class bicycle: 1/20
Class bicycle  Iteration 40   82.51sample/s
Class bicycle  Iteration 80   89.70sample/s
Class bicycle  Iteration 120  94.25sample/s
Class bicycle acc = 0.7896
Evaluating class bird: 2/20
Class bird     Iteration 40   77.99sample/s
Class bird     Iteration 80   84.29sample/s
Class bird     Iteration 120  85.65sample/s
Class bird acc = 0.7797
Evaluating class boat: 3/20
Class boat     Iteration 40   84.72sample/s
Class boat     Iteration 80   87.74sample/s
Class boat     Iteration 120  100.47sample/s
Class boat acc = 0.7818
Evaluating class bottle: 4/20
Class bottle   Iteration 40   82.66sample/s
Class bottle   Iteration 80   95.98sample/s
Class bottle   Iteration 120  95.51sample/s
Class bottle acc = 0.8675
Evaluating class bus: 5/20
Class bus      Iteration 40   82.73sample/s
Class bus      Iteration 80   96.13sample/s
Class bus      Iteration 120  92.32sample/s
Class bus acc = 0.9310
Evaluating class car: 6/20
Class car      Iteration 40   70.40sample/s
Class car      Iteration 80   85.85sample/s
Class car      Iteration 120  83.32sample/s
Class car acc = 0.8820
Evaluating class cat: 7/20
Class cat      Iteration 40   84.15sample/s
Class cat      Iteration 80   95.57sample/s
Class cat      Iteration 120  97.84sample/s
Class cat acc = 0.8299
Evaluating class chair: 8/20
Class chair    Iteration 40   86.95sample/s
Class chair    Iteration 80   96.84sample/s
Class chair    Iteration 120  95.99sample/s
Class chair acc = 0.5914
Evaluating class cow: 9/20
Class cow      Iteration 40   85.19sample/s
Class cow      Iteration 80   93.15sample/s
Class cow      Iteration 120  96.37sample/s
Class cow acc = 0.8122
Evaluating class diningtable: 10/20
Class diningtable Iteration 40   87.39sample/s
Class diningtable Iteration 80   99.00sample/s
Class diningtable Iteration 120  99.73sample/s
Class diningtable acc = 0.8349
Evaluating class dog: 11/20
Class dog      Iteration 40   80.95sample/s
Class dog      Iteration 80   86.66sample/s
Class dog      Iteration 120  89.71sample/s
Class dog acc = 0.8081
Evaluating class horse: 12/20
Class horse    Iteration 40   79.12sample/s
Class horse    Iteration 80   89.05sample/s
Class horse    Iteration 120  100.35sample/s
Class horse acc = 0.8130
Evaluating class motorbike: 13/20
Class motorbike Iteration 40   88.35sample/s
Class motorbike Iteration 80   94.01sample/s
Class motorbike Iteration 120  96.49sample/s
Class motorbike acc = 0.8361
Evaluating class person: 14/20
Class person   Iteration 40   86.94sample/s
Class person   Iteration 80   94.73sample/s
Class person   Iteration 120  95.13sample/s
Class person acc = 0.6843
Evaluating class pottedplant: 15/20
Class pottedplant Iteration 40   84.14sample/s
Class pottedplant Iteration 80   95.60sample/s
Class pottedplant Iteration 120  97.92sample/s
Class pottedplant acc = 0.9809
Evaluating class sheep: 16/20
Class sheep    Iteration 40   67.55sample/s
Class sheep    Iteration 80   69.98sample/s
Class sheep    Iteration 120  85.16sample/s
Class sheep acc = 0.7775
Evaluating class sofa: 17/20
Class sofa     Iteration 40   84.10sample/s
Class sofa     Iteration 80   92.78sample/s
Class sofa     Iteration 120  93.63sample/s
Class sofa acc = 0.8500
Evaluating class train: 18/20
Class train    Iteration 40   61.37sample/s
Class train    Iteration 80   74.12sample/s
Class train    Iteration 120  81.41sample/s
Class train acc = 0.9841
Evaluating class tvmonitor: 19/20
Class tvmonitor Iteration 40   77.73sample/s
Class tvmonitor Iteration 80   85.35sample/s
Class tvmonitor Iteration 120  103.29sample/s
Class tvmonitor acc = 0.9630
Evaluation complete in 3m 47s
Matching accuracy
aeroplane = 0.6280
bicycle = 0.7896
bird = 0.7797
boat = 0.7818
bottle = 0.8675
bus = 0.9310
car = 0.8820
cat = 0.8299
chair = 0.5914
cow = 0.8122
diningtable = 0.8349
dog = 0.8081
horse = 0.8130
motorbike = 0.8361
person = 0.6843
pottedplant = 0.9809
sheep = 0.7775
sofa = 0.8500
train = 0.9841
tvmonitor = 0.9630
average = 0.8213
Epoch 3/6
----------
lr = 1.50e-06, 5.00e-05
Epoch 3/6: 100%|██████████| 2000/2000 [07:25<00:00,  4.49it/s, loss=2.3976, acc=0.8692]
epoch loss: 1.938001919850707, epoch accuracy: 0.869249123853553
completed in 445.24s (7.42m)
Start evaluation...
Evaluating class aeroplane: 0/20
Class aeroplane Iteration 40   44.68sample/s
Class aeroplane Iteration 80   42.85sample/s
Class aeroplane Iteration 120  48.78sample/s
Class aeroplane acc = 0.6437
Evaluating class bicycle: 1/20
Class bicycle  Iteration 40   46.46sample/s
Class bicycle  Iteration 80   44.06sample/s
Class bicycle  Iteration 120  45.60sample/s
Class bicycle acc = 0.7958
Evaluating class bird: 2/20
Class bird     Iteration 40   39.31sample/s
Class bird     Iteration 80   41.91sample/s
Class bird     Iteration 120  39.87sample/s
Class bird acc = 0.7894
Evaluating class boat: 3/20
Class boat     Iteration 40   46.94sample/s
Class boat     Iteration 80   42.36sample/s
Class boat     Iteration 120  48.08sample/s
Class boat acc = 0.7823
Evaluating class bottle: 4/20
Class bottle   Iteration 40   49.32sample/s
Class bottle   Iteration 80   48.25sample/s
Class bottle   Iteration 120  47.72sample/s
Class bottle acc = 0.8714
Evaluating class bus: 5/20
Class bus      Iteration 40   41.45sample/s
Class bus      Iteration 80   46.31sample/s
Class bus      Iteration 120  44.27sample/s
Class bus acc = 0.9371
Evaluating class car: 6/20
Class car      Iteration 40   39.92sample/s
Class car      Iteration 80   40.00sample/s
Class car      Iteration 120  37.69sample/s
Class car acc = 0.8943
Evaluating class cat: 7/20
Class cat      Iteration 40   45.30sample/s
Class cat      Iteration 80   42.20sample/s
Class cat      Iteration 120  45.24sample/s
Class cat acc = 0.8393
Evaluating class chair: 8/20
Class chair    Iteration 40   46.00sample/s
Class chair    Iteration 80   46.12sample/s
Class chair    Iteration 120  54.20sample/s
Class chair acc = 0.6216
Evaluating class cow: 9/20
Class cow      Iteration 40   50.92sample/s
Class cow      Iteration 80   39.33sample/s
Class cow      Iteration 120  42.53sample/s
Class cow acc = 0.8180
Evaluating class diningtable: 10/20
Class diningtable Iteration 40   43.16sample/s
Class diningtable Iteration 80   40.37sample/s
Class diningtable Iteration 120  40.89sample/s
Class diningtable acc = 0.7778
Evaluating class dog: 11/20
Class dog      Iteration 40   40.21sample/s
Class dog      Iteration 80   38.41sample/s
Class dog      Iteration 120  38.95sample/s
Class dog acc = 0.8203
Evaluating class horse: 12/20
Class horse    Iteration 40   40.60sample/s
Class horse    Iteration 80   39.47sample/s
Class horse    Iteration 120  40.77sample/s
Class horse acc = 0.8150
Evaluating class motorbike: 13/20
Class motorbike Iteration 40   35.90sample/s
Class motorbike Iteration 80   40.32sample/s
Class motorbike Iteration 120  41.21sample/s
Class motorbike acc = 0.8385
Evaluating class person: 14/20
Class person   Iteration 40   41.55sample/s
Class person   Iteration 80   41.21sample/s
Class person   Iteration 120  41.67sample/s
Class person acc = 0.6909
Evaluating class pottedplant: 15/20
Class pottedplant Iteration 40   42.82sample/s
Class pottedplant Iteration 80   37.42sample/s
Class pottedplant Iteration 120  40.73sample/s
Class pottedplant acc = 0.9829
Evaluating class sheep: 16/20
Class sheep    Iteration 40   31.92sample/s
Class sheep    Iteration 80   29.46sample/s
Class sheep    Iteration 120  36.28sample/s
Class sheep acc = 0.7919
Evaluating class sofa: 17/20
Class sofa     Iteration 40   42.56sample/s
Class sofa     Iteration 80   40.39sample/s
Class sofa     Iteration 120  41.05sample/s
Class sofa acc = 0.8732
Evaluating class train: 18/20
Class train    Iteration 40   28.43sample/s
Class train    Iteration 80   31.16sample/s
Class train    Iteration 120  36.04sample/s
Class train acc = 0.9828
Evaluating class tvmonitor: 19/20
Class tvmonitor Iteration 40   35.31sample/s
Class tvmonitor Iteration 80   36.12sample/s
Class tvmonitor Iteration 120  46.92sample/s
Class tvmonitor acc = 0.9545
Evaluation complete in 8m 9s
Matching accuracy
aeroplane = 0.6437
bicycle = 0.7958
bird = 0.7894
boat = 0.7823
bottle = 0.8714
bus = 0.9371
car = 0.8943
cat = 0.8393
chair = 0.6216
cow = 0.8180
diningtable = 0.7778
dog = 0.8203
horse = 0.8150
motorbike = 0.8385
person = 0.6909
pottedplant = 0.9829
sheep = 0.7919
sofa = 0.8732
train = 0.9828
tvmonitor = 0.9545
average = 0.8260
Epoch 4/6
----------
lr = 1.50e-06, 5.00e-05
Epoch 4/6: 100%|██████████| 2000/2000 [07:25<00:00,  4.49it/s, loss=2.6456, acc=0.8796]
epoch loss: 1.8508640115857125, epoch accuracy: 0.8796150205112022
completed in 445.93s (7.43m)
Start evaluation...
Evaluating class aeroplane: 0/20
Class aeroplane Iteration 40   41.99sample/s
Class aeroplane Iteration 80   39.85sample/s
Class aeroplane Iteration 120  41.91sample/s
Class aeroplane acc = 0.6507
Evaluating class bicycle: 1/20
Class bicycle  Iteration 40   40.96sample/s
Class bicycle  Iteration 80   42.69sample/s
Class bicycle  Iteration 120  44.23sample/s
Class bicycle acc = 0.7966
Evaluating class bird: 2/20
Class bird     Iteration 40   36.42sample/s
Class bird     Iteration 80   38.74sample/s
Class bird     Iteration 120  38.04sample/s
Class bird acc = 0.7891
Evaluating class boat: 3/20
Class boat     Iteration 40   44.16sample/s
Class boat     Iteration 80   36.50sample/s
Class boat     Iteration 120  43.17sample/s
Class boat acc = 0.7855
Evaluating class bottle: 4/20
Class bottle   Iteration 40   46.16sample/s
Class bottle   Iteration 80   42.11sample/s
Class bottle   Iteration 120  40.79sample/s
Class bottle acc = 0.8691
Evaluating class bus: 5/20
Class bus      Iteration 40   39.52sample/s
Class bus      Iteration 80   42.65sample/s
Class bus      Iteration 120  40.67sample/s
Class bus acc = 0.9328
Evaluating class car: 6/20
Class car      Iteration 40   33.24sample/s
Class car      Iteration 80   38.75sample/s
Class car      Iteration 120  37.03sample/s
Class car acc = 0.9007
Evaluating class cat: 7/20
Class cat      Iteration 40   41.02sample/s
Class cat      Iteration 80   41.76sample/s
Class cat      Iteration 120  44.02sample/s
Class cat acc = 0.8475
Evaluating class chair: 8/20
Class chair    Iteration 40   43.20sample/s
Class chair    Iteration 80   62.78sample/s
Class chair    Iteration 120  46.66sample/s
Class chair acc = 0.6185
Evaluating class cow: 9/20
Class cow      Iteration 40   36.70sample/s
Class cow      Iteration 80   41.06sample/s
Class cow      Iteration 120  43.12sample/s
Class cow acc = 0.8153
Evaluating class diningtable: 10/20
Class diningtable Iteration 40   42.63sample/s
Class diningtable Iteration 80   45.12sample/s
Class diningtable Iteration 120  48.17sample/s
Class diningtable acc = 0.8176
Evaluating class dog: 11/20
Class dog      Iteration 40   39.93sample/s
Class dog      Iteration 80   42.07sample/s
Class dog      Iteration 120  48.99sample/s
Class dog acc = 0.8226
Evaluating class horse: 12/20
Class horse    Iteration 40   39.01sample/s
Class horse    Iteration 80   41.82sample/s
Class horse    Iteration 120  54.57sample/s
Class horse acc = 0.8177
Evaluating class motorbike: 13/20
Class motorbike Iteration 40   41.05sample/s
Class motorbike Iteration 80   41.31sample/s
Class motorbike Iteration 120  47.93sample/s
Class motorbike acc = 0.8420
Evaluating class person: 14/20
Class person   Iteration 40   40.50sample/s
Class person   Iteration 80   43.11sample/s
Class person   Iteration 120  46.96sample/s
Class person acc = 0.6979
Evaluating class pottedplant: 15/20
Class pottedplant Iteration 40   41.75sample/s
Class pottedplant Iteration 80   43.06sample/s
Class pottedplant Iteration 120  50.37sample/s
Class pottedplant acc = 0.9845
Evaluating class sheep: 16/20
Class sheep    Iteration 40   30.49sample/s
Class sheep    Iteration 80   31.74sample/s
Class sheep    Iteration 120  43.64sample/s
Class sheep acc = 0.7900
Evaluating class sofa: 17/20
Class sofa     Iteration 40   40.86sample/s
Class sofa     Iteration 80   47.34sample/s
Class sofa     Iteration 120  45.64sample/s
Class sofa acc = 0.8453
Evaluating class train: 18/20
Class train    Iteration 40   28.65sample/s
Class train    Iteration 80   37.41sample/s
Class train    Iteration 120  36.24sample/s
Class train acc = 0.9784
Evaluating class tvmonitor: 19/20
Class tvmonitor Iteration 40   41.13sample/s
Class tvmonitor Iteration 80   41.19sample/s
Class tvmonitor Iteration 120  46.17sample/s
Class tvmonitor acc = 0.9453
Evaluation complete in 8m 5s
Matching accuracy
aeroplane = 0.6507
bicycle = 0.7966
bird = 0.7891
boat = 0.7855
bottle = 0.8691
bus = 0.9328
car = 0.9007
cat = 0.8475
chair = 0.6185
cow = 0.8153
diningtable = 0.8176
dog = 0.8226
horse = 0.8177
motorbike = 0.8420
person = 0.6979
pottedplant = 0.9845
sheep = 0.7900
sofa = 0.8453
train = 0.9784
tvmonitor = 0.9453
average = 0.8274
Epoch 5/6
----------
lr = 1.50e-07, 5.00e-06
Epoch 5/6: 100%|██████████| 2000/2000 [11:29<00:00,  2.90it/s, loss=1.1408, acc=0.8874]
epoch loss: 1.7912918845787644, epoch accuracy: 0.8874467242918819
completed in 689.81s (11.50m)
Start evaluation...
Evaluating class aeroplane: 0/20
Class aeroplane Iteration 40   48.69sample/s
Class aeroplane Iteration 80   44.12sample/s
Class aeroplane Iteration 120  50.74sample/s
Class aeroplane acc = 0.6534
Evaluating class bicycle: 1/20
Class bicycle  Iteration 40   48.77sample/s
Class bicycle  Iteration 80   48.85sample/s
Class bicycle  Iteration 120  51.44sample/s
Class bicycle acc = 0.7970
Evaluating class bird: 2/20
Class bird     Iteration 40   43.15sample/s
Class bird     Iteration 80   44.60sample/s
Class bird     Iteration 120  44.42sample/s
Class bird acc = 0.7927
Evaluating class boat: 3/20
Class boat     Iteration 40   50.62sample/s
Class boat     Iteration 80   37.54sample/s
Class boat     Iteration 120  39.04sample/s
Class boat acc = 0.7881
Evaluating class bottle: 4/20
Class bottle   Iteration 40   42.22sample/s
Class bottle   Iteration 80   40.64sample/s
Class bottle   Iteration 120  39.84sample/s
Class bottle acc = 0.8715
Evaluating class bus: 5/20
Class bus      Iteration 40   36.84sample/s
Class bus      Iteration 80   40.43sample/s
Class bus      Iteration 120  40.75sample/s
Class bus acc = 0.9371
Evaluating class car: 6/20
Class car      Iteration 40   31.21sample/s
Class car      Iteration 80   35.30sample/s
Class car      Iteration 120  32.22sample/s
Class car acc = 0.9003
Evaluating class cat: 7/20
Class cat      Iteration 40   36.78sample/s
Class cat      Iteration 80   37.58sample/s
Class cat      Iteration 120  39.66sample/s
Class cat acc = 0.8473
Evaluating class chair: 8/20
Class chair    Iteration 40   40.73sample/s
Class chair    Iteration 80   41.87sample/s
Class chair    Iteration 120  58.94sample/s
Class chair acc = 0.6194
Evaluating class cow: 9/20
Class cow      Iteration 40   35.26sample/s
Class cow      Iteration 80   37.51sample/s
Class cow      Iteration 120  41.00sample/s
Class cow acc = 0.8176
Evaluating class diningtable: 10/20
Class diningtable Iteration 40   36.67sample/s
Class diningtable Iteration 80   38.26sample/s
Class diningtable Iteration 120  42.34sample/s
Class diningtable acc = 0.8176
Evaluating class dog: 11/20
Class dog      Iteration 40   38.44sample/s
Class dog      Iteration 80   40.86sample/s
Class dog      Iteration 120  49.18sample/s
Class dog acc = 0.8230
Evaluating class horse: 12/20
Class horse    Iteration 40   37.59sample/s
Class horse    Iteration 80   40.82sample/s
Class horse    Iteration 120  52.42sample/s
Class horse acc = 0.8197
Evaluating class motorbike: 13/20
Class motorbike Iteration 40   40.18sample/s
Class motorbike Iteration 80   42.52sample/s
Class motorbike Iteration 120  48.83sample/s
Class motorbike acc = 0.8433
Evaluating class person: 14/20
Class person   Iteration 40   41.83sample/s
Class person   Iteration 80   43.65sample/s
Class person   Iteration 120  48.61sample/s
Class person acc = 0.7020
Evaluating class pottedplant: 15/20
Class pottedplant Iteration 40   42.15sample/s
Class pottedplant Iteration 80   43.00sample/s
Class pottedplant Iteration 120  44.69sample/s
Class pottedplant acc = 0.9859
Evaluating class sheep: 16/20
Class sheep    Iteration 40   33.97sample/s
Class sheep    Iteration 80   32.40sample/s
Class sheep    Iteration 120  42.95sample/s
Class sheep acc = 0.7959
Evaluating class sofa: 17/20
Class sofa     Iteration 40   41.22sample/s
Class sofa     Iteration 80   45.06sample/s
Class sofa     Iteration 120  49.27sample/s
Class sofa acc = 0.8312
Evaluating class train: 18/20
Class train    Iteration 40   28.77sample/s
Class train    Iteration 80   38.08sample/s
Class train    Iteration 120  36.50sample/s
Class train acc = 0.9834
Evaluating class tvmonitor: 19/20
Class tvmonitor Iteration 40   38.59sample/s
Class tvmonitor Iteration 80   44.71sample/s
Class tvmonitor Iteration 120  46.36sample/s
Class tvmonitor acc = 0.9491
Evaluation complete in 8m 8s
Matching accuracy
aeroplane = 0.6534
bicycle = 0.7970
bird = 0.7927
boat = 0.7881
bottle = 0.8715
bus = 0.9371
car = 0.9003
cat = 0.8473
chair = 0.6194
cow = 0.8176
diningtable = 0.8176
dog = 0.8230
horse = 0.8197
motorbike = 0.8433
person = 0.7020
pottedplant = 0.9859
sheep = 0.7959
sofa = 0.8312
train = 0.9834
tvmonitor = 0.9491
average = 0.8288
Epoch 6/6
----------
lr = 1.50e-07, 5.00e-06
Epoch 6/6: 100%|██████████| 2000/2000 [07:24<00:00,  4.49it/s, loss=2.0259, acc=0.8923]
epoch loss: 1.7816015126183629, epoch accuracy: 0.8923232529438511
completed in 444.94s (7.42m)
Start evaluation...
Evaluating class aeroplane: 0/20
Class aeroplane Iteration 40   49.37sample/s
Class aeroplane Iteration 80   45.91sample/s
Class aeroplane Iteration 120  50.78sample/s
Class aeroplane acc = 0.6533
Evaluating class bicycle: 1/20
Class bicycle  Iteration 40   50.39sample/s
Class bicycle  Iteration 80   51.09sample/s
Class bicycle  Iteration 120  48.43sample/s
Class bicycle acc = 0.7987
Evaluating class bird: 2/20
Class bird     Iteration 40   42.84sample/s
Class bird     Iteration 80   45.73sample/s
Class bird     Iteration 120  46.21sample/s
Class bird acc = 0.7958
Evaluating class boat: 3/20
Class boat     Iteration 40   51.73sample/s
Class boat     Iteration 80   43.69sample/s
Class boat     Iteration 120  49.93sample/s
Class boat acc = 0.7915
Evaluating class bottle: 4/20
Class bottle   Iteration 40   48.91sample/s
Class bottle   Iteration 80   51.11sample/s
Class bottle   Iteration 120  48.26sample/s
Class bottle acc = 0.8710
Evaluating class bus: 5/20
Class bus      Iteration 40   45.15sample/s
Class bus      Iteration 80   52.21sample/s
Class bus      Iteration 120  50.89sample/s
Class bus acc = 0.9359
Evaluating class car: 6/20
Class car      Iteration 40   39.32sample/s
Class car      Iteration 80   43.08sample/s
Class car      Iteration 120  42.58sample/s
Class car acc = 0.9009
Evaluating class cat: 7/20
Class cat      Iteration 40   47.72sample/s
Class cat      Iteration 80   47.01sample/s
Class cat      Iteration 120  50.22sample/s
Class cat acc = 0.8481
Evaluating class chair: 8/20
Class chair    Iteration 40   47.53sample/s
Class chair    Iteration 80   49.42sample/s
Class chair    Iteration 120  53.33sample/s
Class chair acc = 0.6253
Evaluating class cow: 9/20
Class cow      Iteration 40   57.07sample/s
Class cow      Iteration 80   42.80sample/s
Class cow      Iteration 120  43.70sample/s
Class cow acc = 0.8163
Evaluating class diningtable: 10/20
Class diningtable Iteration 40   46.79sample/s
Class diningtable Iteration 80   44.14sample/s
Class diningtable Iteration 120  44.66sample/s
Class diningtable acc = 0.8176
Evaluating class dog: 11/20
Class dog      Iteration 40   44.08sample/s
Class dog      Iteration 80   41.86sample/s
Class dog      Iteration 120  41.51sample/s
Class dog acc = 0.8252
Evaluating class horse: 12/20
Class horse    Iteration 40   41.63sample/s
Class horse    Iteration 80   41.42sample/s
Class horse    Iteration 120  44.89sample/s
Class horse acc = 0.8192
Evaluating class motorbike: 13/20
Class motorbike Iteration 40   46.36sample/s
Class motorbike Iteration 80   41.00sample/s
Class motorbike Iteration 120  43.82sample/s
Class motorbike acc = 0.8446
Evaluating class person: 14/20
Class person   Iteration 40   45.11sample/s
Class person   Iteration 80   41.58sample/s
Class person   Iteration 120  42.14sample/s
Class person acc = 0.7046
Evaluating class pottedplant: 15/20
Class pottedplant Iteration 40   46.05sample/s
Class pottedplant Iteration 80   42.38sample/s
Class pottedplant Iteration 120  44.32sample/s
Class pottedplant acc = 0.9861
Evaluating class sheep: 16/20
Class sheep    Iteration 40   34.28sample/s
Class sheep    Iteration 80   32.05sample/s
Class sheep    Iteration 120  36.23sample/s
Class sheep acc = 0.7954
Evaluating class sofa: 17/20
Class sofa     Iteration 40   46.49sample/s
Class sofa     Iteration 80   43.43sample/s
Class sofa     Iteration 120  44.42sample/s
Class sofa acc = 0.8307
Evaluating class train: 18/20
Class train    Iteration 40   30.38sample/s
Class train    Iteration 80   33.96sample/s
Class train    Iteration 120  39.51sample/s
Class train acc = 0.9807
Evaluating class tvmonitor: 19/20
Class tvmonitor Iteration 40   36.04sample/s
Class tvmonitor Iteration 80   40.13sample/s
Class tvmonitor Iteration 120  52.02sample/s
Class tvmonitor acc = 0.9494
Evaluation complete in 7m 34s
Matching accuracy
aeroplane = 0.6533
bicycle = 0.7987
bird = 0.7958
boat = 0.7915
bottle = 0.8710
bus = 0.9359
car = 0.9009
cat = 0.8481
chair = 0.6253
cow = 0.8163
diningtable = 0.8176
dog = 0.8252
horse = 0.8192
motorbike = 0.8446
person = 0.7046
pottedplant = 0.9861
sheep = 0.7954
sofa = 0.8307
train = 0.9807
tvmonitor = 0.9494
average = 0.8295
[1;34mwandb[0m: 
[1;34mwandb[0m: You can sync this run to the cloud by running:
[1;34mwandb[0m: [1mwandb sync /scratch/hpc-prf-llmrout/hpcabpo/nmt/wandb/wandb/offline-run-20260923_064414-4lovznkz[0m
[1;34mwandb[0m: Find logs at: [1;35m../../../../../../scratch/hpc-prf-llmrout/hpcabpo/nmt/wandb/wandb/offline-run-20260923_064414-4lovznkz/logs[0m
