CPU_SET_HEX_STR_SIZE: 257, Size of mstr: 257
cpu-bind=MASK - gpu1203, task  0  0 [538371]: mask |BBBB----|--------|--------|--------|BBBBBBBB|--------|--------|--------|--------|--------|----BBBB|--------||||--------|--------|--------|--------|--------|--------|--------|--------|--------|--------|--------|--------| set
job=3378404 node=gpu1203 gpu=NVIDIA H100 config=/scratch/hpc-prf-llmrout/hpcabpo/nmt/runs/configs/voc_rational_mv_d54_seed1.json wandb=offline
dataset=PascalVOC backbone=vgg16 image_size=256 conv=rational model_dir=/scratch/hpc-prf-llmrout/hpcabpo/nmt/runs/voc_vgg16/rational_mv_d54_seed1
{
    "BACKBONE": "vgg16",
    "BACKBONE_DIR": "/scratch/hpc-prf-llmrout/hpcabpo/nmt/checkpoints",
    "BATCH_SIZE": 8,
    "CACHE_PATH": "/scratch/hpc-prf-llmrout/hpcabpo/nmt/cache/voc_db",
    "DATASET_NAME": "PascalVOC",
    "EVAL": {
        "SAMPLES": 1000,
        "difficulty_params": {},
        "num_graphs_in_matching_instance": 2
    },
    "IMAGE_SIZE": 256,
    "Matching_TF": {
        "activation": "relu",
        "batch_norm": true,
        "d_model": 648,
        "nGPT_mlp_hidden_mult": 6,
        "n_decoder": 4,
        "n_encoder": 4,
        "n_head": 12,
        "n_lap_EigVec": 8,
        "pos_encoding": false
    },
    "NORM_MEANS": [
        0.485,
        0.456,
        0.406
    ],
    "NORM_STD": [
        0.229,
        0.224,
        0.225
    ],
    "RANDOM_SEED": 1,
    "SPLINE_CNN": {
        "aggr": "max",
        "conv": "rational",
        "degrees": [
            5,
            4
        ],
        "dim": 2,
        "init": "spline",
        "init_noise": 0.001,
        "input_features": 1024,
        "kernel_size": 5,
        "num_bases": 0,
        "output_features": 648,
        "poly": "chebyshev",
        "pyg_init": true,
        "rational_basis": "multivariate",
        "safe": "B",
        "vp": false
    },
    "SPair": {
        "CLASSES": [
            "aeroplane",
            "bicycle",
            "bird",
            "boat",
            "boat",
            "bottle",
            "bus",
            "car",
            "cat",
            "chair",
            "cow",
            "dog",
            "horse",
            "motorbike",
            "person",
            "pottedplant",
            "sheep",
            "train",
            "tvmonitor"
        ],
        "ROOT_DIR": "./data/downloaded/SPair-71k",
        "size": "large"
    },
    "STATISTIC_STEP": 1,
    "TRACK_GRAD_NORM": false,
    "TRAIN": {
        "EPOCH_ITERS": 2000,
        "LR": 0.0005,
        "_comment_epochs": "Identical budget to the SPair-71k sweep so the two NMT columns are comparable: lr_schedule long_halving5 defines 12 epochs, max_epochs stops after 7, and both LR drops (epochs 2 and 5) still happen.",
        "clip_norm": 0,
        "cutmix_beta": 1.0,
        "cutmix_prob": 0.3,
        "difficulty_params": {},
        "layer_loss_param": 0.3,
        "lr_schedule": "long_halving5",
        "max_epochs": 7,
        "mixup_alpha": 0.8,
        "mixup_prob": 0.3,
        "num_graphs_in_matching_instance": 2,
        "random_erasing_prob": 0.3,
        "temperature": 0.1,
        "weight_decay": 0
    },
    "USE_SYNTHETIC": false,
    "VOC2011": {
        "CLASSES": [
            "aeroplane",
            "bicycle",
            "bird",
            "boat",
            "bottle",
            "bus",
            "car",
            "cat",
            "chair",
            "cow",
            "diningtable",
            "dog",
            "horse",
            "motorbike",
            "person",
            "pottedplant",
            "sheep",
            "sofa",
            "train",
            "tvmonitor"
        ],
        "KPT_ANNO_DIR": "/pc2/groups/hpc-prf-llmrout/hpcabpo/rational-basis-cnn/data/PascalVOC/raw/annotations/",
        "ROOT_DIR": "/pc2/groups/hpc-prf-llmrout/hpcabpo/rational-basis-cnn/data/PascalVOC/raw/images/",
        "SET_SPLIT": "/pc2/groups/hpc-prf-llmrout/hpcabpo/rational-basis-cnn/data/PascalVOC/raw/splits.npz"
    },
    "WILLOW": {
        "CLASSES": [
            "Car",
            "Duck",
            "Face",
            "Motorbike",
            "Winebottle"
        ],
        "KPT_LEN": 10,
        "ROOT_DIR": "./data/downloaded/WILLOW/WILLOW-ObjectClass",
        "TRAIN_NUM": 20,
        "TRAIN_OFFSET": 0
    },
    "_comment_batch_size": "BATCH_SIZE is deliberately NOT overridden here. voc_basic.json sets 8, which is NMT's own PascalVOC recipe; the claim being tested is that only the SplineConv layer changes, so the host recipe is left alone. spair_vgg16.json sets 5 because no author-provided SPair recipe existed.",
    "_comment_cache": "data/pascal_voc.py writes a filtered-xml pickle to cfg.CACHE_PATH. The default 'data/cache' is repo-relative, i.e. inside the 50 GB HOME quota, and group storage is read-only inside jobs, so it is redirected to scratch.",
    "_comment_paths": "ROOT_DIR must end in a slash: data/pascal_voc.py builds the image and annotation directories by string concatenation (cfg.VOC2011.ROOT_DIR + 'JPEGImages'). SET_SPLIT points at the split shipped with the shared PascalVOC tree; see NMT_VOC_ROOT in hpc/env.sh for why voc2011_pairs.npz is not required.",
    "_generated_by": "slurm/make_config.py rational_mv_d54 1 (voc)",
    "combine_classes": false,
    "default_json": "experiments/voc_basic.json",
    "eval_sampling": "intersection",
    "evaluate_only": false,
    "exclude_willow_classes": false,
    "keep_last_checkpoint_only": true,
    "log_dir": "runs/",
    "model_dir": "/scratch/hpc-prf-llmrout/hpcabpo/nmt/runs/voc_vgg16/rational_mv_d54_seed1",
    "save_checkpoint": true,
    "train_sampling": "intersection",
    "visualization_params": {
        "produce_pdf": false,
        "reduced_vis": true
    },
    "visualize": false,
    "warmstart_path": null
}
wandb: Tracking run with wandb version 0.30.0
wandb: W&B syncing is set to `offline` in this directory. Run `wandb online` or set WANDB_MODE=online to enable cloud syncing.
wandb: Run data is saved locally in /scratch/hpc-prf-llmrout/hpcabpo/nmt/wandb/wandb/offline-run-20260923_064833-dw2cr791
wandb: View this run in the terminal with `wandb leet`
xml list loaded from /scratch/hpc-prf-llmrout/hpcabpo/nmt/cache/voc_db/voc_db_train.pkl
TRUE EPOCHS:  False
16000
Initializing train-set. Randomly sampling 16000 examples.
/pc2/groups/hpc-prf-llmrout/hpcabpo/nmt/conda/envs/nmt/lib/python3.12/site-packages/albumentations/core/composition.py:331: UserWarning: Got processor for keypoints, but no transform to process it.
  self._set_keys()
xml list loaded from /scratch/hpc-prf-llmrout/hpcabpo/nmt/cache/voc_db/voc_db_test.pkl
TRUE EPOCHS:  False
1000
Initializing test-set. Randomly sampling 1000 examples.
/pc2/groups/hpc-prf-llmrout/hpcabpo/nmt/conda/envs/nmt/lib/python3.12/site-packages/torchvision/models/_utils.py:208: UserWarning: The parameter 'pretrained' is deprecated since 0.13 and may be removed in the future, please use 'weights' instead.
  warnings.warn(
/pc2/groups/hpc-prf-llmrout/hpcabpo/nmt/conda/envs/nmt/lib/python3.12/site-packages/torchvision/models/_utils.py:223: UserWarning: Arguments other than a weight enum or `None` for 'weights' are deprecated since 0.13 and may be removed in the future. The current behavior is equivalent to passing `weights=VGG16_Weights.IMAGENET1K_V1`. You can also use `weights=VGG16_Weights.DEFAULT` to get the most up-to-date weights.
  warnings.warn(msg)
stopping after 7 epochs (cfg.TRAIN.max_epochs; schedule 'long_halving5' defines 12)
Start training...
NMT model on device: cuda:0
Epoch 0/6
----------
lr = 1.50e-05, 5.00e-04
Epoch 0/6:   0%|          | 0/2000 [00:00<?, ?it/s]/pc2/groups/hpc-prf-llmrout/hpcabpo/nmt/conda/envs/nmt/lib/python3.12/site-packages/torch_geometric/utils/_scatter.py:91: UserWarning: The usage of `scatter(reduce='max')` can be accelerated via the 'torch-scatter' package, but it was not found
  warnings.warn(
[rank0]:[W923 06:48:40.091876823 reducer.cpp:1528] Warning: find_unused_parameters=True was specified in DDP constructor, but did not find any unused parameters in the forward pass. This flag results in an extra traversal of the autograd graph every iteration,  which can adversely affect performance. If your model indeed never has any unused parameters in the forward pass, consider turning this flag off. Note that this warning may be a false positive if your model has flow control causing later iterations to have unused parameters. (function operator())
Epoch 0/6: 100%|██████████| 2000/2000 [09:08<00:00,  3.65it/s, loss=2.8126, acc=0.6767]
epoch loss: 3.313002300053835, epoch accuracy: 0.6767428890128276
completed in 548.30s (9.14m)
Start evaluation...
Evaluating class aeroplane: 0/20
Class aeroplane Iteration 40   25.45sample/s
Class aeroplane Iteration 80   26.68sample/s
Class aeroplane Iteration 120  33.74sample/s
Class aeroplane acc = 0.5362
Evaluating class bicycle: 1/20
Class bicycle  Iteration 40   28.33sample/s
Class bicycle  Iteration 80   29.89sample/s
Class bicycle  Iteration 120  32.30sample/s
Class bicycle acc = 0.7782
Evaluating class bird: 2/20
Class bird     Iteration 40   22.82sample/s
Class bird     Iteration 80   27.35sample/s
Class bird     Iteration 120  28.27sample/s
Class bird acc = 0.7531
Evaluating class boat: 3/20
Class boat     Iteration 40   28.21sample/s
Class boat     Iteration 80   28.79sample/s
Class boat     Iteration 120  30.63sample/s
Class boat acc = 0.7438
Evaluating class bottle: 4/20
Class bottle   Iteration 40   29.21sample/s
Class bottle   Iteration 80   33.38sample/s
Class bottle   Iteration 120  37.95sample/s
Class bottle acc = 0.8602
Evaluating class bus: 5/20
Class bus      Iteration 40   27.62sample/s
Class bus      Iteration 80   33.82sample/s
Class bus      Iteration 120  33.23sample/s
Class bus acc = 0.9053
Evaluating class car: 6/20
Class car      Iteration 40   23.87sample/s
Class car      Iteration 80   29.92sample/s
Class car      Iteration 120  26.04sample/s
Class car acc = 0.8058
Evaluating class cat: 7/20
Class cat      Iteration 40   27.94sample/s
Class cat      Iteration 80   29.25sample/s
Class cat      Iteration 120  33.28sample/s
Class cat acc = 0.7832
Evaluating class chair: 8/20
Class chair    Iteration 40   31.79sample/s
Class chair    Iteration 80   31.27sample/s
Class chair    Iteration 120  31.43sample/s
Class chair acc = 0.5016
Evaluating class cow: 9/20
Class cow      Iteration 40   26.73sample/s
Class cow      Iteration 80   29.51sample/s
Class cow      Iteration 120  29.76sample/s
Class cow acc = 0.7725
Evaluating class diningtable: 10/20
Class diningtable Iteration 40   28.31sample/s
Class diningtable Iteration 80   29.72sample/s
Class diningtable Iteration 120  28.59sample/s
Class diningtable acc = 0.8074
Evaluating class dog: 11/20
Class dog      Iteration 40   26.67sample/s
Class dog      Iteration 80   28.20sample/s
Class dog      Iteration 120  28.67sample/s
Class dog acc = 0.7744
Evaluating class horse: 12/20
Class horse    Iteration 40   26.54sample/s
Class horse    Iteration 80   28.06sample/s
Class horse    Iteration 120  30.65sample/s
Class horse acc = 0.7740
Evaluating class motorbike: 13/20
Class motorbike Iteration 40   27.06sample/s
Class motorbike Iteration 80   28.37sample/s
Class motorbike Iteration 120  29.83sample/s
Class motorbike acc = 0.7553
Evaluating class person: 14/20
Class person   Iteration 40   28.10sample/s
Class person   Iteration 80   29.38sample/s
Class person   Iteration 120  29.69sample/s
Class person acc = 0.5788
Evaluating class pottedplant: 15/20
Class pottedplant Iteration 40   28.90sample/s
Class pottedplant Iteration 80   29.65sample/s
Class pottedplant Iteration 120  30.47sample/s
Class pottedplant acc = 0.9813
Evaluating class sheep: 16/20
Class sheep    Iteration 40   21.13sample/s
Class sheep    Iteration 80   21.91sample/s
Class sheep    Iteration 120  24.32sample/s
Class sheep acc = 0.7406
Evaluating class sofa: 17/20
Class sofa     Iteration 40   27.49sample/s
Class sofa     Iteration 80   29.72sample/s
Class sofa     Iteration 120  28.67sample/s
Class sofa acc = 0.7155
Evaluating class train: 18/20
Class train    Iteration 40   19.73sample/s
Class train    Iteration 80   23.47sample/s
Class train    Iteration 120  23.03sample/s
Class train acc = 0.9675
Evaluating class tvmonitor: 19/20
Class tvmonitor Iteration 40   24.60sample/s
Class tvmonitor Iteration 80   27.31sample/s
Class tvmonitor Iteration 120  30.11sample/s
Class tvmonitor acc = 0.9605
Evaluation complete in 11m 59s
Matching accuracy
aeroplane = 0.5362
bicycle = 0.7782
bird = 0.7531
boat = 0.7438
bottle = 0.8602
bus = 0.9053
car = 0.8058
cat = 0.7832
chair = 0.5016
cow = 0.7725
diningtable = 0.8074
dog = 0.7744
horse = 0.7740
motorbike = 0.7553
person = 0.5788
pottedplant = 0.9813
sheep = 0.7406
sofa = 0.7155
train = 0.9675
tvmonitor = 0.9605
average = 0.7748
Epoch 1/6
----------
lr = 1.50e-05, 5.00e-04
Epoch 1/6: 100%|██████████| 2000/2000 [09:13<00:00,  3.61it/s, loss=1.7253, acc=0.7914]
epoch loss: 2.440180231779814, epoch accuracy: 0.7914169980026506
completed in 553.55s (9.23m)
Start evaluation...
Evaluating class aeroplane: 0/20
Class aeroplane Iteration 40   26.05sample/s
Class aeroplane Iteration 80   26.24sample/s
Class aeroplane Iteration 120  34.95sample/s
Class aeroplane acc = 0.5888
Evaluating class bicycle: 1/20
Class bicycle  Iteration 40   27.96sample/s
Class bicycle  Iteration 80   28.18sample/s
Class bicycle  Iteration 120  30.67sample/s
Class bicycle acc = 0.7674
Evaluating class bird: 2/20
Class bird     Iteration 40   21.81sample/s
Class bird     Iteration 80   24.23sample/s
Class bird     Iteration 120  26.94sample/s
Class bird acc = 0.7516
Evaluating class boat: 3/20
Class boat     Iteration 40   24.80sample/s
Class boat     Iteration 80   23.37sample/s
Class boat     Iteration 120  29.66sample/s
Class boat acc = 0.7646
Evaluating class bottle: 4/20
Class bottle   Iteration 40   25.75sample/s
Class bottle   Iteration 80   27.98sample/s
Class bottle   Iteration 120  30.56sample/s
Class bottle acc = 0.8801
Evaluating class bus: 5/20
Class bus      Iteration 40   25.97sample/s
Class bus      Iteration 80   28.14sample/s
Class bus      Iteration 120  29.23sample/s
Class bus acc = 0.9263
Evaluating class car: 6/20
Class car      Iteration 40   21.73sample/s
Class car      Iteration 80   25.13sample/s
Class car      Iteration 120  23.50sample/s
Class car acc = 0.8480
Evaluating class cat: 7/20
Class cat      Iteration 40   27.38sample/s
Class cat      Iteration 80   27.54sample/s
Class cat      Iteration 120  30.52sample/s
Class cat acc = 0.8139
Evaluating class chair: 8/20
Class chair    Iteration 40   30.28sample/s
Class chair    Iteration 80   27.34sample/s
Class chair    Iteration 120  28.79sample/s
Class chair acc = 0.5652
Evaluating class cow: 9/20
Class cow      Iteration 40   24.74sample/s
Class cow      Iteration 80   27.49sample/s
Class cow      Iteration 120  27.28sample/s
Class cow acc = 0.7737
Evaluating class diningtable: 10/20
Class diningtable Iteration 40   28.07sample/s
Class diningtable Iteration 80   27.80sample/s
Class diningtable Iteration 120  27.39sample/s
Class diningtable acc = 0.8754
Evaluating class dog: 11/20
Class dog      Iteration 40   26.40sample/s
Class dog      Iteration 80   25.81sample/s
Class dog      Iteration 120  25.96sample/s
Class dog acc = 0.7876
Evaluating class horse: 12/20
Class horse    Iteration 40   24.20sample/s
Class horse    Iteration 80   26.22sample/s
Class horse    Iteration 120  27.76sample/s
Class horse acc = 0.7819
Evaluating class motorbike: 13/20
Class motorbike Iteration 40   25.12sample/s
Class motorbike Iteration 80   27.30sample/s
Class motorbike Iteration 120  27.11sample/s
Class motorbike acc = 0.8105
Evaluating class person: 14/20
Class person   Iteration 40   25.81sample/s
Class person   Iteration 80   27.64sample/s
Class person   Iteration 120  27.61sample/s
Class person acc = 0.6335
Evaluating class pottedplant: 15/20
Class pottedplant Iteration 40   24.67sample/s
Class pottedplant Iteration 80   26.97sample/s
Class pottedplant Iteration 120  25.61sample/s
Class pottedplant acc = 0.9879
Evaluating class sheep: 16/20
Class sheep    Iteration 40   18.95sample/s
Class sheep    Iteration 80   19.08sample/s
Class sheep    Iteration 120  21.71sample/s
Class sheep acc = 0.7589
Evaluating class sofa: 17/20
Class sofa     Iteration 40   22.15sample/s
Class sofa     Iteration 80   26.25sample/s
Class sofa     Iteration 120  26.51sample/s
Class sofa acc = 0.7233
Evaluating class train: 18/20
Class train    Iteration 40   17.03sample/s
Class train    Iteration 80   20.38sample/s
Class train    Iteration 120  20.48sample/s
Class train acc = 0.9752
Evaluating class tvmonitor: 19/20
Class tvmonitor Iteration 40   22.49sample/s
Class tvmonitor Iteration 80   24.80sample/s
Class tvmonitor Iteration 120  27.09sample/s
Class tvmonitor acc = 0.9656
Evaluation complete in 13m 9s
Matching accuracy
aeroplane = 0.5888
bicycle = 0.7674
bird = 0.7516
boat = 0.7646
bottle = 0.8801
bus = 0.9263
car = 0.8480
cat = 0.8139
chair = 0.5652
cow = 0.7737
diningtable = 0.8754
dog = 0.7876
horse = 0.7819
motorbike = 0.8105
person = 0.6335
pottedplant = 0.9879
sheep = 0.7589
sofa = 0.7233
train = 0.9752
tvmonitor = 0.9656
average = 0.7990
Epoch 2/6
----------
lr = 1.50e-06, 5.00e-05
Epoch 2/6: 100%|██████████| 2000/2000 [10:13<00:00,  3.26it/s, loss=1.3539, acc=0.8431]
epoch loss: 2.07640111027658, epoch accuracy: 0.8431496062992127
completed in 613.11s (10.22m)
Start evaluation...
Evaluating class aeroplane: 0/20
Class aeroplane Iteration 40   24.03sample/s
Class aeroplane Iteration 80   24.04sample/s
Class aeroplane Iteration 120  31.38sample/s
Class aeroplane acc = 0.6230
Evaluating class bicycle: 1/20
Class bicycle  Iteration 40   24.46sample/s
Class bicycle  Iteration 80   26.19sample/s
Class bicycle  Iteration 120  28.69sample/s
Class bicycle acc = 0.7963
Evaluating class bird: 2/20
Class bird     Iteration 40   21.75sample/s
Class bird     Iteration 80   23.39sample/s
Class bird     Iteration 120  25.66sample/s
Class bird acc = 0.7790
Evaluating class boat: 3/20
Class boat     Iteration 40   25.06sample/s
Class boat     Iteration 80   24.10sample/s
Class boat     Iteration 120  32.22sample/s
Class boat acc = 0.7696
Evaluating class bottle: 4/20
Class bottle   Iteration 40   26.14sample/s
Class bottle   Iteration 80   28.18sample/s
Class bottle   Iteration 120  30.06sample/s
Class bottle acc = 0.8861
Evaluating class bus: 5/20
Class bus      Iteration 40   27.96sample/s
Class bus      Iteration 80   29.00sample/s
Class bus      Iteration 120  28.18sample/s
Class bus acc = 0.9375
Evaluating class car: 6/20
Class car      Iteration 40   21.49sample/s
Class car      Iteration 80   25.08sample/s
Class car      Iteration 120  24.23sample/s
Class car acc = 0.8789
Evaluating class cat: 7/20
Class cat      Iteration 40   27.25sample/s
Class cat      Iteration 80   26.32sample/s
Class cat      Iteration 120  28.92sample/s
Class cat acc = 0.8278
Evaluating class chair: 8/20
Class chair    Iteration 40   31.30sample/s
Class chair    Iteration 80   27.64sample/s
Class chair    Iteration 120  28.12sample/s
Class chair acc = 0.6127
Evaluating class cow: 9/20
Class cow      Iteration 40   25.67sample/s
Class cow      Iteration 80   28.56sample/s
Class cow      Iteration 120  28.77sample/s
Class cow acc = 0.8100
Evaluating class diningtable: 10/20
Class diningtable Iteration 40   30.22sample/s
Class diningtable Iteration 80   28.57sample/s
Class diningtable Iteration 120  29.02sample/s
Class diningtable acc = 0.8966
Evaluating class dog: 11/20
Class dog      Iteration 40   28.06sample/s
Class dog      Iteration 80   26.83sample/s
Class dog      Iteration 120  27.31sample/s
Class dog acc = 0.8116
Evaluating class horse: 12/20
Class horse    Iteration 40   24.60sample/s
Class horse    Iteration 80   26.39sample/s
Class horse    Iteration 120  28.62sample/s
Class horse acc = 0.8054
Evaluating class motorbike: 13/20
Class motorbike Iteration 40   24.36sample/s
Class motorbike Iteration 80   26.19sample/s
Class motorbike Iteration 120  25.07sample/s
Class motorbike acc = 0.8288
Evaluating class person: 14/20
Class person   Iteration 40   24.72sample/s
Class person   Iteration 80   25.36sample/s
Class person   Iteration 120  26.08sample/s
Class person acc = 0.6675
Evaluating class pottedplant: 15/20
Class pottedplant Iteration 40   24.14sample/s
Class pottedplant Iteration 80   25.32sample/s
Class pottedplant Iteration 120  26.67sample/s
Class pottedplant acc = 0.9843
Evaluating class sheep: 16/20
Class sheep    Iteration 40   20.55sample/s
Class sheep    Iteration 80   20.12sample/s
Class sheep    Iteration 120  21.66sample/s
Class sheep acc = 0.7633
Evaluating class sofa: 17/20
Class sofa     Iteration 40   24.70sample/s
Class sofa     Iteration 80   25.23sample/s
Class sofa     Iteration 120  25.50sample/s
Class sofa acc = 0.7827
Evaluating class train: 18/20
Class train    Iteration 40   16.23sample/s
Class train    Iteration 80   19.44sample/s
Class train    Iteration 120  19.85sample/s
Class train acc = 0.9852
Evaluating class tvmonitor: 19/20
Class tvmonitor Iteration 40   21.30sample/s
Class tvmonitor Iteration 80   23.26sample/s
Class tvmonitor Iteration 120  26.37sample/s
Class tvmonitor acc = 0.9673
Evaluation complete in 13m 14s
Matching accuracy
aeroplane = 0.6230
bicycle = 0.7963
bird = 0.7790
boat = 0.7696
bottle = 0.8861
bus = 0.9375
car = 0.8789
cat = 0.8278
chair = 0.6127
cow = 0.8100
diningtable = 0.8966
dog = 0.8116
horse = 0.8054
motorbike = 0.8288
person = 0.6675
pottedplant = 0.9843
sheep = 0.7633
sofa = 0.7827
train = 0.9852
tvmonitor = 0.9673
average = 0.8207
Epoch 3/6
----------
lr = 1.50e-06, 5.00e-05
Epoch 3/6: 100%|██████████| 2000/2000 [10:34<00:00,  3.15it/s, loss=1.6280, acc=0.8621]
epoch loss: 1.9315798114016651, epoch accuracy: 0.8621476125839127
completed in 634.24s (10.57m)
Start evaluation...
Evaluating class aeroplane: 0/20
Class aeroplane Iteration 40   25.51sample/s
Class aeroplane Iteration 80   26.78sample/s
Class aeroplane Iteration 120  36.17sample/s
Class aeroplane acc = 0.6392
Evaluating class bicycle: 1/20
Class bicycle  Iteration 40   28.05sample/s
Class bicycle  Iteration 80   28.27sample/s
Class bicycle  Iteration 120  30.85sample/s
Class bicycle acc = 0.8010
Evaluating class bird: 2/20
Class bird     Iteration 40   23.22sample/s
Class bird     Iteration 80   26.03sample/s
Class bird     Iteration 120  28.16sample/s
Class bird acc = 0.7872
Evaluating class boat: 3/20
Class boat     Iteration 40   26.07sample/s
Class boat     Iteration 80   24.85sample/s
Class boat     Iteration 120  32.86sample/s
Class boat acc = 0.7758
Evaluating class bottle: 4/20
Class bottle   Iteration 40   27.42sample/s
Class bottle   Iteration 80   28.77sample/s
Class bottle   Iteration 120  29.25sample/s
Class bottle acc = 0.8918
Evaluating class bus: 5/20
Class bus      Iteration 40   27.10sample/s
Class bus      Iteration 80   29.10sample/s
Class bus      Iteration 120  29.67sample/s
Class bus acc = 0.9332
Evaluating class car: 6/20
Class car      Iteration 40   22.35sample/s
Class car      Iteration 80   24.38sample/s
Class car      Iteration 120  23.50sample/s
Class car acc = 0.8857
Evaluating class cat: 7/20
Class cat      Iteration 40   27.75sample/s
Class cat      Iteration 80   27.58sample/s
Class cat      Iteration 120  29.06sample/s
Class cat acc = 0.8376
Evaluating class chair: 8/20
Class chair    Iteration 40   31.73sample/s
Class chair    Iteration 80   43.33sample/s
Class chair    Iteration 120  44.88sample/s
Class chair acc = 0.6293
Evaluating class cow: 9/20
Class cow      Iteration 40   39.50sample/s
Class cow      Iteration 80   43.95sample/s
Class cow      Iteration 120  44.35sample/s
Class cow acc = 0.8101
Evaluating class diningtable: 10/20
Class diningtable Iteration 40   47.46sample/s
Class diningtable Iteration 80   40.06sample/s
Class diningtable Iteration 120  39.87sample/s
Class diningtable acc = 0.8951
Evaluating class dog: 11/20
Class dog      Iteration 40   38.56sample/s
Class dog      Iteration 80   34.55sample/s
Class dog      Iteration 120  35.21sample/s
Class dog acc = 0.8147
Evaluating class horse: 12/20
Class horse    Iteration 40   33.73sample/s
Class horse    Iteration 80   34.31sample/s
Class horse    Iteration 120  39.37sample/s
Class horse acc = 0.8092
Evaluating class motorbike: 13/20
Class motorbike Iteration 40   33.85sample/s
Class motorbike Iteration 80   35.54sample/s
Class motorbike Iteration 120  37.59sample/s
Class motorbike acc = 0.8372
Evaluating class person: 14/20
Class person   Iteration 40   39.56sample/s
Class person   Iteration 80   41.17sample/s
Class person   Iteration 120  38.03sample/s
Class person acc = 0.6823
Evaluating class pottedplant: 15/20
Class pottedplant Iteration 40   40.29sample/s
Class pottedplant Iteration 80   40.66sample/s
Class pottedplant Iteration 120  45.72sample/s
Class pottedplant acc = 0.9835
Evaluating class sheep: 16/20
Class sheep    Iteration 40   38.14sample/s
Class sheep    Iteration 80   36.61sample/s
Class sheep    Iteration 120  44.04sample/s
Class sheep acc = 0.7733
Evaluating class sofa: 17/20
Class sofa     Iteration 40   50.15sample/s
Class sofa     Iteration 80   49.35sample/s
Class sofa     Iteration 120  51.77sample/s
Class sofa acc = 0.7928
Evaluating class train: 18/20
Class train    Iteration 40   32.51sample/s
Class train    Iteration 80   36.79sample/s
Class train    Iteration 120  40.40sample/s
Class train acc = 0.9852
Evaluating class tvmonitor: 19/20
Class tvmonitor Iteration 40   47.43sample/s
Class tvmonitor Iteration 80   44.50sample/s
Class tvmonitor Iteration 120  49.55sample/s
Class tvmonitor acc = 0.9572
Evaluation complete in 9m 54s
Matching accuracy
aeroplane = 0.6392
bicycle = 0.8010
bird = 0.7872
boat = 0.7758
bottle = 0.8918
bus = 0.9332
car = 0.8857
cat = 0.8376
chair = 0.6293
cow = 0.8101
diningtable = 0.8951
dog = 0.8147
horse = 0.8092
motorbike = 0.8372
person = 0.6823
pottedplant = 0.9835
sheep = 0.7733
sofa = 0.7928
train = 0.9852
tvmonitor = 0.9572
average = 0.8261
Epoch 4/6
----------
lr = 1.50e-06, 5.00e-05
Epoch 4/6: 100%|██████████| 2000/2000 [07:25<00:00,  4.49it/s, loss=2.3572, acc=0.8805]
epoch loss: 1.8280462412685157, epoch accuracy: 0.8804828637276039
completed in 445.09s (7.42m)
Start evaluation...
Evaluating class aeroplane: 0/20
Class aeroplane Iteration 40   39.51sample/s
Class aeroplane Iteration 80   45.21sample/s
Class aeroplane Iteration 120  45.58sample/s
Class aeroplane acc = 0.6471
Evaluating class bicycle: 1/20
Class bicycle  Iteration 40   40.86sample/s
Class bicycle  Iteration 80   45.58sample/s
Class bicycle  Iteration 120  42.11sample/s
Class bicycle acc = 0.8084
Evaluating class bird: 2/20
Class bird     Iteration 40   36.75sample/s
Class bird     Iteration 80   48.16sample/s
Class bird     Iteration 120  41.19sample/s
Class bird acc = 0.7817
Evaluating class boat: 3/20
Class boat     Iteration 40   43.12sample/s
Class boat     Iteration 80   46.49sample/s
Class boat     Iteration 120  46.07sample/s
Class boat acc = 0.7812
Evaluating class bottle: 4/20
Class bottle   Iteration 40   44.20sample/s
Class bottle   Iteration 80   51.62sample/s
Class bottle   Iteration 120  47.32sample/s
Class bottle acc = 0.8855
Evaluating class bus: 5/20
Class bus      Iteration 40   44.53sample/s
Class bus      Iteration 80   53.79sample/s
Class bus      Iteration 120  48.41sample/s
Class bus acc = 0.9414
Evaluating class car: 6/20
Class car      Iteration 40   40.09sample/s
Class car      Iteration 80   43.90sample/s
Class car      Iteration 120  38.60sample/s
Class car acc = 0.8901
Evaluating class cat: 7/20
Class cat      Iteration 40   42.83sample/s
Class cat      Iteration 80   53.67sample/s
Class cat      Iteration 120  50.06sample/s
Class cat acc = 0.8329
Evaluating class chair: 8/20
Class chair    Iteration 40   46.88sample/s
Class chair    Iteration 80   51.85sample/s
Class chair    Iteration 120  49.68sample/s
Class chair acc = 0.6325
Evaluating class cow: 9/20
Class cow      Iteration 40   45.10sample/s
Class cow      Iteration 80   48.12sample/s
Class cow      Iteration 120  50.98sample/s
Class cow acc = 0.8154
Evaluating class diningtable: 10/20
Class diningtable Iteration 40   42.74sample/s
Class diningtable Iteration 80   46.53sample/s
Class diningtable Iteration 120  59.91sample/s
Class diningtable acc = 0.8946
Evaluating class dog: 11/20
Class dog      Iteration 40   49.91sample/s
Class dog      Iteration 80   51.72sample/s
Class dog      Iteration 120  55.75sample/s
Class dog acc = 0.8139
Evaluating class horse: 12/20
Class horse    Iteration 40   51.59sample/s
Class horse    Iteration 80   52.24sample/s
Class horse    Iteration 120  55.85sample/s
Class horse acc = 0.8164
Evaluating class motorbike: 13/20
Class motorbike Iteration 40   56.63sample/s
Class motorbike Iteration 80   53.23sample/s
Class motorbike Iteration 120  52.60sample/s
Class motorbike acc = 0.8380
Evaluating class person: 14/20
Class person   Iteration 40   56.89sample/s
Class person   Iteration 80   57.15sample/s
Class person   Iteration 120  53.98sample/s
Class person acc = 0.6867
Evaluating class pottedplant: 15/20
Class pottedplant Iteration 40   56.42sample/s
Class pottedplant Iteration 80   58.22sample/s
Class pottedplant Iteration 120  56.63sample/s
Class pottedplant acc = 0.9875
Evaluating class sheep: 16/20
Class sheep    Iteration 40   40.45sample/s
Class sheep    Iteration 80   40.07sample/s
Class sheep    Iteration 120  45.69sample/s
Class sheep acc = 0.7669
Evaluating class sofa: 17/20
Class sofa     Iteration 40   55.37sample/s
Class sofa     Iteration 80   52.07sample/s
Class sofa     Iteration 120  49.99sample/s
Class sofa acc = 0.7830
Evaluating class train: 18/20
Class train    Iteration 40   36.67sample/s
Class train    Iteration 80   38.30sample/s
Class train    Iteration 120  31.28sample/s
Class train acc = 0.9826
Evaluating class tvmonitor: 19/20
Class tvmonitor Iteration 40   54.19sample/s
Class tvmonitor Iteration 80   51.46sample/s
Class tvmonitor Iteration 120  60.04sample/s
Class tvmonitor acc = 0.9626
Evaluation complete in 7m 2s
Matching accuracy
aeroplane = 0.6471
bicycle = 0.8084
bird = 0.7817
boat = 0.7812
bottle = 0.8855
bus = 0.9414
car = 0.8901
cat = 0.8329
chair = 0.6325
cow = 0.8154
diningtable = 0.8946
dog = 0.8139
horse = 0.8164
motorbike = 0.8380
person = 0.6867
pottedplant = 0.9875
sheep = 0.7669
sofa = 0.7830
train = 0.9826
tvmonitor = 0.9626
average = 0.8274
Epoch 5/6
----------
lr = 1.50e-07, 5.00e-06
Epoch 5/6: 100%|██████████| 2000/2000 [07:28<00:00,  4.46it/s, loss=1.3800, acc=0.8891]
epoch loss: 1.7682853286862374, epoch accuracy: 0.8890626454435446
completed in 448.92s (7.48m)
Start evaluation...
Evaluating class aeroplane: 0/20
Class aeroplane Iteration 40   46.57sample/s
Class aeroplane Iteration 80   43.43sample/s
Class aeroplane Iteration 120  48.20sample/s
Class aeroplane acc = 0.6489
Evaluating class bicycle: 1/20
Class bicycle  Iteration 40   49.80sample/s
Class bicycle  Iteration 80   47.68sample/s
Class bicycle  Iteration 120  47.76sample/s
Class bicycle acc = 0.8082
Evaluating class bird: 2/20
Class bird     Iteration 40   44.32sample/s
Class bird     Iteration 80   41.65sample/s
Class bird     Iteration 120  39.97sample/s
Class bird acc = 0.7805
Evaluating class boat: 3/20
Class boat     Iteration 40   46.08sample/s
Class boat     Iteration 80   42.63sample/s
Class boat     Iteration 120  49.24sample/s
Class boat acc = 0.7786
Evaluating class bottle: 4/20
Class bottle   Iteration 40   47.46sample/s
Class bottle   Iteration 80   47.25sample/s
Class bottle   Iteration 120  47.19sample/s
Class bottle acc = 0.8846
Evaluating class bus: 5/20
Class bus      Iteration 40   42.34sample/s
Class bus      Iteration 80   45.48sample/s
Class bus      Iteration 120  47.06sample/s
Class bus acc = 0.9402
Evaluating class car: 6/20
Class car      Iteration 40   36.61sample/s
Class car      Iteration 80   42.79sample/s
Class car      Iteration 120  40.82sample/s
Class car acc = 0.8919
Evaluating class cat: 7/20
Class cat      Iteration 40   50.66sample/s
Class cat      Iteration 80   47.45sample/s
Class cat      Iteration 120  48.91sample/s
Class cat acc = 0.8362
Evaluating class chair: 8/20
Class chair    Iteration 40   48.98sample/s
Class chair    Iteration 80   47.32sample/s
Class chair    Iteration 120  49.48sample/s
Class chair acc = 0.6395
Evaluating class cow: 9/20
Class cow      Iteration 40   46.35sample/s
Class cow      Iteration 80   50.75sample/s
Class cow      Iteration 120  47.93sample/s
Class cow acc = 0.8213
Evaluating class diningtable: 10/20
Class diningtable Iteration 40   47.14sample/s
Class diningtable Iteration 80   95.09sample/s
Class diningtable Iteration 120  100.40sample/s
Class diningtable acc = 0.8946
Evaluating class dog: 11/20
Class dog      Iteration 40   84.49sample/s
Class dog      Iteration 80   87.24sample/s
Class dog      Iteration 120  95.10sample/s
Class dog acc = 0.8209
Evaluating class horse: 12/20
Class horse    Iteration 40   80.18sample/s
Class horse    Iteration 80   90.78sample/s
Class horse    Iteration 120  96.81sample/s
Class horse acc = 0.8160
Evaluating class motorbike: 13/20
Class motorbike Iteration 40   85.41sample/s
Class motorbike Iteration 80   92.88sample/s
Class motorbike Iteration 120  100.98sample/s
Class motorbike acc = 0.8394
Evaluating class person: 14/20
Class person   Iteration 40   90.75sample/s
Class person   Iteration 80   97.74sample/s
Class person   Iteration 120  101.93sample/s
Class person acc = 0.6874
Evaluating class pottedplant: 15/20
Class pottedplant Iteration 40   87.96sample/s
Class pottedplant Iteration 80   94.37sample/s
Class pottedplant Iteration 120  101.77sample/s
Class pottedplant acc = 0.9871
Evaluating class sheep: 16/20
Class sheep    Iteration 40   69.93sample/s
Class sheep    Iteration 80   75.23sample/s
Class sheep    Iteration 120  85.63sample/s
Class sheep acc = 0.7711
Evaluating class sofa: 17/20
Class sofa     Iteration 40   86.35sample/s
Class sofa     Iteration 80   98.91sample/s
Class sofa     Iteration 120  104.49sample/s
Class sofa acc = 0.7804
Evaluating class train: 18/20
Class train    Iteration 40   62.31sample/s
Class train    Iteration 80   74.90sample/s
Class train    Iteration 120  83.45sample/s
Class train acc = 0.9859
Evaluating class tvmonitor: 19/20
Class tvmonitor Iteration 40   80.22sample/s
Class tvmonitor Iteration 80   89.37sample/s
Class tvmonitor Iteration 120  98.50sample/s
Class tvmonitor acc = 0.9635
Evaluation complete in 5m 33s
Matching accuracy
aeroplane = 0.6489
bicycle = 0.8082
bird = 0.7805
boat = 0.7786
bottle = 0.8846
bus = 0.9402
car = 0.8919
cat = 0.8362
chair = 0.6395
cow = 0.8213
diningtable = 0.8946
dog = 0.8209
horse = 0.8160
motorbike = 0.8394
person = 0.6874
pottedplant = 0.9871
sheep = 0.7711
sofa = 0.7804
train = 0.9859
tvmonitor = 0.9635
average = 0.8288
Epoch 6/6
----------
lr = 1.50e-07, 5.00e-06
Epoch 6/6: 100%|██████████| 2000/2000 [07:24<00:00,  4.50it/s, loss=2.1492, acc=0.8894]
epoch loss: 1.7760660766512155, epoch accuracy: 0.889385609300087
completed in 444.33s (7.41m)
Start evaluation...
Evaluating class aeroplane: 0/20
Class aeroplane Iteration 40   90.61sample/s
Class aeroplane Iteration 80   94.34sample/s
Class aeroplane Iteration 120  109.74sample/s
Class aeroplane acc = 0.6525
Evaluating class bicycle: 1/20
Class bicycle  Iteration 40   91.81sample/s
Class bicycle  Iteration 80   105.58sample/s
Class bicycle  Iteration 120  102.04sample/s
Class bicycle acc = 0.8113
Evaluating class bird: 2/20
Class bird     Iteration 40   76.16sample/s
Class bird     Iteration 80   90.38sample/s
Class bird     Iteration 120  97.15sample/s
Class bird acc = 0.7848
Evaluating class boat: 3/20
Class boat     Iteration 40   91.05sample/s
Class boat     Iteration 80   93.64sample/s
Class boat     Iteration 120  108.32sample/s
Class boat acc = 0.7808
Evaluating class bottle: 4/20
Class bottle   Iteration 40   90.75sample/s
Class bottle   Iteration 80   103.23sample/s
Class bottle   Iteration 120  105.30sample/s
Class bottle acc = 0.8864
Evaluating class bus: 5/20
Class bus      Iteration 40   87.52sample/s
Class bus      Iteration 80   104.90sample/s
Class bus      Iteration 120  98.43sample/s
Class bus acc = 0.9409
Evaluating class car: 6/20
Class car      Iteration 40   74.06sample/s
Class car      Iteration 80   87.68sample/s
Class car      Iteration 120  85.35sample/s
Class car acc = 0.8933
Evaluating class cat: 7/20
Class cat      Iteration 40   86.61sample/s
Class cat      Iteration 80   96.48sample/s
Class cat      Iteration 120  100.81sample/s
Class cat acc = 0.8360
Evaluating class chair: 8/20
Class chair    Iteration 40   90.24sample/s
Class chair    Iteration 80   102.24sample/s
Class chair    Iteration 120  100.86sample/s
Class chair acc = 0.6429
Evaluating class cow: 9/20
Class cow      Iteration 40   89.15sample/s
Class cow      Iteration 80   98.14sample/s
Class cow      Iteration 120  98.86sample/s
Class cow acc = 0.8232
Evaluating class diningtable: 10/20
Class diningtable Iteration 40   93.34sample/s
Class diningtable Iteration 80   106.76sample/s
Class diningtable Iteration 120  104.25sample/s
Class diningtable acc = 0.8946
Evaluating class dog: 11/20
Class dog      Iteration 40   89.49sample/s
Class dog      Iteration 80   93.76sample/s
Class dog      Iteration 120  96.60sample/s
Class dog acc = 0.8245
Evaluating class horse: 12/20
Class horse    Iteration 40   81.93sample/s
Class horse    Iteration 80   91.21sample/s
Class horse    Iteration 120  101.95sample/s
Class horse acc = 0.8162
Evaluating class motorbike: 13/20
Class motorbike Iteration 40   88.87sample/s
Class motorbike Iteration 80   91.48sample/s
Class motorbike Iteration 120  102.05sample/s
Class motorbike acc = 0.8416
Evaluating class person: 14/20
Class person   Iteration 40   92.87sample/s
Class person   Iteration 80   100.19sample/s
Class person   Iteration 120  104.08sample/s
Class person acc = 0.6901
Evaluating class pottedplant: 15/20
Class pottedplant Iteration 40   92.20sample/s
Class pottedplant Iteration 80   102.85sample/s
Class pottedplant Iteration 120  101.38sample/s
Class pottedplant acc = 0.9873
Evaluating class sheep: 16/20
Class sheep    Iteration 40   72.20sample/s
Class sheep    Iteration 80   77.92sample/s
Class sheep    Iteration 120  91.14sample/s
Class sheep acc = 0.7728
Evaluating class sofa: 17/20
Class sofa     Iteration 40   88.89sample/s
Class sofa     Iteration 80   105.77sample/s
Class sofa     Iteration 120  102.70sample/s
Class sofa acc = 0.7820
Evaluating class train: 18/20
Class train    Iteration 40   64.42sample/s
Class train    Iteration 80   78.88sample/s
Class train    Iteration 120  84.15sample/s
Class train acc = 0.9832
Evaluating class tvmonitor: 19/20
Class tvmonitor Iteration 40   87.39sample/s
Class tvmonitor Iteration 80   94.84sample/s
Class tvmonitor Iteration 120  96.55sample/s
Class tvmonitor acc = 0.9645
Evaluation complete in 3m 32s
Matching accuracy
aeroplane = 0.6525
bicycle = 0.8113
bird = 0.7848
boat = 0.7808
bottle = 0.8864
bus = 0.9409
car = 0.8933
cat = 0.8360
chair = 0.6429
cow = 0.8232
diningtable = 0.8946
dog = 0.8245
horse = 0.8162
motorbike = 0.8416
person = 0.6901
pottedplant = 0.9873
sheep = 0.7728
sofa = 0.7820
train = 0.9832
tvmonitor = 0.9645
average = 0.8304
[1;34mwandb[0m: 
[1;34mwandb[0m: You can sync this run to the cloud by running:
[1;34mwandb[0m: [1mwandb sync /scratch/hpc-prf-llmrout/hpcabpo/nmt/wandb/wandb/offline-run-20260923_064833-dw2cr791[0m
[1;34mwandb[0m: Find logs at: [1;35m../../../../../../scratch/hpc-prf-llmrout/hpcabpo/nmt/wandb/wandb/offline-run-20260923_064833-dw2cr791/logs[0m
