CPU_SET_HEX_STR_SIZE: 257, Size of mstr: 257
cpu-bind=MASK - gpu1014, task  0  0 [3555827]: mask |-----BBB|--------|--------|----BBBB|--------|--------|BBBBB---|--------|--------|BBBB----|--------|--------||||--------|--------|--------|--------|--------|--------|--------|--------|--------|--------|--------|--------| set
job=3378362 node=gpu1014 gpu=NVIDIA H100 config=/scratch/hpc-prf-llmrout/hpcabpo/nmt/runs/configs/voc_rational_seed4.json wandb=offline
dataset=PascalVOC backbone=vgg16 image_size=256 conv=rational model_dir=/scratch/hpc-prf-llmrout/hpcabpo/nmt/runs/voc_vgg16/rational_seed4
{
    "BACKBONE": "vgg16",
    "BACKBONE_DIR": "/scratch/hpc-prf-llmrout/hpcabpo/nmt/checkpoints",
    "BATCH_SIZE": 8,
    "CACHE_PATH": "/scratch/hpc-prf-llmrout/hpcabpo/nmt/cache/voc_db",
    "DATASET_NAME": "PascalVOC",
    "EVAL": {
        "SAMPLES": 1000,
        "difficulty_params": {},
        "num_graphs_in_matching_instance": 2
    },
    "IMAGE_SIZE": 256,
    "Matching_TF": {
        "activation": "relu",
        "batch_norm": true,
        "d_model": 648,
        "nGPT_mlp_hidden_mult": 6,
        "n_decoder": 4,
        "n_encoder": 4,
        "n_head": 12,
        "n_lap_EigVec": 8,
        "pos_encoding": false
    },
    "NORM_MEANS": [
        0.485,
        0.456,
        0.406
    ],
    "NORM_STD": [
        0.229,
        0.224,
        0.225
    ],
    "RANDOM_SEED": 4,
    "SPLINE_CNN": {
        "aggr": "max",
        "conv": "rational",
        "degrees": [
            5,
            4
        ],
        "dim": 2,
        "init": "spline",
        "init_noise": 0.001,
        "input_features": 1024,
        "kernel_size": 5,
        "num_bases": 0,
        "output_features": 648,
        "poly": "chebyshev",
        "pyg_init": true,
        "rational_basis": "product",
        "safe": "B",
        "vp": false
    },
    "SPair": {
        "CLASSES": [
            "aeroplane",
            "bicycle",
            "bird",
            "boat",
            "boat",
            "bottle",
            "bus",
            "car",
            "cat",
            "chair",
            "cow",
            "dog",
            "horse",
            "motorbike",
            "person",
            "pottedplant",
            "sheep",
            "train",
            "tvmonitor"
        ],
        "ROOT_DIR": "./data/downloaded/SPair-71k",
        "size": "large"
    },
    "STATISTIC_STEP": 1,
    "TRACK_GRAD_NORM": false,
    "TRAIN": {
        "EPOCH_ITERS": 2000,
        "LR": 0.0005,
        "_comment_epochs": "Identical budget to the SPair-71k sweep so the two NMT columns are comparable: lr_schedule long_halving5 defines 12 epochs, max_epochs stops after 7, and both LR drops (epochs 2 and 5) still happen.",
        "clip_norm": 0,
        "cutmix_beta": 1.0,
        "cutmix_prob": 0.3,
        "difficulty_params": {},
        "layer_loss_param": 0.3,
        "lr_schedule": "long_halving5",
        "max_epochs": 7,
        "mixup_alpha": 0.8,
        "mixup_prob": 0.3,
        "num_graphs_in_matching_instance": 2,
        "random_erasing_prob": 0.3,
        "temperature": 0.1,
        "weight_decay": 0
    },
    "USE_SYNTHETIC": false,
    "VOC2011": {
        "CLASSES": [
            "aeroplane",
            "bicycle",
            "bird",
            "boat",
            "bottle",
            "bus",
            "car",
            "cat",
            "chair",
            "cow",
            "diningtable",
            "dog",
            "horse",
            "motorbike",
            "person",
            "pottedplant",
            "sheep",
            "sofa",
            "train",
            "tvmonitor"
        ],
        "KPT_ANNO_DIR": "/pc2/groups/hpc-prf-llmrout/hpcabpo/rational-basis-cnn/data/PascalVOC/raw/annotations/",
        "ROOT_DIR": "/pc2/groups/hpc-prf-llmrout/hpcabpo/rational-basis-cnn/data/PascalVOC/raw/images/",
        "SET_SPLIT": "/pc2/groups/hpc-prf-llmrout/hpcabpo/rational-basis-cnn/data/PascalVOC/raw/splits.npz"
    },
    "WILLOW": {
        "CLASSES": [
            "Car",
            "Duck",
            "Face",
            "Motorbike",
            "Winebottle"
        ],
        "KPT_LEN": 10,
        "ROOT_DIR": "./data/downloaded/WILLOW/WILLOW-ObjectClass",
        "TRAIN_NUM": 20,
        "TRAIN_OFFSET": 0
    },
    "_comment_batch_size": "BATCH_SIZE is deliberately NOT overridden here. voc_basic.json sets 8, which is NMT's own PascalVOC recipe; the claim being tested is that only the SplineConv layer changes, so the host recipe is left alone. spair_vgg16.json sets 5 because no author-provided SPair recipe existed.",
    "_comment_cache": "data/pascal_voc.py writes a filtered-xml pickle to cfg.CACHE_PATH. The default 'data/cache' is repo-relative, i.e. inside the 50 GB HOME quota, and group storage is read-only inside jobs, so it is redirected to scratch.",
    "_comment_paths": "ROOT_DIR must end in a slash: data/pascal_voc.py builds the image and annotation directories by string concatenation (cfg.VOC2011.ROOT_DIR + 'JPEGImages'). SET_SPLIT points at the split shipped with the shared PascalVOC tree; see NMT_VOC_ROOT in hpc/env.sh for why voc2011_pairs.npz is not required.",
    "_generated_by": "slurm/make_config.py rational 4 (voc)",
    "combine_classes": false,
    "default_json": "experiments/voc_basic.json",
    "eval_sampling": "intersection",
    "evaluate_only": false,
    "exclude_willow_classes": false,
    "keep_last_checkpoint_only": true,
    "log_dir": "runs/",
    "model_dir": "/scratch/hpc-prf-llmrout/hpcabpo/nmt/runs/voc_vgg16/rational_seed4",
    "save_checkpoint": true,
    "train_sampling": "intersection",
    "visualization_params": {
        "produce_pdf": false,
        "reduced_vis": true
    },
    "visualize": false,
    "warmstart_path": null
}
wandb: Tracking run with wandb version 0.30.0
wandb: W&B syncing is set to `offline` in this directory. Run `wandb online` or set WANDB_MODE=online to enable cloud syncing.
wandb: Run data is saved locally in /scratch/hpc-prf-llmrout/hpcabpo/nmt/wandb/wandb/offline-run-20260923_033810-b7qvw0zm
wandb: View this run in the terminal with `wandb leet`
xml list loaded from /scratch/hpc-prf-llmrout/hpcabpo/nmt/cache/voc_db/voc_db_train.pkl
TRUE EPOCHS:  False
16000
Initializing train-set. Randomly sampling 16000 examples.
/pc2/groups/hpc-prf-llmrout/hpcabpo/nmt/conda/envs/nmt/lib/python3.12/site-packages/albumentations/core/composition.py:331: UserWarning: Got processor for keypoints, but no transform to process it.
  self._set_keys()
xml list loaded from /scratch/hpc-prf-llmrout/hpcabpo/nmt/cache/voc_db/voc_db_test.pkl
TRUE EPOCHS:  False
1000
Initializing test-set. Randomly sampling 1000 examples.
/pc2/groups/hpc-prf-llmrout/hpcabpo/nmt/conda/envs/nmt/lib/python3.12/site-packages/torchvision/models/_utils.py:208: UserWarning: The parameter 'pretrained' is deprecated since 0.13 and may be removed in the future, please use 'weights' instead.
  warnings.warn(
/pc2/groups/hpc-prf-llmrout/hpcabpo/nmt/conda/envs/nmt/lib/python3.12/site-packages/torchvision/models/_utils.py:223: UserWarning: Arguments other than a weight enum or `None` for 'weights' are deprecated since 0.13 and may be removed in the future. The current behavior is equivalent to passing `weights=VGG16_Weights.IMAGENET1K_V1`. You can also use `weights=VGG16_Weights.DEFAULT` to get the most up-to-date weights.
  warnings.warn(msg)
stopping after 7 epochs (cfg.TRAIN.max_epochs; schedule 'long_halving5' defines 12)
Start training...
NMT model on device: cuda:0
Epoch 0/6
----------
lr = 1.50e-05, 5.00e-04
Epoch 0/6:   0%|          | 0/2000 [00:00<?, ?it/s]/pc2/groups/hpc-prf-llmrout/hpcabpo/nmt/conda/envs/nmt/lib/python3.12/site-packages/torch_geometric/utils/_scatter.py:91: UserWarning: The usage of `scatter(reduce='max')` can be accelerated via the 'torch-scatter' package, but it was not found
  warnings.warn(
[rank0]:[W923 03:38:18.593996062 reducer.cpp:1528] Warning: find_unused_parameters=True was specified in DDP constructor, but did not find any unused parameters in the forward pass. This flag results in an extra traversal of the autograd graph every iteration,  which can adversely affect performance. If your model indeed never has any unused parameters in the forward pass, consider turning this flag off. Note that this warning may be a false positive if your model has flow control causing later iterations to have unused parameters. (function operator())
Epoch 0/6: 100%|██████████| 2000/2000 [12:25<00:00,  2.68it/s, loss=2.9695, acc=0.6841]
epoch loss: 3.272963328897953, epoch accuracy: 0.6840593451949356
completed in 745.42s (12.42m)
Start evaluation...
Evaluating class aeroplane: 0/20
Class aeroplane Iteration 40   68.39sample/s
Class aeroplane Iteration 80   62.90sample/s
Class aeroplane Iteration 120  71.69sample/s
Class aeroplane acc = 0.5138
Evaluating class bicycle: 1/20
Class bicycle  Iteration 40   64.91sample/s
Class bicycle  Iteration 80   65.99sample/s
Class bicycle  Iteration 120  70.58sample/s
Class bicycle acc = 0.7810
Evaluating class bird: 2/20
Class bird     Iteration 40   56.44sample/s
Class bird     Iteration 80   63.29sample/s
Class bird     Iteration 120  61.75sample/s
Class bird acc = 0.7177
Evaluating class boat: 3/20
Class boat     Iteration 40   59.66sample/s
Class boat     Iteration 80   61.73sample/s
Class boat     Iteration 120  70.23sample/s
Class boat acc = 0.7535
Evaluating class bottle: 4/20
Class bottle   Iteration 40   65.32sample/s
Class bottle   Iteration 80   68.86sample/s
Class bottle   Iteration 120  69.35sample/s
Class bottle acc = 0.8745
Evaluating class bus: 5/20
Class bus      Iteration 40   59.58sample/s
Class bus      Iteration 80   63.20sample/s
Class bus      Iteration 120  66.00sample/s
Class bus acc = 0.9015
Evaluating class car: 6/20
Class car      Iteration 40   51.81sample/s
Class car      Iteration 80   61.13sample/s
Class car      Iteration 120  50.86sample/s
Class car acc = 0.8333
Evaluating class cat: 7/20
Class cat      Iteration 40   55.53sample/s
Class cat      Iteration 80   59.87sample/s
Class cat      Iteration 120  62.22sample/s
Class cat acc = 0.7706
Evaluating class chair: 8/20
Class chair    Iteration 40   63.24sample/s
Class chair    Iteration 80   64.29sample/s
Class chair    Iteration 120  64.24sample/s
Class chair acc = 0.5167
Evaluating class cow: 9/20
Class cow      Iteration 40   52.69sample/s
Class cow      Iteration 80   62.05sample/s
Class cow      Iteration 120  65.77sample/s
Class cow acc = 0.7671
Evaluating class diningtable: 10/20
Class diningtable Iteration 40   61.16sample/s
Class diningtable Iteration 80   67.84sample/s
Class diningtable Iteration 120  62.82sample/s
Class diningtable acc = 0.7084
Evaluating class dog: 11/20
Class dog      Iteration 40   59.91sample/s
Class dog      Iteration 80   56.25sample/s
Class dog      Iteration 120  63.12sample/s
Class dog acc = 0.7466
Evaluating class horse: 12/20
Class horse    Iteration 40   59.14sample/s
Class horse    Iteration 80   61.01sample/s
Class horse    Iteration 120  59.06sample/s
Class horse acc = 0.7761
Evaluating class motorbike: 13/20
Class motorbike Iteration 40   51.09sample/s
Class motorbike Iteration 80   53.51sample/s
Class motorbike Iteration 120  52.26sample/s
Class motorbike acc = 0.7418
Evaluating class person: 14/20
Class person   Iteration 40   52.46sample/s
Class person   Iteration 80   50.67sample/s
Class person   Iteration 120  50.70sample/s
Class person acc = 0.5804
Evaluating class pottedplant: 15/20
Class pottedplant Iteration 40   55.04sample/s
Class pottedplant Iteration 80   48.45sample/s
Class pottedplant Iteration 120  44.92sample/s
Class pottedplant acc = 0.9581
Evaluating class sheep: 16/20
Class sheep    Iteration 40   33.74sample/s
Class sheep    Iteration 80   31.69sample/s
Class sheep    Iteration 120  35.25sample/s
Class sheep acc = 0.7344
Evaluating class sofa: 17/20
Class sofa     Iteration 40   45.90sample/s
Class sofa     Iteration 80   47.43sample/s
Class sofa     Iteration 120  46.67sample/s
Class sofa acc = 0.7024
Evaluating class train: 18/20
Class train    Iteration 40   28.87sample/s
Class train    Iteration 80   34.08sample/s
Class train    Iteration 120  38.07sample/s
Class train acc = 0.9687
Evaluating class tvmonitor: 19/20
Class tvmonitor Iteration 40   44.22sample/s
Class tvmonitor Iteration 80   43.73sample/s
Class tvmonitor Iteration 120  53.30sample/s
Class tvmonitor acc = 0.9627
Evaluation complete in 6m 10s
Matching accuracy
aeroplane = 0.5138
bicycle = 0.7810
bird = 0.7177
boat = 0.7535
bottle = 0.8745
bus = 0.9015
car = 0.8333
cat = 0.7706
chair = 0.5167
cow = 0.7671
diningtable = 0.7084
dog = 0.7466
horse = 0.7761
motorbike = 0.7418
person = 0.5804
pottedplant = 0.9581
sheep = 0.7344
sofa = 0.7024
train = 0.9687
tvmonitor = 0.9627
average = 0.7655
Epoch 1/6
----------
lr = 1.50e-05, 5.00e-04
Epoch 1/6: 100%|██████████| 2000/2000 [12:31<00:00,  2.66it/s, loss=2.0546, acc=0.7952]
epoch loss: 2.4244218111634255, epoch accuracy: 0.7952032595610705
completed in 751.75s (12.53m)
Start evaluation...
Evaluating class aeroplane: 0/20
Class aeroplane Iteration 40   31.86sample/s
Class aeroplane Iteration 80   34.93sample/s
Class aeroplane Iteration 120  36.73sample/s
Class aeroplane acc = 0.5829
Evaluating class bicycle: 1/20
Class bicycle  Iteration 40   32.01sample/s
Class bicycle  Iteration 80   32.80sample/s
Class bicycle  Iteration 120  27.70sample/s
Class bicycle acc = 0.7732
Evaluating class bird: 2/20
Class bird     Iteration 40   18.73sample/s
Class bird     Iteration 80   21.19sample/s
Class bird     Iteration 120  23.63sample/s
Class bird acc = 0.7627
Evaluating class boat: 3/20
Class boat     Iteration 40   33.67sample/s
Class boat     Iteration 80   43.62sample/s
Class boat     Iteration 120  45.61sample/s
Class boat acc = 0.7747
Evaluating class bottle: 4/20
Class bottle   Iteration 40   24.25sample/s
Class bottle   Iteration 80   24.94sample/s
Class bottle   Iteration 120  19.60sample/s
Class bottle acc = 0.8856
Evaluating class bus: 5/20
Class bus      Iteration 40   17.32sample/s
Class bus      Iteration 80   22.12sample/s
Class bus      Iteration 120  20.90sample/s
Class bus acc = 0.9214
Evaluating class car: 6/20
Class car      Iteration 40   14.04sample/s
Class car      Iteration 80   17.82sample/s
Class car      Iteration 120  14.65sample/s
Class car acc = 0.8717
Evaluating class cat: 7/20
Class cat      Iteration 40   17.76sample/s
Class cat      Iteration 80   20.85sample/s
Class cat      Iteration 120  22.06sample/s
Class cat acc = 0.7913
Evaluating class chair: 8/20
Class chair    Iteration 40   16.84sample/s
Class chair    Iteration 80   19.45sample/s
Class chair    Iteration 120  22.10sample/s
Class chair acc = 0.5740
Evaluating class cow: 9/20
Class cow      Iteration 40   15.29sample/s
Class cow      Iteration 80   18.43sample/s
Class cow      Iteration 120  19.47sample/s
Class cow acc = 0.7956
Evaluating class diningtable: 10/20
Class diningtable Iteration 40   15.27sample/s
Class diningtable Iteration 80   19.40sample/s
Class diningtable Iteration 120  22.23sample/s
Class diningtable acc = 0.7506
Evaluating class dog: 11/20
Class dog      Iteration 40   17.33sample/s
Class dog      Iteration 80   16.09sample/s
Class dog      Iteration 120  19.83sample/s
Class dog acc = 0.7782
Evaluating class horse: 12/20
Class horse    Iteration 40   18.51sample/s
Class horse    Iteration 80   21.05sample/s
Class horse    Iteration 120  24.46sample/s
Class horse acc = 0.8071
Evaluating class motorbike: 13/20
Class motorbike Iteration 40   23.12sample/s
Class motorbike Iteration 80   21.20sample/s
Class motorbike Iteration 120  24.09sample/s
Class motorbike acc = 0.7723
Evaluating class person: 14/20
Class person   Iteration 40   19.76sample/s
Class person   Iteration 80   20.09sample/s
Class person   Iteration 120  13.60sample/s
Class person acc = 0.6460
Evaluating class pottedplant: 15/20
Class pottedplant Iteration 40   13.99sample/s
Class pottedplant Iteration 80   12.15sample/s
Class pottedplant Iteration 120  11.83sample/s
Class pottedplant acc = 0.9805
Evaluating class sheep: 16/20
Class sheep    Iteration 40   16.17sample/s
Class sheep    Iteration 80   15.82sample/s
Class sheep    Iteration 120  17.05sample/s
Class sheep acc = 0.7541
Evaluating class sofa: 17/20
Class sofa     Iteration 40   22.04sample/s
Class sofa     Iteration 80   23.40sample/s
Class sofa     Iteration 120  21.87sample/s
Class sofa acc = 0.7611
Evaluating class train: 18/20
Class train    Iteration 40   16.45sample/s
Class train    Iteration 80   21.96sample/s
Class train    Iteration 120  17.95sample/s
Class train acc = 0.9731
Evaluating class tvmonitor: 19/20
Class tvmonitor Iteration 40   23.18sample/s
Class tvmonitor Iteration 80   25.29sample/s
Class tvmonitor Iteration 120  32.02sample/s
Class tvmonitor acc = 0.9616
Evaluation complete in 16m 40s
Matching accuracy
aeroplane = 0.5829
bicycle = 0.7732
bird = 0.7627
boat = 0.7747
bottle = 0.8856
bus = 0.9214
car = 0.8717
cat = 0.7913
chair = 0.5740
cow = 0.7956
diningtable = 0.7506
dog = 0.7782
horse = 0.8071
motorbike = 0.7723
person = 0.6460
pottedplant = 0.9805
sheep = 0.7541
sofa = 0.7611
train = 0.9731
tvmonitor = 0.9616
average = 0.7959
Epoch 2/6
----------
lr = 1.50e-06, 5.00e-05
Epoch 2/6: 100%|██████████| 2000/2000 [13:36<00:00,  2.45it/s, loss=1.3356, acc=0.8473]
epoch loss: 2.053571629434824, epoch accuracy: 0.8472915082617807
completed in 816.18s (13.60m)
Start evaluation...
Evaluating class aeroplane: 0/20
Class aeroplane Iteration 40   13.27sample/s
Class aeroplane Iteration 80   12.04sample/s
Class aeroplane Iteration 120  14.34sample/s
Class aeroplane acc = 0.6220
Evaluating class bicycle: 1/20
Class bicycle  Iteration 40   17.36sample/s
Class bicycle  Iteration 80   15.50sample/s
Class bicycle  Iteration 120  17.31sample/s
Class bicycle acc = 0.7883
Evaluating class bird: 2/20
Class bird     Iteration 40   16.78sample/s
Class bird     Iteration 80   20.56sample/s
Class bird     Iteration 120  22.98sample/s
Class bird acc = 0.7835
Evaluating class boat: 3/20
Class boat     Iteration 40   31.17sample/s
Class boat     Iteration 80   61.40sample/s
Class boat     Iteration 120  36.62sample/s
Class boat acc = 0.7883
Evaluating class bottle: 4/20
Class bottle   Iteration 40   33.23sample/s
Class bottle   Iteration 80   39.92sample/s
Class bottle   Iteration 120  34.08sample/s
Class bottle acc = 0.8999
Evaluating class bus: 5/20
Class bus      Iteration 40   31.09sample/s
Class bus      Iteration 80   36.45sample/s
Class bus      Iteration 120  36.56sample/s
Class bus acc = 0.9428
Evaluating class car: 6/20
Class car      Iteration 40   24.69sample/s
Class car      Iteration 80   31.72sample/s
Class car      Iteration 120  27.46sample/s
Class car acc = 0.9004
Evaluating class cat: 7/20
Class cat      Iteration 40   35.66sample/s
Class cat      Iteration 80   33.69sample/s
Class cat      Iteration 120  31.54sample/s
Class cat acc = 0.8280
Evaluating class chair: 8/20
Class chair    Iteration 40   30.25sample/s
Class chair    Iteration 80   32.79sample/s
Class chair    Iteration 120  33.81sample/s
Class chair acc = 0.6268
Evaluating class cow: 9/20
Class cow      Iteration 40   37.92sample/s
Class cow      Iteration 80   35.07sample/s
Class cow      Iteration 120  32.86sample/s
Class cow acc = 0.8075
Evaluating class diningtable: 10/20
Class diningtable Iteration 40   37.47sample/s
Class diningtable Iteration 80   35.97sample/s
Class diningtable Iteration 120  43.05sample/s
Class diningtable acc = 0.9249
Evaluating class dog: 11/20
Class dog      Iteration 40   37.47sample/s
Class dog      Iteration 80   39.51sample/s
Class dog      Iteration 120  38.54sample/s
Class dog acc = 0.8055
Evaluating class horse: 12/20
Class horse    Iteration 40   36.27sample/s
Class horse    Iteration 80   33.63sample/s
Class horse    Iteration 120  40.76sample/s
Class horse acc = 0.8233
Evaluating class motorbike: 13/20
Class motorbike Iteration 40   40.28sample/s
Class motorbike Iteration 80   40.58sample/s
Class motorbike Iteration 120  43.73sample/s
Class motorbike acc = 0.7909
Evaluating class person: 14/20
Class person   Iteration 40   42.64sample/s
Class person   Iteration 80   42.01sample/s
Class person   Iteration 120  35.71sample/s
Class person acc = 0.6766
Evaluating class pottedplant: 15/20
Class pottedplant Iteration 40   37.36sample/s
Class pottedplant Iteration 80   35.72sample/s
Class pottedplant Iteration 120  37.87sample/s
Class pottedplant acc = 0.9823
Evaluating class sheep: 16/20
Class sheep    Iteration 40   35.12sample/s
Class sheep    Iteration 80   34.84sample/s
Class sheep    Iteration 120  40.89sample/s
Class sheep acc = 0.7707
Evaluating class sofa: 17/20
Class sofa     Iteration 40   57.05sample/s
Class sofa     Iteration 80   58.66sample/s
Class sofa     Iteration 120  59.83sample/s
Class sofa acc = 0.8191
Evaluating class train: 18/20
Class train    Iteration 40   40.23sample/s
Class train    Iteration 80   46.72sample/s
Class train    Iteration 120  48.89sample/s
Class train acc = 0.9771
Evaluating class tvmonitor: 19/20
Class tvmonitor Iteration 40   41.16sample/s
Class tvmonitor Iteration 80   34.97sample/s
Class tvmonitor Iteration 120  50.17sample/s
Class tvmonitor acc = 0.9594
Evaluation complete in 10m 41s
Matching accuracy
aeroplane = 0.6220
bicycle = 0.7883
bird = 0.7835
boat = 0.7883
bottle = 0.8999
bus = 0.9428
car = 0.9004
cat = 0.8280
chair = 0.6268
cow = 0.8075
diningtable = 0.9249
dog = 0.8055
horse = 0.8233
motorbike = 0.7909
person = 0.6766
pottedplant = 0.9823
sheep = 0.7707
sofa = 0.8191
train = 0.9771
tvmonitor = 0.9594
average = 0.8259
Epoch 3/6
----------
lr = 1.50e-06, 5.00e-05
Epoch 3/6: 100%|██████████| 2000/2000 [12:27<00:00,  2.68it/s, loss=1.6056, acc=0.8679]
epoch loss: 1.9181422201171516, epoch accuracy: 0.8679122027697935
completed in 747.10s (12.45m)
Start evaluation...
Evaluating class aeroplane: 0/20
Class aeroplane Iteration 40   36.36sample/s
Class aeroplane Iteration 80   25.15sample/s
Class aeroplane Iteration 120  33.00sample/s
Class aeroplane acc = 0.6309
Evaluating class bicycle: 1/20
Class bicycle  Iteration 40   29.97sample/s
Class bicycle  Iteration 80   36.09sample/s
Class bicycle  Iteration 120  32.54sample/s
Class bicycle acc = 0.7927
Evaluating class bird: 2/20
Class bird     Iteration 40   34.09sample/s
Class bird     Iteration 80   30.10sample/s
Class bird     Iteration 120  31.49sample/s
Class bird acc = 0.7850
Evaluating class boat: 3/20
Class boat     Iteration 40   44.22sample/s
Class boat     Iteration 80   38.79sample/s
Class boat     Iteration 120  37.16sample/s
Class boat acc = 0.7904
Evaluating class bottle: 4/20
Class bottle   Iteration 40   45.25sample/s
Class bottle   Iteration 80   43.20sample/s
Class bottle   Iteration 120  39.09sample/s
Class bottle acc = 0.9010
Evaluating class bus: 5/20
Class bus      Iteration 40   41.31sample/s
Class bus      Iteration 80   33.40sample/s
Class bus      Iteration 120  40.01sample/s
Class bus acc = 0.9489
Evaluating class car: 6/20
Class car      Iteration 40   34.60sample/s
Class car      Iteration 80   36.45sample/s
Class car      Iteration 120  38.18sample/s
Class car acc = 0.9020
Evaluating class cat: 7/20
Class cat      Iteration 40   49.24sample/s
Class cat      Iteration 80   38.31sample/s
Class cat      Iteration 120  47.79sample/s
Class cat acc = 0.8370
Evaluating class chair: 8/20
Class chair    Iteration 40   50.13sample/s
Class chair    Iteration 80   43.04sample/s
Class chair    Iteration 120  47.55sample/s
Class chair acc = 0.6456
Evaluating class cow: 9/20
Class cow      Iteration 40   46.94sample/s
Class cow      Iteration 80   44.28sample/s
Class cow      Iteration 120  52.27sample/s
Class cow acc = 0.8199
Evaluating class diningtable: 10/20
Class diningtable Iteration 40   50.15sample/s
Class diningtable Iteration 80   41.08sample/s
Class diningtable Iteration 120  56.60sample/s
Class diningtable acc = 0.9565
Evaluating class dog: 11/20
Class dog      Iteration 40   44.99sample/s
Class dog      Iteration 80   41.43sample/s
Class dog      Iteration 120  44.42sample/s
Class dog acc = 0.8145
Evaluating class horse: 12/20
Class horse    Iteration 40   50.85sample/s
Class horse    Iteration 80   51.04sample/s
Class horse    Iteration 120  50.24sample/s
Class horse acc = 0.8245
Evaluating class motorbike: 13/20
Class motorbike Iteration 40   49.56sample/s
Class motorbike Iteration 80   53.29sample/s
Class motorbike Iteration 120  58.70sample/s
Class motorbike acc = 0.8098
Evaluating class person: 14/20
Class person   Iteration 40   49.94sample/s
Class person   Iteration 80   51.51sample/s
Class person   Iteration 120  60.20sample/s
Class person acc = 0.6900
Evaluating class pottedplant: 15/20
Class pottedplant Iteration 40   50.13sample/s
Class pottedplant Iteration 80   47.72sample/s
Class pottedplant Iteration 120  51.86sample/s
Class pottedplant acc = 0.9819
Evaluating class sheep: 16/20
Class sheep    Iteration 40   29.83sample/s
Class sheep    Iteration 80   34.41sample/s
Class sheep    Iteration 120  39.69sample/s
Class sheep acc = 0.7703
Evaluating class sofa: 17/20
Class sofa     Iteration 40   46.34sample/s
Class sofa     Iteration 80   53.54sample/s
Class sofa     Iteration 120  58.62sample/s
Class sofa acc = 0.8120
Evaluating class train: 18/20
Class train    Iteration 40   30.26sample/s
Class train    Iteration 80   44.38sample/s
Class train    Iteration 120  34.98sample/s
Class train acc = 0.9805
Evaluating class tvmonitor: 19/20
Class tvmonitor Iteration 40   47.88sample/s
Class tvmonitor Iteration 80   51.13sample/s
Class tvmonitor Iteration 120  48.12sample/s
Class tvmonitor acc = 0.9589
Evaluation complete in 7m 58s
Matching accuracy
aeroplane = 0.6309
bicycle = 0.7927
bird = 0.7850
boat = 0.7904
bottle = 0.9010
bus = 0.9489
car = 0.9020
cat = 0.8370
chair = 0.6456
cow = 0.8199
diningtable = 0.9565
dog = 0.8145
horse = 0.8245
motorbike = 0.8098
person = 0.6900
pottedplant = 0.9819
sheep = 0.7703
sofa = 0.8120
train = 0.9805
tvmonitor = 0.9589
average = 0.8326
Epoch 4/6
----------
lr = 1.50e-06, 5.00e-05
Epoch 4/6: 100%|██████████| 2000/2000 [12:24<00:00,  2.69it/s, loss=1.6372, acc=0.8829]
epoch loss: 1.836830083489418, epoch accuracy: 0.8828836354523432
completed in 744.22s (12.40m)
Start evaluation...
Evaluating class aeroplane: 0/20
Class aeroplane Iteration 40   16.73sample/s
Class aeroplane Iteration 80   20.58sample/s
Class aeroplane Iteration 120  24.73sample/s
Class aeroplane acc = 0.6500
Evaluating class bicycle: 1/20
Class bicycle  Iteration 40   19.67sample/s
Class bicycle  Iteration 80   20.31sample/s
Class bicycle  Iteration 120  21.01sample/s
Class bicycle acc = 0.7982
Evaluating class bird: 2/20
Class bird     Iteration 40   18.62sample/s
Class bird     Iteration 80   12.66sample/s
Class bird     Iteration 120  13.24sample/s
Class bird acc = 0.7899
Evaluating class boat: 3/20
Class boat     Iteration 40   13.61sample/s
Class boat     Iteration 80   13.15sample/s
Class boat     Iteration 120  15.28sample/s
Class boat acc = 0.7944
Evaluating class bottle: 4/20
Class bottle   Iteration 40   11.65sample/s
Class bottle   Iteration 80   18.63sample/s
Class bottle   Iteration 120  28.38sample/s
Class bottle acc = 0.8960
Evaluating class bus: 5/20
Class bus      Iteration 40   36.94sample/s
Class bus      Iteration 80   37.52sample/s
Class bus      Iteration 120  39.84sample/s
Class bus acc = 0.9462
Evaluating class car: 6/20
Class car      Iteration 40   32.32sample/s
Class car      Iteration 80   34.75sample/s
Class car      Iteration 120  32.65sample/s
Class car acc = 0.9132
Evaluating class cat: 7/20
Class cat      Iteration 40   35.12sample/s
Class cat      Iteration 80   30.11sample/s
Class cat      Iteration 120  34.24sample/s
Class cat acc = 0.8424
Evaluating class chair: 8/20
Class chair    Iteration 40   28.57sample/s
Class chair    Iteration 80   35.31sample/s
Class chair    Iteration 120  28.62sample/s
Class chair acc = 0.6557
Evaluating class cow: 9/20
Class cow      Iteration 40   33.55sample/s
Class cow      Iteration 80   39.13sample/s
Class cow      Iteration 120  40.70sample/s
Class cow acc = 0.8137
Evaluating class diningtable: 10/20
Class diningtable Iteration 40   39.41sample/s
Class diningtable Iteration 80   42.01sample/s
Class diningtable Iteration 120  44.20sample/s
Class diningtable acc = 0.9386
Evaluating class dog: 11/20
Class dog      Iteration 40   40.53sample/s
Class dog      Iteration 80   38.95sample/s
Class dog      Iteration 120  48.19sample/s
Class dog acc = 0.8177
Evaluating class horse: 12/20
Class horse    Iteration 40   48.20sample/s
Class horse    Iteration 80   42.49sample/s
Class horse    Iteration 120  38.55sample/s
Class horse acc = 0.8230
Evaluating class motorbike: 13/20
Class motorbike Iteration 40   47.57sample/s
Class motorbike Iteration 80   49.78sample/s
Class motorbike Iteration 120  54.61sample/s
Class motorbike acc = 0.8172
Evaluating class person: 14/20
Class person   Iteration 40   47.45sample/s
Class person   Iteration 80   48.25sample/s
Class person   Iteration 120  47.25sample/s
Class person acc = 0.6897
Evaluating class pottedplant: 15/20
Class pottedplant Iteration 40   51.31sample/s
Class pottedplant Iteration 80   49.61sample/s
Class pottedplant Iteration 120  49.25sample/s
Class pottedplant acc = 0.9789
Evaluating class sheep: 16/20
Class sheep    Iteration 40   36.42sample/s
Class sheep    Iteration 80   35.83sample/s
Class sheep    Iteration 120  36.82sample/s
Class sheep acc = 0.7736
Evaluating class sofa: 17/20
Class sofa     Iteration 40   45.43sample/s
Class sofa     Iteration 80   45.42sample/s
Class sofa     Iteration 120  41.97sample/s
Class sofa acc = 0.7811
Evaluating class train: 18/20
Class train    Iteration 40   34.57sample/s
Class train    Iteration 80   36.22sample/s
Class train    Iteration 120  27.59sample/s
Class train acc = 0.9791
Evaluating class tvmonitor: 19/20
Class tvmonitor Iteration 40   32.89sample/s
Class tvmonitor Iteration 80   32.02sample/s
Class tvmonitor Iteration 120  35.38sample/s
Class tvmonitor acc = 0.9635
Evaluation complete in 11m 29s
Matching accuracy
aeroplane = 0.6500
bicycle = 0.7982
bird = 0.7899
boat = 0.7944
bottle = 0.8960
bus = 0.9462
car = 0.9132
cat = 0.8424
chair = 0.6557
cow = 0.8137
diningtable = 0.9386
dog = 0.8177
horse = 0.8230
motorbike = 0.8172
person = 0.6897
pottedplant = 0.9789
sheep = 0.7736
sofa = 0.7811
train = 0.9791
tvmonitor = 0.9635
average = 0.8331
Epoch 5/6
----------
lr = 1.50e-07, 5.00e-06
Epoch 5/6: 100%|██████████| 2000/2000 [12:29<00:00,  2.67it/s, loss=1.7874, acc=0.8896]
epoch loss: 1.7823861540853978, epoch accuracy: 0.8895609484994442
completed in 749.33s (12.49m)
Start evaluation...
Evaluating class aeroplane: 0/20
Class aeroplane Iteration 40   34.76sample/s
Class aeroplane Iteration 80   26.80sample/s
Class aeroplane Iteration 120  34.97sample/s
Class aeroplane acc = 0.6512
Evaluating class bicycle: 1/20
Class bicycle  Iteration 40   40.58sample/s
Class bicycle  Iteration 80   46.50sample/s
Class bicycle  Iteration 120  48.05sample/s
Class bicycle acc = 0.7987
Evaluating class bird: 2/20
Class bird     Iteration 40   40.84sample/s
Class bird     Iteration 80   42.06sample/s
Class bird     Iteration 120  44.77sample/s
Class bird acc = 0.7921
Evaluating class boat: 3/20
Class boat     Iteration 40   48.90sample/s
Class boat     Iteration 80   43.75sample/s
Class boat     Iteration 120  49.19sample/s
Class boat acc = 0.7994
Evaluating class bottle: 4/20
Class bottle   Iteration 40   53.52sample/s
Class bottle   Iteration 80   50.03sample/s
Class bottle   Iteration 120  45.37sample/s
Class bottle acc = 0.8951
Evaluating class bus: 5/20
Class bus      Iteration 40   37.96sample/s
Class bus      Iteration 80   32.89sample/s
Class bus      Iteration 120  38.75sample/s
Class bus acc = 0.9473
Evaluating class car: 6/20
Class car      Iteration 40   34.89sample/s
Class car      Iteration 80   34.06sample/s
Class car      Iteration 120  30.56sample/s
Class car acc = 0.9104
Evaluating class cat: 7/20
Class cat      Iteration 40   34.01sample/s
Class cat      Iteration 80   32.99sample/s
Class cat      Iteration 120  33.94sample/s
Class cat acc = 0.8404
Evaluating class chair: 8/20
Class chair    Iteration 40   38.20sample/s
Class chair    Iteration 80   41.10sample/s
Class chair    Iteration 120  42.83sample/s
Class chair acc = 0.6627
Evaluating class cow: 9/20
Class cow      Iteration 40   36.38sample/s
Class cow      Iteration 80   34.97sample/s
Class cow      Iteration 120  38.37sample/s
Class cow acc = 0.8151
Evaluating class diningtable: 10/20
Class diningtable Iteration 40   42.01sample/s
Class diningtable Iteration 80   39.86sample/s
Class diningtable Iteration 120  39.68sample/s
Class diningtable acc = 0.9386
Evaluating class dog: 11/20
Class dog      Iteration 40   37.84sample/s
Class dog      Iteration 80   35.15sample/s
Class dog      Iteration 120  34.63sample/s
Class dog acc = 0.8197
Evaluating class horse: 12/20
Class horse    Iteration 40   32.92sample/s
Class horse    Iteration 80   38.94sample/s
Class horse    Iteration 120  42.16sample/s
Class horse acc = 0.8267
Evaluating class motorbike: 13/20
Class motorbike Iteration 40   41.31sample/s
Class motorbike Iteration 80   37.97sample/s
Class motorbike Iteration 120  42.43sample/s
Class motorbike acc = 0.8165
Evaluating class person: 14/20
Class person   Iteration 40   45.13sample/s
Class person   Iteration 80   42.97sample/s
Class person   Iteration 120  43.96sample/s
Class person acc = 0.6966
Evaluating class pottedplant: 15/20
Class pottedplant Iteration 40   43.15sample/s
Class pottedplant Iteration 80   47.76sample/s
Class pottedplant Iteration 120  50.94sample/s
Class pottedplant acc = 0.9797
Evaluating class sheep: 16/20
Class sheep    Iteration 40   40.88sample/s
Class sheep    Iteration 80   62.14sample/s
Class sheep    Iteration 120  38.03sample/s
Class sheep acc = 0.7748
Evaluating class sofa: 17/20
Class sofa     Iteration 40   38.95sample/s
Class sofa     Iteration 80   43.38sample/s
Class sofa     Iteration 120  44.30sample/s
Class sofa acc = 0.7700
Evaluating class train: 18/20
Class train    Iteration 40   26.92sample/s
Class train    Iteration 80   34.82sample/s
Class train    Iteration 120  31.62sample/s
Class train acc = 0.9791
Evaluating class tvmonitor: 19/20
Class tvmonitor Iteration 40   33.18sample/s
Class tvmonitor Iteration 80   42.59sample/s
Class tvmonitor Iteration 120  39.10sample/s
Class tvmonitor acc = 0.9644
Evaluation complete in 8m 32s
Matching accuracy
aeroplane = 0.6512
bicycle = 0.7987
bird = 0.7921
boat = 0.7994
bottle = 0.8951
bus = 0.9473
car = 0.9104
cat = 0.8404
chair = 0.6627
cow = 0.8151
diningtable = 0.9386
dog = 0.8197
horse = 0.8267
motorbike = 0.8165
person = 0.6966
pottedplant = 0.9797
sheep = 0.7748
sofa = 0.7700
train = 0.9791
tvmonitor = 0.9644
average = 0.8339
Epoch 6/6
----------
lr = 1.50e-07, 5.00e-06
Epoch 6/6: 100%|██████████| 2000/2000 [12:28<00:00,  2.67it/s, loss=2.0147, acc=0.8905]
epoch loss: 1.7655372372567653, epoch accuracy: 0.8905001205333135
completed in 748.74s (12.48m)
Start evaluation...
Evaluating class aeroplane: 0/20
Class aeroplane Iteration 40   47.44sample/s
Class aeroplane Iteration 80   45.46sample/s
Class aeroplane Iteration 120  54.31sample/s
Class aeroplane acc = 0.6513
Evaluating class bicycle: 1/20
Class bicycle  Iteration 40   52.87sample/s
Class bicycle  Iteration 80   50.48sample/s
Class bicycle  Iteration 120  51.64sample/s
Class bicycle acc = 0.7983
Evaluating class bird: 2/20
Class bird     Iteration 40   43.24sample/s
Class bird     Iteration 80   44.55sample/s
Class bird     Iteration 120  42.88sample/s
Class bird acc = 0.7934
Evaluating class boat: 3/20
Class boat     Iteration 40   49.44sample/s
Class boat     Iteration 80   48.71sample/s
Class boat     Iteration 120  53.44sample/s
Class boat acc = 0.7972
Evaluating class bottle: 4/20
Class bottle   Iteration 40   52.26sample/s
Class bottle   Iteration 80   53.10sample/s
Class bottle   Iteration 120  50.83sample/s
Class bottle acc = 0.8952
Evaluating class bus: 5/20
Class bus      Iteration 40   51.39sample/s
Class bus      Iteration 80   51.25sample/s
Class bus      Iteration 120  55.49sample/s
Class bus acc = 0.9473
Evaluating class car: 6/20
Class car      Iteration 40   42.78sample/s
Class car      Iteration 80   48.87sample/s
Class car      Iteration 120  43.70sample/s
Class car acc = 0.9134
Evaluating class cat: 7/20
Class cat      Iteration 40   54.12sample/s
Class cat      Iteration 80   51.09sample/s
Class cat      Iteration 120  52.14sample/s
Class cat acc = 0.8431
Evaluating class chair: 8/20
Class chair    Iteration 40   56.12sample/s
Class chair    Iteration 80   52.08sample/s
Class chair    Iteration 120  53.07sample/s
Class chair acc = 0.6670
Evaluating class cow: 9/20
Class cow      Iteration 40   48.47sample/s
Class cow      Iteration 80   53.08sample/s
Class cow      Iteration 120  48.42sample/s
Class cow acc = 0.8169
Evaluating class diningtable: 10/20
Class diningtable Iteration 40   51.94sample/s
Class diningtable Iteration 80   51.95sample/s
Class diningtable Iteration 120  51.27sample/s
Class diningtable acc = 0.9565
Evaluating class dog: 11/20
Class dog      Iteration 40   47.57sample/s
Class dog      Iteration 80   45.43sample/s
Class dog      Iteration 120  46.12sample/s
Class dog acc = 0.8211
Evaluating class horse: 12/20
Class horse    Iteration 40   39.91sample/s
Class horse    Iteration 80   40.89sample/s
Class horse    Iteration 120  45.60sample/s
Class horse acc = 0.8295
Evaluating class motorbike: 13/20
Class motorbike Iteration 40   46.76sample/s
Class motorbike Iteration 80   43.67sample/s
Class motorbike Iteration 120  50.21sample/s
Class motorbike acc = 0.8156
Evaluating class person: 14/20
Class person   Iteration 40   49.47sample/s
Class person   Iteration 80   46.48sample/s
Class person   Iteration 120  43.58sample/s
Class person acc = 0.6987
Evaluating class pottedplant: 15/20
Class pottedplant Iteration 40   45.75sample/s
Class pottedplant Iteration 80   66.33sample/s
Class pottedplant Iteration 120  48.50sample/s
Class pottedplant acc = 0.9801
Evaluating class sheep: 16/20
Class sheep    Iteration 40   24.10sample/s
Class sheep    Iteration 80   28.17sample/s
Class sheep    Iteration 120  27.15sample/s
Class sheep acc = 0.7740
Evaluating class sofa: 17/20
Class sofa     Iteration 40   30.96sample/s
Class sofa     Iteration 80   35.51sample/s
Class sofa     Iteration 120  30.15sample/s
Class sofa acc = 0.7750
Evaluating class train: 18/20
Class train    Iteration 40   20.50sample/s
Class train    Iteration 80   30.11sample/s
Class train    Iteration 120  26.73sample/s
Class train acc = 0.9791
Evaluating class tvmonitor: 19/20
Class tvmonitor Iteration 40   33.12sample/s
Class tvmonitor Iteration 80   34.53sample/s
Class tvmonitor Iteration 120  36.24sample/s
Class tvmonitor acc = 0.9646
Evaluation complete in 7m 47s
Matching accuracy
aeroplane = 0.6513
bicycle = 0.7983
bird = 0.7934
boat = 0.7972
bottle = 0.8952
bus = 0.9473
car = 0.9134
cat = 0.8431
chair = 0.6670
cow = 0.8169
diningtable = 0.9565
dog = 0.8211
horse = 0.8295
motorbike = 0.8156
person = 0.6987
pottedplant = 0.9801
sheep = 0.7740
sofa = 0.7750
train = 0.9791
tvmonitor = 0.9646
average = 0.8359
[1;34mwandb[0m: 
[1;34mwandb[0m: You can sync this run to the cloud by running:
[1;34mwandb[0m: [1mwandb sync /scratch/hpc-prf-llmrout/hpcabpo/nmt/wandb/wandb/offline-run-20260923_033810-b7qvw0zm[0m
[1;34mwandb[0m: Find logs at: [1;35m../../../../../../scratch/hpc-prf-llmrout/hpcabpo/nmt/wandb/wandb/offline-run-20260923_033810-b7qvw0zm/logs[0m
