CPU_SET_HEX_STR_SIZE: 257, Size of mstr: 257
cpu-bind=MASK - gpu1002, task  0  0 [3326799]: mask |--------|--------|--------|BBBBBBBB|--------|--------|----BBBB|--------|--------|BBBB----|--------|--------||||--------|--------|--------|--------|--------|--------|--------|--------|--------|--------|--------|--------| set
job=3378366 node=gpu1002 gpu=NVIDIA H100 config=/scratch/hpc-prf-llmrout/hpcabpo/nmt/runs/configs/voc_rational_k3_seed3.json wandb=offline
dataset=PascalVOC backbone=vgg16 image_size=256 conv=rational model_dir=/scratch/hpc-prf-llmrout/hpcabpo/nmt/runs/voc_vgg16/rational_k3_seed3
{
    "BACKBONE": "vgg16",
    "BACKBONE_DIR": "/scratch/hpc-prf-llmrout/hpcabpo/nmt/checkpoints",
    "BATCH_SIZE": 8,
    "CACHE_PATH": "/scratch/hpc-prf-llmrout/hpcabpo/nmt/cache/voc_db",
    "DATASET_NAME": "PascalVOC",
    "EVAL": {
        "SAMPLES": 1000,
        "difficulty_params": {},
        "num_graphs_in_matching_instance": 2
    },
    "IMAGE_SIZE": 256,
    "Matching_TF": {
        "activation": "relu",
        "batch_norm": true,
        "d_model": 648,
        "nGPT_mlp_hidden_mult": 6,
        "n_decoder": 4,
        "n_encoder": 4,
        "n_head": 12,
        "n_lap_EigVec": 8,
        "pos_encoding": false
    },
    "NORM_MEANS": [
        0.485,
        0.456,
        0.406
    ],
    "NORM_STD": [
        0.229,
        0.224,
        0.225
    ],
    "RANDOM_SEED": 3,
    "SPLINE_CNN": {
        "aggr": "max",
        "conv": "rational",
        "degrees": [
            5,
            4
        ],
        "dim": 2,
        "init": "spline",
        "init_noise": 0.001,
        "input_features": 1024,
        "kernel_size": 3,
        "num_bases": 0,
        "output_features": 648,
        "poly": "chebyshev",
        "pyg_init": true,
        "rational_basis": "product",
        "safe": "B",
        "vp": false
    },
    "SPair": {
        "CLASSES": [
            "aeroplane",
            "bicycle",
            "bird",
            "boat",
            "boat",
            "bottle",
            "bus",
            "car",
            "cat",
            "chair",
            "cow",
            "dog",
            "horse",
            "motorbike",
            "person",
            "pottedplant",
            "sheep",
            "train",
            "tvmonitor"
        ],
        "ROOT_DIR": "./data/downloaded/SPair-71k",
        "size": "large"
    },
    "STATISTIC_STEP": 1,
    "TRACK_GRAD_NORM": false,
    "TRAIN": {
        "EPOCH_ITERS": 2000,
        "LR": 0.0005,
        "_comment_epochs": "Identical budget to the SPair-71k sweep so the two NMT columns are comparable: lr_schedule long_halving5 defines 12 epochs, max_epochs stops after 7, and both LR drops (epochs 2 and 5) still happen.",
        "clip_norm": 0,
        "cutmix_beta": 1.0,
        "cutmix_prob": 0.3,
        "difficulty_params": {},
        "layer_loss_param": 0.3,
        "lr_schedule": "long_halving5",
        "max_epochs": 7,
        "mixup_alpha": 0.8,
        "mixup_prob": 0.3,
        "num_graphs_in_matching_instance": 2,
        "random_erasing_prob": 0.3,
        "temperature": 0.1,
        "weight_decay": 0
    },
    "USE_SYNTHETIC": false,
    "VOC2011": {
        "CLASSES": [
            "aeroplane",
            "bicycle",
            "bird",
            "boat",
            "bottle",
            "bus",
            "car",
            "cat",
            "chair",
            "cow",
            "diningtable",
            "dog",
            "horse",
            "motorbike",
            "person",
            "pottedplant",
            "sheep",
            "sofa",
            "train",
            "tvmonitor"
        ],
        "KPT_ANNO_DIR": "/pc2/groups/hpc-prf-llmrout/hpcabpo/rational-basis-cnn/data/PascalVOC/raw/annotations/",
        "ROOT_DIR": "/pc2/groups/hpc-prf-llmrout/hpcabpo/rational-basis-cnn/data/PascalVOC/raw/images/",
        "SET_SPLIT": "/pc2/groups/hpc-prf-llmrout/hpcabpo/rational-basis-cnn/data/PascalVOC/raw/splits.npz"
    },
    "WILLOW": {
        "CLASSES": [
            "Car",
            "Duck",
            "Face",
            "Motorbike",
            "Winebottle"
        ],
        "KPT_LEN": 10,
        "ROOT_DIR": "./data/downloaded/WILLOW/WILLOW-ObjectClass",
        "TRAIN_NUM": 20,
        "TRAIN_OFFSET": 0
    },
    "_comment_batch_size": "BATCH_SIZE is deliberately NOT overridden here. voc_basic.json sets 8, which is NMT's own PascalVOC recipe; the claim being tested is that only the SplineConv layer changes, so the host recipe is left alone. spair_vgg16.json sets 5 because no author-provided SPair recipe existed.",
    "_comment_cache": "data/pascal_voc.py writes a filtered-xml pickle to cfg.CACHE_PATH. The default 'data/cache' is repo-relative, i.e. inside the 50 GB HOME quota, and group storage is read-only inside jobs, so it is redirected to scratch.",
    "_comment_paths": "ROOT_DIR must end in a slash: data/pascal_voc.py builds the image and annotation directories by string concatenation (cfg.VOC2011.ROOT_DIR + 'JPEGImages'). SET_SPLIT points at the split shipped with the shared PascalVOC tree; see NMT_VOC_ROOT in hpc/env.sh for why voc2011_pairs.npz is not required.",
    "_generated_by": "slurm/make_config.py rational_k3 3 (voc)",
    "combine_classes": false,
    "default_json": "experiments/voc_basic.json",
    "eval_sampling": "intersection",
    "evaluate_only": false,
    "exclude_willow_classes": false,
    "keep_last_checkpoint_only": true,
    "log_dir": "runs/",
    "model_dir": "/scratch/hpc-prf-llmrout/hpcabpo/nmt/runs/voc_vgg16/rational_k3_seed3",
    "save_checkpoint": true,
    "train_sampling": "intersection",
    "visualization_params": {
        "produce_pdf": false,
        "reduced_vis": true
    },
    "visualize": false,
    "warmstart_path": null
}
wandb: Tracking run with wandb version 0.30.0
wandb: W&B syncing is set to `offline` in this directory. Run `wandb online` or set WANDB_MODE=online to enable cloud syncing.
wandb: Run data is saved locally in /scratch/hpc-prf-llmrout/hpcabpo/nmt/wandb/wandb/offline-run-20260923_042123-34dyy2ei
wandb: View this run in the terminal with `wandb leet`
xml list loaded from /scratch/hpc-prf-llmrout/hpcabpo/nmt/cache/voc_db/voc_db_train.pkl
TRUE EPOCHS:  False
16000
Initializing train-set. Randomly sampling 16000 examples.
/pc2/groups/hpc-prf-llmrout/hpcabpo/nmt/conda/envs/nmt/lib/python3.12/site-packages/albumentations/core/composition.py:331: UserWarning: Got processor for keypoints, but no transform to process it.
  self._set_keys()
xml list loaded from /scratch/hpc-prf-llmrout/hpcabpo/nmt/cache/voc_db/voc_db_test.pkl
TRUE EPOCHS:  False
1000
Initializing test-set. Randomly sampling 1000 examples.
/pc2/groups/hpc-prf-llmrout/hpcabpo/nmt/conda/envs/nmt/lib/python3.12/site-packages/torchvision/models/_utils.py:208: UserWarning: The parameter 'pretrained' is deprecated since 0.13 and may be removed in the future, please use 'weights' instead.
  warnings.warn(
/pc2/groups/hpc-prf-llmrout/hpcabpo/nmt/conda/envs/nmt/lib/python3.12/site-packages/torchvision/models/_utils.py:223: UserWarning: Arguments other than a weight enum or `None` for 'weights' are deprecated since 0.13 and may be removed in the future. The current behavior is equivalent to passing `weights=VGG16_Weights.IMAGENET1K_V1`. You can also use `weights=VGG16_Weights.DEFAULT` to get the most up-to-date weights.
  warnings.warn(msg)
stopping after 7 epochs (cfg.TRAIN.max_epochs; schedule 'long_halving5' defines 12)
Start training...
NMT model on device: cuda:0
Epoch 0/6
----------
lr = 1.50e-05, 5.00e-04
Epoch 0/6:   0%|          | 0/2000 [00:00<?, ?it/s]/pc2/groups/hpc-prf-llmrout/hpcabpo/nmt/conda/envs/nmt/lib/python3.12/site-packages/torch_geometric/utils/_scatter.py:91: UserWarning: The usage of `scatter(reduce='max')` can be accelerated via the 'torch-scatter' package, but it was not found
  warnings.warn(
[rank0]:[W923 04:21:28.157395623 reducer.cpp:1528] Warning: find_unused_parameters=True was specified in DDP constructor, but did not find any unused parameters in the forward pass. This flag results in an extra traversal of the autograd graph every iteration,  which can adversely affect performance. If your model indeed never has any unused parameters in the forward pass, consider turning this flag off. Note that this warning may be a false positive if your model has flow control causing later iterations to have unused parameters. (function operator())
Epoch 0/6: 100%|██████████| 2000/2000 [07:36<00:00,  4.38it/s, loss=3.3783, acc=0.6673]
epoch loss: 3.3857984780073167, epoch accuracy: 0.6673267143504853
completed in 456.57s (7.61m)
Start evaluation...
Evaluating class aeroplane: 0/20
Class aeroplane Iteration 40   87.71sample/s
Class aeroplane Iteration 80   94.62sample/s
Class aeroplane Iteration 120  108.33sample/s
Class aeroplane acc = 0.5181
Evaluating class bicycle: 1/20
Class bicycle  Iteration 40   90.04sample/s
Class bicycle  Iteration 80   103.12sample/s
Class bicycle  Iteration 120  105.52sample/s
Class bicycle acc = 0.7679
Evaluating class bird: 2/20
Class bird     Iteration 40   81.58sample/s
Class bird     Iteration 80   99.48sample/s
Class bird     Iteration 120  95.51sample/s
Class bird acc = 0.7051
Evaluating class boat: 3/20
Class boat     Iteration 40   87.98sample/s
Class boat     Iteration 80   94.09sample/s
Class boat     Iteration 120  110.40sample/s
Class boat acc = 0.7322
Evaluating class bottle: 4/20
Class bottle   Iteration 40   89.62sample/s
Class bottle   Iteration 80   106.41sample/s
Class bottle   Iteration 120  104.09sample/s
Class bottle acc = 0.8707
Evaluating class bus: 5/20
Class bus      Iteration 40   83.28sample/s
Class bus      Iteration 80   101.05sample/s
Class bus      Iteration 120  105.25sample/s
Class bus acc = 0.8961
Evaluating class car: 6/20
Class car      Iteration 40   51.41sample/s
Class car      Iteration 80   84.48sample/s
Class car      Iteration 120  87.56sample/s
Class car acc = 0.8177
Evaluating class cat: 7/20
Class cat      Iteration 40   88.30sample/s
Class cat      Iteration 80   99.18sample/s
Class cat      Iteration 120  106.61sample/s
Class cat acc = 0.7818
Evaluating class chair: 8/20
Class chair    Iteration 40   93.52sample/s
Class chair    Iteration 80   101.10sample/s
Class chair    Iteration 120  105.57sample/s
Class chair acc = 0.4886
Evaluating class cow: 9/20
Class cow      Iteration 40   93.53sample/s
Class cow      Iteration 80   102.97sample/s
Class cow      Iteration 120  99.96sample/s
Class cow acc = 0.7634
Evaluating class diningtable: 10/20
Class diningtable Iteration 40   91.14sample/s
Class diningtable Iteration 80   99.23sample/s
Class diningtable Iteration 120  101.90sample/s
Class diningtable acc = 0.7807
Evaluating class dog: 11/20
Class dog      Iteration 40   85.74sample/s
Class dog      Iteration 80   93.81sample/s
Class dog      Iteration 120  101.06sample/s
Class dog acc = 0.7647
Evaluating class horse: 12/20
Class horse    Iteration 40   87.28sample/s
Class horse    Iteration 80   94.81sample/s
Class horse    Iteration 120  102.30sample/s
Class horse acc = 0.7790
Evaluating class motorbike: 13/20
Class motorbike Iteration 40   92.43sample/s
Class motorbike Iteration 80   101.57sample/s
Class motorbike Iteration 120  104.71sample/s
Class motorbike acc = 0.7504
Evaluating class person: 14/20
Class person   Iteration 40   90.22sample/s
Class person   Iteration 80   106.31sample/s
Class person   Iteration 120  107.15sample/s
Class person acc = 0.5685
Evaluating class pottedplant: 15/20
Class pottedplant Iteration 40   94.67sample/s
Class pottedplant Iteration 80   105.80sample/s
Class pottedplant Iteration 120  108.92sample/s
Class pottedplant acc = 0.9668
Evaluating class sheep: 16/20
Class sheep    Iteration 40   72.51sample/s
Class sheep    Iteration 80   75.89sample/s
Class sheep    Iteration 120  93.13sample/s
Class sheep acc = 0.7352
Evaluating class sofa: 17/20
Class sofa     Iteration 40   94.12sample/s
Class sofa     Iteration 80   103.38sample/s
Class sofa     Iteration 120  108.68sample/s
Class sofa acc = 0.7299
Evaluating class train: 18/20
Class train    Iteration 40   67.53sample/s
Class train    Iteration 80   79.87sample/s
Class train    Iteration 120  88.08sample/s
Class train acc = 0.9446
Evaluating class tvmonitor: 19/20
Class tvmonitor Iteration 40   78.79sample/s
Class tvmonitor Iteration 80   92.08sample/s
Class tvmonitor Iteration 120  107.08sample/s
Class tvmonitor acc = 0.9524
Evaluation complete in 3m 31s
Matching accuracy
aeroplane = 0.5181
bicycle = 0.7679
bird = 0.7051
boat = 0.7322
bottle = 0.8707
bus = 0.8961
car = 0.8177
cat = 0.7818
chair = 0.4886
cow = 0.7634
diningtable = 0.7807
dog = 0.7647
horse = 0.7790
motorbike = 0.7504
person = 0.5685
pottedplant = 0.9668
sheep = 0.7352
sofa = 0.7299
train = 0.9446
tvmonitor = 0.9524
average = 0.7657
Epoch 1/6
----------
lr = 1.50e-05, 5.00e-04
Epoch 1/6: 100%|██████████| 2000/2000 [07:37<00:00,  4.38it/s, loss=2.5388, acc=0.7818]
epoch loss: 2.505733753979206, epoch accuracy: 0.7818074271243461
completed in 457.03s (7.62m)
Start evaluation...
Evaluating class aeroplane: 0/20
Class aeroplane Iteration 40   55.34sample/s
Class aeroplane Iteration 80   52.64sample/s
Class aeroplane Iteration 120  58.56sample/s
Class aeroplane acc = 0.5871
Evaluating class bicycle: 1/20
Class bicycle  Iteration 40   56.39sample/s
Class bicycle  Iteration 80   64.84sample/s
Class bicycle  Iteration 120  70.81sample/s
Class bicycle acc = 0.7724
Evaluating class bird: 2/20
Class bird     Iteration 40   55.57sample/s
Class bird     Iteration 80   58.25sample/s
Class bird     Iteration 120  59.33sample/s
Class bird acc = 0.7338
Evaluating class boat: 3/20
Class boat     Iteration 40   61.58sample/s
Class boat     Iteration 80   61.65sample/s
Class boat     Iteration 120  71.57sample/s
Class boat acc = 0.7610
Evaluating class bottle: 4/20
Class bottle   Iteration 40   62.43sample/s
Class bottle   Iteration 80   70.60sample/s
Class bottle   Iteration 120  72.83sample/s
Class bottle acc = 0.8714
Evaluating class bus: 5/20
Class bus      Iteration 40   61.93sample/s
Class bus      Iteration 80   73.53sample/s
Class bus      Iteration 120  81.55sample/s
Class bus acc = 0.8950
Evaluating class car: 6/20
Class car      Iteration 40   58.38sample/s
Class car      Iteration 80   74.84sample/s
Class car      Iteration 120  70.11sample/s
Class car acc = 0.8636
Evaluating class cat: 7/20
Class cat      Iteration 40   77.28sample/s
Class cat      Iteration 80   85.56sample/s
Class cat      Iteration 120  96.63sample/s
Class cat acc = 0.8022
Evaluating class chair: 8/20
Class chair    Iteration 40   87.51sample/s
Class chair    Iteration 80   97.43sample/s
Class chair    Iteration 120  94.50sample/s
Class chair acc = 0.5718
Evaluating class cow: 9/20
Class cow      Iteration 40   81.11sample/s
Class cow      Iteration 80   89.90sample/s
Class cow      Iteration 120  92.79sample/s
Class cow acc = 0.7913
Evaluating class diningtable: 10/20
Class diningtable Iteration 40   83.01sample/s
Class diningtable Iteration 80   97.75sample/s
Class diningtable Iteration 120  101.23sample/s
Class diningtable acc = 0.7271
Evaluating class dog: 11/20
Class dog      Iteration 40   80.87sample/s
Class dog      Iteration 80   92.56sample/s
Class dog      Iteration 120  93.78sample/s
Class dog acc = 0.7849
Evaluating class horse: 12/20
Class horse    Iteration 40   75.33sample/s
Class horse    Iteration 80   106.38sample/s
Class horse    Iteration 120  106.77sample/s
Class horse acc = 0.7906
Evaluating class motorbike: 13/20
Class motorbike Iteration 40   76.37sample/s
Class motorbike Iteration 80   90.69sample/s
Class motorbike Iteration 120  97.83sample/s
Class motorbike acc = 0.8142
Evaluating class person: 14/20
Class person   Iteration 40   89.23sample/s
Class person   Iteration 80   97.90sample/s
Class person   Iteration 120  91.38sample/s
Class person acc = 0.6160
Evaluating class pottedplant: 15/20
Class pottedplant Iteration 40   89.39sample/s
Class pottedplant Iteration 80   92.37sample/s
Class pottedplant Iteration 120  95.14sample/s
Class pottedplant acc = 0.9741
Evaluating class sheep: 16/20
Class sheep    Iteration 40   64.81sample/s
Class sheep    Iteration 80   68.77sample/s
Class sheep    Iteration 120  83.42sample/s
Class sheep acc = 0.7458
Evaluating class sofa: 17/20
Class sofa     Iteration 40   83.87sample/s
Class sofa     Iteration 80   87.00sample/s
Class sofa     Iteration 120  94.25sample/s
Class sofa acc = 0.8059
Evaluating class train: 18/20
Class train    Iteration 40   60.28sample/s
Class train    Iteration 80   72.50sample/s
Class train    Iteration 120  82.79sample/s
Class train acc = 0.9590
Evaluating class tvmonitor: 19/20
Class tvmonitor Iteration 40   76.49sample/s
Class tvmonitor Iteration 80   88.42sample/s
Class tvmonitor Iteration 120  96.10sample/s
Class tvmonitor acc = 0.9537
Evaluation complete in 4m 17s
Matching accuracy
aeroplane = 0.5871
bicycle = 0.7724
bird = 0.7338
boat = 0.7610
bottle = 0.8714
bus = 0.8950
car = 0.8636
cat = 0.8022
chair = 0.5718
cow = 0.7913
diningtable = 0.7271
dog = 0.7849
horse = 0.7906
motorbike = 0.8142
person = 0.6160
pottedplant = 0.9741
sheep = 0.7458
sofa = 0.8059
train = 0.9590
tvmonitor = 0.9537
average = 0.7910
Epoch 2/6
----------
lr = 1.50e-06, 5.00e-05
Epoch 2/6: 100%|██████████| 2000/2000 [07:36<00:00,  4.38it/s, loss=1.9251, acc=0.8378]
epoch loss: 2.1323082274496556, epoch accuracy: 0.8377511599105344
completed in 456.59s (7.61m)
Start evaluation...
Evaluating class aeroplane: 0/20
Class aeroplane Iteration 40   79.34sample/s
Class aeroplane Iteration 80   83.84sample/s
Class aeroplane Iteration 120  99.95sample/s
Class aeroplane acc = 0.6078
Evaluating class bicycle: 1/20
Class bicycle  Iteration 40   83.77sample/s
Class bicycle  Iteration 80   89.90sample/s
Class bicycle  Iteration 120  91.95sample/s
Class bicycle acc = 0.7767
Evaluating class bird: 2/20
Class bird     Iteration 40   74.06sample/s
Class bird     Iteration 80   78.05sample/s
Class bird     Iteration 120  87.81sample/s
Class bird acc = 0.7598
Evaluating class boat: 3/20
Class boat     Iteration 40   82.58sample/s
Class boat     Iteration 80   81.68sample/s
Class boat     Iteration 120  95.38sample/s
Class boat acc = 0.7788
Evaluating class bottle: 4/20
Class bottle   Iteration 40   77.13sample/s
Class bottle   Iteration 80   81.98sample/s
Class bottle   Iteration 120  86.32sample/s
Class bottle acc = 0.8829
Evaluating class bus: 5/20
Class bus      Iteration 40   75.58sample/s
Class bus      Iteration 80   93.99sample/s
Class bus      Iteration 120  96.21sample/s
Class bus acc = 0.9319
Evaluating class car: 6/20
Class car      Iteration 40   71.46sample/s
Class car      Iteration 80   84.27sample/s
Class car      Iteration 120  79.86sample/s
Class car acc = 0.8870
Evaluating class cat: 7/20
Class cat      Iteration 40   81.11sample/s
Class cat      Iteration 80   90.43sample/s
Class cat      Iteration 120  98.66sample/s
Class cat acc = 0.8345
Evaluating class chair: 8/20
Class chair    Iteration 40   87.06sample/s
Class chair    Iteration 80   95.03sample/s
Class chair    Iteration 120  88.60sample/s
Class chair acc = 0.6178
Evaluating class cow: 9/20
Class cow      Iteration 40   75.68sample/s
Class cow      Iteration 80   80.79sample/s
Class cow      Iteration 120  84.13sample/s
Class cow acc = 0.8057
Evaluating class diningtable: 10/20
Class diningtable Iteration 40   78.75sample/s
Class diningtable Iteration 80   91.62sample/s
Class diningtable Iteration 120  100.02sample/s
Class diningtable acc = 0.8139
Evaluating class dog: 11/20
Class dog      Iteration 40   79.12sample/s
Class dog      Iteration 80   88.44sample/s
Class dog      Iteration 120  94.84sample/s
Class dog acc = 0.8059
Evaluating class horse: 12/20
Class horse    Iteration 40   80.30sample/s
Class horse    Iteration 80   91.83sample/s
Class horse    Iteration 120  96.27sample/s
Class horse acc = 0.8064
Evaluating class motorbike: 13/20
Class motorbike Iteration 40   84.25sample/s
Class motorbike Iteration 80   96.12sample/s
Class motorbike Iteration 120  104.41sample/s
Class motorbike acc = 0.8107
Evaluating class person: 14/20
Class person   Iteration 40   86.83sample/s
Class person   Iteration 80   98.13sample/s
Class person   Iteration 120  101.98sample/s
Class person acc = 0.6702
Evaluating class pottedplant: 15/20
Class pottedplant Iteration 40   85.66sample/s
Class pottedplant Iteration 80   97.66sample/s
Class pottedplant Iteration 120  97.31sample/s
Class pottedplant acc = 0.9759
Evaluating class sheep: 16/20
Class sheep    Iteration 40   66.31sample/s
Class sheep    Iteration 80   72.40sample/s
Class sheep    Iteration 120  83.77sample/s
Class sheep acc = 0.7621
Evaluating class sofa: 17/20
Class sofa     Iteration 40   86.19sample/s
Class sofa     Iteration 80   68.73sample/s
Class sofa     Iteration 120  55.95sample/s
Class sofa acc = 0.8301
Evaluating class train: 18/20
Class train    Iteration 40   39.87sample/s
Class train    Iteration 80   44.65sample/s
Class train    Iteration 120  50.74sample/s
Class train acc = 0.9654
Evaluating class tvmonitor: 19/20
Class tvmonitor Iteration 40   56.77sample/s
Class tvmonitor Iteration 80   57.76sample/s
Class tvmonitor Iteration 120  64.68sample/s
Class tvmonitor acc = 0.9614
Evaluation complete in 4m 8s
Matching accuracy
aeroplane = 0.6078
bicycle = 0.7767
bird = 0.7598
boat = 0.7788
bottle = 0.8829
bus = 0.9319
car = 0.8870
cat = 0.8345
chair = 0.6178
cow = 0.8057
diningtable = 0.8139
dog = 0.8059
horse = 0.8064
motorbike = 0.8107
person = 0.6702
pottedplant = 0.9759
sheep = 0.7621
sofa = 0.8301
train = 0.9654
tvmonitor = 0.9614
average = 0.8142
Epoch 3/6
----------
lr = 1.50e-06, 5.00e-05
Epoch 3/6: 100%|██████████| 2000/2000 [07:43<00:00,  4.32it/s, loss=1.3741, acc=0.8572]
epoch loss: 1.987941550001502, epoch accuracy: 0.8572226306923414
completed in 463.37s (7.72m)
Start evaluation...
Evaluating class aeroplane: 0/20
Class aeroplane Iteration 40   41.99sample/s
Class aeroplane Iteration 80   38.49sample/s
Class aeroplane Iteration 120  45.93sample/s
Class aeroplane acc = 0.6231
Evaluating class bicycle: 1/20
Class bicycle  Iteration 40   50.11sample/s
Class bicycle  Iteration 80   44.36sample/s
Class bicycle  Iteration 120  44.85sample/s
Class bicycle acc = 0.7724
Evaluating class bird: 2/20
Class bird     Iteration 40   40.15sample/s
Class bird     Iteration 80   40.16sample/s
Class bird     Iteration 120  40.26sample/s
Class bird acc = 0.7698
Evaluating class boat: 3/20
Class boat     Iteration 40   45.89sample/s
Class boat     Iteration 80   39.15sample/s
Class boat     Iteration 120  43.07sample/s
Class boat acc = 0.7810
Evaluating class bottle: 4/20
Class bottle   Iteration 40   45.65sample/s
Class bottle   Iteration 80   43.75sample/s
Class bottle   Iteration 120  43.41sample/s
Class bottle acc = 0.8842
Evaluating class bus: 5/20
Class bus      Iteration 40   42.10sample/s
Class bus      Iteration 80   45.20sample/s
Class bus      Iteration 120  46.50sample/s
Class bus acc = 0.9350
Evaluating class car: 6/20
Class car      Iteration 40   38.06sample/s
Class car      Iteration 80   41.50sample/s
Class car      Iteration 120  38.02sample/s
Class car acc = 0.8908
Evaluating class cat: 7/20
Class cat      Iteration 40   44.20sample/s
Class cat      Iteration 80   44.98sample/s
Class cat      Iteration 120  45.84sample/s
Class cat acc = 0.8386
Evaluating class chair: 8/20
Class chair    Iteration 40   45.27sample/s
Class chair    Iteration 80   47.98sample/s
Class chair    Iteration 120  52.35sample/s
Class chair acc = 0.6383
Evaluating class cow: 9/20
Class cow      Iteration 40   48.62sample/s
Class cow      Iteration 80   53.18sample/s
Class cow      Iteration 120  52.97sample/s
Class cow acc = 0.8173
Evaluating class diningtable: 10/20
Class diningtable Iteration 40   50.83sample/s
Class diningtable Iteration 80   53.86sample/s
Class diningtable Iteration 120  52.09sample/s
Class diningtable acc = 0.8977
Evaluating class dog: 11/20
Class dog      Iteration 40   46.46sample/s
Class dog      Iteration 80   49.09sample/s
Class dog      Iteration 120  54.07sample/s
Class dog acc = 0.8100
Evaluating class horse: 12/20
Class horse    Iteration 40   45.77sample/s
Class horse    Iteration 80   48.39sample/s
Class horse    Iteration 120  56.54sample/s
Class horse acc = 0.8111
Evaluating class motorbike: 13/20
Class motorbike Iteration 40   48.11sample/s
Class motorbike Iteration 80   51.26sample/s
Class motorbike Iteration 120  53.82sample/s
Class motorbike acc = 0.8051
Evaluating class person: 14/20
Class person   Iteration 40   61.53sample/s
Class person   Iteration 80   55.69sample/s
Class person   Iteration 120  54.93sample/s
Class person acc = 0.6820
Evaluating class pottedplant: 15/20
Class pottedplant Iteration 40   56.32sample/s
Class pottedplant Iteration 80   54.91sample/s
Class pottedplant Iteration 120  54.33sample/s
Class pottedplant acc = 0.9805
Evaluating class sheep: 16/20
Class sheep    Iteration 40   39.28sample/s
Class sheep    Iteration 80   46.14sample/s
Class sheep    Iteration 120  43.75sample/s
Class sheep acc = 0.7708
Evaluating class sofa: 17/20
Class sofa     Iteration 40   54.10sample/s
Class sofa     Iteration 80   59.49sample/s
Class sofa     Iteration 120  63.22sample/s
Class sofa acc = 0.8036
Evaluating class train: 18/20
Class train    Iteration 40   44.94sample/s
Class train    Iteration 80   52.41sample/s
Class train    Iteration 120  53.08sample/s
Class train acc = 0.9684
Evaluating class tvmonitor: 19/20
Class tvmonitor Iteration 40   61.10sample/s
Class tvmonitor Iteration 80   61.75sample/s
Class tvmonitor Iteration 120  70.37sample/s
Class tvmonitor acc = 0.9597
Evaluation complete in 6m 56s
Matching accuracy
aeroplane = 0.6231
bicycle = 0.7724
bird = 0.7698
boat = 0.7810
bottle = 0.8842
bus = 0.9350
car = 0.8908
cat = 0.8386
chair = 0.6383
cow = 0.8173
diningtable = 0.8977
dog = 0.8100
horse = 0.8111
motorbike = 0.8051
person = 0.6820
pottedplant = 0.9805
sheep = 0.7708
sofa = 0.8036
train = 0.9684
tvmonitor = 0.9597
average = 0.8220
Epoch 4/6
----------
lr = 1.50e-06, 5.00e-05
Epoch 4/6: 100%|██████████| 2000/2000 [07:44<00:00,  4.30it/s, loss=1.6594, acc=0.8692]
epoch loss: 1.9037723129540682, epoch accuracy: 0.869164670298669
completed in 464.73s (7.75m)
Start evaluation...
Evaluating class aeroplane: 0/20
Class aeroplane Iteration 40   49.20sample/s
Class aeroplane Iteration 80   51.74sample/s
Class aeroplane Iteration 120  59.64sample/s
Class aeroplane acc = 0.6409
Evaluating class bicycle: 1/20
Class bicycle  Iteration 40   49.76sample/s
Class bicycle  Iteration 80   53.58sample/s
Class bicycle  Iteration 120  60.56sample/s
Class bicycle acc = 0.7824
Evaluating class bird: 2/20
Class bird     Iteration 40   44.20sample/s
Class bird     Iteration 80   49.98sample/s
Class bird     Iteration 120  54.52sample/s
Class bird acc = 0.7657
Evaluating class boat: 3/20
Class boat     Iteration 40   51.49sample/s
Class boat     Iteration 80   49.73sample/s
Class boat     Iteration 120  62.03sample/s
Class boat acc = 0.7862
Evaluating class bottle: 4/20
Class bottle   Iteration 40   50.18sample/s
Class bottle   Iteration 80   54.26sample/s
Class bottle   Iteration 120  59.81sample/s
Class bottle acc = 0.8877
Evaluating class bus: 5/20
Class bus      Iteration 40   46.71sample/s
Class bus      Iteration 80   53.45sample/s
Class bus      Iteration 120  60.97sample/s
Class bus acc = 0.9409
Evaluating class car: 6/20
Class car      Iteration 40   40.80sample/s
Class car      Iteration 80   53.02sample/s
Class car      Iteration 120  42.65sample/s
Class car acc = 0.9026
Evaluating class cat: 7/20
Class cat      Iteration 40   47.77sample/s
Class cat      Iteration 80   60.90sample/s
Class cat      Iteration 120  54.90sample/s
Class cat acc = 0.8401
Evaluating class chair: 8/20
Class chair    Iteration 40   51.21sample/s
Class chair    Iteration 80   61.62sample/s
Class chair    Iteration 120  51.88sample/s
Class chair acc = 0.6653
Evaluating class cow: 9/20
Class cow      Iteration 40   41.22sample/s
Class cow      Iteration 80   51.19sample/s
Class cow      Iteration 120  43.84sample/s
Class cow acc = 0.8193
Evaluating class diningtable: 10/20
Class diningtable Iteration 40   42.27sample/s
Class diningtable Iteration 80   49.18sample/s
Class diningtable Iteration 120  44.25sample/s
Class diningtable acc = 0.9379
Evaluating class dog: 11/20
Class dog      Iteration 40   40.30sample/s
Class dog      Iteration 80   44.40sample/s
Class dog      Iteration 120  44.31sample/s
Class dog acc = 0.8164
Evaluating class horse: 12/20
Class horse    Iteration 40   38.07sample/s
Class horse    Iteration 80   41.73sample/s
Class horse    Iteration 120  56.75sample/s
Class horse acc = 0.8121
Evaluating class motorbike: 13/20
Class motorbike Iteration 40   40.01sample/s
Class motorbike Iteration 80   30.65sample/s
Class motorbike Iteration 120  34.66sample/s
Class motorbike acc = 0.8288
Evaluating class person: 14/20
Class person   Iteration 40   31.77sample/s
Class person   Iteration 80   33.51sample/s
Class person   Iteration 120  32.56sample/s
Class person acc = 0.6818
Evaluating class pottedplant: 15/20
Class pottedplant Iteration 40   30.34sample/s
Class pottedplant Iteration 80   30.50sample/s
Class pottedplant Iteration 120  31.57sample/s
Class pottedplant acc = 0.9805
Evaluating class sheep: 16/20
Class sheep    Iteration 40   25.10sample/s
Class sheep    Iteration 80   21.82sample/s
Class sheep    Iteration 120  21.92sample/s
Class sheep acc = 0.7702
Evaluating class sofa: 17/20
Class sofa     Iteration 40   21.12sample/s
Class sofa     Iteration 80   21.86sample/s
Class sofa     Iteration 120  23.00sample/s
Class sofa acc = 0.8460
Evaluating class train: 18/20
Class train    Iteration 40   15.30sample/s
Class train    Iteration 80   16.23sample/s
Class train    Iteration 120  18.21sample/s
Class train acc = 0.9657
Evaluating class tvmonitor: 19/20
Class tvmonitor Iteration 40   18.54sample/s
Class tvmonitor Iteration 80   16.76sample/s
Class tvmonitor Iteration 120  28.08sample/s
Class tvmonitor acc = 0.9603
Evaluation complete in 9m 15s
Matching accuracy
aeroplane = 0.6409
bicycle = 0.7824
bird = 0.7657
boat = 0.7862
bottle = 0.8877
bus = 0.9409
car = 0.9026
cat = 0.8401
chair = 0.6653
cow = 0.8193
diningtable = 0.9379
dog = 0.8164
horse = 0.8121
motorbike = 0.8288
person = 0.6818
pottedplant = 0.9805
sheep = 0.7702
sofa = 0.8460
train = 0.9657
tvmonitor = 0.9603
average = 0.8315
Epoch 5/6
----------
lr = 1.50e-07, 5.00e-06
Epoch 5/6: 100%|██████████| 2000/2000 [07:43<00:00,  4.31it/s, loss=1.8127, acc=0.8796]
epoch loss: 1.8389001535847782, epoch accuracy: 0.8795981653761165
completed in 463.63s (7.73m)
Start evaluation...
Evaluating class aeroplane: 0/20
Class aeroplane Iteration 40   46.39sample/s
Class aeroplane Iteration 80   42.03sample/s
Class aeroplane Iteration 120  47.11sample/s
Class aeroplane acc = 0.6420
Evaluating class bicycle: 1/20
Class bicycle  Iteration 40   47.31sample/s
Class bicycle  Iteration 80   45.95sample/s
Class bicycle  Iteration 120  47.18sample/s
Class bicycle acc = 0.7860
Evaluating class bird: 2/20
Class bird     Iteration 40   42.46sample/s
Class bird     Iteration 80   42.73sample/s
Class bird     Iteration 120  42.28sample/s
Class bird acc = 0.7649
Evaluating class boat: 3/20
Class boat     Iteration 40   46.97sample/s
Class boat     Iteration 80   41.83sample/s
Class boat     Iteration 120  46.18sample/s
Class boat acc = 0.7872
Evaluating class bottle: 4/20
Class bottle   Iteration 40   54.42sample/s
Class bottle   Iteration 80   49.89sample/s
Class bottle   Iteration 120  50.26sample/s
Class bottle acc = 0.8877
Evaluating class bus: 5/20
Class bus      Iteration 40   50.35sample/s
Class bus      Iteration 80   51.33sample/s
Class bus      Iteration 120  50.60sample/s
Class bus acc = 0.9414
Evaluating class car: 6/20
Class car      Iteration 40   41.34sample/s
Class car      Iteration 80   45.80sample/s
Class car      Iteration 120  39.61sample/s
Class car acc = 0.9014
Evaluating class cat: 7/20
Class cat      Iteration 40   45.06sample/s
Class cat      Iteration 80   48.71sample/s
Class cat      Iteration 120  51.47sample/s
Class cat acc = 0.8396
Evaluating class chair: 8/20
Class chair    Iteration 40   44.05sample/s
Class chair    Iteration 80   46.57sample/s
Class chair    Iteration 120  47.42sample/s
Class chair acc = 0.6715
Evaluating class cow: 9/20
Class cow      Iteration 40   47.82sample/s
Class cow      Iteration 80   46.43sample/s
Class cow      Iteration 120  44.06sample/s
Class cow acc = 0.8232
Evaluating class diningtable: 10/20
Class diningtable Iteration 40   48.15sample/s
Class diningtable Iteration 80   47.03sample/s
Class diningtable Iteration 120  47.57sample/s
Class diningtable acc = 0.9084
Evaluating class dog: 11/20
Class dog      Iteration 40   41.90sample/s
Class dog      Iteration 80   49.58sample/s
Class dog      Iteration 120  45.12sample/s
Class dog acc = 0.8159
Evaluating class horse: 12/20
Class horse    Iteration 40   39.19sample/s
Class horse    Iteration 80   52.08sample/s
Class horse    Iteration 120  47.03sample/s
Class horse acc = 0.8162
Evaluating class motorbike: 13/20
Class motorbike Iteration 40   49.29sample/s
Class motorbike Iteration 80   49.06sample/s
Class motorbike Iteration 120  50.97sample/s
Class motorbike acc = 0.8294
Evaluating class person: 14/20
Class person   Iteration 40   52.57sample/s
Class person   Iteration 80   50.87sample/s
Class person   Iteration 120  53.05sample/s
Class person acc = 0.6859
Evaluating class pottedplant: 15/20
Class pottedplant Iteration 40   49.11sample/s
Class pottedplant Iteration 80   49.75sample/s
Class pottedplant Iteration 120  52.79sample/s
Class pottedplant acc = 0.9811
Evaluating class sheep: 16/20
Class sheep    Iteration 40   37.73sample/s
Class sheep    Iteration 80   38.03sample/s
Class sheep    Iteration 120  44.15sample/s
Class sheep acc = 0.7722
Evaluating class sofa: 17/20
Class sofa     Iteration 40   57.72sample/s
Class sofa     Iteration 80   56.45sample/s
Class sofa     Iteration 120  57.12sample/s
Class sofa acc = 0.8206
Evaluating class train: 18/20
Class train    Iteration 40   37.23sample/s
Class train    Iteration 80   43.09sample/s
Class train    Iteration 120  48.08sample/s
Class train acc = 0.9674
Evaluating class tvmonitor: 19/20
Class tvmonitor Iteration 40   55.34sample/s
Class tvmonitor Iteration 80   57.22sample/s
Class tvmonitor Iteration 120  67.86sample/s
Class tvmonitor acc = 0.9603
Evaluation complete in 7m 4s
Matching accuracy
aeroplane = 0.6420
bicycle = 0.7860
bird = 0.7649
boat = 0.7872
bottle = 0.8877
bus = 0.9414
car = 0.9014
cat = 0.8396
chair = 0.6715
cow = 0.8232
diningtable = 0.9084
dog = 0.8159
horse = 0.8162
motorbike = 0.8294
person = 0.6859
pottedplant = 0.9811
sheep = 0.7722
sofa = 0.8206
train = 0.9674
tvmonitor = 0.9603
average = 0.8301
Epoch 6/6
----------
lr = 1.50e-07, 5.00e-06
Epoch 6/6: 100%|██████████| 2000/2000 [07:43<00:00,  4.32it/s, loss=1.8888, acc=0.8821]
epoch loss: 1.8265827535688877, epoch accuracy: 0.8820568240597059
completed in 463.23s (7.72m)
Start evaluation...
Evaluating class aeroplane: 0/20
Class aeroplane Iteration 40   41.41sample/s
Class aeroplane Iteration 80   38.96sample/s
Class aeroplane Iteration 120  44.51sample/s
Class aeroplane acc = 0.6422
Evaluating class bicycle: 1/20
Class bicycle  Iteration 40   47.29sample/s
Class bicycle  Iteration 80   42.94sample/s
Class bicycle  Iteration 120  42.09sample/s
Class bicycle acc = 0.7880
Evaluating class bird: 2/20
Class bird     Iteration 40   36.90sample/s
Class bird     Iteration 80   36.98sample/s
Class bird     Iteration 120  37.23sample/s
Class bird acc = 0.7672
Evaluating class boat: 3/20
Class boat     Iteration 40   46.73sample/s
Class boat     Iteration 80   38.28sample/s
Class boat     Iteration 120  43.12sample/s
Class boat acc = 0.7853
Evaluating class bottle: 4/20
Class bottle   Iteration 40   45.30sample/s
Class bottle   Iteration 80   43.45sample/s
Class bottle   Iteration 120  40.85sample/s
Class bottle acc = 0.8887
Evaluating class bus: 5/20
Class bus      Iteration 40   41.23sample/s
Class bus      Iteration 80   43.38sample/s
Class bus      Iteration 120  44.45sample/s
Class bus acc = 0.9423
Evaluating class car: 6/20
Class car      Iteration 40   35.34sample/s
Class car      Iteration 80   36.92sample/s
Class car      Iteration 120  40.44sample/s
Class car acc = 0.9010
Evaluating class cat: 7/20
Class cat      Iteration 40   41.09sample/s
Class cat      Iteration 80   43.76sample/s
Class cat      Iteration 120  47.13sample/s
Class cat acc = 0.8399
Evaluating class chair: 8/20
Class chair    Iteration 40   52.58sample/s
Class chair    Iteration 80   47.50sample/s
Class chair    Iteration 120  51.10sample/s
Class chair acc = 0.6724
Evaluating class cow: 9/20
Class cow      Iteration 40   48.07sample/s
Class cow      Iteration 80   49.98sample/s
Class cow      Iteration 120  53.00sample/s
Class cow acc = 0.8278
Evaluating class diningtable: 10/20
Class diningtable Iteration 40   50.85sample/s
Class diningtable Iteration 80   64.77sample/s
Class diningtable Iteration 120  54.10sample/s
Class diningtable acc = 0.9084
Evaluating class dog: 11/20
Class dog      Iteration 40   47.06sample/s
Class dog      Iteration 80   58.44sample/s
Class dog      Iteration 120  55.36sample/s
Class dog acc = 0.8185
Evaluating class horse: 12/20
Class horse    Iteration 40   61.00sample/s
Class horse    Iteration 80   58.35sample/s
Class horse    Iteration 120  61.41sample/s
Class horse acc = 0.8181
Evaluating class motorbike: 13/20
Class motorbike Iteration 40   58.26sample/s
Class motorbike Iteration 80   54.60sample/s
Class motorbike Iteration 120  56.80sample/s
Class motorbike acc = 0.8304
Evaluating class person: 14/20
Class person   Iteration 40   46.97sample/s
Class person   Iteration 80   32.76sample/s
Class person   Iteration 120  32.48sample/s
Class person acc = 0.6887
Evaluating class pottedplant: 15/20
Class pottedplant Iteration 40   28.70sample/s
Class pottedplant Iteration 80   31.29sample/s
Class pottedplant Iteration 120  31.61sample/s
Class pottedplant acc = 0.9803
Evaluating class sheep: 16/20
Class sheep    Iteration 40   22.35sample/s
Class sheep    Iteration 80   23.37sample/s
Class sheep    Iteration 120  25.14sample/s
Class sheep acc = 0.7738
Evaluating class sofa: 17/20
Class sofa     Iteration 40   30.10sample/s
Class sofa     Iteration 80   31.80sample/s
Class sofa     Iteration 120  31.90sample/s
Class sofa acc = 0.8229
Evaluating class train: 18/20
Class train    Iteration 40   20.56sample/s
Class train    Iteration 80   24.36sample/s
Class train    Iteration 120  23.90sample/s
Class train acc = 0.9657
Evaluating class tvmonitor: 19/20
Class tvmonitor Iteration 40   25.94sample/s
Class tvmonitor Iteration 80   27.42sample/s
Class tvmonitor Iteration 120  32.89sample/s
Class tvmonitor acc = 0.9554
Evaluation complete in 8m 39s
Matching accuracy
aeroplane = 0.6422
bicycle = 0.7880
bird = 0.7672
boat = 0.7853
bottle = 0.8887
bus = 0.9423
car = 0.9010
cat = 0.8399
chair = 0.6724
cow = 0.8278
diningtable = 0.9084
dog = 0.8185
horse = 0.8181
motorbike = 0.8304
person = 0.6887
pottedplant = 0.9803
sheep = 0.7738
sofa = 0.8229
train = 0.9657
tvmonitor = 0.9554
average = 0.8309
[1;34mwandb[0m: 
[1;34mwandb[0m: You can sync this run to the cloud by running:
[1;34mwandb[0m: [1mwandb sync /scratch/hpc-prf-llmrout/hpcabpo/nmt/wandb/wandb/offline-run-20260923_042123-34dyy2ei[0m
[1;34mwandb[0m: Find logs at: [1;35m../../../../../../scratch/hpc-prf-llmrout/hpcabpo/nmt/wandb/wandb/offline-run-20260923_042123-34dyy2ei/logs[0m
