CPU_SET_HEX_STR_SIZE: 257, Size of mstr: 257
cpu-bind=MASK - gpu1002, task  0  0 [3309865]: mask |--------|--------|--------|BBBBBBBB|--------|--------|----BBBB|--------|--------|BBBB----|--------|--------||||--------|--------|--------|--------|--------|--------|--------|--------|--------|--------|--------|--------| set
job=3378359 node=gpu1002 gpu=NVIDIA H100 config=/scratch/hpc-prf-llmrout/hpcabpo/nmt/runs/configs/voc_rational_seed1.json wandb=offline
dataset=PascalVOC backbone=vgg16 image_size=256 conv=rational model_dir=/scratch/hpc-prf-llmrout/hpcabpo/nmt/runs/voc_vgg16/rational_seed1
{
    "BACKBONE": "vgg16",
    "BACKBONE_DIR": "/scratch/hpc-prf-llmrout/hpcabpo/nmt/checkpoints",
    "BATCH_SIZE": 8,
    "CACHE_PATH": "/scratch/hpc-prf-llmrout/hpcabpo/nmt/cache/voc_db",
    "DATASET_NAME": "PascalVOC",
    "EVAL": {
        "SAMPLES": 1000,
        "difficulty_params": {},
        "num_graphs_in_matching_instance": 2
    },
    "IMAGE_SIZE": 256,
    "Matching_TF": {
        "activation": "relu",
        "batch_norm": true,
        "d_model": 648,
        "nGPT_mlp_hidden_mult": 6,
        "n_decoder": 4,
        "n_encoder": 4,
        "n_head": 12,
        "n_lap_EigVec": 8,
        "pos_encoding": false
    },
    "NORM_MEANS": [
        0.485,
        0.456,
        0.406
    ],
    "NORM_STD": [
        0.229,
        0.224,
        0.225
    ],
    "RANDOM_SEED": 1,
    "SPLINE_CNN": {
        "aggr": "max",
        "conv": "rational",
        "degrees": [
            5,
            4
        ],
        "dim": 2,
        "init": "spline",
        "init_noise": 0.001,
        "input_features": 1024,
        "kernel_size": 5,
        "num_bases": 0,
        "output_features": 648,
        "poly": "chebyshev",
        "pyg_init": true,
        "rational_basis": "product",
        "safe": "B",
        "vp": false
    },
    "SPair": {
        "CLASSES": [
            "aeroplane",
            "bicycle",
            "bird",
            "boat",
            "boat",
            "bottle",
            "bus",
            "car",
            "cat",
            "chair",
            "cow",
            "dog",
            "horse",
            "motorbike",
            "person",
            "pottedplant",
            "sheep",
            "train",
            "tvmonitor"
        ],
        "ROOT_DIR": "./data/downloaded/SPair-71k",
        "size": "large"
    },
    "STATISTIC_STEP": 1,
    "TRACK_GRAD_NORM": false,
    "TRAIN": {
        "EPOCH_ITERS": 2000,
        "LR": 0.0005,
        "_comment_epochs": "Identical budget to the SPair-71k sweep so the two NMT columns are comparable: lr_schedule long_halving5 defines 12 epochs, max_epochs stops after 7, and both LR drops (epochs 2 and 5) still happen.",
        "clip_norm": 0,
        "cutmix_beta": 1.0,
        "cutmix_prob": 0.3,
        "difficulty_params": {},
        "layer_loss_param": 0.3,
        "lr_schedule": "long_halving5",
        "max_epochs": 7,
        "mixup_alpha": 0.8,
        "mixup_prob": 0.3,
        "num_graphs_in_matching_instance": 2,
        "random_erasing_prob": 0.3,
        "temperature": 0.1,
        "weight_decay": 0
    },
    "USE_SYNTHETIC": false,
    "VOC2011": {
        "CLASSES": [
            "aeroplane",
            "bicycle",
            "bird",
            "boat",
            "bottle",
            "bus",
            "car",
            "cat",
            "chair",
            "cow",
            "diningtable",
            "dog",
            "horse",
            "motorbike",
            "person",
            "pottedplant",
            "sheep",
            "sofa",
            "train",
            "tvmonitor"
        ],
        "KPT_ANNO_DIR": "/pc2/groups/hpc-prf-llmrout/hpcabpo/rational-basis-cnn/data/PascalVOC/raw/annotations/",
        "ROOT_DIR": "/pc2/groups/hpc-prf-llmrout/hpcabpo/rational-basis-cnn/data/PascalVOC/raw/images/",
        "SET_SPLIT": "/pc2/groups/hpc-prf-llmrout/hpcabpo/rational-basis-cnn/data/PascalVOC/raw/splits.npz"
    },
    "WILLOW": {
        "CLASSES": [
            "Car",
            "Duck",
            "Face",
            "Motorbike",
            "Winebottle"
        ],
        "KPT_LEN": 10,
        "ROOT_DIR": "./data/downloaded/WILLOW/WILLOW-ObjectClass",
        "TRAIN_NUM": 20,
        "TRAIN_OFFSET": 0
    },
    "_comment_batch_size": "BATCH_SIZE is deliberately NOT overridden here. voc_basic.json sets 8, which is NMT's own PascalVOC recipe; the claim being tested is that only the SplineConv layer changes, so the host recipe is left alone. spair_vgg16.json sets 5 because no author-provided SPair recipe existed.",
    "_comment_cache": "data/pascal_voc.py writes a filtered-xml pickle to cfg.CACHE_PATH. The default 'data/cache' is repo-relative, i.e. inside the 50 GB HOME quota, and group storage is read-only inside jobs, so it is redirected to scratch.",
    "_comment_paths": "ROOT_DIR must end in a slash: data/pascal_voc.py builds the image and annotation directories by string concatenation (cfg.VOC2011.ROOT_DIR + 'JPEGImages'). SET_SPLIT points at the split shipped with the shared PascalVOC tree; see NMT_VOC_ROOT in hpc/env.sh for why voc2011_pairs.npz is not required.",
    "_generated_by": "slurm/make_config.py rational 1 (voc)",
    "combine_classes": false,
    "default_json": "experiments/voc_basic.json",
    "eval_sampling": "intersection",
    "evaluate_only": false,
    "exclude_willow_classes": false,
    "keep_last_checkpoint_only": true,
    "log_dir": "runs/",
    "model_dir": "/scratch/hpc-prf-llmrout/hpcabpo/nmt/runs/voc_vgg16/rational_seed1",
    "save_checkpoint": true,
    "train_sampling": "intersection",
    "visualization_params": {
        "produce_pdf": false,
        "reduced_vis": true
    },
    "visualize": false,
    "warmstart_path": null
}
wandb: Tracking run with wandb version 0.30.0
wandb: W&B syncing is set to `offline` in this directory. Run `wandb online` or set WANDB_MODE=online to enable cloud syncing.
wandb: Run data is saved locally in /scratch/hpc-prf-llmrout/hpcabpo/nmt/wandb/wandb/offline-run-20260923_030405-5fs4s5ve
wandb: View this run in the terminal with `wandb leet`
xml list loaded from /scratch/hpc-prf-llmrout/hpcabpo/nmt/cache/voc_db/voc_db_train.pkl
TRUE EPOCHS:  False
16000
Initializing train-set. Randomly sampling 16000 examples.
/pc2/groups/hpc-prf-llmrout/hpcabpo/nmt/conda/envs/nmt/lib/python3.12/site-packages/albumentations/core/composition.py:331: UserWarning: Got processor for keypoints, but no transform to process it.
  self._set_keys()
xml list loaded from /scratch/hpc-prf-llmrout/hpcabpo/nmt/cache/voc_db/voc_db_test.pkl
TRUE EPOCHS:  False
1000
Initializing test-set. Randomly sampling 1000 examples.
/pc2/groups/hpc-prf-llmrout/hpcabpo/nmt/conda/envs/nmt/lib/python3.12/site-packages/torchvision/models/_utils.py:208: UserWarning: The parameter 'pretrained' is deprecated since 0.13 and may be removed in the future, please use 'weights' instead.
  warnings.warn(
/pc2/groups/hpc-prf-llmrout/hpcabpo/nmt/conda/envs/nmt/lib/python3.12/site-packages/torchvision/models/_utils.py:223: UserWarning: Arguments other than a weight enum or `None` for 'weights' are deprecated since 0.13 and may be removed in the future. The current behavior is equivalent to passing `weights=VGG16_Weights.IMAGENET1K_V1`. You can also use `weights=VGG16_Weights.DEFAULT` to get the most up-to-date weights.
  warnings.warn(msg)
stopping after 7 epochs (cfg.TRAIN.max_epochs; schedule 'long_halving5' defines 12)
Start training...
NMT model on device: cuda:0
Epoch 0/6
----------
lr = 1.50e-05, 5.00e-04
Epoch 0/6:   0%|          | 0/2000 [00:00<?, ?it/s]/pc2/groups/hpc-prf-llmrout/hpcabpo/nmt/conda/envs/nmt/lib/python3.12/site-packages/torch_geometric/utils/_scatter.py:91: UserWarning: The usage of `scatter(reduce='max')` can be accelerated via the 'torch-scatter' package, but it was not found
  warnings.warn(
[rank0]:[W923 03:04:10.672765388 reducer.cpp:1528] Warning: find_unused_parameters=True was specified in DDP constructor, but did not find any unused parameters in the forward pass. This flag results in an extra traversal of the autograd graph every iteration,  which can adversely affect performance. If your model indeed never has any unused parameters in the forward pass, consider turning this flag off. Note that this warning may be a false positive if your model has flow control causing later iterations to have unused parameters. (function operator())
Epoch 0/6: 100%|██████████| 2000/2000 [07:36<00:00,  4.38it/s, loss=3.0008, acc=0.6801]
epoch loss: 3.2891054349839686, epoch accuracy: 0.680106100795756
completed in 456.38s (7.61m)
Start evaluation...
Evaluating class aeroplane: 0/20
Class aeroplane Iteration 40   103.07sample/s
Class aeroplane Iteration 80   104.66sample/s
Class aeroplane Iteration 120  120.37sample/s
Class aeroplane acc = 0.5382
Evaluating class bicycle: 1/20
Class bicycle  Iteration 40   104.18sample/s
Class bicycle  Iteration 80   115.19sample/s
Class bicycle  Iteration 120  118.96sample/s
Class bicycle acc = 0.7694
Evaluating class bird: 2/20
Class bird     Iteration 40   91.98sample/s
Class bird     Iteration 80   102.85sample/s
Class bird     Iteration 120  112.02sample/s
Class bird acc = 0.7250
Evaluating class boat: 3/20
Class boat     Iteration 40   99.26sample/s
Class boat     Iteration 80   105.57sample/s
Class boat     Iteration 120  112.42sample/s
Class boat acc = 0.7495
Evaluating class bottle: 4/20
Class bottle   Iteration 40   102.26sample/s
Class bottle   Iteration 80   113.23sample/s
Class bottle   Iteration 120  109.04sample/s
Class bottle acc = 0.8594
Evaluating class bus: 5/20
Class bus      Iteration 40   97.84sample/s
Class bus      Iteration 80   113.68sample/s
Class bus      Iteration 120  118.18sample/s
Class bus acc = 0.8877
Evaluating class car: 6/20
Class car      Iteration 40   87.82sample/s
Class car      Iteration 80   100.51sample/s
Class car      Iteration 120  98.38sample/s
Class car acc = 0.8118
Evaluating class cat: 7/20
Class cat      Iteration 40   91.77sample/s
Class cat      Iteration 80   104.11sample/s
Class cat      Iteration 120  119.60sample/s
Class cat acc = 0.7911
Evaluating class chair: 8/20
Class chair    Iteration 40   101.82sample/s
Class chair    Iteration 80   113.17sample/s
Class chair    Iteration 120  116.16sample/s
Class chair acc = 0.5376
Evaluating class cow: 9/20
Class cow      Iteration 40   97.48sample/s
Class cow      Iteration 80   111.49sample/s
Class cow      Iteration 120  106.25sample/s
Class cow acc = 0.7625
Evaluating class diningtable: 10/20
Class diningtable Iteration 40   88.79sample/s
Class diningtable Iteration 80   112.30sample/s
Class diningtable Iteration 120  108.07sample/s
Class diningtable acc = 0.8066
Evaluating class dog: 11/20
Class dog      Iteration 40   89.14sample/s
Class dog      Iteration 80   97.93sample/s
Class dog      Iteration 120  98.98sample/s
Class dog acc = 0.7644
Evaluating class horse: 12/20
Class horse    Iteration 40   91.60sample/s
Class horse    Iteration 80   99.47sample/s
Class horse    Iteration 120  101.33sample/s
Class horse acc = 0.7651
Evaluating class motorbike: 13/20
Class motorbike Iteration 40   91.09sample/s
Class motorbike Iteration 80   100.02sample/s
Class motorbike Iteration 120  103.18sample/s
Class motorbike acc = 0.7644
Evaluating class person: 14/20
Class person   Iteration 40   92.04sample/s
Class person   Iteration 80   98.19sample/s
Class person   Iteration 120  95.90sample/s
Class person acc = 0.5857
Evaluating class pottedplant: 15/20
Class pottedplant Iteration 40   92.44sample/s
Class pottedplant Iteration 80   102.77sample/s
Class pottedplant Iteration 120  107.30sample/s
Class pottedplant acc = 0.9809
Evaluating class sheep: 16/20
Class sheep    Iteration 40   69.28sample/s
Class sheep    Iteration 80   77.74sample/s
Class sheep    Iteration 120  93.14sample/s
Class sheep acc = 0.7332
Evaluating class sofa: 17/20
Class sofa     Iteration 40   93.47sample/s
Class sofa     Iteration 80   108.47sample/s
Class sofa     Iteration 120  113.02sample/s
Class sofa acc = 0.7158
Evaluating class train: 18/20
Class train    Iteration 40   66.59sample/s
Class train    Iteration 80   78.00sample/s
Class train    Iteration 120  93.04sample/s
Class train acc = 0.9705
Evaluating class tvmonitor: 19/20
Class tvmonitor Iteration 40   85.11sample/s
Class tvmonitor Iteration 80   102.34sample/s
Class tvmonitor Iteration 120  102.70sample/s
Class tvmonitor acc = 0.9618
Evaluation complete in 3m 19s
Matching accuracy
aeroplane = 0.5382
bicycle = 0.7694
bird = 0.7250
boat = 0.7495
bottle = 0.8594
bus = 0.8877
car = 0.8118
cat = 0.7911
chair = 0.5376
cow = 0.7625
diningtable = 0.8066
dog = 0.7644
horse = 0.7651
motorbike = 0.7644
person = 0.5857
pottedplant = 0.9809
sheep = 0.7332
sofa = 0.7158
train = 0.9705
tvmonitor = 0.9618
average = 0.7740
Epoch 1/6
----------
lr = 1.50e-05, 5.00e-04
Epoch 1/6: 100%|██████████| 2000/2000 [07:41<00:00,  4.34it/s, loss=2.2672, acc=0.7980]
epoch loss: 2.415740618556738, epoch accuracy: 0.7980260347997251
completed in 461.36s (7.69m)
Start evaluation...
Evaluating class aeroplane: 0/20
Class aeroplane Iteration 40   103.00sample/s
Class aeroplane Iteration 80   103.18sample/s
Class aeroplane Iteration 120  124.69sample/s
Class aeroplane acc = 0.5907
Evaluating class bicycle: 1/20
Class bicycle  Iteration 40   103.17sample/s
Class bicycle  Iteration 80   118.68sample/s
Class bicycle  Iteration 120  116.42sample/s
Class bicycle acc = 0.7660
Evaluating class bird: 2/20
Class bird     Iteration 40   93.08sample/s
Class bird     Iteration 80   103.92sample/s
Class bird     Iteration 120  109.57sample/s
Class bird acc = 0.7480
Evaluating class boat: 3/20
Class boat     Iteration 40   101.34sample/s
Class boat     Iteration 80   104.74sample/s
Class boat     Iteration 120  119.42sample/s
Class boat acc = 0.7629
Evaluating class bottle: 4/20
Class bottle   Iteration 40   99.72sample/s
Class bottle   Iteration 80   115.37sample/s
Class bottle   Iteration 120  115.36sample/s
Class bottle acc = 0.8718
Evaluating class bus: 5/20
Class bus      Iteration 40   97.25sample/s
Class bus      Iteration 80   115.37sample/s
Class bus      Iteration 120  113.65sample/s
Class bus acc = 0.9253
Evaluating class car: 6/20
Class car      Iteration 40   85.35sample/s
Class car      Iteration 80   100.92sample/s
Class car      Iteration 120  96.67sample/s
Class car acc = 0.8486
Evaluating class cat: 7/20
Class cat      Iteration 40   100.07sample/s
Class cat      Iteration 80   113.68sample/s
Class cat      Iteration 120  117.58sample/s
Class cat acc = 0.8128
Evaluating class chair: 8/20
Class chair    Iteration 40   99.55sample/s
Class chair    Iteration 80   111.09sample/s
Class chair    Iteration 120  113.32sample/s
Class chair acc = 0.5817
Evaluating class cow: 9/20
Class cow      Iteration 40   98.89sample/s
Class cow      Iteration 80   116.93sample/s
Class cow      Iteration 120  116.98sample/s
Class cow acc = 0.7921
Evaluating class diningtable: 10/20
Class diningtable Iteration 40   103.84sample/s
Class diningtable Iteration 80   117.23sample/s
Class diningtable Iteration 120  123.71sample/s
Class diningtable acc = 0.8713
Evaluating class dog: 11/20
Class dog      Iteration 40   98.49sample/s
Class dog      Iteration 80   108.66sample/s
Class dog      Iteration 120  115.40sample/s
Class dog acc = 0.7833
Evaluating class horse: 12/20
Class horse    Iteration 40   96.48sample/s
Class horse    Iteration 80   96.79sample/s
Class horse    Iteration 120  118.90sample/s
Class horse acc = 0.7965
Evaluating class motorbike: 13/20
Class motorbike Iteration 40   102.51sample/s
Class motorbike Iteration 80   106.67sample/s
Class motorbike Iteration 120  115.72sample/s
Class motorbike acc = 0.8362
Evaluating class person: 14/20
Class person   Iteration 40   101.36sample/s
Class person   Iteration 80   114.22sample/s
Class person   Iteration 120  115.54sample/s
Class person acc = 0.6110
Evaluating class pottedplant: 15/20
Class pottedplant Iteration 40   103.83sample/s
Class pottedplant Iteration 80   118.32sample/s
Class pottedplant Iteration 120  114.65sample/s
Class pottedplant acc = 0.9726
Evaluating class sheep: 16/20
Class sheep    Iteration 40   77.97sample/s
Class sheep    Iteration 80   86.29sample/s
Class sheep    Iteration 120  102.18sample/s
Class sheep acc = 0.7583
Evaluating class sofa: 17/20
Class sofa     Iteration 40   103.79sample/s
Class sofa     Iteration 80   117.25sample/s
Class sofa     Iteration 120  118.22sample/s
Class sofa acc = 0.7716
Evaluating class train: 18/20
Class train    Iteration 40   74.40sample/s
Class train    Iteration 80   91.63sample/s
Class train    Iteration 120  97.79sample/s
Class train acc = 0.9752
Evaluating class tvmonitor: 19/20
Class tvmonitor Iteration 40   90.01sample/s
Class tvmonitor Iteration 80   108.66sample/s
Class tvmonitor Iteration 120  112.61sample/s
Class tvmonitor acc = 0.9667
Evaluation complete in 3m 8s
Matching accuracy
aeroplane = 0.5907
bicycle = 0.7660
bird = 0.7480
boat = 0.7629
bottle = 0.8718
bus = 0.9253
car = 0.8486
cat = 0.8128
chair = 0.5817
cow = 0.7921
diningtable = 0.8713
dog = 0.7833
horse = 0.7965
motorbike = 0.8362
person = 0.6110
pottedplant = 0.9726
sheep = 0.7583
sofa = 0.7716
train = 0.9752
tvmonitor = 0.9667
average = 0.8021
Epoch 2/6
----------
lr = 1.50e-06, 5.00e-05
Epoch 2/6: 100%|██████████| 2000/2000 [07:37<00:00,  4.38it/s, loss=2.5890, acc=0.8458]
epoch loss: 2.0748338910341264, epoch accuracy: 0.8458182020306826
completed in 457.05s (7.62m)
Start evaluation...
Evaluating class aeroplane: 0/20
Class aeroplane Iteration 40   97.10sample/s
Class aeroplane Iteration 80   98.33sample/s
Class aeroplane Iteration 120  106.11sample/s
Class aeroplane acc = 0.6278
Evaluating class bicycle: 1/20
Class bicycle  Iteration 40   88.63sample/s
Class bicycle  Iteration 80   107.23sample/s
Class bicycle  Iteration 120  106.99sample/s
Class bicycle acc = 0.8039
Evaluating class bird: 2/20
Class bird     Iteration 40   76.79sample/s
Class bird     Iteration 80   88.25sample/s
Class bird     Iteration 120  98.73sample/s
Class bird acc = 0.7815
Evaluating class boat: 3/20
Class boat     Iteration 40   88.86sample/s
Class boat     Iteration 80   91.72sample/s
Class boat     Iteration 120  104.28sample/s
Class boat acc = 0.7689
Evaluating class bottle: 4/20
Class bottle   Iteration 40   93.29sample/s
Class bottle   Iteration 80   97.23sample/s
Class bottle   Iteration 120  92.12sample/s
Class bottle acc = 0.8712
Evaluating class bus: 5/20
Class bus      Iteration 40   83.74sample/s
Class bus      Iteration 80   95.17sample/s
Class bus      Iteration 120  102.21sample/s
Class bus acc = 0.9348
Evaluating class car: 6/20
Class car      Iteration 40   71.29sample/s
Class car      Iteration 80   90.73sample/s
Class car      Iteration 120  87.55sample/s
Class car acc = 0.8765
Evaluating class cat: 7/20
Class cat      Iteration 40   82.78sample/s
Class cat      Iteration 80   96.21sample/s
Class cat      Iteration 120  104.06sample/s
Class cat acc = 0.8373
Evaluating class chair: 8/20
Class chair    Iteration 40   86.38sample/s
Class chair    Iteration 80   97.75sample/s
Class chair    Iteration 120  100.62sample/s
Class chair acc = 0.6238
Evaluating class cow: 9/20
Class cow      Iteration 40   90.26sample/s
Class cow      Iteration 80   102.33sample/s
Class cow      Iteration 120  100.17sample/s
Class cow acc = 0.8175
Evaluating class diningtable: 10/20
Class diningtable Iteration 40   89.11sample/s
Class diningtable Iteration 80   112.93sample/s
Class diningtable Iteration 120  100.94sample/s
Class diningtable acc = 0.9732
Evaluating class dog: 11/20
Class dog      Iteration 40   85.62sample/s
Class dog      Iteration 80   93.76sample/s
Class dog      Iteration 120  97.94sample/s
Class dog acc = 0.8067
Evaluating class horse: 12/20
Class horse    Iteration 40   84.33sample/s
Class horse    Iteration 80   98.11sample/s
Class horse    Iteration 120  104.92sample/s
Class horse acc = 0.8155
Evaluating class motorbike: 13/20
Class motorbike Iteration 40   83.64sample/s
Class motorbike Iteration 80   95.11sample/s
Class motorbike Iteration 120  106.78sample/s
Class motorbike acc = 0.8371
Evaluating class person: 14/20
Class person   Iteration 40   86.82sample/s
Class person   Iteration 80   98.41sample/s
Class person   Iteration 120  97.36sample/s
Class person acc = 0.6741
Evaluating class pottedplant: 15/20
Class pottedplant Iteration 40   91.87sample/s
Class pottedplant Iteration 80   107.30sample/s
Class pottedplant Iteration 120  111.58sample/s
Class pottedplant acc = 0.9789
Evaluating class sheep: 16/20
Class sheep    Iteration 40   72.77sample/s
Class sheep    Iteration 80   80.15sample/s
Class sheep    Iteration 120  92.24sample/s
Class sheep acc = 0.7828
Evaluating class sofa: 17/20
Class sofa     Iteration 40   94.62sample/s
Class sofa     Iteration 80   112.80sample/s
Class sofa     Iteration 120  105.01sample/s
Class sofa acc = 0.8219
Evaluating class train: 18/20
Class train    Iteration 40   75.66sample/s
Class train    Iteration 80   81.09sample/s
Class train    Iteration 120  89.88sample/s
Class train acc = 0.9816
Evaluating class tvmonitor: 19/20
Class tvmonitor Iteration 40   89.45sample/s
Class tvmonitor Iteration 80   101.72sample/s
Class tvmonitor Iteration 120  108.54sample/s
Class tvmonitor acc = 0.9594
Evaluation complete in 3m 31s
Matching accuracy
aeroplane = 0.6278
bicycle = 0.8039
bird = 0.7815
boat = 0.7689
bottle = 0.8712
bus = 0.9348
car = 0.8765
cat = 0.8373
chair = 0.6238
cow = 0.8175
diningtable = 0.9732
dog = 0.8067
horse = 0.8155
motorbike = 0.8371
person = 0.6741
pottedplant = 0.9789
sheep = 0.7828
sofa = 0.8219
train = 0.9816
tvmonitor = 0.9594
average = 0.8287
Epoch 3/6
----------
lr = 1.50e-06, 5.00e-05
Epoch 3/6: 100%|██████████| 2000/2000 [07:40<00:00,  4.34it/s, loss=2.2166, acc=0.8714]
epoch loss: 1.8974571297802032, epoch accuracy: 0.8713912221171497
completed in 460.40s (7.67m)
Start evaluation...
Evaluating class aeroplane: 0/20
Class aeroplane Iteration 40   97.26sample/s
Class aeroplane Iteration 80   108.48sample/s
Class aeroplane Iteration 120  115.99sample/s
Class aeroplane acc = 0.6386
Evaluating class bicycle: 1/20
Class bicycle  Iteration 40   107.49sample/s
Class bicycle  Iteration 80   118.75sample/s
Class bicycle  Iteration 120  118.64sample/s
Class bicycle acc = 0.8075
Evaluating class bird: 2/20
Class bird     Iteration 40   93.24sample/s
Class bird     Iteration 80   104.83sample/s
Class bird     Iteration 120  115.14sample/s
Class bird acc = 0.7887
Evaluating class boat: 3/20
Class boat     Iteration 40   98.58sample/s
Class boat     Iteration 80   103.30sample/s
Class boat     Iteration 120  123.65sample/s
Class boat acc = 0.7709
Evaluating class bottle: 4/20
Class bottle   Iteration 40   102.27sample/s
Class bottle   Iteration 80   118.28sample/s
Class bottle   Iteration 120  117.56sample/s
Class bottle acc = 0.8677
Evaluating class bus: 5/20
Class bus      Iteration 40   101.93sample/s
Class bus      Iteration 80   117.65sample/s
Class bus      Iteration 120  119.61sample/s
Class bus acc = 0.9348
Evaluating class car: 6/20
Class car      Iteration 40   86.03sample/s
Class car      Iteration 80   104.53sample/s
Class car      Iteration 120  100.93sample/s
Class car acc = 0.8837
Evaluating class cat: 7/20
Class cat      Iteration 40   94.05sample/s
Class cat      Iteration 80   111.78sample/s
Class cat      Iteration 120  121.63sample/s
Class cat acc = 0.8482
Evaluating class chair: 8/20
Class chair    Iteration 40   106.21sample/s
Class chair    Iteration 80   121.59sample/s
Class chair    Iteration 120  119.47sample/s
Class chair acc = 0.6629
Evaluating class cow: 9/20
Class cow      Iteration 40   100.16sample/s
Class cow      Iteration 80   118.41sample/s
Class cow      Iteration 120  115.38sample/s
Class cow acc = 0.8280
Evaluating class diningtable: 10/20
Class diningtable Iteration 40   106.46sample/s
Class diningtable Iteration 80   116.79sample/s
Class diningtable Iteration 120  112.44sample/s
Class diningtable acc = 0.9659
Evaluating class dog: 11/20
Class dog      Iteration 40   101.24sample/s
Class dog      Iteration 80   112.72sample/s
Class dog      Iteration 120  118.17sample/s
Class dog acc = 0.8119
Evaluating class horse: 12/20
Class horse    Iteration 40   98.27sample/s
Class horse    Iteration 80   113.73sample/s
Class horse    Iteration 120  121.78sample/s
Class horse acc = 0.8244
Evaluating class motorbike: 13/20
Class motorbike Iteration 40   102.36sample/s
Class motorbike Iteration 80   111.49sample/s
Class motorbike Iteration 120  112.42sample/s
Class motorbike acc = 0.8553
Evaluating class person: 14/20
Class person   Iteration 40   93.89sample/s
Class person   Iteration 80   117.45sample/s
Class person   Iteration 120  117.45sample/s
Class person acc = 0.6784
Evaluating class pottedplant: 15/20
Class pottedplant Iteration 40   100.38sample/s
Class pottedplant Iteration 80   114.53sample/s
Class pottedplant Iteration 120  116.81sample/s
Class pottedplant acc = 0.9815
Evaluating class sheep: 16/20
Class sheep    Iteration 40   79.99sample/s
Class sheep    Iteration 80   82.89sample/s
Class sheep    Iteration 120  98.36sample/s
Class sheep acc = 0.7807
Evaluating class sofa: 17/20
Class sofa     Iteration 40   101.93sample/s
Class sofa     Iteration 80   103.49sample/s
Class sofa     Iteration 120  113.52sample/s
Class sofa acc = 0.8359
Evaluating class train: 18/20
Class train    Iteration 40   76.72sample/s
Class train    Iteration 80   91.68sample/s
Class train    Iteration 120  100.87sample/s
Class train acc = 0.9819
Evaluating class tvmonitor: 19/20
Class tvmonitor Iteration 40   98.90sample/s
Class tvmonitor Iteration 80   111.69sample/s
Class tvmonitor Iteration 120  120.68sample/s
Class tvmonitor acc = 0.9615
Evaluation complete in 3m 6s
Matching accuracy
aeroplane = 0.6386
bicycle = 0.8075
bird = 0.7887
boat = 0.7709
bottle = 0.8677
bus = 0.9348
car = 0.8837
cat = 0.8482
chair = 0.6629
cow = 0.8280
diningtable = 0.9659
dog = 0.8119
horse = 0.8244
motorbike = 0.8553
person = 0.6784
pottedplant = 0.9815
sheep = 0.7807
sofa = 0.8359
train = 0.9819
tvmonitor = 0.9615
average = 0.8354
Epoch 4/6
----------
lr = 1.50e-06, 5.00e-05
Epoch 4/6: 100%|██████████| 2000/2000 [07:42<00:00,  4.33it/s, loss=2.4148, acc=0.8836]
epoch loss: 1.8175976813435555, epoch accuracy: 0.8835664529480238
completed in 462.41s (7.71m)
Start evaluation...
Evaluating class aeroplane: 0/20
Class aeroplane Iteration 40   83.72sample/s
Class aeroplane Iteration 80   92.32sample/s
Class aeroplane Iteration 120  107.22sample/s
Class aeroplane acc = 0.6473
Evaluating class bicycle: 1/20
Class bicycle  Iteration 40   88.96sample/s
Class bicycle  Iteration 80   95.14sample/s
Class bicycle  Iteration 120  94.62sample/s
Class bicycle acc = 0.8028
Evaluating class bird: 2/20
Class bird     Iteration 40   80.55sample/s
Class bird     Iteration 80   81.13sample/s
Class bird     Iteration 120  92.75sample/s
Class bird acc = 0.7899
Evaluating class boat: 3/20
Class boat     Iteration 40   86.41sample/s
Class boat     Iteration 80   93.66sample/s
Class boat     Iteration 120  106.46sample/s
Class boat acc = 0.7674
Evaluating class bottle: 4/20
Class bottle   Iteration 40   89.99sample/s
Class bottle   Iteration 80   98.47sample/s
Class bottle   Iteration 120  97.35sample/s
Class bottle acc = 0.8744
Evaluating class bus: 5/20
Class bus      Iteration 40   89.20sample/s
Class bus      Iteration 80   96.17sample/s
Class bus      Iteration 120  105.32sample/s
Class bus acc = 0.9341
Evaluating class car: 6/20
Class car      Iteration 40   73.73sample/s
Class car      Iteration 80   91.94sample/s
Class car      Iteration 120  86.79sample/s
Class car acc = 0.8955
Evaluating class cat: 7/20
Class cat      Iteration 40   89.73sample/s
Class cat      Iteration 80   91.98sample/s
Class cat      Iteration 120  105.42sample/s
Class cat acc = 0.8480
Evaluating class chair: 8/20
Class chair    Iteration 40   89.68sample/s
Class chair    Iteration 80   101.85sample/s
Class chair    Iteration 120  105.02sample/s
Class chair acc = 0.6843
Evaluating class cow: 9/20
Class cow      Iteration 40   90.62sample/s
Class cow      Iteration 80   103.13sample/s
Class cow      Iteration 120  105.44sample/s
Class cow acc = 0.8310
Evaluating class diningtable: 10/20
Class diningtable Iteration 40   89.45sample/s
Class diningtable Iteration 80   102.53sample/s
Class diningtable Iteration 120  96.59sample/s
Class diningtable acc = 0.9646
Evaluating class dog: 11/20
Class dog      Iteration 40   92.76sample/s
Class dog      Iteration 80   98.91sample/s
Class dog      Iteration 120  112.59sample/s
Class dog acc = 0.8151
Evaluating class horse: 12/20
Class horse    Iteration 40   90.45sample/s
Class horse    Iteration 80   97.43sample/s
Class horse    Iteration 120  109.75sample/s
Class horse acc = 0.8260
Evaluating class motorbike: 13/20
Class motorbike Iteration 40   95.36sample/s
Class motorbike Iteration 80   102.34sample/s
Class motorbike Iteration 120  100.35sample/s
Class motorbike acc = 0.8480
Evaluating class person: 14/20
Class person   Iteration 40   97.19sample/s
Class person   Iteration 80   108.19sample/s
Class person   Iteration 120  107.03sample/s
Class person acc = 0.6834
Evaluating class pottedplant: 15/20
Class pottedplant Iteration 40   96.37sample/s
Class pottedplant Iteration 80   115.32sample/s
Class pottedplant Iteration 120  109.63sample/s
Class pottedplant acc = 0.9785
Evaluating class sheep: 16/20
Class sheep    Iteration 40   76.15sample/s
Class sheep    Iteration 80   78.96sample/s
Class sheep    Iteration 120  94.09sample/s
Class sheep acc = 0.7803
Evaluating class sofa: 17/20
Class sofa     Iteration 40   94.24sample/s
Class sofa     Iteration 80   109.40sample/s
Class sofa     Iteration 120  116.73sample/s
Class sofa acc = 0.8251
Evaluating class train: 18/20
Class train    Iteration 40   69.89sample/s
Class train    Iteration 80   84.70sample/s
Class train    Iteration 120  95.58sample/s
Class train acc = 0.9796
Evaluating class tvmonitor: 19/20
Class tvmonitor Iteration 40   86.23sample/s
Class tvmonitor Iteration 80   96.28sample/s
Class tvmonitor Iteration 120  112.75sample/s
Class tvmonitor acc = 0.9583
Evaluation complete in 3m 28s
Matching accuracy
aeroplane = 0.6473
bicycle = 0.8028
bird = 0.7899
boat = 0.7674
bottle = 0.8744
bus = 0.9341
car = 0.8955
cat = 0.8480
chair = 0.6843
cow = 0.8310
diningtable = 0.9646
dog = 0.8151
horse = 0.8260
motorbike = 0.8480
person = 0.6834
pottedplant = 0.9785
sheep = 0.7803
sofa = 0.8251
train = 0.9796
tvmonitor = 0.9583
average = 0.8367
Epoch 5/6
----------
lr = 1.50e-07, 5.00e-06
Epoch 5/6: 100%|██████████| 2000/2000 [07:41<00:00,  4.34it/s, loss=1.4288, acc=0.8873]
epoch loss: 1.8041454101800918, epoch accuracy: 0.8873304377495597
completed in 461.04s (7.68m)
Start evaluation...
Evaluating class aeroplane: 0/20
Class aeroplane Iteration 40   98.20sample/s
Class aeroplane Iteration 80   103.93sample/s
Class aeroplane Iteration 120  116.86sample/s
Class aeroplane acc = 0.6478
Evaluating class bicycle: 1/20
Class bicycle  Iteration 40   98.71sample/s
Class bicycle  Iteration 80   108.40sample/s
Class bicycle  Iteration 120  104.38sample/s
Class bicycle acc = 0.7995
Evaluating class bird: 2/20
Class bird     Iteration 40   84.88sample/s
Class bird     Iteration 80   97.64sample/s
Class bird     Iteration 120  112.21sample/s
Class bird acc = 0.7908
Evaluating class boat: 3/20
Class boat     Iteration 40   100.64sample/s
Class boat     Iteration 80   101.84sample/s
Class boat     Iteration 120  115.75sample/s
Class boat acc = 0.7737
Evaluating class bottle: 4/20
Class bottle   Iteration 40   101.52sample/s
Class bottle   Iteration 80   113.65sample/s
Class bottle   Iteration 120  108.79sample/s
Class bottle acc = 0.8745
Evaluating class bus: 5/20
Class bus      Iteration 40   96.60sample/s
Class bus      Iteration 80   116.84sample/s
Class bus      Iteration 120  118.95sample/s
Class bus acc = 0.9364
Evaluating class car: 6/20
Class car      Iteration 40   88.59sample/s
Class car      Iteration 80   102.04sample/s
Class car      Iteration 120  99.59sample/s
Class car acc = 0.8955
Evaluating class cat: 7/20
Class cat      Iteration 40   97.84sample/s
Class cat      Iteration 80   109.07sample/s
Class cat      Iteration 120  119.92sample/s
Class cat acc = 0.8520
Evaluating class chair: 8/20
Class chair    Iteration 40   100.48sample/s
Class chair    Iteration 80   104.56sample/s
Class chair    Iteration 120  108.14sample/s
Class chair acc = 0.6868
Evaluating class cow: 9/20
Class cow      Iteration 40   98.63sample/s
Class cow      Iteration 80   113.69sample/s
Class cow      Iteration 120  110.23sample/s
Class cow acc = 0.8311
Evaluating class diningtable: 10/20
Class diningtable Iteration 40   102.02sample/s
Class diningtable Iteration 80   107.82sample/s
Class diningtable Iteration 120  111.66sample/s
Class diningtable acc = 0.9732
Evaluating class dog: 11/20
Class dog      Iteration 40   91.15sample/s
Class dog      Iteration 80   91.94sample/s
Class dog      Iteration 120  97.49sample/s
Class dog acc = 0.8144
Evaluating class horse: 12/20
Class horse    Iteration 40   86.61sample/s
Class horse    Iteration 80   98.18sample/s
Class horse    Iteration 120  102.49sample/s
Class horse acc = 0.8257
Evaluating class motorbike: 13/20
Class motorbike Iteration 40   89.72sample/s
Class motorbike Iteration 80   93.39sample/s
Class motorbike Iteration 120  105.45sample/s
Class motorbike acc = 0.8538
Evaluating class person: 14/20
Class person   Iteration 40   93.63sample/s
Class person   Iteration 80   105.38sample/s
Class person   Iteration 120  104.67sample/s
Class person acc = 0.6878
Evaluating class pottedplant: 15/20
Class pottedplant Iteration 40   96.76sample/s
Class pottedplant Iteration 80   110.46sample/s
Class pottedplant Iteration 120  109.15sample/s
Class pottedplant acc = 0.9827
Evaluating class sheep: 16/20
Class sheep    Iteration 40   77.51sample/s
Class sheep    Iteration 80   79.57sample/s
Class sheep    Iteration 120  97.27sample/s
Class sheep acc = 0.7797
Evaluating class sofa: 17/20
Class sofa     Iteration 40   99.66sample/s
Class sofa     Iteration 80   112.36sample/s
Class sofa     Iteration 120  109.29sample/s
Class sofa acc = 0.8169
Evaluating class train: 18/20
Class train    Iteration 40   70.91sample/s
Class train    Iteration 80   76.77sample/s
Class train    Iteration 120  96.83sample/s
Class train acc = 0.9836
Evaluating class tvmonitor: 19/20
Class tvmonitor Iteration 40   92.05sample/s
Class tvmonitor Iteration 80   97.92sample/s
Class tvmonitor Iteration 120  109.33sample/s
Class tvmonitor acc = 0.9594
Evaluation complete in 3m 17s
Matching accuracy
aeroplane = 0.6478
bicycle = 0.7995
bird = 0.7908
boat = 0.7737
bottle = 0.8745
bus = 0.9364
car = 0.8955
cat = 0.8520
chair = 0.6868
cow = 0.8311
diningtable = 0.9732
dog = 0.8144
horse = 0.8257
motorbike = 0.8538
person = 0.6878
pottedplant = 0.9827
sheep = 0.7797
sofa = 0.8169
train = 0.9836
tvmonitor = 0.9594
average = 0.8383
Epoch 6/6
----------
lr = 1.50e-07, 5.00e-06
Epoch 6/6: 100%|██████████| 2000/2000 [07:40<00:00,  4.35it/s, loss=2.8842, acc=0.8937]
epoch loss: 1.7561345402374864, epoch accuracy: 0.8936648431767733
completed in 460.27s (7.67m)
Start evaluation...
Evaluating class aeroplane: 0/20
Class aeroplane Iteration 40   93.94sample/s
Class aeroplane Iteration 80   93.09sample/s
Class aeroplane Iteration 120  111.31sample/s
Class aeroplane acc = 0.6472
Evaluating class bicycle: 1/20
Class bicycle  Iteration 40   91.24sample/s
Class bicycle  Iteration 80   103.08sample/s
Class bicycle  Iteration 120  98.98sample/s
Class bicycle acc = 0.8005
Evaluating class bird: 2/20
Class bird     Iteration 40   73.25sample/s
Class bird     Iteration 80   85.02sample/s
Class bird     Iteration 120  97.62sample/s
Class bird acc = 0.7918
Evaluating class boat: 3/20
Class boat     Iteration 40   88.67sample/s
Class boat     Iteration 80   89.17sample/s
Class boat     Iteration 120  103.02sample/s
Class boat acc = 0.7756
Evaluating class bottle: 4/20
Class bottle   Iteration 40   93.33sample/s
Class bottle   Iteration 80   100.19sample/s
Class bottle   Iteration 120  105.71sample/s
Class bottle acc = 0.8755
Evaluating class bus: 5/20
Class bus      Iteration 40   88.00sample/s
Class bus      Iteration 80   104.41sample/s
Class bus      Iteration 120  107.73sample/s
Class bus acc = 0.9380
Evaluating class car: 6/20
Class car      Iteration 40   77.66sample/s
Class car      Iteration 80   94.27sample/s
Class car      Iteration 120  90.92sample/s
Class car acc = 0.8957
Evaluating class cat: 7/20
Class cat      Iteration 40   90.15sample/s
Class cat      Iteration 80   103.51sample/s
Class cat      Iteration 120  108.08sample/s
Class cat acc = 0.8535
Evaluating class chair: 8/20
Class chair    Iteration 40   91.59sample/s
Class chair    Iteration 80   96.26sample/s
Class chair    Iteration 120  98.46sample/s
Class chair acc = 0.6907
Evaluating class cow: 9/20
Class cow      Iteration 40   90.19sample/s
Class cow      Iteration 80   102.57sample/s
Class cow      Iteration 120  101.34sample/s
Class cow acc = 0.8323
Evaluating class diningtable: 10/20
Class diningtable Iteration 40   95.60sample/s
Class diningtable Iteration 80   105.52sample/s
Class diningtable Iteration 120  108.63sample/s
Class diningtable acc = 0.9806
Evaluating class dog: 11/20
Class dog      Iteration 40   88.94sample/s
Class dog      Iteration 80   100.43sample/s
Class dog      Iteration 120  106.05sample/s
Class dog acc = 0.8153
Evaluating class horse: 12/20
Class horse    Iteration 40   89.57sample/s
Class horse    Iteration 80   96.73sample/s
Class horse    Iteration 120  105.59sample/s
Class horse acc = 0.8260
Evaluating class motorbike: 13/20
Class motorbike Iteration 40   90.87sample/s
Class motorbike Iteration 80   97.56sample/s
Class motorbike Iteration 120  101.66sample/s
Class motorbike acc = 0.8509
Evaluating class person: 14/20
Class person   Iteration 40   89.98sample/s
Class person   Iteration 80   105.78sample/s
Class person   Iteration 120  107.22sample/s
Class person acc = 0.6886
Evaluating class pottedplant: 15/20
Class pottedplant Iteration 40   94.15sample/s
Class pottedplant Iteration 80   99.10sample/s
Class pottedplant Iteration 120  100.30sample/s
Class pottedplant acc = 0.9839
Evaluating class sheep: 16/20
Class sheep    Iteration 40   70.76sample/s
Class sheep    Iteration 80   76.81sample/s
Class sheep    Iteration 120  87.97sample/s
Class sheep acc = 0.7807
Evaluating class sofa: 17/20
Class sofa     Iteration 40   97.36sample/s
Class sofa     Iteration 80   108.89sample/s
Class sofa     Iteration 120  104.94sample/s
Class sofa acc = 0.8169
Evaluating class train: 18/20
Class train    Iteration 40   67.51sample/s
Class train    Iteration 80   79.49sample/s
Class train    Iteration 120  87.63sample/s
Class train acc = 0.9849
Evaluating class tvmonitor: 19/20
Class tvmonitor Iteration 40   76.91sample/s
Class tvmonitor Iteration 80   75.61sample/s
Class tvmonitor Iteration 120  81.37sample/s
Class tvmonitor acc = 0.9594
Evaluation complete in 3m 31s
Matching accuracy
aeroplane = 0.6472
bicycle = 0.8005
bird = 0.7918
boat = 0.7756
bottle = 0.8755
bus = 0.9380
car = 0.8957
cat = 0.8535
chair = 0.6907
cow = 0.8323
diningtable = 0.9806
dog = 0.8153
horse = 0.8260
motorbike = 0.8509
person = 0.6886
pottedplant = 0.9839
sheep = 0.7807
sofa = 0.8169
train = 0.9849
tvmonitor = 0.9594
average = 0.8394
[1;34mwandb[0m: 
[1;34mwandb[0m: You can sync this run to the cloud by running:
[1;34mwandb[0m: [1mwandb sync /scratch/hpc-prf-llmrout/hpcabpo/nmt/wandb/wandb/offline-run-20260923_030405-5fs4s5ve[0m
[1;34mwandb[0m: Find logs at: [1;35m../../../../../../scratch/hpc-prf-llmrout/hpcabpo/nmt/wandb/wandb/offline-run-20260923_030405-5fs4s5ve/logs[0m
