CPU_SET_HEX_STR_SIZE: 257, Size of mstr: 257
cpu-bind=MASK - gpu1014, task  0  0 [3530216]: mask |B-------|BBBBBBBB|--------|--------|--------|--------|-----BBB|--------|--------|--------|BBBB----|--------||||--------|--------|--------|--------|--------|--------|--------|--------|--------|--------|--------|--------| set
job=3378351 node=gpu1014 gpu=NVIDIA H100 config=/scratch/hpc-prf-llmrout/hpcabpo/nmt/runs/configs/voc_spline_k3_seed3.json wandb=offline
dataset=PascalVOC backbone=vgg16 image_size=256 conv=spline model_dir=/scratch/hpc-prf-llmrout/hpcabpo/nmt/runs/voc_vgg16/spline_k3_seed3
{
    "BACKBONE": "vgg16",
    "BACKBONE_DIR": "/scratch/hpc-prf-llmrout/hpcabpo/nmt/checkpoints",
    "BATCH_SIZE": 8,
    "CACHE_PATH": "/scratch/hpc-prf-llmrout/hpcabpo/nmt/cache/voc_db",
    "DATASET_NAME": "PascalVOC",
    "EVAL": {
        "SAMPLES": 1000,
        "difficulty_params": {},
        "num_graphs_in_matching_instance": 2
    },
    "IMAGE_SIZE": 256,
    "Matching_TF": {
        "activation": "relu",
        "batch_norm": true,
        "d_model": 648,
        "nGPT_mlp_hidden_mult": 6,
        "n_decoder": 4,
        "n_encoder": 4,
        "n_head": 12,
        "n_lap_EigVec": 8,
        "pos_encoding": false
    },
    "NORM_MEANS": [
        0.485,
        0.456,
        0.406
    ],
    "NORM_STD": [
        0.229,
        0.224,
        0.225
    ],
    "RANDOM_SEED": 3,
    "SPLINE_CNN": {
        "aggr": "max",
        "conv": "spline",
        "degrees": [
            5,
            4
        ],
        "dim": 2,
        "init": "spline",
        "init_noise": 0.001,
        "input_features": 1024,
        "kernel_size": 3,
        "num_bases": 0,
        "output_features": 648,
        "poly": "chebyshev",
        "pyg_init": true,
        "rational_basis": "product",
        "safe": "B",
        "vp": false
    },
    "SPair": {
        "CLASSES": [
            "aeroplane",
            "bicycle",
            "bird",
            "boat",
            "boat",
            "bottle",
            "bus",
            "car",
            "cat",
            "chair",
            "cow",
            "dog",
            "horse",
            "motorbike",
            "person",
            "pottedplant",
            "sheep",
            "train",
            "tvmonitor"
        ],
        "ROOT_DIR": "./data/downloaded/SPair-71k",
        "size": "large"
    },
    "STATISTIC_STEP": 1,
    "TRACK_GRAD_NORM": false,
    "TRAIN": {
        "EPOCH_ITERS": 2000,
        "LR": 0.0005,
        "_comment_epochs": "Identical budget to the SPair-71k sweep so the two NMT columns are comparable: lr_schedule long_halving5 defines 12 epochs, max_epochs stops after 7, and both LR drops (epochs 2 and 5) still happen.",
        "clip_norm": 0,
        "cutmix_beta": 1.0,
        "cutmix_prob": 0.3,
        "difficulty_params": {},
        "layer_loss_param": 0.3,
        "lr_schedule": "long_halving5",
        "max_epochs": 7,
        "mixup_alpha": 0.8,
        "mixup_prob": 0.3,
        "num_graphs_in_matching_instance": 2,
        "random_erasing_prob": 0.3,
        "temperature": 0.1,
        "weight_decay": 0
    },
    "USE_SYNTHETIC": false,
    "VOC2011": {
        "CLASSES": [
            "aeroplane",
            "bicycle",
            "bird",
            "boat",
            "bottle",
            "bus",
            "car",
            "cat",
            "chair",
            "cow",
            "diningtable",
            "dog",
            "horse",
            "motorbike",
            "person",
            "pottedplant",
            "sheep",
            "sofa",
            "train",
            "tvmonitor"
        ],
        "KPT_ANNO_DIR": "/pc2/groups/hpc-prf-llmrout/hpcabpo/rational-basis-cnn/data/PascalVOC/raw/annotations/",
        "ROOT_DIR": "/pc2/groups/hpc-prf-llmrout/hpcabpo/rational-basis-cnn/data/PascalVOC/raw/images/",
        "SET_SPLIT": "/pc2/groups/hpc-prf-llmrout/hpcabpo/rational-basis-cnn/data/PascalVOC/raw/splits.npz"
    },
    "WILLOW": {
        "CLASSES": [
            "Car",
            "Duck",
            "Face",
            "Motorbike",
            "Winebottle"
        ],
        "KPT_LEN": 10,
        "ROOT_DIR": "./data/downloaded/WILLOW/WILLOW-ObjectClass",
        "TRAIN_NUM": 20,
        "TRAIN_OFFSET": 0
    },
    "_comment_batch_size": "BATCH_SIZE is deliberately NOT overridden here. voc_basic.json sets 8, which is NMT's own PascalVOC recipe; the claim being tested is that only the SplineConv layer changes, so the host recipe is left alone. spair_vgg16.json sets 5 because no author-provided SPair recipe existed.",
    "_comment_cache": "data/pascal_voc.py writes a filtered-xml pickle to cfg.CACHE_PATH. The default 'data/cache' is repo-relative, i.e. inside the 50 GB HOME quota, and group storage is read-only inside jobs, so it is redirected to scratch.",
    "_comment_paths": "ROOT_DIR must end in a slash: data/pascal_voc.py builds the image and annotation directories by string concatenation (cfg.VOC2011.ROOT_DIR + 'JPEGImages'). SET_SPLIT points at the split shipped with the shared PascalVOC tree; see NMT_VOC_ROOT in hpc/env.sh for why voc2011_pairs.npz is not required.",
    "_generated_by": "slurm/make_config.py spline_k3 3 (voc)",
    "combine_classes": false,
    "default_json": "experiments/voc_basic.json",
    "eval_sampling": "intersection",
    "evaluate_only": false,
    "exclude_willow_classes": false,
    "keep_last_checkpoint_only": true,
    "log_dir": "runs/",
    "model_dir": "/scratch/hpc-prf-llmrout/hpcabpo/nmt/runs/voc_vgg16/spline_k3_seed3",
    "save_checkpoint": true,
    "train_sampling": "intersection",
    "visualization_params": {
        "produce_pdf": false,
        "reduced_vis": true
    },
    "visualize": false,
    "warmstart_path": null
}
wandb: Tracking run with wandb version 0.30.0
wandb: W&B syncing is set to `offline` in this directory. Run `wandb online` or set WANDB_MODE=online to enable cloud syncing.
wandb: Run data is saved locally in /scratch/hpc-prf-llmrout/hpcabpo/nmt/wandb/wandb/offline-run-20260923_020111-hp0gx6t4
wandb: View this run in the terminal with `wandb leet`
xml list loaded from /scratch/hpc-prf-llmrout/hpcabpo/nmt/cache/voc_db/voc_db_train.pkl
TRUE EPOCHS:  False
16000
Initializing train-set. Randomly sampling 16000 examples.
/pc2/groups/hpc-prf-llmrout/hpcabpo/nmt/conda/envs/nmt/lib/python3.12/site-packages/albumentations/core/composition.py:331: UserWarning: Got processor for keypoints, but no transform to process it.
  self._set_keys()
xml list loaded from /scratch/hpc-prf-llmrout/hpcabpo/nmt/cache/voc_db/voc_db_test.pkl
TRUE EPOCHS:  False
1000
Initializing test-set. Randomly sampling 1000 examples.
/pc2/groups/hpc-prf-llmrout/hpcabpo/nmt/conda/envs/nmt/lib/python3.12/site-packages/torchvision/models/_utils.py:208: UserWarning: The parameter 'pretrained' is deprecated since 0.13 and may be removed in the future, please use 'weights' instead.
  warnings.warn(
/pc2/groups/hpc-prf-llmrout/hpcabpo/nmt/conda/envs/nmt/lib/python3.12/site-packages/torchvision/models/_utils.py:223: UserWarning: Arguments other than a weight enum or `None` for 'weights' are deprecated since 0.13 and may be removed in the future. The current behavior is equivalent to passing `weights=VGG16_Weights.IMAGENET1K_V1`. You can also use `weights=VGG16_Weights.DEFAULT` to get the most up-to-date weights.
  warnings.warn(msg)
stopping after 7 epochs (cfg.TRAIN.max_epochs; schedule 'long_halving5' defines 12)
Start training...
NMT model on device: cuda:0
Epoch 0/6
----------
lr = 1.50e-05, 5.00e-04
Epoch 0/6:   0%|          | 0/2000 [00:00<?, ?it/s]/pc2/groups/hpc-prf-llmrout/hpcabpo/nmt/conda/envs/nmt/lib/python3.12/site-packages/torch_geometric/utils/_scatter.py:91: UserWarning: The usage of `scatter(reduce='max')` can be accelerated via the 'torch-scatter' package, but it was not found
  warnings.warn(
[rank0]:[W923 02:01:15.605619657 reducer.cpp:1528] Warning: find_unused_parameters=True was specified in DDP constructor, but did not find any unused parameters in the forward pass. This flag results in an extra traversal of the autograd graph every iteration,  which can adversely affect performance. If your model indeed never has any unused parameters in the forward pass, consider turning this flag off. Note that this warning may be a false positive if your model has flow control causing later iterations to have unused parameters. (function operator())
Epoch 0/6: 100%|██████████| 2000/2000 [10:41<00:00,  3.12it/s, loss=2.2924, acc=0.6554]
epoch loss: 3.476569974452257, epoch accuracy: 0.6554306768508292
completed in 641.27s (10.69m)
Start evaluation...
Evaluating class aeroplane: 0/20
Class aeroplane Iteration 40   65.98sample/s
Class aeroplane Iteration 80   76.60sample/s
Class aeroplane Iteration 120  88.47sample/s
Class aeroplane acc = 0.5199
Evaluating class bicycle: 1/20
Class bicycle  Iteration 40   82.36sample/s
Class bicycle  Iteration 80   91.73sample/s
Class bicycle  Iteration 120  86.25sample/s
Class bicycle acc = 0.7549
Evaluating class bird: 2/20
Class bird     Iteration 40   71.58sample/s
Class bird     Iteration 80   80.59sample/s
Class bird     Iteration 120  82.79sample/s
Class bird acc = 0.7041
Evaluating class boat: 3/20
Class boat     Iteration 40   77.31sample/s
Class boat     Iteration 80   78.55sample/s
Class boat     Iteration 120  92.50sample/s
Class boat acc = 0.7280
Evaluating class bottle: 4/20
Class bottle   Iteration 40   80.79sample/s
Class bottle   Iteration 80   92.24sample/s
Class bottle   Iteration 120  89.08sample/s
Class bottle acc = 0.8550
Evaluating class bus: 5/20
Class bus      Iteration 40   73.34sample/s
Class bus      Iteration 80   90.34sample/s
Class bus      Iteration 120  82.34sample/s
Class bus acc = 0.9060
Evaluating class car: 6/20
Class car      Iteration 40   69.28sample/s
Class car      Iteration 80   74.45sample/s
Class car      Iteration 120  72.54sample/s
Class car acc = 0.8059
Evaluating class cat: 7/20
Class cat      Iteration 40   78.20sample/s
Class cat      Iteration 80   80.94sample/s
Class cat      Iteration 120  87.69sample/s
Class cat acc = 0.7778
Evaluating class chair: 8/20
Class chair    Iteration 40   77.44sample/s
Class chair    Iteration 80   92.52sample/s
Class chair    Iteration 120  79.86sample/s
Class chair acc = 0.4802
Evaluating class cow: 9/20
Class cow      Iteration 40   77.08sample/s
Class cow      Iteration 80   82.25sample/s
Class cow      Iteration 120  84.74sample/s
Class cow acc = 0.7357
Evaluating class diningtable: 10/20
Class diningtable Iteration 40   81.84sample/s
Class diningtable Iteration 80   91.37sample/s
Class diningtable Iteration 120  90.99sample/s
Class diningtable acc = 0.8168
Evaluating class dog: 11/20
Class dog      Iteration 40   73.07sample/s
Class dog      Iteration 80   80.85sample/s
Class dog      Iteration 120  76.50sample/s
Class dog acc = 0.7451
Evaluating class horse: 12/20
Class horse    Iteration 40   77.33sample/s
Class horse    Iteration 80   79.64sample/s
Class horse    Iteration 120  95.12sample/s
Class horse acc = 0.7824
Evaluating class motorbike: 13/20
Class motorbike Iteration 40   76.99sample/s
Class motorbike Iteration 80   84.95sample/s
Class motorbike Iteration 120  96.10sample/s
Class motorbike acc = 0.7381
Evaluating class person: 14/20
Class person   Iteration 40   71.44sample/s
Class person   Iteration 80   93.56sample/s
Class person   Iteration 120  85.10sample/s
Class person acc = 0.5543
Evaluating class pottedplant: 15/20
Class pottedplant Iteration 40   77.85sample/s
Class pottedplant Iteration 80   83.91sample/s
Class pottedplant Iteration 120  78.58sample/s
Class pottedplant acc = 0.9803
Evaluating class sheep: 16/20
Class sheep    Iteration 40   57.11sample/s
Class sheep    Iteration 80   59.25sample/s
Class sheep    Iteration 120  70.32sample/s
Class sheep acc = 0.7321
Evaluating class sofa: 17/20
Class sofa     Iteration 40   80.08sample/s
Class sofa     Iteration 80   87.65sample/s
Class sofa     Iteration 120  81.79sample/s
Class sofa acc = 0.6418
Evaluating class train: 18/20
Class train    Iteration 40   53.56sample/s
Class train    Iteration 80   63.94sample/s
Class train    Iteration 120  70.69sample/s
Class train acc = 0.9657
Evaluating class tvmonitor: 19/20
Class tvmonitor Iteration 40   74.52sample/s
Class tvmonitor Iteration 80   74.09sample/s
Class tvmonitor Iteration 120  90.00sample/s
Class tvmonitor acc = 0.9600
Evaluation complete in 4m 11s
Matching accuracy
aeroplane = 0.5199
bicycle = 0.7549
bird = 0.7041
boat = 0.7280
bottle = 0.8550
bus = 0.9060
car = 0.8059
cat = 0.7778
chair = 0.4802
cow = 0.7357
diningtable = 0.8168
dog = 0.7451
horse = 0.7824
motorbike = 0.7381
person = 0.5543
pottedplant = 0.9803
sheep = 0.7321
sofa = 0.6418
train = 0.9657
tvmonitor = 0.9600
average = 0.7592
Epoch 1/6
----------
lr = 1.50e-05, 5.00e-04
Epoch 1/6: 100%|██████████| 2000/2000 [09:37<00:00,  3.46it/s, loss=3.4249, acc=0.7726]
epoch loss: 2.5939291929304598, epoch accuracy: 0.7725627435409703
completed in 577.71s (9.63m)
Start evaluation...
Evaluating class aeroplane: 0/20
Class aeroplane Iteration 40   49.08sample/s
Class aeroplane Iteration 80   54.54sample/s
Class aeroplane Iteration 120  54.01sample/s
Class aeroplane acc = 0.5646
Evaluating class bicycle: 1/20
Class bicycle  Iteration 40   50.64sample/s
Class bicycle  Iteration 80   56.36sample/s
Class bicycle  Iteration 120  67.53sample/s
Class bicycle acc = 0.7855
Evaluating class bird: 2/20
Class bird     Iteration 40   44.12sample/s
Class bird     Iteration 80   52.51sample/s
Class bird     Iteration 120  55.17sample/s
Class bird acc = 0.7412
Evaluating class boat: 3/20
Class boat     Iteration 40   49.61sample/s
Class boat     Iteration 80   50.35sample/s
Class boat     Iteration 120  56.00sample/s
Class boat acc = 0.7528
Evaluating class bottle: 4/20
Class bottle   Iteration 40   48.35sample/s
Class bottle   Iteration 80   56.10sample/s
Class bottle   Iteration 120  52.90sample/s
Class bottle acc = 0.8636
Evaluating class bus: 5/20
Class bus      Iteration 40   51.76sample/s
Class bus      Iteration 80   71.05sample/s
Class bus      Iteration 120  76.87sample/s
Class bus acc = 0.9257
Evaluating class car: 6/20
Class car      Iteration 40   56.96sample/s
Class car      Iteration 80   72.12sample/s
Class car      Iteration 120  61.22sample/s
Class car acc = 0.8682
Evaluating class cat: 7/20
Class cat      Iteration 40   63.05sample/s
Class cat      Iteration 80   59.64sample/s
Class cat      Iteration 120  69.09sample/s
Class cat acc = 0.8001
Evaluating class chair: 8/20
Class chair    Iteration 40   68.90sample/s
Class chair    Iteration 80   76.28sample/s
Class chair    Iteration 120  76.69sample/s
Class chair acc = 0.5015
Evaluating class cow: 9/20
Class cow      Iteration 40   65.61sample/s
Class cow      Iteration 80   80.18sample/s
Class cow      Iteration 120  80.65sample/s
Class cow acc = 0.7546
Evaluating class diningtable: 10/20
Class diningtable Iteration 40   76.21sample/s
Class diningtable Iteration 80   92.40sample/s
Class diningtable Iteration 120  79.32sample/s
Class diningtable acc = 0.9166
Evaluating class dog: 11/20
Class dog      Iteration 40   77.18sample/s
Class dog      Iteration 80   78.62sample/s
Class dog      Iteration 120  83.96sample/s
Class dog acc = 0.7681
Evaluating class horse: 12/20
Class horse    Iteration 40   76.08sample/s
Class horse    Iteration 80   80.23sample/s
Class horse    Iteration 120  92.52sample/s
Class horse acc = 0.7962
Evaluating class motorbike: 13/20
Class motorbike Iteration 40   78.86sample/s
Class motorbike Iteration 80   96.60sample/s
Class motorbike Iteration 120  88.88sample/s
Class motorbike acc = 0.7790
Evaluating class person: 14/20
Class person   Iteration 40   80.92sample/s
Class person   Iteration 80   87.23sample/s
Class person   Iteration 120  85.17sample/s
Class person acc = 0.6249
Evaluating class pottedplant: 15/20
Class pottedplant Iteration 40   81.11sample/s
Class pottedplant Iteration 80   90.48sample/s
Class pottedplant Iteration 120  91.98sample/s
Class pottedplant acc = 0.9811
Evaluating class sheep: 16/20
Class sheep    Iteration 40   66.13sample/s
Class sheep    Iteration 80   68.20sample/s
Class sheep    Iteration 120  75.64sample/s
Class sheep acc = 0.7587
Evaluating class sofa: 17/20
Class sofa     Iteration 40   76.16sample/s
Class sofa     Iteration 80   58.39sample/s
Class sofa     Iteration 120  81.58sample/s
Class sofa acc = 0.7280
Evaluating class train: 18/20
Class train    Iteration 40   57.14sample/s
Class train    Iteration 80   67.64sample/s
Class train    Iteration 120  73.48sample/s
Class train acc = 0.9698
Evaluating class tvmonitor: 19/20
Class tvmonitor Iteration 40   75.82sample/s
Class tvmonitor Iteration 80   82.72sample/s
Class tvmonitor Iteration 120  95.82sample/s
Class tvmonitor acc = 0.9625
Evaluation complete in 4m 54s
Matching accuracy
aeroplane = 0.5646
bicycle = 0.7855
bird = 0.7412
boat = 0.7528
bottle = 0.8636
bus = 0.9257
car = 0.8682
cat = 0.8001
chair = 0.5015
cow = 0.7546
diningtable = 0.9166
dog = 0.7681
horse = 0.7962
motorbike = 0.7790
person = 0.6249
pottedplant = 0.9811
sheep = 0.7587
sofa = 0.7280
train = 0.9698
tvmonitor = 0.9625
average = 0.7921
Epoch 2/6
----------
lr = 1.50e-06, 5.00e-05
Epoch 2/6: 100%|██████████| 2000/2000 [11:42<00:00,  2.85it/s, loss=2.0252, acc=0.8200]
epoch loss: 2.188061177626252, epoch accuracy: 0.8199605894923816
completed in 702.05s (11.70m)
Start evaluation...
Evaluating class aeroplane: 0/20
Class aeroplane Iteration 40   45.81sample/s
Class aeroplane Iteration 80   42.59sample/s
Class aeroplane Iteration 120  45.02sample/s
Class aeroplane acc = 0.6044
Evaluating class bicycle: 1/20
Class bicycle  Iteration 40   44.85sample/s
Class bicycle  Iteration 80   46.44sample/s
Class bicycle  Iteration 120  42.84sample/s
Class bicycle acc = 0.7939
Evaluating class bird: 2/20
Class bird     Iteration 40   40.24sample/s
Class bird     Iteration 80   39.48sample/s
Class bird     Iteration 120  41.26sample/s
Class bird acc = 0.7674
Evaluating class boat: 3/20
Class boat     Iteration 40   42.74sample/s
Class boat     Iteration 80   49.11sample/s
Class boat     Iteration 120  46.20sample/s
Class boat acc = 0.7818
Evaluating class bottle: 4/20
Class bottle   Iteration 40   45.15sample/s
Class bottle   Iteration 80   68.54sample/s
Class bottle   Iteration 120  40.62sample/s
Class bottle acc = 0.8766
Evaluating class bus: 5/20
Class bus      Iteration 40   34.25sample/s
Class bus      Iteration 80   43.18sample/s
Class bus      Iteration 120  43.85sample/s
Class bus acc = 0.9321
Evaluating class car: 6/20
Class car      Iteration 40   29.69sample/s
Class car      Iteration 80   39.95sample/s
Class car      Iteration 120  37.73sample/s
Class car acc = 0.8762
Evaluating class cat: 7/20
Class cat      Iteration 40   40.29sample/s
Class cat      Iteration 80   50.53sample/s
Class cat      Iteration 120  47.13sample/s
Class cat acc = 0.8276
Evaluating class chair: 8/20
Class chair    Iteration 40   43.92sample/s
Class chair    Iteration 80   53.39sample/s
Class chair    Iteration 120  47.46sample/s
Class chair acc = 0.5582
Evaluating class cow: 9/20
Class cow      Iteration 40   41.61sample/s
Class cow      Iteration 80   50.39sample/s
Class cow      Iteration 120  44.14sample/s
Class cow acc = 0.8023
Evaluating class diningtable: 10/20
Class diningtable Iteration 40   44.03sample/s
Class diningtable Iteration 80   50.97sample/s
Class diningtable Iteration 120  51.07sample/s
Class diningtable acc = 0.9166
Evaluating class dog: 11/20
Class dog      Iteration 40   41.79sample/s
Class dog      Iteration 80   42.21sample/s
Class dog      Iteration 120  53.36sample/s
Class dog acc = 0.7991
Evaluating class horse: 12/20
Class horse    Iteration 40   40.19sample/s
Class horse    Iteration 80   42.98sample/s
Class horse    Iteration 120  52.95sample/s
Class horse acc = 0.8054
Evaluating class motorbike: 13/20
Class motorbike Iteration 40   40.52sample/s
Class motorbike Iteration 80   43.81sample/s
Class motorbike Iteration 120  51.48sample/s
Class motorbike acc = 0.8032
Evaluating class person: 14/20
Class person   Iteration 40   43.72sample/s
Class person   Iteration 80   46.36sample/s
Class person   Iteration 120  52.37sample/s
Class person acc = 0.6727
Evaluating class pottedplant: 15/20
Class pottedplant Iteration 40   43.06sample/s
Class pottedplant Iteration 80   45.55sample/s
Class pottedplant Iteration 120  48.01sample/s
Class pottedplant acc = 0.9807
Evaluating class sheep: 16/20
Class sheep    Iteration 40   32.23sample/s
Class sheep    Iteration 80   37.51sample/s
Class sheep    Iteration 120  36.89sample/s
Class sheep acc = 0.7633
Evaluating class sofa: 17/20
Class sofa     Iteration 40   41.86sample/s
Class sofa     Iteration 80   52.86sample/s
Class sofa     Iteration 120  45.35sample/s
Class sofa acc = 0.8047
Evaluating class train: 18/20
Class train    Iteration 40   28.17sample/s
Class train    Iteration 80   35.85sample/s
Class train    Iteration 120  35.17sample/s
Class train acc = 0.9718
Evaluating class tvmonitor: 19/20
Class tvmonitor Iteration 40   41.79sample/s
Class tvmonitor Iteration 80   39.90sample/s
Class tvmonitor Iteration 120  45.76sample/s
Class tvmonitor acc = 0.9636
Evaluation complete in 7m 48s
Matching accuracy
aeroplane = 0.6044
bicycle = 0.7939
bird = 0.7674
boat = 0.7818
bottle = 0.8766
bus = 0.9321
car = 0.8762
cat = 0.8276
chair = 0.5582
cow = 0.8023
diningtable = 0.9166
dog = 0.7991
horse = 0.8054
motorbike = 0.8032
person = 0.6727
pottedplant = 0.9807
sheep = 0.7633
sofa = 0.8047
train = 0.9718
tvmonitor = 0.9636
average = 0.8151
Epoch 3/6
----------
lr = 1.50e-06, 5.00e-05
Epoch 3/6: 100%|██████████| 2000/2000 [11:42<00:00,  2.85it/s, loss=2.1568, acc=0.8390]
epoch loss: 2.075171241030097, epoch accuracy: 0.8390475396008861
completed in 702.54s (11.71m)
Start evaluation...
Evaluating class aeroplane: 0/20
Class aeroplane Iteration 40   45.30sample/s
Class aeroplane Iteration 80   45.85sample/s
Class aeroplane Iteration 120  61.22sample/s
Class aeroplane acc = 0.6254
Evaluating class bicycle: 1/20
Class bicycle  Iteration 40   58.30sample/s
Class bicycle  Iteration 80   59.30sample/s
Class bicycle  Iteration 120  62.89sample/s
Class bicycle acc = 0.7906
Evaluating class bird: 2/20
Class bird     Iteration 40   53.60sample/s
Class bird     Iteration 80   57.97sample/s
Class bird     Iteration 120  56.73sample/s
Class bird acc = 0.7672
Evaluating class boat: 3/20
Class boat     Iteration 40   79.69sample/s
Class boat     Iteration 80   57.63sample/s
Class boat     Iteration 120  44.49sample/s
Class boat acc = 0.7758
Evaluating class bottle: 4/20
Class bottle   Iteration 40   41.87sample/s
Class bottle   Iteration 80   49.61sample/s
Class bottle   Iteration 120  45.16sample/s
Class bottle acc = 0.8788
Evaluating class bus: 5/20
Class bus      Iteration 40   40.24sample/s
Class bus      Iteration 80   50.74sample/s
Class bus      Iteration 120  44.26sample/s
Class bus acc = 0.9343
Evaluating class car: 6/20
Class car      Iteration 40   36.39sample/s
Class car      Iteration 80   47.70sample/s
Class car      Iteration 120  36.57sample/s
Class car acc = 0.8912
Evaluating class cat: 7/20
Class cat      Iteration 40   42.72sample/s
Class cat      Iteration 80   52.66sample/s
Class cat      Iteration 120  48.29sample/s
Class cat acc = 0.8306
Evaluating class chair: 8/20
Class chair    Iteration 40   43.38sample/s
Class chair    Iteration 80   50.04sample/s
Class chair    Iteration 120  48.48sample/s
Class chair acc = 0.5893
Evaluating class cow: 9/20
Class cow      Iteration 40   41.14sample/s
Class cow      Iteration 80   52.15sample/s
Class cow      Iteration 120  45.08sample/s
Class cow acc = 0.8106
Evaluating class diningtable: 10/20
Class diningtable Iteration 40   44.24sample/s
Class diningtable Iteration 80   55.96sample/s
Class diningtable Iteration 120  48.80sample/s
Class diningtable acc = 0.9557
Evaluating class dog: 11/20
Class dog      Iteration 40   41.24sample/s
Class dog      Iteration 80   49.95sample/s
Class dog      Iteration 120  45.76sample/s
Class dog acc = 0.8047
Evaluating class horse: 12/20
Class horse    Iteration 40   38.54sample/s
Class horse    Iteration 80   47.28sample/s
Class horse    Iteration 120  46.25sample/s
Class horse acc = 0.8121
Evaluating class motorbike: 13/20
Class motorbike Iteration 40   42.83sample/s
Class motorbike Iteration 80   51.55sample/s
Class motorbike Iteration 120  46.89sample/s
Class motorbike acc = 0.8132
Evaluating class person: 14/20
Class person   Iteration 40   43.87sample/s
Class person   Iteration 80   53.54sample/s
Class person   Iteration 120  47.72sample/s
Class person acc = 0.6812
Evaluating class pottedplant: 15/20
Class pottedplant Iteration 40   44.52sample/s
Class pottedplant Iteration 80   52.73sample/s
Class pottedplant Iteration 120  48.53sample/s
Class pottedplant acc = 0.9823
Evaluating class sheep: 16/20
Class sheep    Iteration 40   34.27sample/s
Class sheep    Iteration 80   40.48sample/s
Class sheep    Iteration 120  39.30sample/s
Class sheep acc = 0.7713
Evaluating class sofa: 17/20
Class sofa     Iteration 40   47.37sample/s
Class sofa     Iteration 80   49.54sample/s
Class sofa     Iteration 120  49.52sample/s
Class sofa acc = 0.8114
Evaluating class train: 18/20
Class train    Iteration 40   32.95sample/s
Class train    Iteration 80   36.65sample/s
Class train    Iteration 120  37.60sample/s
Class train acc = 0.9681
Evaluating class tvmonitor: 19/20
Class tvmonitor Iteration 40   41.72sample/s
Class tvmonitor Iteration 80   43.70sample/s
Class tvmonitor Iteration 120  48.02sample/s
Class tvmonitor acc = 0.9647
Evaluation complete in 7m 14s
Matching accuracy
aeroplane = 0.6254
bicycle = 0.7906
bird = 0.7672
boat = 0.7758
bottle = 0.8788
bus = 0.9343
car = 0.8912
cat = 0.8306
chair = 0.5893
cow = 0.8106
diningtable = 0.9557
dog = 0.8047
horse = 0.8121
motorbike = 0.8132
person = 0.6812
pottedplant = 0.9823
sheep = 0.7713
sofa = 0.8114
train = 0.9681
tvmonitor = 0.9647
average = 0.8229
Epoch 4/6
----------
lr = 1.50e-06, 5.00e-05
Epoch 4/6: 100%|██████████| 2000/2000 [11:45<00:00,  2.84it/s, loss=2.1576, acc=0.8550]
epoch loss: 1.9667005339190364, epoch accuracy: 0.8549920172279359
completed in 705.25s (11.75m)
Start evaluation...
Evaluating class aeroplane: 0/20
Class aeroplane Iteration 40   26.59sample/s
Class aeroplane Iteration 80   22.41sample/s
Class aeroplane Iteration 120  32.88sample/s
Class aeroplane acc = 0.6288
Evaluating class bicycle: 1/20
Class bicycle  Iteration 40   32.30sample/s
Class bicycle  Iteration 80   42.19sample/s
Class bicycle  Iteration 120  50.72sample/s
Class bicycle acc = 0.7959
Evaluating class bird: 2/20
Class bird     Iteration 40   35.65sample/s
Class bird     Iteration 80   38.44sample/s
Class bird     Iteration 120  41.86sample/s
Class bird acc = 0.7792
Evaluating class boat: 3/20
Class boat     Iteration 40   41.20sample/s
Class boat     Iteration 80   40.09sample/s
Class boat     Iteration 120  52.87sample/s
Class boat acc = 0.7857
Evaluating class bottle: 4/20
Class bottle   Iteration 40   41.37sample/s
Class bottle   Iteration 80   44.84sample/s
Class bottle   Iteration 120  51.98sample/s
Class bottle acc = 0.8920
Evaluating class bus: 5/20
Class bus      Iteration 40   36.83sample/s
Class bus      Iteration 80   41.92sample/s
Class bus      Iteration 120  48.90sample/s
Class bus acc = 0.9346
Evaluating class car: 6/20
Class car      Iteration 40   32.85sample/s
Class car      Iteration 80   38.90sample/s
Class car      Iteration 120  37.89sample/s
Class car acc = 0.9052
Evaluating class cat: 7/20
Class cat      Iteration 40   37.97sample/s
Class cat      Iteration 80   41.67sample/s
Class cat      Iteration 120  48.95sample/s
Class cat acc = 0.8329
Evaluating class chair: 8/20
Class chair    Iteration 40   41.84sample/s
Class chair    Iteration 80   43.28sample/s
Class chair    Iteration 120  49.67sample/s
Class chair acc = 0.6002
Evaluating class cow: 9/20
Class cow      Iteration 40   38.55sample/s
Class cow      Iteration 80   45.35sample/s
Class cow      Iteration 120  44.74sample/s
Class cow acc = 0.8123
Evaluating class diningtable: 10/20
Class diningtable Iteration 40   39.05sample/s
Class diningtable Iteration 80   43.46sample/s
Class diningtable Iteration 120  53.37sample/s
Class diningtable acc = 0.8163
Evaluating class dog: 11/20
Class dog      Iteration 40   38.61sample/s
Class dog      Iteration 80   39.79sample/s
Class dog      Iteration 120  46.03sample/s
Class dog acc = 0.8138
Evaluating class horse: 12/20
Class horse    Iteration 40   36.89sample/s
Class horse    Iteration 80   41.38sample/s
Class horse    Iteration 120  51.33sample/s
Class horse acc = 0.8190
Evaluating class motorbike: 13/20
Class motorbike Iteration 40   39.10sample/s
Class motorbike Iteration 80   43.17sample/s
Class motorbike Iteration 120  51.42sample/s
Class motorbike acc = 0.8125
Evaluating class person: 14/20
Class person   Iteration 40   42.05sample/s
Class person   Iteration 80   43.28sample/s
Class person   Iteration 120  49.58sample/s
Class person acc = 0.6880
Evaluating class pottedplant: 15/20
Class pottedplant Iteration 40   40.40sample/s
Class pottedplant Iteration 80   43.12sample/s
Class pottedplant Iteration 120  46.99sample/s
Class pottedplant acc = 0.9779
Evaluating class sheep: 16/20
Class sheep    Iteration 40   30.28sample/s
Class sheep    Iteration 80   34.42sample/s
Class sheep    Iteration 120  36.24sample/s
Class sheep acc = 0.7712
Evaluating class sofa: 17/20
Class sofa     Iteration 40   40.87sample/s
Class sofa     Iteration 80   43.73sample/s
Class sofa     Iteration 120  55.45sample/s
Class sofa acc = 0.8318
Evaluating class train: 18/20
Class train    Iteration 40   29.19sample/s
Class train    Iteration 80   37.82sample/s
Class train    Iteration 120  35.56sample/s
Class train acc = 0.9704
Evaluating class tvmonitor: 19/20
Class tvmonitor Iteration 40   38.37sample/s
Class tvmonitor Iteration 80   39.88sample/s
Class tvmonitor Iteration 120  47.24sample/s
Class tvmonitor acc = 0.9636
Evaluation complete in 8m 20s
Matching accuracy
aeroplane = 0.6288
bicycle = 0.7959
bird = 0.7792
boat = 0.7857
bottle = 0.8920
bus = 0.9346
car = 0.9052
cat = 0.8329
chair = 0.6002
cow = 0.8123
diningtable = 0.8163
dog = 0.8138
horse = 0.8190
motorbike = 0.8125
person = 0.6880
pottedplant = 0.9779
sheep = 0.7712
sofa = 0.8318
train = 0.9704
tvmonitor = 0.9636
average = 0.8216
Epoch 5/6
----------
lr = 1.50e-07, 5.00e-06
Epoch 5/6: 100%|██████████| 2000/2000 [11:42<00:00,  2.85it/s, loss=2.5962, acc=0.8645]
epoch loss: 1.9235417666137218, epoch accuracy: 0.8644696170260452
completed in 702.15s (11.70m)
Start evaluation...
Evaluating class aeroplane: 0/20
Class aeroplane Iteration 40   37.77sample/s
Class aeroplane Iteration 80   41.44sample/s
Class aeroplane Iteration 120  45.59sample/s
Class aeroplane acc = 0.6296
Evaluating class bicycle: 1/20
Class bicycle  Iteration 40   42.31sample/s
Class bicycle  Iteration 80   51.03sample/s
Class bicycle  Iteration 120  48.52sample/s
Class bicycle acc = 0.7959
Evaluating class bird: 2/20
Class bird     Iteration 40   36.74sample/s
Class bird     Iteration 80   44.88sample/s
Class bird     Iteration 120  41.98sample/s
Class bird acc = 0.7797
Evaluating class boat: 3/20
Class boat     Iteration 40   41.09sample/s
Class boat     Iteration 80   46.85sample/s
Class boat     Iteration 120  51.56sample/s
Class boat acc = 0.7842
Evaluating class bottle: 4/20
Class bottle   Iteration 40   45.61sample/s
Class bottle   Iteration 80   51.06sample/s
Class bottle   Iteration 120  50.05sample/s
Class bottle acc = 0.8899
Evaluating class bus: 5/20
Class bus      Iteration 40   42.60sample/s
Class bus      Iteration 80   54.22sample/s
Class bus      Iteration 120  48.64sample/s
Class bus acc = 0.9350
Evaluating class car: 6/20
Class car      Iteration 40   36.06sample/s
Class car      Iteration 80   44.41sample/s
Class car      Iteration 120  40.91sample/s
Class car acc = 0.9036
Evaluating class cat: 7/20
Class cat      Iteration 40   42.74sample/s
Class cat      Iteration 80   52.32sample/s
Class cat      Iteration 120  50.62sample/s
Class cat acc = 0.8364
Evaluating class chair: 8/20
Class chair    Iteration 40   46.04sample/s
Class chair    Iteration 80   49.62sample/s
Class chair    Iteration 120  45.78sample/s
Class chair acc = 0.6114
Evaluating class cow: 9/20
Class cow      Iteration 40   42.92sample/s
Class cow      Iteration 80   52.92sample/s
Class cow      Iteration 120  49.00sample/s
Class cow acc = 0.8120
Evaluating class diningtable: 10/20
Class diningtable Iteration 40   47.34sample/s
Class diningtable Iteration 80   51.95sample/s
Class diningtable Iteration 120  48.72sample/s
Class diningtable acc = 0.8163
Evaluating class dog: 11/20
Class dog      Iteration 40   40.67sample/s
Class dog      Iteration 80   49.75sample/s
Class dog      Iteration 120  45.13sample/s
Class dog acc = 0.8167
Evaluating class horse: 12/20
Class horse    Iteration 40   40.49sample/s
Class horse    Iteration 80   46.41sample/s
Class horse    Iteration 120  46.84sample/s
Class horse acc = 0.8194
Evaluating class motorbike: 13/20
Class motorbike Iteration 40   41.68sample/s
Class motorbike Iteration 80   52.08sample/s
Class motorbike Iteration 120  45.98sample/s
Class motorbike acc = 0.8148
Evaluating class person: 14/20
Class person   Iteration 40   41.53sample/s
Class person   Iteration 80   48.60sample/s
Class person   Iteration 120  45.85sample/s
Class person acc = 0.6932
Evaluating class pottedplant: 15/20
Class pottedplant Iteration 40   42.39sample/s
Class pottedplant Iteration 80   50.41sample/s
Class pottedplant Iteration 120  45.69sample/s
Class pottedplant acc = 0.9791
Evaluating class sheep: 16/20
Class sheep    Iteration 40   33.52sample/s
Class sheep    Iteration 80   37.36sample/s
Class sheep    Iteration 120  39.37sample/s
Class sheep acc = 0.7715
Evaluating class sofa: 17/20
Class sofa     Iteration 40   41.92sample/s
Class sofa     Iteration 80   51.22sample/s
Class sofa     Iteration 120  45.46sample/s
Class sofa acc = 0.8325
Evaluating class train: 18/20
Class train    Iteration 40   29.26sample/s
Class train    Iteration 80   39.57sample/s
Class train    Iteration 120  39.01sample/s
Class train acc = 0.9694
Evaluating class tvmonitor: 19/20
Class tvmonitor Iteration 40   40.60sample/s
Class tvmonitor Iteration 80   53.79sample/s
Class tvmonitor Iteration 120  52.55sample/s
Class tvmonitor acc = 0.9644
Evaluation complete in 7m 32s
Matching accuracy
aeroplane = 0.6296
bicycle = 0.7959
bird = 0.7797
boat = 0.7842
bottle = 0.8899
bus = 0.9350
car = 0.9036
cat = 0.8364
chair = 0.6114
cow = 0.8120
diningtable = 0.8163
dog = 0.8167
horse = 0.8194
motorbike = 0.8148
person = 0.6932
pottedplant = 0.9791
sheep = 0.7715
sofa = 0.8325
train = 0.9694
tvmonitor = 0.9644
average = 0.8228
Epoch 6/6
----------
lr = 1.50e-07, 5.00e-06
Epoch 6/6: 100%|██████████| 2000/2000 [11:40<00:00,  2.86it/s, loss=1.7279, acc=0.8660]
epoch loss: 1.9112476602941753, epoch accuracy: 0.8660148503435872
completed in 700.36s (11.67m)
Start evaluation...
Evaluating class aeroplane: 0/20
Class aeroplane Iteration 40   31.78sample/s
Class aeroplane Iteration 80   33.89sample/s
Class aeroplane Iteration 120  39.59sample/s
Class aeroplane acc = 0.6319
Evaluating class bicycle: 1/20
Class bicycle  Iteration 40   34.86sample/s
Class bicycle  Iteration 80   31.01sample/s
Class bicycle  Iteration 120  46.31sample/s
Class bicycle acc = 0.7940
Evaluating class bird: 2/20
Class bird     Iteration 40   31.29sample/s
Class bird     Iteration 80   42.74sample/s
Class bird     Iteration 120  49.33sample/s
Class bird acc = 0.7796
Evaluating class boat: 3/20
Class boat     Iteration 40   43.23sample/s
Class boat     Iteration 80   42.74sample/s
Class boat     Iteration 120  52.44sample/s
Class boat acc = 0.7827
Evaluating class bottle: 4/20
Class bottle   Iteration 40   44.82sample/s
Class bottle   Iteration 80   45.58sample/s
Class bottle   Iteration 120  41.77sample/s
Class bottle acc = 0.8899
Evaluating class bus: 5/20
Class bus      Iteration 40   21.18sample/s
Class bus      Iteration 80   30.77sample/s
Class bus      Iteration 120  46.25sample/s
Class bus acc = 0.9364
Evaluating class car: 6/20
Class car      Iteration 40   35.43sample/s
Class car      Iteration 80   38.34sample/s
Class car      Iteration 120  37.14sample/s
Class car acc = 0.9060
Evaluating class cat: 7/20
Class cat      Iteration 40   36.68sample/s
Class cat      Iteration 80   39.77sample/s
Class cat      Iteration 120  45.23sample/s
Class cat acc = 0.8362
Evaluating class chair: 8/20
Class chair    Iteration 40   34.17sample/s
Class chair    Iteration 80   37.33sample/s
Class chair    Iteration 120  32.68sample/s
Class chair acc = 0.6135
Evaluating class cow: 9/20
Class cow      Iteration 40   17.81sample/s
Class cow      Iteration 80   19.31sample/s
Class cow      Iteration 120  19.02sample/s
Class cow acc = 0.8143
Evaluating class diningtable: 10/20
Class diningtable Iteration 40   17.29sample/s
Class diningtable Iteration 80   22.61sample/s
Class diningtable Iteration 120  34.91sample/s
Class diningtable acc = 0.8163
Evaluating class dog: 11/20
Class dog      Iteration 40   34.38sample/s
Class dog      Iteration 80   30.65sample/s
Class dog      Iteration 120  27.46sample/s
Class dog acc = 0.8152
Evaluating class horse: 12/20
Class horse    Iteration 40   26.22sample/s
Class horse    Iteration 80   29.22sample/s
Class horse    Iteration 120  36.28sample/s
Class horse acc = 0.8184
Evaluating class motorbike: 13/20
Class motorbike Iteration 40   30.18sample/s
Class motorbike Iteration 80   33.24sample/s
Class motorbike Iteration 120  38.10sample/s
Class motorbike acc = 0.8173
Evaluating class person: 14/20
Class person   Iteration 40   31.92sample/s
Class person   Iteration 80   40.15sample/s
Class person   Iteration 120  48.12sample/s
Class person acc = 0.6945
Evaluating class pottedplant: 15/20
Class pottedplant Iteration 40   40.33sample/s
Class pottedplant Iteration 80   38.38sample/s
Class pottedplant Iteration 120  31.02sample/s
Class pottedplant acc = 0.9791
Evaluating class sheep: 16/20
Class sheep    Iteration 40   16.73sample/s
Class sheep    Iteration 80   17.99sample/s
Class sheep    Iteration 120  25.81sample/s
Class sheep acc = 0.7735
Evaluating class sofa: 17/20
Class sofa     Iteration 40   40.40sample/s
Class sofa     Iteration 80   50.15sample/s
Class sofa     Iteration 120  35.57sample/s
Class sofa acc = 0.8387
Evaluating class train: 18/20
Class train    Iteration 40   22.50sample/s
Class train    Iteration 80   28.31sample/s
Class train    Iteration 120  23.99sample/s
Class train acc = 0.9698
Evaluating class tvmonitor: 19/20
Class tvmonitor Iteration 40   23.59sample/s
Class tvmonitor Iteration 80   21.08sample/s
Class tvmonitor Iteration 120  23.84sample/s
Class tvmonitor acc = 0.9644
Evaluation complete in 10m 52s
Matching accuracy
aeroplane = 0.6319
bicycle = 0.7940
bird = 0.7796
boat = 0.7827
bottle = 0.8899
bus = 0.9364
car = 0.9060
cat = 0.8362
chair = 0.6135
cow = 0.8143
diningtable = 0.8163
dog = 0.8152
horse = 0.8184
motorbike = 0.8173
person = 0.6945
pottedplant = 0.9791
sheep = 0.7735
sofa = 0.8387
train = 0.9698
tvmonitor = 0.9644
average = 0.8236
[1;34mwandb[0m: 
[1;34mwandb[0m: You can sync this run to the cloud by running:
[1;34mwandb[0m: [1mwandb sync /scratch/hpc-prf-llmrout/hpcabpo/nmt/wandb/wandb/offline-run-20260923_020111-hp0gx6t4[0m
[1;34mwandb[0m: Find logs at: [1;35m../../../../../../scratch/hpc-prf-llmrout/hpcabpo/nmt/wandb/wandb/offline-run-20260923_020111-hp0gx6t4/logs[0m
