CPU_SET_HEX_STR_SIZE: 257, Size of mstr: 257
cpu-bind=MASK - gpu1002, task  0  0 [1808195]: mask |--------|--------|--------|BBBBBBBB|--------|--------|BBBBBBBB|--------|--------|--------|--------|--------||||--------|--------|--------|--------|--------|--------|--------|--------|--------|--------|--------|--------| set
job=3039641 node=gpu1002 gpu=NVIDIA H100 config=/scratch/hpc-prf-llmrout/hpcabpo/nmt/runs/configs/mv_K9_seed3.json wandb=offline
backbone=vgg16 image_size=256 conv=rational model_dir=/scratch/hpc-prf-llmrout/hpcabpo/nmt/runs/spair_vgg16/mv_K9_seed3
{
    "BACKBONE": "vgg16",
    "BACKBONE_DIR": "/scratch/hpc-prf-llmrout/hpcabpo/nmt/checkpoints",
    "BATCH_SIZE": 5,
    "CACHE_PATH": "data/cache",
    "DATASET_NAME": "SPair71k",
    "EVAL": {
        "SAMPLES": 1000,
        "difficulty_params": {},
        "num_graphs_in_matching_instance": 2
    },
    "IMAGE_SIZE": 256,
    "Matching_TF": {
        "activation": "relu",
        "batch_norm": true,
        "d_model": 648,
        "nGPT_mlp_hidden_mult": 6,
        "n_decoder": 4,
        "n_encoder": 4,
        "n_head": 12,
        "n_lap_EigVec": 8,
        "pos_encoding": false
    },
    "NORM_MEANS": [
        0.485,
        0.456,
        0.406
    ],
    "NORM_STD": [
        0.229,
        0.224,
        0.225
    ],
    "RANDOM_SEED": 3,
    "SPLINE_CNN": {
        "aggr": "max",
        "conv": "rational",
        "degrees": [
            8,
            6
        ],
        "dim": 2,
        "init": "pca",
        "init_noise": 0.001,
        "input_features": 1024,
        "kernel_size": 5,
        "num_bases": 9,
        "output_features": 648,
        "poly": "chebyshev",
        "pyg_init": true,
        "rational_basis": "multivariate",
        "safe": "B",
        "vp": true
    },
    "SPair": {
        "CLASSES": [
            "aeroplane",
            "bicycle",
            "bird",
            "boat",
            "boat",
            "bottle",
            "bus",
            "car",
            "cat",
            "chair",
            "cow",
            "dog",
            "horse",
            "motorbike",
            "person",
            "pottedplant",
            "sheep",
            "train",
            "tvmonitor"
        ],
        "ROOT_DIR": "/pc2/groups/hpc-prf-llmrout/hpcabpo/rational-basis-cnn/data/SPair-71k",
        "size": "large"
    },
    "STATISTIC_STEP": 1,
    "TRACK_GRAD_NORM": false,
    "TRAIN": {
        "EPOCH_ITERS": 2000,
        "LR": 0.0005,
        "_comment_epochs": "lr_schedule long_halving5 defines 12 epochs; max_epochs stops after 7. NMT trains ~11 epochs per day, so 7 epochs is ~15.3 h. Both LR drops (epochs 2 and 5) still happen.",
        "clip_norm": 0,
        "cutmix_beta": 1.0,
        "cutmix_prob": 0.3,
        "difficulty_params": {},
        "layer_loss_param": 0.3,
        "lr_schedule": "long_halving5",
        "max_epochs": 7,
        "mixup_alpha": 0.8,
        "mixup_prob": 0.3,
        "num_graphs_in_matching_instance": 2,
        "random_erasing_prob": 0.3,
        "temperature": 0.1,
        "weight_decay": 0
    },
    "USE_SYNTHETIC": false,
    "VOC2011": {
        "CLASSES": [
            "aeroplane",
            "bicycle",
            "bird",
            "boat",
            "bottle",
            "bus",
            "car",
            "cat",
            "chair",
            "cow",
            "diningtable",
            "dog",
            "horse",
            "motorbike",
            "person",
            "pottedplant",
            "sheep",
            "sofa",
            "train",
            "tvmonitor"
        ],
        "KPT_ANNO_DIR": "/data/cat/ws/tosa098h-abtin_NormMatchTrans/data/downloaded/PascalVOC/annotations/",
        "ROOT_DIR": "/data/cat/ws/tosa098h-abtin_NormMatchTrans/data/downloaded/PascalVOC/VOC2011/",
        "SET_SPLIT": "/data/cat/ws/tosa098h-abtin_NormMatchTrans/data/split/voc2011_pairs.npz"
    },
    "WILLOW": {
        "CLASSES": [
            "Car",
            "Duck",
            "Face",
            "Motorbike",
            "Winebottle"
        ],
        "KPT_LEN": 10,
        "ROOT_DIR": "./data/downloaded/WILLOW/WILLOW-ObjectClass",
        "TRAIN_NUM": 20,
        "TRAIN_OFFSET": 0
    },
    "_generated_by": "slurm/make_config.py mv_K9 3",
    "combine_classes": false,
    "default_json": "experiments/voc_basic.json",
    "eval_sampling": "intersection",
    "evaluate_only": false,
    "exclude_willow_classes": false,
    "keep_last_checkpoint_only": true,
    "log_dir": "runs/",
    "model_dir": "/scratch/hpc-prf-llmrout/hpcabpo/nmt/runs/spair_vgg16/mv_K9_seed3",
    "save_checkpoint": true,
    "train_sampling": "intersection",
    "visualization_params": {
        "produce_pdf": false,
        "reduced_vis": true
    },
    "visualize": false,
    "warmstart_path": null
}
wandb: Tracking run with wandb version 0.30.0
wandb: W&B syncing is set to `offline` in this directory. Run `wandb online` or set WANDB_MODE=online to enable cloud syncing.
wandb: Run data is saved locally in /scratch/hpc-prf-llmrout/hpcabpo/nmt/wandb/wandb/offline-run-20260916_115936-tq8nag8a
wandb: View this run in the terminal with `wandb leet`
No difficulty parameters for trn-set. Using all available data.
Number of annotation pairs matching the difficulty params in trn-set: {'aeroplane': 2924, 'bicycle': 2946, 'bird': 3080, 'boat': 2936, 'bottle': 2448, 'bus': 2708, 'car': 2960, 'cat': 3306, 'chair': 3060, 'cow': 3118, 'dog': 3192, 'horse': 3136, 'motorbike': 3180, 'person': 3066, 'pottedplant': 2446, 'sheep': 3140, 'train': 2752, 'tvmonitor': 2942}
TRUE EPOCHS:  False
10000
Initializing trn-set. Randomly sampling 10000 examples.
/pc2/groups/hpc-prf-llmrout/hpcabpo/nmt/conda/envs/nmt/lib/python3.12/site-packages/albumentations/core/composition.py:331: UserWarning: Got processor for keypoints, but no transform to process it.
  self._set_keys()
No difficulty parameters for test-set. Using all available data.
Number of annotation pairs matching the difficulty params in test-set: {'aeroplane': 690, 'bicycle': 650, 'bird': 702, 'boat': 702, 'bottle': 870, 'bus': 644, 'car': 564, 'cat': 600, 'chair': 646, 'cow': 640, 'dog': 600, 'horse': 600, 'motorbike': 702, 'person': 650, 'pottedplant': 862, 'sheep': 664, 'train': 756, 'tvmonitor': 692}
TRUE EPOCHS:  False
1000
Initializing test-set. Randomly sampling 1000 examples.
/pc2/groups/hpc-prf-llmrout/hpcabpo/nmt/conda/envs/nmt/lib/python3.12/site-packages/torchvision/models/_utils.py:208: UserWarning: The parameter 'pretrained' is deprecated since 0.13 and may be removed in the future, please use 'weights' instead.
  warnings.warn(
/pc2/groups/hpc-prf-llmrout/hpcabpo/nmt/conda/envs/nmt/lib/python3.12/site-packages/torchvision/models/_utils.py:223: UserWarning: Arguments other than a weight enum or `None` for 'weights' are deprecated since 0.13 and may be removed in the future. The current behavior is equivalent to passing `weights=VGG16_Weights.IMAGENET1K_V1`. You can also use `weights=VGG16_Weights.DEFAULT` to get the most up-to-date weights.
  warnings.warn(msg)
stopping after 7 epochs (cfg.TRAIN.max_epochs; schedule 'long_halving5' defines 12)
Start training...
NMT model on device: cuda:0
Epoch 0/6
----------
lr = 1.50e-05, 5.00e-04
Epoch 0/6:   0%|          | 0/2000 [00:00<?, ?it/s]/pc2/groups/hpc-prf-llmrout/hpcabpo/nmt/conda/envs/nmt/lib/python3.12/site-packages/torch_geometric/utils/_scatter.py:91: UserWarning: The usage of `scatter(reduce='max')` can be accelerated via the 'torch-scatter' package, but it was not found
  warnings.warn(
[rank0]:[W916 11:59:43.656331214 reducer.cpp:1528] Warning: find_unused_parameters=True was specified in DDP constructor, but did not find any unused parameters in the forward pass. This flag results in an extra traversal of the autograd graph every iteration,  which can adversely affect performance. If your model indeed never has any unused parameters in the forward pass, consider turning this flag off. Note that this warning may be a false positive if your model has flow control causing later iterations to have unused parameters. (function operator())
Epoch 0/6: 100%|██████████| 2000/2000 [07:04<00:00,  4.71it/s, loss=3.0206, acc=0.7823]
epoch loss: 2.8691208081915973, epoch accuracy: 0.7822892723093485
completed in 425.00s (7.08m)
Start evaluation...
Evaluating class aeroplane: 0/18
Class aeroplane Iteration 40   40.47sample/s
Class aeroplane Iteration 80   51.36sample/s
Class aeroplane Iteration 120  50.38sample/s
Class aeroplane Iteration 160  30.76sample/s
Class aeroplane Iteration 200  32.70sample/s
Class aeroplane acc = 0.6564
Evaluating class bicycle: 1/18
Class bicycle  Iteration 40   28.67sample/s
Class bicycle  Iteration 80   30.02sample/s
Class bicycle  Iteration 120  34.05sample/s
Class bicycle  Iteration 160  30.96sample/s
Class bicycle  Iteration 200  33.43sample/s
Class bicycle acc = 0.5921
Evaluating class bird: 2/18
Class bird     Iteration 40   28.05sample/s
Class bird     Iteration 80   30.91sample/s
Class bird     Iteration 120  35.06sample/s
Class bird     Iteration 160  31.35sample/s
Class bird     Iteration 200  31.67sample/s
Class bird acc = 0.8916
Evaluating class boat: 3/18
Class boat     Iteration 40   26.66sample/s
Class boat     Iteration 80   29.09sample/s
Class boat     Iteration 120  32.48sample/s
Class boat     Iteration 160  32.88sample/s
Class boat     Iteration 200  33.30sample/s
Class boat acc = 0.7943
Evaluating class bottle: 4/18
Class bottle   Iteration 40   29.41sample/s
Class bottle   Iteration 80   31.93sample/s
Class bottle   Iteration 120  37.63sample/s
Class bottle   Iteration 160  33.11sample/s
Class bottle   Iteration 200  33.56sample/s
Class bottle acc = 0.6422
Evaluating class bus: 5/18
Class bus      Iteration 40   27.29sample/s
Class bus      Iteration 80   32.78sample/s
Class bus      Iteration 120  35.88sample/s
Class bus      Iteration 160  32.54sample/s
Class bus      Iteration 200  35.54sample/s
Class bus acc = 0.9713
Evaluating class car: 6/18
Class car      Iteration 40   25.90sample/s
Class car      Iteration 80   29.50sample/s
Class car      Iteration 120  31.02sample/s
Class car      Iteration 160  34.93sample/s
Class car      Iteration 200  33.25sample/s
Class car acc = 0.8642
Evaluating class cat: 7/18
Class cat      Iteration 40   30.97sample/s
Class cat      Iteration 80   34.61sample/s
Class cat      Iteration 120  40.12sample/s
Class cat      Iteration 160  34.27sample/s
Class cat      Iteration 200  34.03sample/s
Class cat acc = 0.7229
Evaluating class chair: 8/18
Class chair    Iteration 40   30.52sample/s
Class chair    Iteration 80   32.78sample/s
Class chair    Iteration 120  34.42sample/s
Class chair    Iteration 160  31.36sample/s
Class chair    Iteration 200  36.62sample/s
Class chair acc = 0.6716
Evaluating class cow: 9/18
Class cow      Iteration 40   30.33sample/s
Class cow      Iteration 80   29.29sample/s
Class cow      Iteration 120  33.88sample/s
Class cow      Iteration 160  36.32sample/s
Class cow      Iteration 200  32.27sample/s
Class cow acc = 0.8181
Evaluating class dog: 10/18
Class dog      Iteration 40   20.54sample/s
Class dog      Iteration 80   18.00sample/s
Class dog      Iteration 120  33.94sample/s
Class dog      Iteration 160  30.32sample/s
Class dog      Iteration 200  32.48sample/s
Class dog acc = 0.7604
Evaluating class horse: 11/18
Class horse    Iteration 40   26.36sample/s
Class horse    Iteration 80   27.36sample/s
Class horse    Iteration 120  29.96sample/s
Class horse    Iteration 160  29.37sample/s
Class horse    Iteration 200  28.53sample/s
Class horse acc = 0.7019
Evaluating class motorbike: 12/18
Class motorbike Iteration 40   22.69sample/s
Class motorbike Iteration 80   25.43sample/s
Class motorbike Iteration 120  25.39sample/s
Class motorbike Iteration 160  26.12sample/s
Class motorbike Iteration 200  28.27sample/s
Class motorbike acc = 0.7882
Evaluating class person: 13/18
Class person   Iteration 40   23.96sample/s
Class person   Iteration 80   26.38sample/s
Class person   Iteration 120  25.25sample/s
Class person   Iteration 160  24.79sample/s
Class person   Iteration 200  28.81sample/s
Class person acc = 0.6872
Evaluating class pottedplant: 14/18
Class pottedplant Iteration 40   17.19sample/s
Class pottedplant Iteration 80   22.89sample/s
Class pottedplant Iteration 120  30.47sample/s
Class pottedplant Iteration 160  27.78sample/s
Class pottedplant Iteration 200  28.75sample/s
Class pottedplant acc = 0.9948
Evaluating class sheep: 15/18
Class sheep    Iteration 40   21.81sample/s
Class sheep    Iteration 80   23.58sample/s
Class sheep    Iteration 120  29.22sample/s
Class sheep    Iteration 160  22.76sample/s
Class sheep    Iteration 200  28.29sample/s
Class sheep acc = 0.7547
Evaluating class train: 16/18
Class train    Iteration 40   26.44sample/s
Class train    Iteration 80   26.06sample/s
Class train    Iteration 120  30.16sample/s
Class train    Iteration 160  29.65sample/s
Class train    Iteration 200  29.63sample/s
Class train acc = 0.9678
Evaluating class tvmonitor: 17/18
Class tvmonitor Iteration 40   24.23sample/s
Class tvmonitor Iteration 80   27.01sample/s
Class tvmonitor Iteration 120  26.73sample/s
Class tvmonitor Iteration 160  28.16sample/s
Class tvmonitor Iteration 200  30.17sample/s
Class tvmonitor acc = 0.9946
Evaluation complete in 10m 14s
Matching accuracy
aeroplane = 0.6564
bicycle = 0.5921
bird = 0.8916
boat = 0.7943
bottle = 0.6422
bus = 0.9713
car = 0.8642
cat = 0.7229
chair = 0.6716
cow = 0.8181
dog = 0.7604
horse = 0.7019
motorbike = 0.7882
person = 0.6872
pottedplant = 0.9948
sheep = 0.7547
train = 0.9678
tvmonitor = 0.9946
average = 0.7930
Epoch 1/6
----------
lr = 1.50e-05, 5.00e-04
Epoch 1/6: 100%|██████████| 2000/2000 [07:02<00:00,  4.74it/s, loss=1.5001, acc=0.9107]
epoch loss: 1.8241987109240145, epoch accuracy: 0.9106515745174866
completed in 422.04s (7.03m)
Start evaluation...
Evaluating class aeroplane: 0/18
Class aeroplane Iteration 40   37.75sample/s
Class aeroplane Iteration 80   40.78sample/s
Class aeroplane Iteration 120  42.79sample/s
Class aeroplane Iteration 160  39.53sample/s
Class aeroplane Iteration 200  56.69sample/s
Class aeroplane acc = 0.6585
Evaluating class bicycle: 1/18
Class bicycle  Iteration 40   35.08sample/s
Class bicycle  Iteration 80   39.32sample/s
Class bicycle  Iteration 120  33.04sample/s
Class bicycle  Iteration 160  31.29sample/s
Class bicycle  Iteration 200  36.18sample/s
Class bicycle acc = 0.5829
Evaluating class bird: 2/18
Class bird     Iteration 40   28.99sample/s
Class bird     Iteration 80   31.89sample/s
Class bird     Iteration 120  34.66sample/s
Class bird     Iteration 160  33.59sample/s
Class bird     Iteration 200  33.68sample/s
Class bird acc = 0.9012
Evaluating class boat: 3/18
Class boat     Iteration 40   28.56sample/s
Class boat     Iteration 80   31.40sample/s
Class boat     Iteration 120  31.02sample/s
Class boat     Iteration 160  30.97sample/s
Class boat     Iteration 200  33.21sample/s
Class boat acc = 0.7843
Evaluating class bottle: 4/18
Class bottle   Iteration 40   29.30sample/s
Class bottle   Iteration 80   32.48sample/s
Class bottle   Iteration 120  33.05sample/s
Class bottle   Iteration 160  31.78sample/s
Class bottle   Iteration 200  34.39sample/s
Class bottle acc = 0.6718
Evaluating class bus: 5/18
Class bus      Iteration 40   27.03sample/s
Class bus      Iteration 80   33.02sample/s
Class bus      Iteration 120  33.95sample/s
Class bus      Iteration 160  31.71sample/s
Class bus      Iteration 200  34.19sample/s
Class bus acc = 0.9680
Evaluating class car: 6/18
Class car      Iteration 40   25.38sample/s
Class car      Iteration 80   31.10sample/s
Class car      Iteration 120  30.55sample/s
Class car      Iteration 160  33.53sample/s
Class car      Iteration 200  31.38sample/s
Class car acc = 0.8657
Evaluating class cat: 7/18
Class cat      Iteration 40   30.81sample/s
Class cat      Iteration 80   35.08sample/s
Class cat      Iteration 120  33.64sample/s
Class cat      Iteration 160  34.72sample/s
Class cat      Iteration 200  36.57sample/s
Class cat acc = 0.7182
Evaluating class chair: 8/18
Class chair    Iteration 40   29.95sample/s
Class chair    Iteration 80   33.79sample/s
Class chair    Iteration 120  34.52sample/s
Class chair    Iteration 160  30.99sample/s
Class chair    Iteration 200  36.75sample/s
Class chair acc = 0.7173
Evaluating class cow: 9/18
Class cow      Iteration 40   30.81sample/s
Class cow      Iteration 80   29.30sample/s
Class cow      Iteration 120  31.48sample/s
Class cow      Iteration 160  34.72sample/s
Class cow      Iteration 200  37.45sample/s
Class cow acc = 0.7943
Evaluating class dog: 10/18
Class dog      Iteration 40   31.36sample/s
Class dog      Iteration 80   36.73sample/s
Class dog      Iteration 120  35.42sample/s
Class dog      Iteration 160  34.98sample/s
Class dog      Iteration 200  37.85sample/s
Class dog acc = 0.7618
Evaluating class horse: 11/18
Class horse    Iteration 40   32.63sample/s
Class horse    Iteration 80   38.47sample/s
Class horse    Iteration 120  36.48sample/s
Class horse    Iteration 160  35.09sample/s
Class horse    Iteration 200  32.53sample/s
Class horse acc = 0.6934
Evaluating class motorbike: 12/18
Class motorbike Iteration 40   17.26sample/s
Class motorbike Iteration 80   34.52sample/s
Class motorbike Iteration 120  35.31sample/s
Class motorbike Iteration 160  36.34sample/s
Class motorbike Iteration 200  38.05sample/s
Class motorbike acc = 0.7576
Evaluating class person: 13/18
Class person   Iteration 40   30.81sample/s
Class person   Iteration 80   33.84sample/s
Class person   Iteration 120  33.22sample/s
Class person   Iteration 160  33.50sample/s
Class person   Iteration 200  36.10sample/s
Class person acc = 0.6497
Evaluating class pottedplant: 14/18
Class pottedplant Iteration 40   25.52sample/s
Class pottedplant Iteration 80   30.55sample/s
Class pottedplant Iteration 120  35.35sample/s
Class pottedplant Iteration 160  33.35sample/s
Class pottedplant Iteration 200  33.89sample/s
Class pottedplant acc = 0.9986
Evaluating class sheep: 15/18
Class sheep    Iteration 40   28.19sample/s
Class sheep    Iteration 80   28.28sample/s
Class sheep    Iteration 120  34.32sample/s
Class sheep    Iteration 160  33.36sample/s
Class sheep    Iteration 200  35.47sample/s
Class sheep acc = 0.7346
Evaluating class train: 16/18
Class train    Iteration 40   33.80sample/s
Class train    Iteration 80   34.70sample/s
Class train    Iteration 120  36.23sample/s
Class train    Iteration 160  35.18sample/s
Class train    Iteration 200  35.43sample/s
Class train acc = 0.9729
Evaluating class tvmonitor: 17/18
Class tvmonitor Iteration 40   33.04sample/s
Class tvmonitor Iteration 80   37.23sample/s
Class tvmonitor Iteration 120  41.05sample/s
Class tvmonitor Iteration 160  35.17sample/s
Class tvmonitor Iteration 200  37.59sample/s
Class tvmonitor acc = 0.9942
Evaluation complete in 9m 3s
Matching accuracy
aeroplane = 0.6585
bicycle = 0.5829
bird = 0.9012
boat = 0.7843
bottle = 0.6718
bus = 0.9680
car = 0.8657
cat = 0.7182
chair = 0.7173
cow = 0.7943
dog = 0.7618
horse = 0.6934
motorbike = 0.7576
person = 0.6497
pottedplant = 0.9986
sheep = 0.7346
train = 0.9729
tvmonitor = 0.9942
average = 0.7903
Epoch 2/6
----------
lr = 1.50e-06, 5.00e-05
Epoch 2/6: 100%|██████████| 2000/2000 [07:00<00:00,  4.75it/s, loss=1.4337, acc=0.9483]
epoch loss: 1.5079629254974425, epoch accuracy: 0.9483332122884741
completed in 420.89s (7.01m)
Start evaluation...
Evaluating class aeroplane: 0/18
Class aeroplane Iteration 40   47.44sample/s
Class aeroplane Iteration 80   45.80sample/s
Class aeroplane Iteration 120  41.62sample/s
Class aeroplane Iteration 160  42.01sample/s
Class aeroplane Iteration 200  48.64sample/s
Class aeroplane acc = 0.6919
Evaluating class bicycle: 1/18
Class bicycle  Iteration 40   47.06sample/s
Class bicycle  Iteration 80   45.10sample/s
Class bicycle  Iteration 120  45.76sample/s
Class bicycle  Iteration 160  54.57sample/s
Class bicycle  Iteration 200  39.04sample/s
Class bicycle acc = 0.5998
Evaluating class bird: 2/18
Class bird     Iteration 40   38.93sample/s
Class bird     Iteration 80   32.44sample/s
Class bird     Iteration 120  33.21sample/s
Class bird     Iteration 160  36.60sample/s
Class bird     Iteration 200  34.76sample/s
Class bird acc = 0.9092
Evaluating class boat: 3/18
Class boat     Iteration 40   32.79sample/s
Class boat     Iteration 80   28.92sample/s
Class boat     Iteration 120  27.37sample/s
Class boat     Iteration 160  32.39sample/s
Class boat     Iteration 200  30.05sample/s
Class boat acc = 0.8209
Evaluating class bottle: 4/18
Class bottle   Iteration 40   23.29sample/s
Class bottle   Iteration 80   22.49sample/s
Class bottle   Iteration 120  23.78sample/s
Class bottle   Iteration 160  24.37sample/s
Class bottle   Iteration 200  24.64sample/s
Class bottle acc = 0.6610
Evaluating class bus: 5/18
Class bus      Iteration 40   21.20sample/s
Class bus      Iteration 80   20.71sample/s
Class bus      Iteration 120  20.00sample/s
Class bus      Iteration 160  23.55sample/s
Class bus      Iteration 200  24.25sample/s
Class bus acc = 0.9784
Evaluating class car: 6/18
Class car      Iteration 40   19.84sample/s
Class car      Iteration 80   27.44sample/s
Class car      Iteration 120  24.73sample/s
Class car      Iteration 160  27.93sample/s
Class car      Iteration 200  26.64sample/s
Class car acc = 0.8966
Evaluating class cat: 7/18
Class cat      Iteration 40   26.07sample/s
Class cat      Iteration 80   28.60sample/s
Class cat      Iteration 120  28.76sample/s
Class cat      Iteration 160  31.46sample/s
Class cat      Iteration 200  26.86sample/s
Class cat acc = 0.7366
Evaluating class chair: 8/18
Class chair    Iteration 40   26.83sample/s
Class chair    Iteration 80   27.02sample/s
Class chair    Iteration 120  28.69sample/s
Class chair    Iteration 160  29.56sample/s
Class chair    Iteration 200  30.96sample/s
Class chair acc = 0.7241
Evaluating class cow: 9/18
Class cow      Iteration 40   27.16sample/s
Class cow      Iteration 80   24.97sample/s
Class cow      Iteration 120  28.91sample/s
Class cow      Iteration 160  33.65sample/s
Class cow      Iteration 200  34.55sample/s
Class cow acc = 0.8069
Evaluating class dog: 10/18
Class dog      Iteration 40   32.37sample/s
Class dog      Iteration 80   34.09sample/s
Class dog      Iteration 120  33.44sample/s
Class dog      Iteration 160  34.72sample/s
Class dog      Iteration 200  34.60sample/s
Class dog acc = 0.7750
Evaluating class horse: 11/18
Class horse    Iteration 40   34.91sample/s
Class horse    Iteration 80   36.48sample/s
Class horse    Iteration 120  36.77sample/s
Class horse    Iteration 160  36.51sample/s
Class horse    Iteration 200  37.72sample/s
Class horse acc = 0.7008
Evaluating class motorbike: 12/18
Class motorbike Iteration 40   35.11sample/s
Class motorbike Iteration 80   36.08sample/s
Class motorbike Iteration 120  34.49sample/s
Class motorbike Iteration 160  36.56sample/s
Class motorbike Iteration 200  36.69sample/s
Class motorbike acc = 0.7971
Evaluating class person: 13/18
Class person   Iteration 40   33.02sample/s
Class person   Iteration 80   33.94sample/s
Class person   Iteration 120  33.20sample/s
Class person   Iteration 160  35.41sample/s
Class person   Iteration 200  37.22sample/s
Class person acc = 0.6876
Evaluating class pottedplant: 14/18
Class pottedplant Iteration 40   27.87sample/s
Class pottedplant Iteration 80   31.58sample/s
Class pottedplant Iteration 120  32.01sample/s
Class pottedplant Iteration 160  31.54sample/s
Class pottedplant Iteration 200  32.36sample/s
Class pottedplant acc = 0.9967
Evaluating class sheep: 15/18
Class sheep    Iteration 40   27.06sample/s
Class sheep    Iteration 80   29.60sample/s
Class sheep    Iteration 120  34.22sample/s
Class sheep    Iteration 160  33.35sample/s
Class sheep    Iteration 200  36.47sample/s
Class sheep acc = 0.7695
Evaluating class train: 16/18
Class train    Iteration 40   33.13sample/s
Class train    Iteration 80   34.73sample/s
Class train    Iteration 120  34.98sample/s
Class train    Iteration 160  36.69sample/s
Class train    Iteration 200  34.30sample/s
Class train acc = 0.9761
Evaluating class tvmonitor: 17/18
Class tvmonitor Iteration 40   35.55sample/s
Class tvmonitor Iteration 80   35.31sample/s
Class tvmonitor Iteration 120  38.57sample/s
Class tvmonitor Iteration 160  38.92sample/s
Class tvmonitor Iteration 200  42.26sample/s
Class tvmonitor acc = 0.9970
Evaluation complete in 9m 32s
Matching accuracy
aeroplane = 0.6919
bicycle = 0.5998
bird = 0.9092
boat = 0.8209
bottle = 0.6610
bus = 0.9784
car = 0.8966
cat = 0.7366
chair = 0.7241
cow = 0.8069
dog = 0.7750
horse = 0.7008
motorbike = 0.7971
person = 0.6876
pottedplant = 0.9967
sheep = 0.7695
train = 0.9761
tvmonitor = 0.9970
average = 0.8069
Epoch 3/6
----------
lr = 1.50e-06, 5.00e-05
Epoch 3/6: 100%|██████████| 2000/2000 [07:02<00:00,  4.73it/s, loss=1.6555, acc=0.9597]
epoch loss: 1.3769654193194583, epoch accuracy: 0.95971065448572
completed in 422.74s (7.05m)
Start evaluation...
Evaluating class aeroplane: 0/18
Class aeroplane Iteration 40   47.40sample/s
Class aeroplane Iteration 80   45.41sample/s
Class aeroplane Iteration 120  43.57sample/s
Class aeroplane Iteration 160  42.65sample/s
Class aeroplane Iteration 200  27.74sample/s
Class aeroplane acc = 0.7030
Evaluating class bicycle: 1/18
Class bicycle  Iteration 40   41.84sample/s
Class bicycle  Iteration 80   47.85sample/s
Class bicycle  Iteration 120  43.66sample/s
Class bicycle  Iteration 160  48.86sample/s
Class bicycle  Iteration 200  55.23sample/s
Class bicycle acc = 0.6169
Evaluating class bird: 2/18
Class bird     Iteration 40   47.68sample/s
Class bird     Iteration 80   46.63sample/s
Class bird     Iteration 120  45.39sample/s
Class bird     Iteration 160  42.05sample/s
Class bird     Iteration 200  35.18sample/s
Class bird acc = 0.8988
Evaluating class boat: 3/18
Class boat     Iteration 40   31.51sample/s
Class boat     Iteration 80   35.97sample/s
Class boat     Iteration 120  32.94sample/s
Class boat     Iteration 160  40.84sample/s
Class boat     Iteration 200  36.33sample/s
Class boat acc = 0.8294
Evaluating class bottle: 4/18
Class bottle   Iteration 40   33.59sample/s
Class bottle   Iteration 80   38.44sample/s
Class bottle   Iteration 120  37.48sample/s
Class bottle   Iteration 160  39.48sample/s
Class bottle   Iteration 200  42.27sample/s
Class bottle acc = 0.6684
Evaluating class bus: 5/18
Class bus      Iteration 40   30.31sample/s
Class bus      Iteration 80   37.52sample/s
Class bus      Iteration 120  35.23sample/s
Class bus      Iteration 160  34.92sample/s
Class bus      Iteration 200  39.28sample/s
Class bus acc = 0.9778
Evaluating class car: 6/18
Class car      Iteration 40   28.07sample/s
Class car      Iteration 80   35.67sample/s
Class car      Iteration 120  31.48sample/s
Class car      Iteration 160  39.60sample/s
Class car      Iteration 200  33.69sample/s
Class car acc = 0.9032
Evaluating class cat: 7/18
Class cat      Iteration 40   34.34sample/s
Class cat      Iteration 80   37.82sample/s
Class cat      Iteration 120  31.41sample/s
Class cat      Iteration 160  25.85sample/s
Class cat      Iteration 200  38.19sample/s
Class cat acc = 0.7498
Evaluating class chair: 8/18
Class chair    Iteration 40   30.19sample/s
Class chair    Iteration 80   24.27sample/s
Class chair    Iteration 120  29.57sample/s
Class chair    Iteration 160  22.78sample/s
Class chair    Iteration 200  33.78sample/s
Class chair acc = 0.7307
Evaluating class cow: 9/18
Class cow      Iteration 40   30.53sample/s
Class cow      Iteration 80   31.73sample/s
Class cow      Iteration 120  29.53sample/s
Class cow      Iteration 160  36.35sample/s
Class cow      Iteration 200  34.07sample/s
Class cow acc = 0.8187
Evaluating class dog: 10/18
Class dog      Iteration 40   30.75sample/s
Class dog      Iteration 80   36.66sample/s
Class dog      Iteration 120  33.05sample/s
Class dog      Iteration 160  33.64sample/s
Class dog      Iteration 200  32.25sample/s
Class dog acc = 0.7957
Evaluating class horse: 11/18
Class horse    Iteration 40   26.85sample/s
Class horse    Iteration 80   33.03sample/s
Class horse    Iteration 120  32.45sample/s
Class horse    Iteration 160  34.16sample/s
Class horse    Iteration 200  32.64sample/s
Class horse acc = 0.7141
Evaluating class motorbike: 12/18
Class motorbike Iteration 40   26.98sample/s
Class motorbike Iteration 80   32.86sample/s
Class motorbike Iteration 120  26.78sample/s
Class motorbike Iteration 160  33.54sample/s
Class motorbike Iteration 200  34.75sample/s
Class motorbike acc = 0.7985
Evaluating class person: 13/18
Class person   Iteration 40   26.73sample/s
Class person   Iteration 80   26.13sample/s
Class person   Iteration 120  23.43sample/s
Class person   Iteration 160  30.25sample/s
Class person   Iteration 200  31.40sample/s
Class person acc = 0.6854
Evaluating class pottedplant: 14/18
Class pottedplant Iteration 40   24.07sample/s
Class pottedplant Iteration 80   26.05sample/s
Class pottedplant Iteration 120  28.23sample/s
Class pottedplant Iteration 160  20.77sample/s
Class pottedplant Iteration 200  24.90sample/s
Class pottedplant acc = 0.9972
Evaluating class sheep: 15/18
Class sheep    Iteration 40   24.14sample/s
Class sheep    Iteration 80   26.39sample/s
Class sheep    Iteration 120  35.36sample/s
Class sheep    Iteration 160  37.05sample/s
Class sheep    Iteration 200  37.92sample/s
Class sheep acc = 0.7854
Evaluating class train: 16/18
Class train    Iteration 40   39.08sample/s
Class train    Iteration 80   41.99sample/s
Class train    Iteration 120  41.88sample/s
Class train    Iteration 160  38.56sample/s
Class train    Iteration 200  41.22sample/s
Class train acc = 0.9783
Evaluating class tvmonitor: 17/18
Class tvmonitor Iteration 40   38.38sample/s
Class tvmonitor Iteration 80   43.57sample/s
Class tvmonitor Iteration 120  47.08sample/s
Class tvmonitor Iteration 160  43.77sample/s
Class tvmonitor Iteration 200  43.55sample/s
Class tvmonitor acc = 0.9976
Evaluation complete in 8m 53s
Matching accuracy
aeroplane = 0.7030
bicycle = 0.6169
bird = 0.8988
boat = 0.8294
bottle = 0.6684
bus = 0.9778
car = 0.9032
cat = 0.7498
chair = 0.7307
cow = 0.8187
dog = 0.7957
horse = 0.7141
motorbike = 0.7985
person = 0.6854
pottedplant = 0.9972
sheep = 0.7854
train = 0.9783
tvmonitor = 0.9976
average = 0.8138
Epoch 4/6
----------
lr = 1.50e-06, 5.00e-05
Epoch 4/6: 100%|██████████| 2000/2000 [07:01<00:00,  4.74it/s, loss=0.9267, acc=0.9678]
epoch loss: 1.3084927232046613, epoch accuracy: 0.9677712145224031
completed in 422.00s (7.03m)
Start evaluation...
Evaluating class aeroplane: 0/18
Class aeroplane Iteration 40   43.04sample/s
Class aeroplane Iteration 80   44.35sample/s
Class aeroplane Iteration 120  48.04sample/s
Class aeroplane Iteration 160  45.03sample/s
Class aeroplane Iteration 200  44.73sample/s
Class aeroplane acc = 0.7029
Evaluating class bicycle: 1/18
Class bicycle  Iteration 40   41.10sample/s
Class bicycle  Iteration 80   44.43sample/s
Class bicycle  Iteration 120  47.14sample/s
Class bicycle  Iteration 160  47.48sample/s
Class bicycle  Iteration 200  48.76sample/s
Class bicycle acc = 0.6114
Evaluating class bird: 2/18
Class bird     Iteration 40   45.39sample/s
Class bird     Iteration 80   48.21sample/s
Class bird     Iteration 120  55.31sample/s
Class bird     Iteration 160  52.24sample/s
Class bird     Iteration 200  54.74sample/s
Class bird acc = 0.9066
Evaluating class boat: 3/18
Class boat     Iteration 40   39.67sample/s
Class boat     Iteration 80   34.26sample/s
Class boat     Iteration 120  23.65sample/s
Class boat     Iteration 160  31.80sample/s
Class boat     Iteration 200  37.17sample/s
Class boat acc = 0.8243
Evaluating class bottle: 4/18
Class bottle   Iteration 40   35.01sample/s
Class bottle   Iteration 80   37.78sample/s
Class bottle   Iteration 120  39.46sample/s
Class bottle   Iteration 160  36.79sample/s
Class bottle   Iteration 200  39.30sample/s
Class bottle acc = 0.6774
Evaluating class bus: 5/18
Class bus      Iteration 40   30.70sample/s
Class bus      Iteration 80   36.59sample/s
Class bus      Iteration 120  38.80sample/s
Class bus      Iteration 160  34.72sample/s
Class bus      Iteration 200  37.94sample/s
Class bus acc = 0.9797
Evaluating class car: 6/18
Class car      Iteration 40   29.59sample/s
Class car      Iteration 80   33.10sample/s
Class car      Iteration 120  32.65sample/s
Class car      Iteration 160  37.46sample/s
Class car      Iteration 200  35.39sample/s
Class car acc = 0.9001
Evaluating class cat: 7/18
Class cat      Iteration 40   35.91sample/s
Class cat      Iteration 80   37.29sample/s
Class cat      Iteration 120  38.90sample/s
Class cat      Iteration 160  37.16sample/s
Class cat      Iteration 200  37.95sample/s
Class cat acc = 0.7523
Evaluating class chair: 8/18
Class chair    Iteration 40   33.47sample/s
Class chair    Iteration 80   36.01sample/s
Class chair    Iteration 120  38.13sample/s
Class chair    Iteration 160  34.63sample/s
Class chair    Iteration 200  40.07sample/s
Class chair acc = 0.7349
Evaluating class cow: 9/18
Class cow      Iteration 40   34.31sample/s
Class cow      Iteration 80   32.15sample/s
Class cow      Iteration 120  34.92sample/s
Class cow      Iteration 160  38.51sample/s
Class cow      Iteration 200  42.17sample/s
Class cow acc = 0.8298
Evaluating class dog: 10/18
Class dog      Iteration 40   22.14sample/s
Class dog      Iteration 80   36.90sample/s
Class dog      Iteration 120  38.41sample/s
Class dog      Iteration 160  34.81sample/s
Class dog      Iteration 200  37.66sample/s
Class dog acc = 0.7881
Evaluating class horse: 11/18
Class horse    Iteration 40   33.74sample/s
Class horse    Iteration 80   36.11sample/s
Class horse    Iteration 120  38.28sample/s
Class horse    Iteration 160  38.03sample/s
Class horse    Iteration 200  39.14sample/s
Class horse acc = 0.7107
Evaluating class motorbike: 12/18
Class motorbike Iteration 40   32.54sample/s
Class motorbike Iteration 80   36.62sample/s
Class motorbike Iteration 120  36.58sample/s
Class motorbike Iteration 160  38.51sample/s
Class motorbike Iteration 200  38.67sample/s
Class motorbike acc = 0.8106
Evaluating class person: 13/18
Class person   Iteration 40   32.68sample/s
Class person   Iteration 80   36.03sample/s
Class person   Iteration 120  32.65sample/s
Class person   Iteration 160  35.29sample/s
Class person   Iteration 200  38.20sample/s
Class person acc = 0.6952
Evaluating class pottedplant: 14/18
Class pottedplant Iteration 40   27.46sample/s
Class pottedplant Iteration 80   30.17sample/s
Class pottedplant Iteration 120  32.30sample/s
Class pottedplant Iteration 160  34.37sample/s
Class pottedplant Iteration 200  35.91sample/s
Class pottedplant acc = 0.9986
Evaluating class sheep: 15/18
Class sheep    Iteration 40   30.24sample/s
Class sheep    Iteration 80   32.10sample/s
Class sheep    Iteration 120  36.43sample/s
Class sheep    Iteration 160  39.27sample/s
Class sheep    Iteration 200  38.69sample/s
Class sheep acc = 0.7902
Evaluating class train: 16/18
Class train    Iteration 40   35.45sample/s
Class train    Iteration 80   38.34sample/s
Class train    Iteration 120  27.72sample/s
Class train    Iteration 160  32.52sample/s
Class train    Iteration 200  36.58sample/s
Class train acc = 0.9763
Evaluating class tvmonitor: 17/18
Class tvmonitor Iteration 40   34.57sample/s
Class tvmonitor Iteration 80   38.93sample/s
Class tvmonitor Iteration 120  39.79sample/s
Class tvmonitor Iteration 160  40.09sample/s
Class tvmonitor Iteration 200  44.82sample/s
Class tvmonitor acc = 0.9978
Evaluation complete in 8m 11s
Matching accuracy
aeroplane = 0.7029
bicycle = 0.6114
bird = 0.9066
boat = 0.8243
bottle = 0.6774
bus = 0.9797
car = 0.9001
cat = 0.7523
chair = 0.7349
cow = 0.8298
dog = 0.7881
horse = 0.7107
motorbike = 0.8106
person = 0.6952
pottedplant = 0.9986
sheep = 0.7902
train = 0.9763
tvmonitor = 0.9978
average = 0.8159
Epoch 5/6
----------
lr = 1.50e-07, 5.00e-06
Epoch 5/6: 100%|██████████| 2000/2000 [07:01<00:00,  4.75it/s, loss=1.2673, acc=0.9699]
epoch loss: 1.2694929601028562, epoch accuracy: 0.969939879759519
completed in 421.42s (7.02m)
Start evaluation...
Evaluating class aeroplane: 0/18
Class aeroplane Iteration 40   46.13sample/s
Class aeroplane Iteration 80   40.76sample/s
Class aeroplane Iteration 120  38.80sample/s
Class aeroplane Iteration 160  44.57sample/s
Class aeroplane Iteration 200  57.43sample/s
Class aeroplane acc = 0.7018
Evaluating class bicycle: 1/18
Class bicycle  Iteration 40   41.68sample/s
Class bicycle  Iteration 80   45.14sample/s
Class bicycle  Iteration 120  46.86sample/s
Class bicycle  Iteration 160  45.73sample/s
Class bicycle  Iteration 200  54.29sample/s
Class bicycle acc = 0.6211
Evaluating class bird: 2/18
Class bird     Iteration 40   43.56sample/s
Class bird     Iteration 80   47.52sample/s
Class bird     Iteration 120  46.23sample/s
Class bird     Iteration 160  48.55sample/s
Class bird     Iteration 200  54.50sample/s
Class bird acc = 0.9068
Evaluating class boat: 3/18
Class boat     Iteration 40   41.81sample/s
Class boat     Iteration 80   48.17sample/s
Class boat     Iteration 120  45.88sample/s
Class boat     Iteration 160  46.23sample/s
Class boat     Iteration 200  41.49sample/s
Class boat acc = 0.8270
Evaluating class bottle: 4/18
Class bottle   Iteration 40   33.35sample/s
Class bottle   Iteration 80   37.72sample/s
Class bottle   Iteration 120  38.16sample/s
Class bottle   Iteration 160  25.90sample/s
Class bottle   Iteration 200  37.86sample/s
Class bottle acc = 0.6758
Evaluating class bus: 5/18
Class bus      Iteration 40   28.83sample/s
Class bus      Iteration 80   25.65sample/s
Class bus      Iteration 120  36.42sample/s
Class bus      Iteration 160  33.46sample/s
Class bus      Iteration 200  37.46sample/s
Class bus acc = 0.9806
Evaluating class car: 6/18
Class car      Iteration 40   28.22sample/s
Class car      Iteration 80   33.40sample/s
Class car      Iteration 120  30.85sample/s
Class car      Iteration 160  39.85sample/s
Class car      Iteration 200  31.87sample/s
Class car acc = 0.9026
Evaluating class cat: 7/18
Class cat      Iteration 40   33.71sample/s
Class cat      Iteration 80   34.94sample/s
Class cat      Iteration 120  38.14sample/s
Class cat      Iteration 160  41.60sample/s
Class cat      Iteration 200  37.22sample/s
Class cat acc = 0.7513
Evaluating class chair: 8/18
Class chair    Iteration 40   32.72sample/s
Class chair    Iteration 80   35.43sample/s
Class chair    Iteration 120  36.90sample/s
Class chair    Iteration 160  34.54sample/s
Class chair    Iteration 200  40.68sample/s
Class chair acc = 0.7313
Evaluating class cow: 9/18
Class cow      Iteration 40   32.06sample/s
Class cow      Iteration 80   31.75sample/s
Class cow      Iteration 120  32.01sample/s
Class cow      Iteration 160  38.45sample/s
Class cow      Iteration 200  41.55sample/s
Class cow acc = 0.8265
Evaluating class dog: 10/18
Class dog      Iteration 40   31.80sample/s
Class dog      Iteration 80   37.22sample/s
Class dog      Iteration 120  40.89sample/s
Class dog      Iteration 160  36.71sample/s
Class dog      Iteration 200  38.24sample/s
Class dog acc = 0.7870
Evaluating class horse: 11/18
Class horse    Iteration 40   24.01sample/s
Class horse    Iteration 80   37.82sample/s
Class horse    Iteration 120  38.26sample/s
Class horse    Iteration 160  36.70sample/s
Class horse    Iteration 200  38.76sample/s
Class horse acc = 0.7144
Evaluating class motorbike: 12/18
Class motorbike Iteration 40   32.64sample/s
Class motorbike Iteration 80   38.99sample/s
Class motorbike Iteration 120  42.43sample/s
Class motorbike Iteration 160  41.81sample/s
Class motorbike Iteration 200  44.69sample/s
Class motorbike acc = 0.8082
Evaluating class person: 13/18
Class person   Iteration 40   36.48sample/s
Class person   Iteration 80   39.37sample/s
Class person   Iteration 120  40.10sample/s
Class person   Iteration 160  37.70sample/s
Class person   Iteration 200  44.55sample/s
Class person acc = 0.6970
Evaluating class pottedplant: 14/18
Class pottedplant Iteration 40   29.57sample/s
Class pottedplant Iteration 80   34.52sample/s
Class pottedplant Iteration 120  36.14sample/s
Class pottedplant Iteration 160  39.50sample/s
Class pottedplant Iteration 200  38.62sample/s
Class pottedplant acc = 0.9997
Evaluating class sheep: 15/18
Class sheep    Iteration 40   31.67sample/s
Class sheep    Iteration 80   33.57sample/s
Class sheep    Iteration 120  38.54sample/s
Class sheep    Iteration 160  40.25sample/s
Class sheep    Iteration 200  39.78sample/s
Class sheep acc = 0.7923
Evaluating class train: 16/18
Class train    Iteration 40   37.00sample/s
Class train    Iteration 80   42.78sample/s
Class train    Iteration 120  43.12sample/s
Class train    Iteration 160  43.06sample/s
Class train    Iteration 200  40.65sample/s
Class train acc = 0.9779
Evaluating class tvmonitor: 17/18
Class tvmonitor Iteration 40   36.74sample/s
Class tvmonitor Iteration 80   40.91sample/s
Class tvmonitor Iteration 120  39.79sample/s
Class tvmonitor Iteration 160  43.96sample/s
Class tvmonitor Iteration 200  40.88sample/s
Class tvmonitor acc = 0.9985
Evaluation complete in 7m 56s
Matching accuracy
aeroplane = 0.7018
bicycle = 0.6211
bird = 0.9068
boat = 0.8270
bottle = 0.6758
bus = 0.9806
car = 0.9026
cat = 0.7513
chair = 0.7313
cow = 0.8265
dog = 0.7870
horse = 0.7144
motorbike = 0.8082
person = 0.6970
pottedplant = 0.9997
sheep = 0.7923
train = 0.9779
tvmonitor = 0.9985
average = 0.8166
Epoch 6/6
----------
lr = 1.50e-07, 5.00e-06
Epoch 6/6: 100%|██████████| 2000/2000 [07:00<00:00,  4.75it/s, loss=1.1213, acc=0.9722]
epoch loss: 1.2493102326728402, epoch accuracy: 0.9721580740142024
completed in 420.63s (7.01m)
Start evaluation...
Evaluating class aeroplane: 0/18
Class aeroplane Iteration 40   44.14sample/s
Class aeroplane Iteration 80   47.72sample/s
Class aeroplane Iteration 120  40.89sample/s
Class aeroplane Iteration 160  43.79sample/s
Class aeroplane Iteration 200  53.84sample/s
Class aeroplane acc = 0.7035
Evaluating class bicycle: 1/18
Class bicycle  Iteration 40   44.52sample/s
Class bicycle  Iteration 80   44.42sample/s
Class bicycle  Iteration 120  46.46sample/s
Class bicycle  Iteration 160  47.28sample/s
Class bicycle  Iteration 200  54.62sample/s
Class bicycle acc = 0.6199
Evaluating class bird: 2/18
Class bird     Iteration 40   43.01sample/s
Class bird     Iteration 80   44.44sample/s
Class bird     Iteration 120  47.47sample/s
Class bird     Iteration 160  46.48sample/s
Class bird     Iteration 200  52.09sample/s
Class bird acc = 0.9051
Evaluating class boat: 3/18
Class boat     Iteration 40   43.65sample/s
Class boat     Iteration 80   42.09sample/s
Class boat     Iteration 120  42.55sample/s
Class boat     Iteration 160  47.38sample/s
Class boat     Iteration 200  47.79sample/s
Class boat acc = 0.8262
Evaluating class bottle: 4/18
Class bottle   Iteration 40   47.67sample/s
Class bottle   Iteration 80   46.87sample/s
Class bottle   Iteration 120  61.69sample/s
Class bottle   Iteration 160  47.69sample/s
Class bottle   Iteration 200  36.39sample/s
Class bottle acc = 0.6729
Evaluating class bus: 5/18
Class bus      Iteration 40   30.52sample/s
Class bus      Iteration 80   32.92sample/s
Class bus      Iteration 120  37.21sample/s
Class bus      Iteration 160  37.15sample/s
Class bus      Iteration 200  36.08sample/s
Class bus acc = 0.9814
Evaluating class car: 6/18
Class car      Iteration 40   20.96sample/s
Class car      Iteration 80   31.61sample/s
Class car      Iteration 120  33.44sample/s
Class car      Iteration 160  38.60sample/s
Class car      Iteration 200  33.87sample/s
Class car acc = 0.9057
Evaluating class cat: 7/18
Class cat      Iteration 40   41.87sample/s
Class cat      Iteration 80   50.28sample/s
Class cat      Iteration 120  52.63sample/s
Class cat      Iteration 160  54.21sample/s
Class cat      Iteration 200  50.97sample/s
Class cat acc = 0.7495
Evaluating class chair: 8/18
Class chair    Iteration 40   42.37sample/s
Class chair    Iteration 80   48.27sample/s
Class chair    Iteration 120  54.98sample/s
Class chair    Iteration 160  49.54sample/s
Class chair    Iteration 200  50.03sample/s
Class chair acc = 0.7322
Evaluating class cow: 9/18
Class cow      Iteration 40   44.23sample/s
Class cow      Iteration 80   43.13sample/s
Class cow      Iteration 120  45.50sample/s
Class cow      Iteration 160  51.74sample/s
Class cow      Iteration 200  52.13sample/s
Class cow acc = 0.8249
Evaluating class dog: 10/18
Class dog      Iteration 40   45.47sample/s
Class dog      Iteration 80   49.30sample/s
Class dog      Iteration 120  55.27sample/s
Class dog      Iteration 160  54.54sample/s
Class dog      Iteration 200  48.01sample/s
Class dog acc = 0.7877
Evaluating class horse: 11/18
Class horse    Iteration 40   42.81sample/s
Class horse    Iteration 80   50.58sample/s
Class horse    Iteration 120  51.42sample/s
Class horse    Iteration 160  63.19sample/s
Class horse    Iteration 200  47.89sample/s
Class horse acc = 0.7158
Evaluating class motorbike: 12/18
Class motorbike Iteration 40   41.76sample/s
Class motorbike Iteration 80   48.44sample/s
Class motorbike Iteration 120  48.12sample/s
Class motorbike Iteration 160  54.21sample/s
Class motorbike Iteration 200  49.86sample/s
Class motorbike acc = 0.8092
Evaluating class person: 13/18
Class person   Iteration 40   42.96sample/s
Class person   Iteration 80   45.89sample/s
Class person   Iteration 120  46.78sample/s
Class person   Iteration 160  55.49sample/s
Class person   Iteration 200  51.24sample/s
Class person acc = 0.7002
Evaluating class pottedplant: 14/18
Class pottedplant Iteration 40   36.98sample/s
Class pottedplant Iteration 80   41.10sample/s
Class pottedplant Iteration 120  31.09sample/s
Class pottedplant Iteration 160  50.59sample/s
Class pottedplant Iteration 200  46.97sample/s
Class pottedplant acc = 0.9997
Evaluating class sheep: 15/18
Class sheep    Iteration 40   37.81sample/s
Class sheep    Iteration 80   40.39sample/s
Class sheep    Iteration 120  49.69sample/s
Class sheep    Iteration 160  48.52sample/s
Class sheep    Iteration 200  46.60sample/s
Class sheep acc = 0.7964
Evaluating class train: 16/18
Class train    Iteration 40   47.31sample/s
Class train    Iteration 80   51.13sample/s
Class train    Iteration 120  51.10sample/s
Class train    Iteration 160  48.36sample/s
Class train    Iteration 200  47.97sample/s
Class train acc = 0.9792
Evaluating class tvmonitor: 17/18
Class tvmonitor Iteration 40   44.28sample/s
Class tvmonitor Iteration 80   52.33sample/s
Class tvmonitor Iteration 120  57.44sample/s
Class tvmonitor Iteration 160  51.05sample/s
Class tvmonitor Iteration 200  51.49sample/s
Class tvmonitor acc = 0.9994
Evaluation complete in 6m 42s
Matching accuracy
aeroplane = 0.7035
bicycle = 0.6199
bird = 0.9051
boat = 0.8262
bottle = 0.6729
bus = 0.9814
car = 0.9057
cat = 0.7495
chair = 0.7322
cow = 0.8249
dog = 0.7877
horse = 0.7158
motorbike = 0.8092
person = 0.7002
pottedplant = 0.9997
sheep = 0.7964
train = 0.9792
tvmonitor = 0.9994
average = 0.8172
[1;34mwandb[0m: 
[1;34mwandb[0m: You can sync this run to the cloud by running:
[1;34mwandb[0m: [1mwandb sync /scratch/hpc-prf-llmrout/hpcabpo/nmt/wandb/wandb/offline-run-20260916_115936-tq8nag8a[0m
[1;34mwandb[0m: Find logs at: [1;35m../../../../../../scratch/hpc-prf-llmrout/hpcabpo/nmt/wandb/wandb/offline-run-20260916_115936-tq8nag8a/logs[0m
