CPU_SET_HEX_STR_SIZE: 257, Size of mstr: 257
cpu-bind=MASK - gpu1007, task  0  0 [1298986]: mask |--------|BBBB----|--------|----BBBB|--------|--------|BBBBBBBB|--------|--------|--------|--------|--------||||--------|--------|--------|--------|--------|--------|--------|--------|--------|--------|--------|--------| set
job=3393614 node=gpu1007 gpu=NVIDIA H100 config=/scratch/hpc-prf-llmrout/hpcabpo/nmt/runs/configs/spair_mv_K2_seed4.json wandb=offline
backbone=vgg16 image_size=256 conv=rational model_dir=/scratch/hpc-prf-llmrout/hpcabpo/nmt/runs/spair_vgg16/mv_K2_seed4
rendezvous port=49895
{
    "BACKBONE": "vgg16",
    "BACKBONE_DIR": "/scratch/hpc-prf-llmrout/hpcabpo/nmt/checkpoints",
    "BATCH_SIZE": 5,
    "CACHE_PATH": "data/cache",
    "DATASET_NAME": "SPair71k",
    "EVAL": {
        "SAMPLES": 1000,
        "difficulty_params": {},
        "num_graphs_in_matching_instance": 2
    },
    "IMAGE_SIZE": 256,
    "Matching_TF": {
        "activation": "relu",
        "batch_norm": true,
        "d_model": 648,
        "nGPT_mlp_hidden_mult": 6,
        "n_decoder": 4,
        "n_encoder": 4,
        "n_head": 12,
        "n_lap_EigVec": 8,
        "pos_encoding": false
    },
    "NORM_MEANS": [
        0.485,
        0.456,
        0.406
    ],
    "NORM_STD": [
        0.229,
        0.224,
        0.225
    ],
    "RANDOM_SEED": 4,
    "SPLINE_CNN": {
        "aggr": "max",
        "conv": "rational",
        "degrees": [
            8,
            6
        ],
        "dim": 2,
        "init": "pca",
        "init_noise": 0.001,
        "input_features": 1024,
        "kernel_size": 5,
        "num_bases": 2,
        "output_features": 648,
        "poly": "chebyshev",
        "pyg_init": true,
        "rational_basis": "multivariate",
        "safe": "B",
        "vp": true
    },
    "SPair": {
        "CLASSES": [
            "aeroplane",
            "bicycle",
            "bird",
            "boat",
            "boat",
            "bottle",
            "bus",
            "car",
            "cat",
            "chair",
            "cow",
            "dog",
            "horse",
            "motorbike",
            "person",
            "pottedplant",
            "sheep",
            "train",
            "tvmonitor"
        ],
        "ROOT_DIR": "/pc2/groups/hpc-prf-llmrout/hpcabpo/rational-basis-cnn/data/SPair-71k",
        "size": "large"
    },
    "STATISTIC_STEP": 1,
    "TRACK_GRAD_NORM": false,
    "TRAIN": {
        "EPOCH_ITERS": 2000,
        "LR": 0.0005,
        "_comment_epochs": "lr_schedule long_halving5 defines 12 epochs; max_epochs stops after 7. NMT trains ~11 epochs per day, so 7 epochs is ~15.3 h. Both LR drops (epochs 2 and 5) still happen.",
        "clip_norm": 0,
        "cutmix_beta": 1.0,
        "cutmix_prob": 0.3,
        "difficulty_params": {},
        "layer_loss_param": 0.3,
        "lr_schedule": "long_halving5",
        "max_epochs": 7,
        "mixup_alpha": 0.8,
        "mixup_prob": 0.3,
        "num_graphs_in_matching_instance": 2,
        "random_erasing_prob": 0.3,
        "temperature": 0.1,
        "weight_decay": 0
    },
    "USE_SYNTHETIC": false,
    "VOC2011": {
        "CLASSES": [
            "aeroplane",
            "bicycle",
            "bird",
            "boat",
            "bottle",
            "bus",
            "car",
            "cat",
            "chair",
            "cow",
            "diningtable",
            "dog",
            "horse",
            "motorbike",
            "person",
            "pottedplant",
            "sheep",
            "sofa",
            "train",
            "tvmonitor"
        ],
        "KPT_ANNO_DIR": "/data/cat/ws/tosa098h-abtin_NormMatchTrans/data/downloaded/PascalVOC/annotations/",
        "ROOT_DIR": "/data/cat/ws/tosa098h-abtin_NormMatchTrans/data/downloaded/PascalVOC/VOC2011/",
        "SET_SPLIT": "/data/cat/ws/tosa098h-abtin_NormMatchTrans/data/split/voc2011_pairs.npz"
    },
    "WILLOW": {
        "CLASSES": [
            "Car",
            "Duck",
            "Face",
            "Motorbike",
            "Winebottle"
        ],
        "KPT_LEN": 10,
        "ROOT_DIR": "./data/downloaded/WILLOW/WILLOW-ObjectClass",
        "TRAIN_NUM": 20,
        "TRAIN_OFFSET": 0
    },
    "_generated_by": "slurm/make_config.py mv_K2 4 (spair)",
    "combine_classes": false,
    "default_json": "experiments/voc_basic.json",
    "eval_sampling": "intersection",
    "evaluate_only": false,
    "exclude_willow_classes": false,
    "keep_last_checkpoint_only": true,
    "log_dir": "runs/",
    "model_dir": "/scratch/hpc-prf-llmrout/hpcabpo/nmt/runs/spair_vgg16/mv_K2_seed4",
    "save_checkpoint": true,
    "train_sampling": "intersection",
    "visualization_params": {
        "produce_pdf": false,
        "reduced_vis": true
    },
    "visualize": false,
    "warmstart_path": null
}
wandb: Tracking run with wandb version 0.30.0
wandb: W&B syncing is set to `offline` in this directory. Run `wandb online` or set WANDB_MODE=online to enable cloud syncing.
wandb: Run data is saved locally in /scratch/hpc-prf-llmrout/hpcabpo/nmt/wandb/wandb/offline-run-20260923_111205-dbx9s922
wandb: View this run in the terminal with `wandb leet`
No difficulty parameters for trn-set. Using all available data.
Number of annotation pairs matching the difficulty params in trn-set: {'aeroplane': 2924, 'bicycle': 2946, 'bird': 3080, 'boat': 2936, 'bottle': 2448, 'bus': 2708, 'car': 2960, 'cat': 3306, 'chair': 3060, 'cow': 3118, 'dog': 3192, 'horse': 3136, 'motorbike': 3180, 'person': 3066, 'pottedplant': 2446, 'sheep': 3140, 'train': 2752, 'tvmonitor': 2942}
TRUE EPOCHS:  False
10000
Initializing trn-set. Randomly sampling 10000 examples.
/pc2/groups/hpc-prf-llmrout/hpcabpo/nmt/conda/envs/nmt/lib/python3.12/site-packages/albumentations/core/composition.py:331: UserWarning: Got processor for keypoints, but no transform to process it.
  self._set_keys()
No difficulty parameters for test-set. Using all available data.
Number of annotation pairs matching the difficulty params in test-set: {'aeroplane': 690, 'bicycle': 650, 'bird': 702, 'boat': 702, 'bottle': 870, 'bus': 644, 'car': 564, 'cat': 600, 'chair': 646, 'cow': 640, 'dog': 600, 'horse': 600, 'motorbike': 702, 'person': 650, 'pottedplant': 862, 'sheep': 664, 'train': 756, 'tvmonitor': 692}
TRUE EPOCHS:  False
1000
Initializing test-set. Randomly sampling 1000 examples.
/pc2/groups/hpc-prf-llmrout/hpcabpo/nmt/conda/envs/nmt/lib/python3.12/site-packages/torchvision/models/_utils.py:208: UserWarning: The parameter 'pretrained' is deprecated since 0.13 and may be removed in the future, please use 'weights' instead.
  warnings.warn(
/pc2/groups/hpc-prf-llmrout/hpcabpo/nmt/conda/envs/nmt/lib/python3.12/site-packages/torchvision/models/_utils.py:223: UserWarning: Arguments other than a weight enum or `None` for 'weights' are deprecated since 0.13 and may be removed in the future. The current behavior is equivalent to passing `weights=VGG16_Weights.IMAGENET1K_V1`. You can also use `weights=VGG16_Weights.DEFAULT` to get the most up-to-date weights.
  warnings.warn(msg)
stopping after 7 epochs (cfg.TRAIN.max_epochs; schedule 'long_halving5' defines 12)
Start training...
NMT model on device: cuda:0
Epoch 0/6
----------
lr = 1.50e-05, 5.00e-04
Epoch 0/6:   0%|          | 0/2000 [00:00<?, ?it/s]/pc2/groups/hpc-prf-llmrout/hpcabpo/nmt/conda/envs/nmt/lib/python3.12/site-packages/torch_geometric/utils/_scatter.py:91: UserWarning: The usage of `scatter(reduce='max')` can be accelerated via the 'torch-scatter' package, but it was not found
  warnings.warn(
[rank0]:[W923 11:12:09.681066277 reducer.cpp:1528] Warning: find_unused_parameters=True was specified in DDP constructor, but did not find any unused parameters in the forward pass. This flag results in an extra traversal of the autograd graph every iteration,  which can adversely affect performance. If your model indeed never has any unused parameters in the forward pass, consider turning this flag off. Note that this warning may be a false positive if your model has flow control causing later iterations to have unused parameters. (function operator())
Epoch 0/6: 100%|██████████| 2000/2000 [06:53<00:00,  4.83it/s, loss=2.2333, acc=0.7395]
epoch loss: 3.2025517411231994, epoch accuracy: 0.7395077494630522
completed in 413.83s (6.90m)
Start evaluation...
Evaluating class aeroplane: 0/18
Class aeroplane Iteration 40   70.72sample/s
Class aeroplane Iteration 80   67.74sample/s
Class aeroplane Iteration 120  63.65sample/s
Class aeroplane Iteration 160  66.03sample/s
Class aeroplane Iteration 200  77.96sample/s
Class aeroplane acc = 0.6397
Evaluating class bicycle: 1/18
Class bicycle  Iteration 40   62.94sample/s
Class bicycle  Iteration 80   69.24sample/s
Class bicycle  Iteration 120  87.74sample/s
Class bicycle  Iteration 160  73.83sample/s
Class bicycle  Iteration 200  75.07sample/s
Class bicycle acc = 0.5458
Evaluating class bird: 2/18
Class bird     Iteration 40   59.85sample/s
Class bird     Iteration 80   68.11sample/s
Class bird     Iteration 120  70.67sample/s
Class bird     Iteration 160  80.00sample/s
Class bird     Iteration 200  78.26sample/s
Class bird acc = 0.8832
Evaluating class boat: 3/18
Class boat     Iteration 40   58.53sample/s
Class boat     Iteration 80   63.90sample/s
Class boat     Iteration 120  71.37sample/s
Class boat     Iteration 160  66.95sample/s
Class boat     Iteration 200  65.32sample/s
Class boat acc = 0.7804
Evaluating class bottle: 4/18
Class bottle   Iteration 40   67.82sample/s
Class bottle   Iteration 80   92.69sample/s
Class bottle   Iteration 120  69.95sample/s
Class bottle   Iteration 160  68.87sample/s
Class bottle   Iteration 200  72.17sample/s
Class bottle acc = 0.6672
Evaluating class bus: 5/18
Class bus      Iteration 40   56.26sample/s
Class bus      Iteration 80   70.44sample/s
Class bus      Iteration 120  117.76sample/s
Class bus      Iteration 160  67.50sample/s
Class bus      Iteration 200  82.65sample/s
Class bus acc = 0.9306
Evaluating class car: 6/18
Class car      Iteration 40   83.25sample/s
Class car      Iteration 80   88.49sample/s
Class car      Iteration 120  83.94sample/s
Class car      Iteration 160  101.99sample/s
Class car      Iteration 200  110.09sample/s
Class car acc = 0.8390
Evaluating class cat: 7/18
Class cat      Iteration 40   96.01sample/s
Class cat      Iteration 80   95.48sample/s
Class cat      Iteration 120  103.50sample/s
Class cat      Iteration 160  104.11sample/s
Class cat      Iteration 200  111.90sample/s
Class cat acc = 0.6584
Evaluating class chair: 8/18
Class chair    Iteration 40   90.74sample/s
Class chair    Iteration 80   98.88sample/s
Class chair    Iteration 120  104.07sample/s
Class chair    Iteration 160  93.18sample/s
Class chair    Iteration 200  113.04sample/s
Class chair acc = 0.6840
Evaluating class cow: 9/18
Class cow      Iteration 40   90.90sample/s
Class cow      Iteration 80   89.33sample/s
Class cow      Iteration 120  86.22sample/s
Class cow      Iteration 160  89.21sample/s
Class cow      Iteration 200  104.65sample/s
Class cow acc = 0.7697
Evaluating class dog: 10/18
Class dog      Iteration 40   84.16sample/s
Class dog      Iteration 80   96.87sample/s
Class dog      Iteration 120  109.71sample/s
Class dog      Iteration 160  109.09sample/s
Class dog      Iteration 200  107.09sample/s
Class dog acc = 0.6963
Evaluating class horse: 11/18
Class horse    Iteration 40   97.16sample/s
Class horse    Iteration 80   99.36sample/s
Class horse    Iteration 120  105.25sample/s
Class horse    Iteration 160  107.28sample/s
Class horse    Iteration 200  104.40sample/s
Class horse acc = 0.6577
Evaluating class motorbike: 12/18
Class motorbike Iteration 40   91.45sample/s
Class motorbike Iteration 80   94.91sample/s
Class motorbike Iteration 120  100.72sample/s
Class motorbike Iteration 160  97.34sample/s
Class motorbike Iteration 200  106.05sample/s
Class motorbike acc = 0.7769
Evaluating class person: 13/18
Class person   Iteration 40   95.14sample/s
Class person   Iteration 80   96.99sample/s
Class person   Iteration 120  95.19sample/s
Class person   Iteration 160  98.22sample/s
Class person   Iteration 200  120.52sample/s
Class person acc = 0.5986
Evaluating class pottedplant: 14/18
Class pottedplant Iteration 40   73.04sample/s
Class pottedplant Iteration 80   78.75sample/s
Class pottedplant Iteration 120  88.20sample/s
Class pottedplant Iteration 160  94.93sample/s
Class pottedplant Iteration 200  96.92sample/s
Class pottedplant acc = 0.9662
Evaluating class sheep: 15/18
Class sheep    Iteration 40   74.73sample/s
Class sheep    Iteration 80   74.61sample/s
Class sheep    Iteration 120  88.76sample/s
Class sheep    Iteration 160  81.50sample/s
Class sheep    Iteration 200  97.39sample/s
Class sheep acc = 0.7344
Evaluating class train: 16/18
Class train    Iteration 40   97.74sample/s
Class train    Iteration 80   104.98sample/s
Class train    Iteration 120  103.54sample/s
Class train    Iteration 160  102.72sample/s
Class train    Iteration 200  100.86sample/s
Class train acc = 0.9211
Evaluating class tvmonitor: 17/18
Class tvmonitor Iteration 40   91.28sample/s
Class tvmonitor Iteration 80   108.25sample/s
Class tvmonitor Iteration 120  97.61sample/s
Class tvmonitor Iteration 160  97.37sample/s
Class tvmonitor Iteration 200  96.00sample/s
Class tvmonitor acc = 0.9991
Evaluation complete in 3m 31s
Matching accuracy
aeroplane = 0.6397
bicycle = 0.5458
bird = 0.8832
boat = 0.7804
bottle = 0.6672
bus = 0.9306
car = 0.8390
cat = 0.6584
chair = 0.6840
cow = 0.7697
dog = 0.6963
horse = 0.6577
motorbike = 0.7769
person = 0.5986
pottedplant = 0.9662
sheep = 0.7344
train = 0.9211
tvmonitor = 0.9991
average = 0.7638
Epoch 1/6
----------
lr = 1.50e-05, 5.00e-04
Epoch 1/6: 100%|██████████| 2000/2000 [06:54<00:00,  4.83it/s, loss=2.3397, acc=0.8787]
epoch loss: 2.082452417463064, epoch accuracy: 0.8786851521868254
completed in 414.51s (6.91m)
Start evaluation...
Evaluating class aeroplane: 0/18
Class aeroplane Iteration 40   63.27sample/s
Class aeroplane Iteration 80   71.41sample/s
Class aeroplane Iteration 120  68.31sample/s
Class aeroplane Iteration 160  69.86sample/s
Class aeroplane Iteration 200  77.47sample/s
Class aeroplane acc = 0.6473
Evaluating class bicycle: 1/18
Class bicycle  Iteration 40   85.75sample/s
Class bicycle  Iteration 80   76.88sample/s
Class bicycle  Iteration 120  69.62sample/s
Class bicycle  Iteration 160  72.48sample/s
Class bicycle  Iteration 200  79.60sample/s
Class bicycle acc = 0.5691
Evaluating class bird: 2/18
Class bird     Iteration 40   63.21sample/s
Class bird     Iteration 80   89.10sample/s
Class bird     Iteration 120  72.14sample/s
Class bird     Iteration 160  47.97sample/s
Class bird     Iteration 200  70.26sample/s
Class bird acc = 0.8921
Evaluating class boat: 3/18
Class boat     Iteration 40   59.81sample/s
Class boat     Iteration 80   66.49sample/s
Class boat     Iteration 120  113.26sample/s
Class boat     Iteration 160  69.60sample/s
Class boat     Iteration 200  71.98sample/s
Class boat acc = 0.7641
Evaluating class bottle: 4/18
Class bottle   Iteration 40   65.35sample/s
Class bottle   Iteration 80   73.26sample/s
Class bottle   Iteration 120  73.63sample/s
Class bottle   Iteration 160  87.89sample/s
Class bottle   Iteration 200  82.11sample/s
Class bottle acc = 0.6637
Evaluating class bus: 5/18
Class bus      Iteration 40   57.66sample/s
Class bus      Iteration 80   70.21sample/s
Class bus      Iteration 120  75.82sample/s
Class bus      Iteration 160  72.72sample/s
Class bus      Iteration 200  97.29sample/s
Class bus acc = 0.9610
Evaluating class car: 6/18
Class car      Iteration 40   55.26sample/s
Class car      Iteration 80   66.32sample/s
Class car      Iteration 120  60.39sample/s
Class car      Iteration 160  72.29sample/s
Class car      Iteration 200  67.97sample/s
Class car acc = 0.8738
Evaluating class cat: 7/18
Class cat      Iteration 40   68.96sample/s
Class cat      Iteration 80   70.90sample/s
Class cat      Iteration 120  75.58sample/s
Class cat      Iteration 160  72.79sample/s
Class cat      Iteration 200  69.09sample/s
Class cat acc = 0.6835
Evaluating class chair: 8/18
Class chair    Iteration 40   61.75sample/s
Class chair    Iteration 80   79.28sample/s
Class chair    Iteration 120  66.82sample/s
Class chair    Iteration 160  62.11sample/s
Class chair    Iteration 200  70.83sample/s
Class chair acc = 0.6802
Evaluating class cow: 9/18
Class cow      Iteration 40   58.17sample/s
Class cow      Iteration 80   65.12sample/s
Class cow      Iteration 120  67.64sample/s
Class cow      Iteration 160  106.76sample/s
Class cow      Iteration 200  70.71sample/s
Class cow acc = 0.8100
Evaluating class dog: 10/18
Class dog      Iteration 40   64.95sample/s
Class dog      Iteration 80   72.47sample/s
Class dog      Iteration 120  75.10sample/s
Class dog      Iteration 160  74.79sample/s
Class dog      Iteration 200  97.86sample/s
Class dog acc = 0.7230
Evaluating class horse: 11/18
Class horse    Iteration 40   63.14sample/s
Class horse    Iteration 80   70.85sample/s
Class horse    Iteration 120  74.32sample/s
Class horse    Iteration 160  78.23sample/s
Class horse    Iteration 200  76.11sample/s
Class horse acc = 0.7012
Evaluating class motorbike: 12/18
Class motorbike Iteration 40   61.16sample/s
Class motorbike Iteration 80   77.42sample/s
Class motorbike Iteration 120  94.74sample/s
Class motorbike Iteration 160  73.29sample/s
Class motorbike Iteration 200  77.27sample/s
Class motorbike acc = 0.7878
Evaluating class person: 13/18
Class person   Iteration 40   60.26sample/s
Class person   Iteration 80   70.29sample/s
Class person   Iteration 120  69.20sample/s
Class person   Iteration 160  117.99sample/s
Class person   Iteration 200  78.97sample/s
Class person acc = 0.6293
Evaluating class pottedplant: 14/18
Class pottedplant Iteration 40   70.51sample/s
Class pottedplant Iteration 80   96.18sample/s
Class pottedplant Iteration 120  94.22sample/s
Class pottedplant Iteration 160  95.42sample/s
Class pottedplant Iteration 200  98.91sample/s
Class pottedplant acc = 0.9735
Evaluating class sheep: 15/18
Class sheep    Iteration 40   85.78sample/s
Class sheep    Iteration 80   85.47sample/s
Class sheep    Iteration 120  97.19sample/s
Class sheep    Iteration 160  93.08sample/s
Class sheep    Iteration 200  108.54sample/s
Class sheep acc = 0.7441
Evaluating class train: 16/18
Class train    Iteration 40   97.34sample/s
Class train    Iteration 80   103.53sample/s
Class train    Iteration 120  93.53sample/s
Class train    Iteration 160  104.41sample/s
Class train    Iteration 200  113.98sample/s
Class train acc = 0.9424
Evaluating class tvmonitor: 17/18
Class tvmonitor Iteration 40   94.52sample/s
Class tvmonitor Iteration 80   113.27sample/s
Class tvmonitor Iteration 120  105.38sample/s
Class tvmonitor Iteration 160  95.75sample/s
Class tvmonitor Iteration 200  110.07sample/s
Class tvmonitor acc = 0.9994
Evaluation complete in 3m 58s
Matching accuracy
aeroplane = 0.6473
bicycle = 0.5691
bird = 0.8921
boat = 0.7641
bottle = 0.6637
bus = 0.9610
car = 0.8738
cat = 0.6835
chair = 0.6802
cow = 0.8100
dog = 0.7230
horse = 0.7012
motorbike = 0.7878
person = 0.6293
pottedplant = 0.9735
sheep = 0.7441
train = 0.9424
tvmonitor = 0.9994
average = 0.7803
Epoch 2/6
----------
lr = 1.50e-06, 5.00e-05
Epoch 2/6: 100%|██████████| 2000/2000 [06:53<00:00,  4.84it/s, loss=1.5489, acc=0.9278]
epoch loss: 1.6586608099611475, epoch accuracy: 0.9277912091112989
completed in 413.45s (6.89m)
Start evaluation...
Evaluating class aeroplane: 0/18
Class aeroplane Iteration 40   63.22sample/s
Class aeroplane Iteration 80   72.64sample/s
Class aeroplane Iteration 120  66.34sample/s
Class aeroplane Iteration 160  68.59sample/s
Class aeroplane Iteration 200  104.29sample/s
Class aeroplane acc = 0.6627
Evaluating class bicycle: 1/18
Class bicycle  Iteration 40   63.01sample/s
Class bicycle  Iteration 80   72.49sample/s
Class bicycle  Iteration 120  67.25sample/s
Class bicycle  Iteration 160  72.68sample/s
Class bicycle  Iteration 200  79.19sample/s
Class bicycle acc = 0.5872
Evaluating class bird: 2/18
Class bird     Iteration 40   76.10sample/s
Class bird     Iteration 80   79.30sample/s
Class bird     Iteration 120  73.52sample/s
Class bird     Iteration 160  71.52sample/s
Class bird     Iteration 200  72.86sample/s
Class bird acc = 0.8896
Evaluating class boat: 3/18
Class boat     Iteration 40   59.89sample/s
Class boat     Iteration 80   78.87sample/s
Class boat     Iteration 120  84.94sample/s
Class boat     Iteration 160  66.75sample/s
Class boat     Iteration 200  74.17sample/s
Class boat acc = 0.7942
Evaluating class bottle: 4/18
Class bottle   Iteration 40   65.59sample/s
Class bottle   Iteration 80   74.67sample/s
Class bottle   Iteration 120  80.43sample/s
Class bottle   Iteration 160  85.67sample/s
Class bottle   Iteration 200  74.63sample/s
Class bottle acc = 0.6662
Evaluating class bus: 5/18
Class bus      Iteration 40   56.87sample/s
Class bus      Iteration 80   71.02sample/s
Class bus      Iteration 120  74.13sample/s
Class bus      Iteration 160  78.98sample/s
Class bus      Iteration 200  86.27sample/s
Class bus acc = 0.9738
Evaluating class car: 6/18
Class car      Iteration 40   55.70sample/s
Class car      Iteration 80   66.65sample/s
Class car      Iteration 120  61.97sample/s
Class car      Iteration 160  75.66sample/s
Class car      Iteration 200  74.55sample/s
Class car acc = 0.8904
Evaluating class cat: 7/18
Class cat      Iteration 40   70.95sample/s
Class cat      Iteration 80   70.37sample/s
Class cat      Iteration 120  68.18sample/s
Class cat      Iteration 160  68.31sample/s
Class cat      Iteration 200  64.54sample/s
Class cat acc = 0.6909
Evaluating class chair: 8/18
Class chair    Iteration 40   65.66sample/s
Class chair    Iteration 80   85.73sample/s
Class chair    Iteration 120  68.60sample/s
Class chair    Iteration 160  65.01sample/s
Class chair    Iteration 200  75.01sample/s
Class chair acc = 0.7039
Evaluating class cow: 9/18
Class cow      Iteration 40   62.89sample/s
Class cow      Iteration 80   74.42sample/s
Class cow      Iteration 120  77.13sample/s
Class cow      Iteration 160  67.41sample/s
Class cow      Iteration 200  71.21sample/s
Class cow acc = 0.8248
Evaluating class dog: 10/18
Class dog      Iteration 40   64.08sample/s
Class dog      Iteration 80   74.09sample/s
Class dog      Iteration 120  80.58sample/s
Class dog      Iteration 160  94.53sample/s
Class dog      Iteration 200  75.69sample/s
Class dog acc = 0.7482
Evaluating class horse: 11/18
Class horse    Iteration 40   65.96sample/s
Class horse    Iteration 80   74.19sample/s
Class horse    Iteration 120  74.80sample/s
Class horse    Iteration 160  78.28sample/s
Class horse    Iteration 200  90.63sample/s
Class horse acc = 0.7092
Evaluating class motorbike: 12/18
Class motorbike Iteration 40   59.36sample/s
Class motorbike Iteration 80   70.42sample/s
Class motorbike Iteration 120  70.68sample/s
Class motorbike Iteration 160  73.20sample/s
Class motorbike Iteration 200  78.28sample/s
Class motorbike acc = 0.8289
Evaluating class person: 13/18
Class person   Iteration 40   75.07sample/s
Class person   Iteration 80   70.49sample/s
Class person   Iteration 120  66.79sample/s
Class person   Iteration 160  69.38sample/s
Class person   Iteration 200  77.86sample/s
Class person acc = 0.6355
Evaluating class pottedplant: 14/18
Class pottedplant Iteration 40   60.09sample/s
Class pottedplant Iteration 80   67.90sample/s
Class pottedplant Iteration 120  67.63sample/s
Class pottedplant Iteration 160  70.20sample/s
Class pottedplant Iteration 200  63.67sample/s
Class pottedplant acc = 0.9719
Evaluating class sheep: 15/18
Class sheep    Iteration 40   54.15sample/s
Class sheep    Iteration 80   70.39sample/s
Class sheep    Iteration 120  66.27sample/s
Class sheep    Iteration 160  67.13sample/s
Class sheep    Iteration 200  72.64sample/s
Class sheep acc = 0.7778
Evaluating class train: 16/18
Class train    Iteration 40   62.34sample/s
Class train    Iteration 80   75.19sample/s
Class train    Iteration 120  83.39sample/s
Class train    Iteration 160  73.76sample/s
Class train    Iteration 200  71.92sample/s
Class train acc = 0.9599
Evaluating class tvmonitor: 17/18
Class tvmonitor Iteration 40   62.59sample/s
Class tvmonitor Iteration 80   70.90sample/s
Class tvmonitor Iteration 120  81.83sample/s
Class tvmonitor Iteration 160  82.28sample/s
Class tvmonitor Iteration 200  72.73sample/s
Class tvmonitor acc = 0.9998
Evaluation complete in 4m 14s
Matching accuracy
aeroplane = 0.6627
bicycle = 0.5872
bird = 0.8896
boat = 0.7942
bottle = 0.6662
bus = 0.9738
car = 0.8904
cat = 0.6909
chair = 0.7039
cow = 0.8248
dog = 0.7482
horse = 0.7092
motorbike = 0.8289
person = 0.6355
pottedplant = 0.9719
sheep = 0.7778
train = 0.9599
tvmonitor = 0.9998
average = 0.7953
Epoch 3/6
----------
lr = 1.50e-06, 5.00e-05
Epoch 3/6: 100%|██████████| 2000/2000 [06:55<00:00,  4.82it/s, loss=0.9049, acc=0.9423]
epoch loss: 1.5331997977122664, epoch accuracy: 0.9422697177372518
completed in 415.33s (6.92m)
Start evaluation...
Evaluating class aeroplane: 0/18
Class aeroplane Iteration 40   98.44sample/s
Class aeroplane Iteration 80   111.13sample/s
Class aeroplane Iteration 120  97.64sample/s
Class aeroplane Iteration 160  96.08sample/s
Class aeroplane Iteration 200  107.29sample/s
Class aeroplane acc = 0.6789
Evaluating class bicycle: 1/18
Class bicycle  Iteration 40   100.59sample/s
Class bicycle  Iteration 80   95.98sample/s
Class bicycle  Iteration 120  102.87sample/s
Class bicycle  Iteration 160  99.88sample/s
Class bicycle  Iteration 200  117.28sample/s
Class bicycle acc = 0.5878
Evaluating class bird: 2/18
Class bird     Iteration 40   94.63sample/s
Class bird     Iteration 80   108.34sample/s
Class bird     Iteration 120  104.46sample/s
Class bird     Iteration 160  103.59sample/s
Class bird     Iteration 200  102.32sample/s
Class bird acc = 0.8946
Evaluating class boat: 3/18
Class boat     Iteration 40   92.35sample/s
Class boat     Iteration 80   92.16sample/s
Class boat     Iteration 120  102.74sample/s
Class boat     Iteration 160  96.10sample/s
Class boat     Iteration 200  105.02sample/s
Class boat acc = 0.7991
Evaluating class bottle: 4/18
Class bottle   Iteration 40   86.79sample/s
Class bottle   Iteration 80   103.84sample/s
Class bottle   Iteration 120  106.63sample/s
Class bottle   Iteration 160  104.27sample/s
Class bottle   Iteration 200  103.19sample/s
Class bottle acc = 0.6682
Evaluating class bus: 5/18
Class bus      Iteration 40   88.03sample/s
Class bus      Iteration 80   95.07sample/s
Class bus      Iteration 120  100.80sample/s
Class bus      Iteration 160  100.47sample/s
Class bus      Iteration 200  118.44sample/s
Class bus acc = 0.9800
Evaluating class car: 6/18
Class car      Iteration 40   89.85sample/s
Class car      Iteration 80   95.04sample/s
Class car      Iteration 120  86.45sample/s
Class car      Iteration 160  99.53sample/s
Class car      Iteration 200  109.94sample/s
Class car acc = 0.8910
Evaluating class cat: 7/18
Class cat      Iteration 40   92.67sample/s
Class cat      Iteration 80   125.35sample/s
Class cat      Iteration 120  173.19sample/s
Class cat      Iteration 160  170.10sample/s
Class cat      Iteration 200  174.86sample/s
Class cat acc = 0.6869
Evaluating class chair: 8/18
Class chair    Iteration 40   62.91sample/s
Class chair    Iteration 80   68.77sample/s
Class chair    Iteration 120  70.46sample/s
Class chair    Iteration 160  65.62sample/s
Class chair    Iteration 200  74.55sample/s
Class chair acc = 0.7225
Evaluating class cow: 9/18
Class cow      Iteration 40   71.44sample/s
Class cow      Iteration 80   70.66sample/s
Class cow      Iteration 120  64.14sample/s
Class cow      Iteration 160  64.36sample/s
Class cow      Iteration 200  72.20sample/s
Class cow acc = 0.8354
Evaluating class dog: 10/18
Class dog      Iteration 40   62.84sample/s
Class dog      Iteration 80   87.32sample/s
Class dog      Iteration 120  68.83sample/s
Class dog      Iteration 160  69.17sample/s
Class dog      Iteration 200  68.07sample/s
Class dog acc = 0.7601
Evaluating class horse: 11/18
Class horse    Iteration 40   61.27sample/s
Class horse    Iteration 80   69.97sample/s
Class horse    Iteration 120  71.15sample/s
Class horse    Iteration 160  95.65sample/s
Class horse    Iteration 200  72.29sample/s
Class horse acc = 0.6998
Evaluating class motorbike: 12/18
Class motorbike Iteration 40   60.14sample/s
Class motorbike Iteration 80   72.37sample/s
Class motorbike Iteration 120  68.42sample/s
Class motorbike Iteration 160  69.98sample/s
Class motorbike Iteration 200  104.07sample/s
Class motorbike acc = 0.8194
Evaluating class person: 13/18
Class person   Iteration 40   59.85sample/s
Class person   Iteration 80   68.60sample/s
Class person   Iteration 120  63.55sample/s
Class person   Iteration 160  63.66sample/s
Class person   Iteration 200  71.93sample/s
Class person acc = 0.6398
Evaluating class pottedplant: 14/18
Class pottedplant Iteration 40   64.46sample/s
Class pottedplant Iteration 80   61.44sample/s
Class pottedplant Iteration 120  65.30sample/s
Class pottedplant Iteration 160  69.23sample/s
Class pottedplant Iteration 200  62.96sample/s
Class pottedplant acc = 0.9828
Evaluating class sheep: 15/18
Class sheep    Iteration 40   62.87sample/s
Class sheep    Iteration 80   55.46sample/s
Class sheep    Iteration 120  61.50sample/s
Class sheep    Iteration 160  61.88sample/s
Class sheep    Iteration 200  71.55sample/s
Class sheep acc = 0.7844
Evaluating class train: 16/18
Class train    Iteration 40   60.98sample/s
Class train    Iteration 80   76.56sample/s
Class train    Iteration 120  87.78sample/s
Class train    Iteration 160  68.36sample/s
Class train    Iteration 200  65.98sample/s
Class train acc = 0.9543
Evaluating class tvmonitor: 17/18
Class tvmonitor Iteration 40   57.52sample/s
Class tvmonitor Iteration 80   68.22sample/s
Class tvmonitor Iteration 120  67.65sample/s
Class tvmonitor Iteration 160  94.53sample/s
Class tvmonitor Iteration 200  70.02sample/s
Class tvmonitor acc = 1.0000
Evaluation complete in 3m 45s
Matching accuracy
aeroplane = 0.6789
bicycle = 0.5878
bird = 0.8946
boat = 0.7991
bottle = 0.6682
bus = 0.9800
car = 0.8910
cat = 0.6869
chair = 0.7225
cow = 0.8354
dog = 0.7601
horse = 0.6998
motorbike = 0.8194
person = 0.6398
pottedplant = 0.9828
sheep = 0.7844
train = 0.9543
tvmonitor = 1.0000
average = 0.7992
Epoch 4/6
----------
lr = 1.50e-06, 5.00e-05
Epoch 4/6: 100%|██████████| 2000/2000 [06:54<00:00,  4.83it/s, loss=1.5030, acc=0.9506]
epoch loss: 1.4616165398415177, epoch accuracy: 0.9505695188323782
completed in 414.21s (6.90m)
Start evaluation...
Evaluating class aeroplane: 0/18
Class aeroplane Iteration 40   100.26sample/s
Class aeroplane Iteration 80   102.02sample/s
Class aeroplane Iteration 120  99.03sample/s
Class aeroplane Iteration 160  105.81sample/s
Class aeroplane Iteration 200  126.17sample/s
Class aeroplane acc = 0.6883
Evaluating class bicycle: 1/18
Class bicycle  Iteration 40   96.74sample/s
Class bicycle  Iteration 80   106.85sample/s
Class bicycle  Iteration 120  102.18sample/s
Class bicycle  Iteration 160  98.48sample/s
Class bicycle  Iteration 200  115.68sample/s
Class bicycle acc = 0.5965
Evaluating class bird: 2/18
Class bird     Iteration 40   97.61sample/s
Class bird     Iteration 80   107.38sample/s
Class bird     Iteration 120  105.82sample/s
Class bird     Iteration 160  107.18sample/s
Class bird     Iteration 200  107.99sample/s
Class bird acc = 0.8909
Evaluating class boat: 3/18
Class boat     Iteration 40   92.36sample/s
Class boat     Iteration 80   91.77sample/s
Class boat     Iteration 120  106.58sample/s
Class boat     Iteration 160  103.39sample/s
Class boat     Iteration 200  110.04sample/s
Class boat acc = 0.7952
Evaluating class bottle: 4/18
Class bottle   Iteration 40   92.75sample/s
Class bottle   Iteration 80   106.03sample/s
Class bottle   Iteration 120  100.66sample/s
Class bottle   Iteration 160  101.91sample/s
Class bottle   Iteration 200  103.56sample/s
Class bottle acc = 0.6713
Evaluating class bus: 5/18
Class bus      Iteration 40   86.50sample/s
Class bus      Iteration 80   98.36sample/s
Class bus      Iteration 120  101.54sample/s
Class bus      Iteration 160  107.89sample/s
Class bus      Iteration 200  115.63sample/s
Class bus acc = 0.9815
Evaluating class car: 6/18
Class car      Iteration 40   86.58sample/s
Class car      Iteration 80   88.92sample/s
Class car      Iteration 120  86.78sample/s
Class car      Iteration 160  106.80sample/s
Class car      Iteration 200  110.72sample/s
Class car acc = 0.8928
Evaluating class cat: 7/18
Class cat      Iteration 40   98.44sample/s
Class cat      Iteration 80   101.92sample/s
Class cat      Iteration 120  101.02sample/s
Class cat      Iteration 160  104.75sample/s
Class cat      Iteration 200  106.50sample/s
Class cat acc = 0.6960
Evaluating class chair: 8/18
Class chair    Iteration 40   87.49sample/s
Class chair    Iteration 80   106.24sample/s
Class chair    Iteration 120  107.83sample/s
Class chair    Iteration 160  114.01sample/s
Class chair    Iteration 200  115.87sample/s
Class chair acc = 0.7346
Evaluating class cow: 9/18
Class cow      Iteration 40   88.15sample/s
Class cow      Iteration 80   95.82sample/s
Class cow      Iteration 120  99.43sample/s
Class cow      Iteration 160  106.34sample/s
Class cow      Iteration 200  114.10sample/s
Class cow acc = 0.8354
Evaluating class dog: 10/18
Class dog      Iteration 40   99.32sample/s
Class dog      Iteration 80   111.80sample/s
Class dog      Iteration 120  106.25sample/s
Class dog      Iteration 160  106.15sample/s
Class dog      Iteration 200  107.35sample/s
Class dog acc = 0.7664
Evaluating class horse: 11/18
Class horse    Iteration 40   98.34sample/s
Class horse    Iteration 80   104.00sample/s
Class horse    Iteration 120  95.24sample/s
Class horse    Iteration 160  104.90sample/s
Class horse    Iteration 200  108.22sample/s
Class horse acc = 0.7036
Evaluating class motorbike: 12/18
Class motorbike Iteration 40   94.01sample/s
Class motorbike Iteration 80   97.46sample/s
Class motorbike Iteration 120  96.33sample/s
Class motorbike Iteration 160  109.86sample/s
Class motorbike Iteration 200  110.69sample/s
Class motorbike acc = 0.8273
Evaluating class person: 13/18
Class person   Iteration 40   98.41sample/s
Class person   Iteration 80   106.34sample/s
Class person   Iteration 120  98.98sample/s
Class person   Iteration 160  101.02sample/s
Class person   Iteration 200  119.03sample/s
Class person acc = 0.6352
Evaluating class pottedplant: 14/18
Class pottedplant Iteration 40   83.26sample/s
Class pottedplant Iteration 80   88.91sample/s
Class pottedplant Iteration 120  93.99sample/s
Class pottedplant Iteration 160  98.74sample/s
Class pottedplant Iteration 200  108.33sample/s
Class pottedplant acc = 0.9831
Evaluating class sheep: 15/18
Class sheep    Iteration 40   81.43sample/s
Class sheep    Iteration 80   82.96sample/s
Class sheep    Iteration 120  100.03sample/s
Class sheep    Iteration 160  97.16sample/s
Class sheep    Iteration 200  115.56sample/s
Class sheep acc = 0.7846
Evaluating class train: 16/18
Class train    Iteration 40   100.44sample/s
Class train    Iteration 80   111.57sample/s
Class train    Iteration 120  109.01sample/s
Class train    Iteration 160  123.57sample/s
Class train    Iteration 200  174.02sample/s
Class train acc = 0.9576
Evaluating class tvmonitor: 17/18
Class tvmonitor Iteration 40   127.22sample/s
Class tvmonitor Iteration 80   141.25sample/s
Class tvmonitor Iteration 120  72.25sample/s
Class tvmonitor Iteration 160  74.63sample/s
Class tvmonitor Iteration 200  75.06sample/s
Class tvmonitor acc = 1.0000
Evaluation complete in 2m 59s
Matching accuracy
aeroplane = 0.6883
bicycle = 0.5965
bird = 0.8909
boat = 0.7952
bottle = 0.6713
bus = 0.9815
car = 0.8928
cat = 0.6960
chair = 0.7346
cow = 0.8354
dog = 0.7664
horse = 0.7036
motorbike = 0.8273
person = 0.6352
pottedplant = 0.9831
sheep = 0.7846
train = 0.9576
tvmonitor = 1.0000
average = 0.8022
Epoch 5/6
----------
lr = 1.50e-07, 5.00e-06
Epoch 5/6: 100%|██████████| 2000/2000 [06:52<00:00,  4.85it/s, loss=1.4930, acc=0.9539]
epoch loss: 1.4270084170941264, epoch accuracy: 0.953854334329731
completed in 412.62s (6.88m)
Start evaluation...
Evaluating class aeroplane: 0/18
Class aeroplane Iteration 40   99.80sample/s
Class aeroplane Iteration 80   110.19sample/s
Class aeroplane Iteration 120  98.49sample/s
Class aeroplane Iteration 160  100.89sample/s
Class aeroplane Iteration 200  114.76sample/s
Class aeroplane acc = 0.6896
Evaluating class bicycle: 1/18
Class bicycle  Iteration 40   98.37sample/s
Class bicycle  Iteration 80   106.11sample/s
Class bicycle  Iteration 120  108.75sample/s
Class bicycle  Iteration 160  103.87sample/s
Class bicycle  Iteration 200  122.25sample/s
Class bicycle acc = 0.5992
Evaluating class bird: 2/18
Class bird     Iteration 40   95.52sample/s
Class bird     Iteration 80   97.09sample/s
Class bird     Iteration 120  104.04sample/s
Class bird     Iteration 160  107.58sample/s
Class bird     Iteration 200  96.98sample/s
Class bird acc = 0.8918
Evaluating class boat: 3/18
Class boat     Iteration 40   89.11sample/s
Class boat     Iteration 80   88.91sample/s
Class boat     Iteration 120  106.15sample/s
Class boat     Iteration 160  102.62sample/s
Class boat     Iteration 200  106.21sample/s
Class boat acc = 0.8026
Evaluating class bottle: 4/18
Class bottle   Iteration 40   96.97sample/s
Class bottle   Iteration 80   106.72sample/s
Class bottle   Iteration 120  107.53sample/s
Class bottle   Iteration 160  108.59sample/s
Class bottle   Iteration 200  113.38sample/s
Class bottle acc = 0.6722
Evaluating class bus: 5/18
Class bus      Iteration 40   94.93sample/s
Class bus      Iteration 80   101.68sample/s
Class bus      Iteration 120  103.06sample/s
Class bus      Iteration 160  109.53sample/s
Class bus      Iteration 200  123.45sample/s
Class bus acc = 0.9808
Evaluating class car: 6/18
Class car      Iteration 40   85.05sample/s
Class car      Iteration 80   98.71sample/s
Class car      Iteration 120  92.54sample/s
Class car      Iteration 160  113.16sample/s
Class car      Iteration 200  113.40sample/s
Class car acc = 0.8911
Evaluating class cat: 7/18
Class cat      Iteration 40   98.41sample/s
Class cat      Iteration 80   96.28sample/s
Class cat      Iteration 120  107.98sample/s
Class cat      Iteration 160  103.75sample/s
Class cat      Iteration 200  110.11sample/s
Class cat acc = 0.6998
Evaluating class chair: 8/18
Class chair    Iteration 40   96.97sample/s
Class chair    Iteration 80   99.19sample/s
Class chair    Iteration 120  105.36sample/s
Class chair    Iteration 160  102.94sample/s
Class chair    Iteration 200  113.88sample/s
Class chair acc = 0.7389
Evaluating class cow: 9/18
Class cow      Iteration 40   92.11sample/s
Class cow      Iteration 80   104.73sample/s
Class cow      Iteration 120  91.63sample/s
Class cow      Iteration 160  96.58sample/s
Class cow      Iteration 200  109.12sample/s
Class cow acc = 0.8378
Evaluating class dog: 10/18
Class dog      Iteration 40   97.48sample/s
Class dog      Iteration 80   101.68sample/s
Class dog      Iteration 120  108.02sample/s
Class dog      Iteration 160  108.72sample/s
Class dog      Iteration 200  112.62sample/s
Class dog acc = 0.7728
Evaluating class horse: 11/18
Class horse    Iteration 40   98.55sample/s
Class horse    Iteration 80   112.50sample/s
Class horse    Iteration 120  111.57sample/s
Class horse    Iteration 160  105.76sample/s
Class horse    Iteration 200  115.50sample/s
Class horse acc = 0.7040
Evaluating class motorbike: 12/18
Class motorbike Iteration 40   93.41sample/s
Class motorbike Iteration 80   97.72sample/s
Class motorbike Iteration 120  101.25sample/s
Class motorbike Iteration 160  100.81sample/s
Class motorbike Iteration 200  105.86sample/s
Class motorbike acc = 0.8291
Evaluating class person: 13/18
Class person   Iteration 40   92.62sample/s
Class person   Iteration 80   95.01sample/s
Class person   Iteration 120  95.37sample/s
Class person   Iteration 160  103.52sample/s
Class person   Iteration 200  121.73sample/s
Class person acc = 0.6407
Evaluating class pottedplant: 14/18
Class pottedplant Iteration 40   86.79sample/s
Class pottedplant Iteration 80   95.89sample/s
Class pottedplant Iteration 120  93.13sample/s
Class pottedplant Iteration 160  102.86sample/s
Class pottedplant Iteration 200  99.64sample/s
Class pottedplant acc = 0.9890
Evaluating class sheep: 15/18
Class sheep    Iteration 40   80.22sample/s
Class sheep    Iteration 80   90.59sample/s
Class sheep    Iteration 120  99.71sample/s
Class sheep    Iteration 160  93.20sample/s
Class sheep    Iteration 200  110.63sample/s
Class sheep acc = 0.7875
Evaluating class train: 16/18
Class train    Iteration 40   103.31sample/s
Class train    Iteration 80   105.98sample/s
Class train    Iteration 120  107.65sample/s
Class train    Iteration 160  110.75sample/s
Class train    Iteration 200  118.75sample/s
Class train acc = 0.9595
Evaluating class tvmonitor: 17/18
Class tvmonitor Iteration 40   98.77sample/s
Class tvmonitor Iteration 80   110.89sample/s
Class tvmonitor Iteration 120  108.73sample/s
Class tvmonitor Iteration 160  113.29sample/s
Class tvmonitor Iteration 200  109.05sample/s
Class tvmonitor acc = 1.0000
Evaluation complete in 2m 57s
Matching accuracy
aeroplane = 0.6896
bicycle = 0.5992
bird = 0.8918
boat = 0.8026
bottle = 0.6722
bus = 0.9808
car = 0.8911
cat = 0.6998
chair = 0.7389
cow = 0.8378
dog = 0.7728
horse = 0.7040
motorbike = 0.8291
person = 0.6407
pottedplant = 0.9890
sheep = 0.7875
train = 0.9595
tvmonitor = 1.0000
average = 0.8048
Epoch 6/6
----------
lr = 1.50e-07, 5.00e-06
Epoch 6/6: 100%|██████████| 2000/2000 [06:52<00:00,  4.85it/s, loss=2.0517, acc=0.9580]
epoch loss: 1.400389749629423, epoch accuracy: 0.9579632576305511
completed in 412.19s (6.87m)
Start evaluation...
Evaluating class aeroplane: 0/18
Class aeroplane Iteration 40   135.85sample/s
Class aeroplane Iteration 80   171.68sample/s
Class aeroplane Iteration 120  180.33sample/s
Class aeroplane Iteration 160  177.61sample/s
Class aeroplane Iteration 200  191.05sample/s
Class aeroplane acc = 0.6906
Evaluating class bicycle: 1/18
Class bicycle  Iteration 40   132.64sample/s
Class bicycle  Iteration 80   170.61sample/s
Class bicycle  Iteration 120  174.30sample/s
Class bicycle  Iteration 160  168.47sample/s
Class bicycle  Iteration 200  186.79sample/s
Class bicycle acc = 0.6065
Evaluating class bird: 2/18
Class bird     Iteration 40   133.20sample/s
Class bird     Iteration 80   176.36sample/s
Class bird     Iteration 120  173.03sample/s
Class bird     Iteration 160  180.16sample/s
Class bird     Iteration 200  176.17sample/s
Class bird acc = 0.8937
Evaluating class boat: 3/18
Class boat     Iteration 40   133.88sample/s
Class boat     Iteration 80   154.06sample/s
Class boat     Iteration 120  161.82sample/s
Class boat     Iteration 160  159.47sample/s
Class boat     Iteration 200  174.64sample/s
Class boat acc = 0.8052
Evaluating class bottle: 4/18
Class bottle   Iteration 40   132.79sample/s
Class bottle   Iteration 80   180.68sample/s
Class bottle   Iteration 120  184.72sample/s
Class bottle   Iteration 160  179.24sample/s
Class bottle   Iteration 200  180.24sample/s
Class bottle acc = 0.6714
Evaluating class bus: 5/18
Class bus      Iteration 40   127.03sample/s
Class bus      Iteration 80   161.59sample/s
Class bus      Iteration 120  165.19sample/s
Class bus      Iteration 160  168.29sample/s
Class bus      Iteration 200  190.61sample/s
Class bus acc = 0.9807
Evaluating class car: 6/18
Class car      Iteration 40   121.75sample/s
Class car      Iteration 80   159.95sample/s
Class car      Iteration 120  148.32sample/s
Class car      Iteration 160  168.38sample/s
Class car      Iteration 200  177.46sample/s
Class car acc = 0.8900
Evaluating class cat: 7/18
Class cat      Iteration 40   133.12sample/s
Class cat      Iteration 80   172.33sample/s
Class cat      Iteration 120  171.57sample/s
Class cat      Iteration 160  175.00sample/s
Class cat      Iteration 200  176.47sample/s
Class cat acc = 0.6996
Evaluating class chair: 8/18
Class chair    Iteration 40   127.88sample/s
Class chair    Iteration 80   155.40sample/s
Class chair    Iteration 120  172.56sample/s
Class chair    Iteration 160  173.48sample/s
Class chair    Iteration 200  181.68sample/s
Class chair acc = 0.7405
Evaluating class cow: 9/18
Class cow      Iteration 40   129.62sample/s
Class cow      Iteration 80   170.71sample/s
Class cow      Iteration 120  161.72sample/s
Class cow      Iteration 160  169.21sample/s
Class cow      Iteration 200  182.36sample/s
Class cow acc = 0.8374
Evaluating class dog: 10/18
Class dog      Iteration 40   132.39sample/s
Class dog      Iteration 80   173.75sample/s
Class dog      Iteration 120  179.37sample/s
Class dog      Iteration 160  179.81sample/s
Class dog      Iteration 200  175.63sample/s
Class dog acc = 0.7702
Evaluating class horse: 11/18
Class horse    Iteration 40   126.71sample/s
Class horse    Iteration 80   169.06sample/s
Class horse    Iteration 120  162.95sample/s
Class horse    Iteration 160  172.97sample/s
Class horse    Iteration 200  168.67sample/s
Class horse acc = 0.7075
Evaluating class motorbike: 12/18
Class motorbike Iteration 40   125.74sample/s
Class motorbike Iteration 80   162.15sample/s
Class motorbike Iteration 120  168.30sample/s
Class motorbike Iteration 160  169.17sample/s
Class motorbike Iteration 200  168.61sample/s
Class motorbike acc = 0.8297
Evaluating class person: 13/18
Class person   Iteration 40   118.60sample/s
Class person   Iteration 80   166.72sample/s
Class person   Iteration 120  157.67sample/s
Class person   Iteration 160  167.49sample/s
Class person   Iteration 200  190.32sample/s
Class person acc = 0.6465
Evaluating class pottedplant: 14/18
Class pottedplant Iteration 40   116.99sample/s
Class pottedplant Iteration 80   153.72sample/s
Class pottedplant Iteration 120  156.98sample/s
Class pottedplant Iteration 160  158.46sample/s
Class pottedplant Iteration 200  159.74sample/s
Class pottedplant acc = 0.9891
Evaluating class sheep: 15/18
Class sheep    Iteration 40   118.84sample/s
Class sheep    Iteration 80   144.02sample/s
Class sheep    Iteration 120  158.61sample/s
Class sheep    Iteration 160  156.69sample/s
Class sheep    Iteration 200  184.85sample/s
Class sheep acc = 0.7890
Evaluating class train: 16/18
Class train    Iteration 40   129.59sample/s
Class train    Iteration 80   170.69sample/s
Class train    Iteration 120  174.46sample/s
Class train    Iteration 160  136.95sample/s
Class train    Iteration 200  181.20sample/s
Class train acc = 0.9606
Evaluating class tvmonitor: 17/18
Class tvmonitor Iteration 40   132.40sample/s
Class tvmonitor Iteration 80   172.98sample/s
Class tvmonitor Iteration 120  158.92sample/s
Class tvmonitor Iteration 160  169.51sample/s
Class tvmonitor Iteration 200  178.08sample/s
Class tvmonitor acc = 0.9996
Evaluation complete in 1m 54s
Matching accuracy
aeroplane = 0.6906
bicycle = 0.6065
bird = 0.8937
boat = 0.8052
bottle = 0.6714
bus = 0.9807
car = 0.8900
cat = 0.6996
chair = 0.7405
cow = 0.8374
dog = 0.7702
horse = 0.7075
motorbike = 0.8297
person = 0.6465
pottedplant = 0.9891
sheep = 0.7890
train = 0.9606
tvmonitor = 0.9996
average = 0.8060
[1;34mwandb[0m: 
[1;34mwandb[0m: You can sync this run to the cloud by running:
[1;34mwandb[0m: [1mwandb sync /scratch/hpc-prf-llmrout/hpcabpo/nmt/wandb/wandb/offline-run-20260923_111205-dbx9s922[0m
[1;34mwandb[0m: Find logs at: [1;35m../../../../../../scratch/hpc-prf-llmrout/hpcabpo/nmt/wandb/wandb/offline-run-20260923_111205-dbx9s922/logs[0m
