CPU_SET_HEX_STR_SIZE: 257, Size of mstr: 257
cpu-bind=MASK - gpu1002, task  0  0 [1808192]: mask |BBBBBBBB|--------|--------|--------|--------|--------|--------|--------|--------|BBBBBBBB|--------|--------||||--------|--------|--------|--------|--------|--------|--------|--------|--------|--------|--------|--------| set
job=3039640 node=gpu1002 gpu=NVIDIA H100 config=/scratch/hpc-prf-llmrout/hpcabpo/nmt/runs/configs/mv_K9_seed2.json wandb=offline
backbone=vgg16 image_size=256 conv=rational model_dir=/scratch/hpc-prf-llmrout/hpcabpo/nmt/runs/spair_vgg16/mv_K9_seed2
{
    "BACKBONE": "vgg16",
    "BACKBONE_DIR": "/scratch/hpc-prf-llmrout/hpcabpo/nmt/checkpoints",
    "BATCH_SIZE": 5,
    "CACHE_PATH": "data/cache",
    "DATASET_NAME": "SPair71k",
    "EVAL": {
        "SAMPLES": 1000,
        "difficulty_params": {},
        "num_graphs_in_matching_instance": 2
    },
    "IMAGE_SIZE": 256,
    "Matching_TF": {
        "activation": "relu",
        "batch_norm": true,
        "d_model": 648,
        "nGPT_mlp_hidden_mult": 6,
        "n_decoder": 4,
        "n_encoder": 4,
        "n_head": 12,
        "n_lap_EigVec": 8,
        "pos_encoding": false
    },
    "NORM_MEANS": [
        0.485,
        0.456,
        0.406
    ],
    "NORM_STD": [
        0.229,
        0.224,
        0.225
    ],
    "RANDOM_SEED": 2,
    "SPLINE_CNN": {
        "aggr": "max",
        "conv": "rational",
        "degrees": [
            8,
            6
        ],
        "dim": 2,
        "init": "pca",
        "init_noise": 0.001,
        "input_features": 1024,
        "kernel_size": 5,
        "num_bases": 9,
        "output_features": 648,
        "poly": "chebyshev",
        "pyg_init": true,
        "rational_basis": "multivariate",
        "safe": "B",
        "vp": true
    },
    "SPair": {
        "CLASSES": [
            "aeroplane",
            "bicycle",
            "bird",
            "boat",
            "boat",
            "bottle",
            "bus",
            "car",
            "cat",
            "chair",
            "cow",
            "dog",
            "horse",
            "motorbike",
            "person",
            "pottedplant",
            "sheep",
            "train",
            "tvmonitor"
        ],
        "ROOT_DIR": "/pc2/groups/hpc-prf-llmrout/hpcabpo/rational-basis-cnn/data/SPair-71k",
        "size": "large"
    },
    "STATISTIC_STEP": 1,
    "TRACK_GRAD_NORM": false,
    "TRAIN": {
        "EPOCH_ITERS": 2000,
        "LR": 0.0005,
        "_comment_epochs": "lr_schedule long_halving5 defines 12 epochs; max_epochs stops after 7. NMT trains ~11 epochs per day, so 7 epochs is ~15.3 h. Both LR drops (epochs 2 and 5) still happen.",
        "clip_norm": 0,
        "cutmix_beta": 1.0,
        "cutmix_prob": 0.3,
        "difficulty_params": {},
        "layer_loss_param": 0.3,
        "lr_schedule": "long_halving5",
        "max_epochs": 7,
        "mixup_alpha": 0.8,
        "mixup_prob": 0.3,
        "num_graphs_in_matching_instance": 2,
        "random_erasing_prob": 0.3,
        "temperature": 0.1,
        "weight_decay": 0
    },
    "USE_SYNTHETIC": false,
    "VOC2011": {
        "CLASSES": [
            "aeroplane",
            "bicycle",
            "bird",
            "boat",
            "bottle",
            "bus",
            "car",
            "cat",
            "chair",
            "cow",
            "diningtable",
            "dog",
            "horse",
            "motorbike",
            "person",
            "pottedplant",
            "sheep",
            "sofa",
            "train",
            "tvmonitor"
        ],
        "KPT_ANNO_DIR": "/data/cat/ws/tosa098h-abtin_NormMatchTrans/data/downloaded/PascalVOC/annotations/",
        "ROOT_DIR": "/data/cat/ws/tosa098h-abtin_NormMatchTrans/data/downloaded/PascalVOC/VOC2011/",
        "SET_SPLIT": "/data/cat/ws/tosa098h-abtin_NormMatchTrans/data/split/voc2011_pairs.npz"
    },
    "WILLOW": {
        "CLASSES": [
            "Car",
            "Duck",
            "Face",
            "Motorbike",
            "Winebottle"
        ],
        "KPT_LEN": 10,
        "ROOT_DIR": "./data/downloaded/WILLOW/WILLOW-ObjectClass",
        "TRAIN_NUM": 20,
        "TRAIN_OFFSET": 0
    },
    "_generated_by": "slurm/make_config.py mv_K9 2",
    "combine_classes": false,
    "default_json": "experiments/voc_basic.json",
    "eval_sampling": "intersection",
    "evaluate_only": false,
    "exclude_willow_classes": false,
    "keep_last_checkpoint_only": true,
    "log_dir": "runs/",
    "model_dir": "/scratch/hpc-prf-llmrout/hpcabpo/nmt/runs/spair_vgg16/mv_K9_seed2",
    "save_checkpoint": true,
    "train_sampling": "intersection",
    "visualization_params": {
        "produce_pdf": false,
        "reduced_vis": true
    },
    "visualize": false,
    "warmstart_path": null
}
wandb: Tracking run with wandb version 0.30.0
wandb: W&B syncing is set to `offline` in this directory. Run `wandb online` or set WANDB_MODE=online to enable cloud syncing.
wandb: Run data is saved locally in /scratch/hpc-prf-llmrout/hpcabpo/nmt/wandb/wandb/offline-run-20260916_115936-6amusk1b
wandb: View this run in the terminal with `wandb leet`
No difficulty parameters for trn-set. Using all available data.
Number of annotation pairs matching the difficulty params in trn-set: {'aeroplane': 2924, 'bicycle': 2946, 'bird': 3080, 'boat': 2936, 'bottle': 2448, 'bus': 2708, 'car': 2960, 'cat': 3306, 'chair': 3060, 'cow': 3118, 'dog': 3192, 'horse': 3136, 'motorbike': 3180, 'person': 3066, 'pottedplant': 2446, 'sheep': 3140, 'train': 2752, 'tvmonitor': 2942}
TRUE EPOCHS:  False
10000
Initializing trn-set. Randomly sampling 10000 examples.
/pc2/groups/hpc-prf-llmrout/hpcabpo/nmt/conda/envs/nmt/lib/python3.12/site-packages/albumentations/core/composition.py:331: UserWarning: Got processor for keypoints, but no transform to process it.
  self._set_keys()
No difficulty parameters for test-set. Using all available data.
Number of annotation pairs matching the difficulty params in test-set: {'aeroplane': 690, 'bicycle': 650, 'bird': 702, 'boat': 702, 'bottle': 870, 'bus': 644, 'car': 564, 'cat': 600, 'chair': 646, 'cow': 640, 'dog': 600, 'horse': 600, 'motorbike': 702, 'person': 650, 'pottedplant': 862, 'sheep': 664, 'train': 756, 'tvmonitor': 692}
TRUE EPOCHS:  False
1000
Initializing test-set. Randomly sampling 1000 examples.
/pc2/groups/hpc-prf-llmrout/hpcabpo/nmt/conda/envs/nmt/lib/python3.12/site-packages/torchvision/models/_utils.py:208: UserWarning: The parameter 'pretrained' is deprecated since 0.13 and may be removed in the future, please use 'weights' instead.
  warnings.warn(
/pc2/groups/hpc-prf-llmrout/hpcabpo/nmt/conda/envs/nmt/lib/python3.12/site-packages/torchvision/models/_utils.py:223: UserWarning: Arguments other than a weight enum or `None` for 'weights' are deprecated since 0.13 and may be removed in the future. The current behavior is equivalent to passing `weights=VGG16_Weights.IMAGENET1K_V1`. You can also use `weights=VGG16_Weights.DEFAULT` to get the most up-to-date weights.
  warnings.warn(msg)
stopping after 7 epochs (cfg.TRAIN.max_epochs; schedule 'long_halving5' defines 12)
Start training...
NMT model on device: cuda:0
Epoch 0/6
----------
lr = 1.50e-05, 5.00e-04
Epoch 0/6:   0%|          | 0/2000 [00:00<?, ?it/s]/pc2/groups/hpc-prf-llmrout/hpcabpo/nmt/conda/envs/nmt/lib/python3.12/site-packages/torch_geometric/utils/_scatter.py:91: UserWarning: The usage of `scatter(reduce='max')` can be accelerated via the 'torch-scatter' package, but it was not found
  warnings.warn(
[rank0]:[W916 11:59:43.655836568 reducer.cpp:1528] Warning: find_unused_parameters=True was specified in DDP constructor, but did not find any unused parameters in the forward pass. This flag results in an extra traversal of the autograd graph every iteration,  which can adversely affect performance. If your model indeed never has any unused parameters in the forward pass, consider turning this flag off. Note that this warning may be a false positive if your model has flow control causing later iterations to have unused parameters. (function operator())
Epoch 0/6: 100%|██████████| 2000/2000 [07:02<00:00,  4.73it/s, loss=2.7653, acc=0.7879]
epoch loss: 2.8690679918825626, epoch accuracy: 0.7878713229966672
completed in 422.89s (7.05m)
Start evaluation...
Evaluating class aeroplane: 0/18
Class aeroplane Iteration 40   61.07sample/s
Class aeroplane Iteration 80   43.21sample/s
Class aeroplane Iteration 120  55.42sample/s
Class aeroplane Iteration 160  49.75sample/s
Class aeroplane Iteration 200  32.23sample/s
Class aeroplane acc = 0.6516
Evaluating class bicycle: 1/18
Class bicycle  Iteration 40   28.24sample/s
Class bicycle  Iteration 80   31.39sample/s
Class bicycle  Iteration 120  29.67sample/s
Class bicycle  Iteration 160  35.10sample/s
Class bicycle  Iteration 200  32.70sample/s
Class bicycle acc = 0.5839
Evaluating class bird: 2/18
Class bird     Iteration 40   28.90sample/s
Class bird     Iteration 80   30.78sample/s
Class bird     Iteration 120  32.32sample/s
Class bird     Iteration 160  34.84sample/s
Class bird     Iteration 200  29.82sample/s
Class bird acc = 0.8795
Evaluating class boat: 3/18
Class boat     Iteration 40   27.72sample/s
Class boat     Iteration 80   28.23sample/s
Class boat     Iteration 120  29.28sample/s
Class boat     Iteration 160  36.23sample/s
Class boat     Iteration 200  31.73sample/s
Class boat acc = 0.7621
Evaluating class bottle: 4/18
Class bottle   Iteration 40   30.63sample/s
Class bottle   Iteration 80   31.92sample/s
Class bottle   Iteration 120  32.00sample/s
Class bottle   Iteration 160  37.77sample/s
Class bottle   Iteration 200  33.21sample/s
Class bottle acc = 0.6496
Evaluating class bus: 5/18
Class bus      Iteration 40   27.35sample/s
Class bus      Iteration 80   32.16sample/s
Class bus      Iteration 120  34.00sample/s
Class bus      Iteration 160  33.98sample/s
Class bus      Iteration 200  34.43sample/s
Class bus acc = 0.9690
Evaluating class car: 6/18
Class car      Iteration 40   26.79sample/s
Class car      Iteration 80   30.77sample/s
Class car      Iteration 120  27.24sample/s
Class car      Iteration 160  38.10sample/s
Class car      Iteration 200  30.44sample/s
Class car acc = 0.8812
Evaluating class cat: 7/18
Class cat      Iteration 40   34.66sample/s
Class cat      Iteration 80   33.89sample/s
Class cat      Iteration 120  34.53sample/s
Class cat      Iteration 160  40.06sample/s
Class cat      Iteration 200  34.53sample/s
Class cat acc = 0.7330
Evaluating class chair: 8/18
Class chair    Iteration 40   30.28sample/s
Class chair    Iteration 80   33.34sample/s
Class chair    Iteration 120  33.31sample/s
Class chair    Iteration 160  31.39sample/s
Class chair    Iteration 200  35.39sample/s
Class chair acc = 0.7069
Evaluating class cow: 9/18
Class cow      Iteration 40   31.40sample/s
Class cow      Iteration 80   28.92sample/s
Class cow      Iteration 120  30.40sample/s
Class cow      Iteration 160  39.68sample/s
Class cow      Iteration 200  37.19sample/s
Class cow acc = 0.7817
Evaluating class dog: 10/18
Class dog      Iteration 40   28.11sample/s
Class dog      Iteration 80   21.88sample/s
Class dog      Iteration 120  17.96sample/s
Class dog      Iteration 160  34.21sample/s
Class dog      Iteration 200  30.44sample/s
Class dog acc = 0.7463
Evaluating class horse: 11/18
Class horse    Iteration 40   28.52sample/s
Class horse    Iteration 80   27.78sample/s
Class horse    Iteration 120  26.97sample/s
Class horse    Iteration 160  31.26sample/s
Class horse    Iteration 200  29.13sample/s
Class horse acc = 0.7164
Evaluating class motorbike: 12/18
Class motorbike Iteration 40   24.84sample/s
Class motorbike Iteration 80   25.08sample/s
Class motorbike Iteration 120  25.04sample/s
Class motorbike Iteration 160  26.79sample/s
Class motorbike Iteration 200  24.47sample/s
Class motorbike acc = 0.8046
Evaluating class person: 13/18
Class person   Iteration 40   24.19sample/s
Class person   Iteration 80   26.30sample/s
Class person   Iteration 120  25.02sample/s
Class person   Iteration 160  26.18sample/s
Class person   Iteration 200  27.24sample/s
Class person acc = 0.6423
Evaluating class pottedplant: 14/18
Class pottedplant Iteration 40   20.88sample/s
Class pottedplant Iteration 80   18.43sample/s
Class pottedplant Iteration 120  26.89sample/s
Class pottedplant Iteration 160  29.38sample/s
Class pottedplant Iteration 200  27.50sample/s
Class pottedplant acc = 0.9969
Evaluating class sheep: 15/18
Class sheep    Iteration 40   23.01sample/s
Class sheep    Iteration 80   23.43sample/s
Class sheep    Iteration 120  30.03sample/s
Class sheep    Iteration 160  22.11sample/s
Class sheep    Iteration 200  26.39sample/s
Class sheep acc = 0.7402
Evaluating class train: 16/18
Class train    Iteration 40   27.44sample/s
Class train    Iteration 80   28.59sample/s
Class train    Iteration 120  25.65sample/s
Class train    Iteration 160  31.86sample/s
Class train    Iteration 200  28.96sample/s
Class train acc = 0.9724
Evaluating class tvmonitor: 17/18
Class tvmonitor Iteration 40   24.99sample/s
Class tvmonitor Iteration 80   27.35sample/s
Class tvmonitor Iteration 120  26.71sample/s
Class tvmonitor Iteration 160  27.66sample/s
Class tvmonitor Iteration 200  28.41sample/s
Class tvmonitor acc = 0.9987
Evaluation complete in 10m 11s
Matching accuracy
aeroplane = 0.6516
bicycle = 0.5839
bird = 0.8795
boat = 0.7621
bottle = 0.6496
bus = 0.9690
car = 0.8812
cat = 0.7330
chair = 0.7069
cow = 0.7817
dog = 0.7463
horse = 0.7164
motorbike = 0.8046
person = 0.6423
pottedplant = 0.9969
sheep = 0.7402
train = 0.9724
tvmonitor = 0.9987
average = 0.7898
Epoch 1/6
----------
lr = 1.50e-05, 5.00e-04
Epoch 1/6: 100%|██████████| 2000/2000 [07:03<00:00,  4.73it/s, loss=1.5453, acc=0.9103]
epoch loss: 1.8491043675467371, epoch accuracy: 0.910280645630362
completed in 423.02s (7.05m)
Start evaluation...
Evaluating class aeroplane: 0/18
Class aeroplane Iteration 40   52.61sample/s
Class aeroplane Iteration 80   76.04sample/s
Class aeroplane Iteration 120  50.02sample/s
Class aeroplane Iteration 160  41.49sample/s
Class aeroplane Iteration 200  44.32sample/s
Class aeroplane acc = 0.6669
Evaluating class bicycle: 1/18
Class bicycle  Iteration 40   37.22sample/s
Class bicycle  Iteration 80   48.02sample/s
Class bicycle  Iteration 120  44.42sample/s
Class bicycle  Iteration 160  41.24sample/s
Class bicycle  Iteration 200  36.32sample/s
Class bicycle acc = 0.5884
Evaluating class bird: 2/18
Class bird     Iteration 40   28.97sample/s
Class bird     Iteration 80   31.14sample/s
Class bird     Iteration 120  37.72sample/s
Class bird     Iteration 160  32.12sample/s
Class bird     Iteration 200  32.26sample/s
Class bird acc = 0.8931
Evaluating class boat: 3/18
Class boat     Iteration 40   28.73sample/s
Class boat     Iteration 80   30.31sample/s
Class boat     Iteration 120  33.60sample/s
Class boat     Iteration 160  33.62sample/s
Class boat     Iteration 200  33.99sample/s
Class boat acc = 0.7827
Evaluating class bottle: 4/18
Class bottle   Iteration 40   29.61sample/s
Class bottle   Iteration 80   30.94sample/s
Class bottle   Iteration 120  34.89sample/s
Class bottle   Iteration 160  31.32sample/s
Class bottle   Iteration 200  33.58sample/s
Class bottle acc = 0.6323
Evaluating class bus: 5/18
Class bus      Iteration 40   26.18sample/s
Class bus      Iteration 80   31.35sample/s
Class bus      Iteration 120  36.16sample/s
Class bus      Iteration 160  30.84sample/s
Class bus      Iteration 200  35.92sample/s
Class bus acc = 0.9750
Evaluating class car: 6/18
Class car      Iteration 40   25.39sample/s
Class car      Iteration 80   29.82sample/s
Class car      Iteration 120  28.39sample/s
Class car      Iteration 160  34.44sample/s
Class car      Iteration 200  30.34sample/s
Class car acc = 0.8628
Evaluating class cat: 7/18
Class cat      Iteration 40   30.59sample/s
Class cat      Iteration 80   35.01sample/s
Class cat      Iteration 120  37.31sample/s
Class cat      Iteration 160  35.06sample/s
Class cat      Iteration 200  33.97sample/s
Class cat acc = 0.7280
Evaluating class chair: 8/18
Class chair    Iteration 40   29.87sample/s
Class chair    Iteration 80   33.13sample/s
Class chair    Iteration 120  38.12sample/s
Class chair    Iteration 160  31.23sample/s
Class chair    Iteration 200  35.86sample/s
Class chair acc = 0.6932
Evaluating class cow: 9/18
Class cow      Iteration 40   29.27sample/s
Class cow      Iteration 80   28.59sample/s
Class cow      Iteration 120  32.48sample/s
Class cow      Iteration 160  35.82sample/s
Class cow      Iteration 200  35.58sample/s
Class cow acc = 0.8032
Evaluating class dog: 10/18
Class dog      Iteration 40   32.20sample/s
Class dog      Iteration 80   34.01sample/s
Class dog      Iteration 120  37.99sample/s
Class dog      Iteration 160  36.38sample/s
Class dog      Iteration 200  35.18sample/s
Class dog acc = 0.7617
Evaluating class horse: 11/18
Class horse    Iteration 40   30.00sample/s
Class horse    Iteration 80   35.81sample/s
Class horse    Iteration 120  40.22sample/s
Class horse    Iteration 160  35.37sample/s
Class horse    Iteration 200  38.92sample/s
Class horse acc = 0.7320
Evaluating class motorbike: 12/18
Class motorbike Iteration 40   30.65sample/s
Class motorbike Iteration 80   33.15sample/s
Class motorbike Iteration 120  18.63sample/s
Class motorbike Iteration 160  32.82sample/s
Class motorbike Iteration 200  33.36sample/s
Class motorbike acc = 0.8046
Evaluating class person: 13/18
Class person   Iteration 40   31.78sample/s
Class person   Iteration 80   34.95sample/s
Class person   Iteration 120  34.00sample/s
Class person   Iteration 160  34.06sample/s
Class person   Iteration 200  35.54sample/s
Class person acc = 0.6838
Evaluating class pottedplant: 14/18
Class pottedplant Iteration 40   26.93sample/s
Class pottedplant Iteration 80   29.30sample/s
Class pottedplant Iteration 120  31.37sample/s
Class pottedplant Iteration 160  33.96sample/s
Class pottedplant Iteration 200  32.41sample/s
Class pottedplant acc = 0.9931
Evaluating class sheep: 15/18
Class sheep    Iteration 40   27.45sample/s
Class sheep    Iteration 80   31.27sample/s
Class sheep    Iteration 120  36.30sample/s
Class sheep    Iteration 160  32.73sample/s
Class sheep    Iteration 200  31.84sample/s
Class sheep acc = 0.7337
Evaluating class train: 16/18
Class train    Iteration 40   32.07sample/s
Class train    Iteration 80   37.67sample/s
Class train    Iteration 120  36.86sample/s
Class train    Iteration 160  37.69sample/s
Class train    Iteration 200  34.62sample/s
Class train acc = 0.9695
Evaluating class tvmonitor: 17/18
Class tvmonitor Iteration 40   31.28sample/s
Class tvmonitor Iteration 80   34.96sample/s
Class tvmonitor Iteration 120  39.46sample/s
Class tvmonitor Iteration 160  35.67sample/s
Class tvmonitor Iteration 200  37.20sample/s
Class tvmonitor acc = 0.9956
Evaluation complete in 8m 57s
Matching accuracy
aeroplane = 0.6669
bicycle = 0.5884
bird = 0.8931
boat = 0.7827
bottle = 0.6323
bus = 0.9750
car = 0.8628
cat = 0.7280
chair = 0.6932
cow = 0.8032
dog = 0.7617
horse = 0.7320
motorbike = 0.8046
person = 0.6838
pottedplant = 0.9931
sheep = 0.7337
train = 0.9695
tvmonitor = 0.9956
average = 0.7944
Epoch 2/6
----------
lr = 1.50e-06, 5.00e-05
Epoch 2/6: 100%|██████████| 2000/2000 [07:02<00:00,  4.74it/s, loss=1.2980, acc=0.9479]
epoch loss: 1.4753819900285452, epoch accuracy: 0.9478794802227617
completed in 422.32s (7.04m)
Start evaluation...
Evaluating class aeroplane: 0/18
Class aeroplane Iteration 40   58.21sample/s
Class aeroplane Iteration 80   72.50sample/s
Class aeroplane Iteration 120  77.50sample/s
Class aeroplane Iteration 160  90.98sample/s
Class aeroplane Iteration 200  52.69sample/s
Class aeroplane acc = 0.6992
Evaluating class bicycle: 1/18
Class bicycle  Iteration 40   41.35sample/s
Class bicycle  Iteration 80   45.70sample/s
Class bicycle  Iteration 120  41.71sample/s
Class bicycle  Iteration 160  47.54sample/s
Class bicycle  Iteration 200  53.03sample/s
Class bicycle acc = 0.6100
Evaluating class bird: 2/18
Class bird     Iteration 40   41.27sample/s
Class bird     Iteration 80   45.83sample/s
Class bird     Iteration 120  57.53sample/s
Class bird     Iteration 160  38.26sample/s
Class bird     Iteration 200  46.62sample/s
Class bird acc = 0.8963
Evaluating class boat: 3/18
Class boat     Iteration 40   28.97sample/s
Class boat     Iteration 80   30.75sample/s
Class boat     Iteration 120  32.94sample/s
Class boat     Iteration 160  36.70sample/s
Class boat     Iteration 200  37.21sample/s
Class boat acc = 0.8207
Evaluating class bottle: 4/18
Class bottle   Iteration 40   29.40sample/s
Class bottle   Iteration 80   30.25sample/s
Class bottle   Iteration 120  32.27sample/s
Class bottle   Iteration 160  29.88sample/s
Class bottle   Iteration 200  27.50sample/s
Class bottle acc = 0.6452
Evaluating class bus: 5/18
Class bus      Iteration 40   19.06sample/s
Class bus      Iteration 80   22.44sample/s
Class bus      Iteration 120  24.51sample/s
Class bus      Iteration 160  23.57sample/s
Class bus      Iteration 200  25.87sample/s
Class bus acc = 0.9768
Evaluating class car: 6/18
Class car      Iteration 40   17.50sample/s
Class car      Iteration 80   18.50sample/s
Class car      Iteration 120  20.68sample/s
Class car      Iteration 160  24.41sample/s
Class car      Iteration 200  22.16sample/s
Class car acc = 0.8821
Evaluating class cat: 7/18
Class cat      Iteration 40   26.82sample/s
Class cat      Iteration 80   29.60sample/s
Class cat      Iteration 120  27.67sample/s
Class cat      Iteration 160  30.86sample/s
Class cat      Iteration 200  29.70sample/s
Class cat acc = 0.7329
Evaluating class chair: 8/18
Class chair    Iteration 40   25.28sample/s
Class chair    Iteration 80   27.17sample/s
Class chair    Iteration 120  31.52sample/s
Class chair    Iteration 160  24.76sample/s
Class chair    Iteration 200  30.84sample/s
Class chair acc = 0.7133
Evaluating class cow: 9/18
Class cow      Iteration 40   24.73sample/s
Class cow      Iteration 80   24.13sample/s
Class cow      Iteration 120  28.67sample/s
Class cow      Iteration 160  30.52sample/s
Class cow      Iteration 200  31.29sample/s
Class cow acc = 0.8064
Evaluating class dog: 10/18
Class dog      Iteration 40   26.67sample/s
Class dog      Iteration 80   33.04sample/s
Class dog      Iteration 120  33.88sample/s
Class dog      Iteration 160  33.37sample/s
Class dog      Iteration 200  36.56sample/s
Class dog acc = 0.7844
Evaluating class horse: 11/18
Class horse    Iteration 40   30.12sample/s
Class horse    Iteration 80   33.73sample/s
Class horse    Iteration 120  33.85sample/s
Class horse    Iteration 160  35.07sample/s
Class horse    Iteration 200  39.07sample/s
Class horse acc = 0.7230
Evaluating class motorbike: 12/18
Class motorbike Iteration 40   31.81sample/s
Class motorbike Iteration 80   35.00sample/s
Class motorbike Iteration 120  36.41sample/s
Class motorbike Iteration 160  37.69sample/s
Class motorbike Iteration 200  37.63sample/s
Class motorbike acc = 0.8172
Evaluating class person: 13/18
Class person   Iteration 40   32.08sample/s
Class person   Iteration 80   34.44sample/s
Class person   Iteration 120  33.71sample/s
Class person   Iteration 160  34.79sample/s
Class person   Iteration 200  37.94sample/s
Class person acc = 0.7102
Evaluating class pottedplant: 14/18
Class pottedplant Iteration 40   26.64sample/s
Class pottedplant Iteration 80   30.26sample/s
Class pottedplant Iteration 120  33.31sample/s
Class pottedplant Iteration 160  34.22sample/s
Class pottedplant Iteration 200  34.88sample/s
Class pottedplant acc = 0.9972
Evaluating class sheep: 15/18
Class sheep    Iteration 40   26.48sample/s
Class sheep    Iteration 80   28.48sample/s
Class sheep    Iteration 120  31.62sample/s
Class sheep    Iteration 160  37.41sample/s
Class sheep    Iteration 200  32.07sample/s
Class sheep acc = 0.7476
Evaluating class train: 16/18
Class train    Iteration 40   32.36sample/s
Class train    Iteration 80   37.61sample/s
Class train    Iteration 120  34.76sample/s
Class train    Iteration 160  40.30sample/s
Class train    Iteration 200  37.74sample/s
Class train acc = 0.9745
Evaluating class tvmonitor: 17/18
Class tvmonitor Iteration 40   30.61sample/s
Class tvmonitor Iteration 80   35.17sample/s
Class tvmonitor Iteration 120  36.60sample/s
Class tvmonitor Iteration 160  34.11sample/s
Class tvmonitor Iteration 200  39.73sample/s
Class tvmonitor acc = 0.9959
Evaluation complete in 9m 21s
Matching accuracy
aeroplane = 0.6992
bicycle = 0.6100
bird = 0.8963
boat = 0.8207
bottle = 0.6452
bus = 0.9768
car = 0.8821
cat = 0.7329
chair = 0.7133
cow = 0.8064
dog = 0.7844
horse = 0.7230
motorbike = 0.8172
person = 0.7102
pottedplant = 0.9972
sheep = 0.7476
train = 0.9745
tvmonitor = 0.9959
average = 0.8074
Epoch 3/6
----------
lr = 1.50e-06, 5.00e-05
Epoch 3/6: 100%|██████████| 2000/2000 [06:54<00:00,  4.82it/s, loss=2.4066, acc=0.9604]
epoch loss: 1.3721480674343183, epoch accuracy: 0.9604406969562033
completed in 414.80s (6.91m)
Start evaluation...
Evaluating class aeroplane: 0/18
Class aeroplane Iteration 40   62.57sample/s
Class aeroplane Iteration 80   69.56sample/s
Class aeroplane Iteration 120  63.62sample/s
Class aeroplane Iteration 160  73.14sample/s
Class aeroplane Iteration 200  80.83sample/s
Class aeroplane acc = 0.7019
Evaluating class bicycle: 1/18
Class bicycle  Iteration 40   70.25sample/s
Class bicycle  Iteration 80   81.07sample/s
Class bicycle  Iteration 120  65.14sample/s
Class bicycle  Iteration 160  75.60sample/s
Class bicycle  Iteration 200  100.81sample/s
Class bicycle acc = 0.6106
Evaluating class bird: 2/18
Class bird     Iteration 40   91.81sample/s
Class bird     Iteration 80   49.89sample/s
Class bird     Iteration 120  47.27sample/s
Class bird     Iteration 160  48.19sample/s
Class bird     Iteration 200  43.33sample/s
Class bird acc = 0.9020
Evaluating class boat: 3/18
Class boat     Iteration 40   24.68sample/s
Class boat     Iteration 80   43.49sample/s
Class boat     Iteration 120  44.10sample/s
Class boat     Iteration 160  46.40sample/s
Class boat     Iteration 200  50.34sample/s
Class boat acc = 0.8258
Evaluating class bottle: 4/18
Class bottle   Iteration 40   48.63sample/s
Class bottle   Iteration 80   55.02sample/s
Class bottle   Iteration 120  49.53sample/s
Class bottle   Iteration 160  44.85sample/s
Class bottle   Iteration 200  41.99sample/s
Class bottle acc = 0.6489
Evaluating class bus: 5/18
Class bus      Iteration 40   30.77sample/s
Class bus      Iteration 80   35.49sample/s
Class bus      Iteration 120  39.11sample/s
Class bus      Iteration 160  35.49sample/s
Class bus      Iteration 200  39.72sample/s
Class bus acc = 0.9825
Evaluating class car: 6/18
Class car      Iteration 40   29.70sample/s
Class car      Iteration 80   33.48sample/s
Class car      Iteration 120  32.08sample/s
Class car      Iteration 160  38.67sample/s
Class car      Iteration 200  34.63sample/s
Class car acc = 0.8946
Evaluating class cat: 7/18
Class cat      Iteration 40   34.70sample/s
Class cat      Iteration 80   38.00sample/s
Class cat      Iteration 120  37.93sample/s
Class cat      Iteration 160  36.41sample/s
Class cat      Iteration 200  36.34sample/s
Class cat acc = 0.7491
Evaluating class chair: 8/18
Class chair    Iteration 40   34.08sample/s
Class chair    Iteration 80   34.41sample/s
Class chair    Iteration 120  39.02sample/s
Class chair    Iteration 160  34.25sample/s
Class chair    Iteration 200  39.62sample/s
Class chair acc = 0.7306
Evaluating class cow: 9/18
Class cow      Iteration 40   34.62sample/s
Class cow      Iteration 80   32.27sample/s
Class cow      Iteration 120  33.02sample/s
Class cow      Iteration 160  31.16sample/s
Class cow      Iteration 200  26.40sample/s
Class cow acc = 0.8085
Evaluating class dog: 10/18
Class dog      Iteration 40   33.90sample/s
Class dog      Iteration 80   32.68sample/s
Class dog      Iteration 120  25.26sample/s
Class dog      Iteration 160  29.44sample/s
Class dog      Iteration 200  24.31sample/s
Class dog acc = 0.7921
Evaluating class horse: 11/18
Class horse    Iteration 40   30.23sample/s
Class horse    Iteration 80   34.31sample/s
Class horse    Iteration 120  38.86sample/s
Class horse    Iteration 160  33.96sample/s
Class horse    Iteration 200  35.89sample/s
Class horse acc = 0.7223
Evaluating class motorbike: 12/18
Class motorbike Iteration 40   28.57sample/s
Class motorbike Iteration 80   33.73sample/s
Class motorbike Iteration 120  36.14sample/s
Class motorbike Iteration 160  33.61sample/s
Class motorbike Iteration 200  31.00sample/s
Class motorbike acc = 0.8116
Evaluating class person: 13/18
Class person   Iteration 40   28.43sample/s
Class person   Iteration 80   28.18sample/s
Class person   Iteration 120  30.00sample/s
Class person   Iteration 160  31.17sample/s
Class person   Iteration 200  34.40sample/s
Class person acc = 0.7168
Evaluating class pottedplant: 14/18
Class pottedplant Iteration 40   23.99sample/s
Class pottedplant Iteration 80   26.17sample/s
Class pottedplant Iteration 120  28.96sample/s
Class pottedplant Iteration 160  27.89sample/s
Class pottedplant Iteration 200  28.96sample/s
Class pottedplant acc = 0.9983
Evaluating class sheep: 15/18
Class sheep    Iteration 40   23.62sample/s
Class sheep    Iteration 80   21.41sample/s
Class sheep    Iteration 120  25.56sample/s
Class sheep    Iteration 160  28.33sample/s
Class sheep    Iteration 200  29.03sample/s
Class sheep acc = 0.7529
Evaluating class train: 16/18
Class train    Iteration 40   28.30sample/s
Class train    Iteration 80   31.25sample/s
Class train    Iteration 120  31.72sample/s
Class train    Iteration 160  26.95sample/s
Class train    Iteration 200  21.32sample/s
Class train acc = 0.9770
Evaluating class tvmonitor: 17/18
Class tvmonitor Iteration 40   29.80sample/s
Class tvmonitor Iteration 80   32.53sample/s
Class tvmonitor Iteration 120  33.48sample/s
Class tvmonitor Iteration 160  38.20sample/s
Class tvmonitor Iteration 200  37.66sample/s
Class tvmonitor acc = 0.9959
Evaluation complete in 8m 29s
Matching accuracy
aeroplane = 0.7019
bicycle = 0.6106
bird = 0.9020
boat = 0.8258
bottle = 0.6489
bus = 0.9825
car = 0.8946
cat = 0.7491
chair = 0.7306
cow = 0.8085
dog = 0.7921
horse = 0.7223
motorbike = 0.8116
person = 0.7168
pottedplant = 0.9983
sheep = 0.7529
train = 0.9770
tvmonitor = 0.9959
average = 0.8123
Epoch 4/6
----------
lr = 1.50e-06, 5.00e-05
Epoch 4/6: 100%|██████████| 2000/2000 [07:00<00:00,  4.76it/s, loss=0.8498, acc=0.9686]
epoch loss: 1.2764803996318952, epoch accuracy: 0.9686113559836409
completed in 420.23s (7.00m)
Start evaluation...
Evaluating class aeroplane: 0/18
Class aeroplane Iteration 40   49.49sample/s
Class aeroplane Iteration 80   50.33sample/s
Class aeroplane Iteration 120  47.71sample/s
Class aeroplane Iteration 160  55.11sample/s
Class aeroplane Iteration 200  55.01sample/s
Class aeroplane acc = 0.7122
Evaluating class bicycle: 1/18
Class bicycle  Iteration 40   64.06sample/s
Class bicycle  Iteration 80   69.10sample/s
Class bicycle  Iteration 120  66.09sample/s
Class bicycle  Iteration 160  69.08sample/s
Class bicycle  Iteration 200  70.97sample/s
Class bicycle acc = 0.6158
Evaluating class bird: 2/18
Class bird     Iteration 40   67.32sample/s
Class bird     Iteration 80   64.96sample/s
Class bird     Iteration 120  68.70sample/s
Class bird     Iteration 160  69.15sample/s
Class bird     Iteration 200  65.48sample/s
Class bird acc = 0.9004
Evaluating class boat: 3/18
Class boat     Iteration 40   63.86sample/s
Class boat     Iteration 80   86.59sample/s
Class boat     Iteration 120  54.41sample/s
Class boat     Iteration 160  46.25sample/s
Class boat     Iteration 200  48.80sample/s
Class boat acc = 0.8201
Evaluating class bottle: 4/18
Class bottle   Iteration 40   42.36sample/s
Class bottle   Iteration 80   46.41sample/s
Class bottle   Iteration 120  49.58sample/s
Class bottle   Iteration 160  44.23sample/s
Class bottle   Iteration 200  46.71sample/s
Class bottle acc = 0.6474
Evaluating class bus: 5/18
Class bus      Iteration 40   39.54sample/s
Class bus      Iteration 80   44.59sample/s
Class bus      Iteration 120  55.38sample/s
Class bus      Iteration 160  48.67sample/s
Class bus      Iteration 200  52.23sample/s
Class bus acc = 0.9818
Evaluating class car: 6/18
Class car      Iteration 40   39.43sample/s
Class car      Iteration 80   53.57sample/s
Class car      Iteration 120  40.38sample/s
Class car      Iteration 160  40.39sample/s
Class car      Iteration 200  22.43sample/s
Class car acc = 0.8866
Evaluating class cat: 7/18
Class cat      Iteration 40   28.97sample/s
Class cat      Iteration 80   38.06sample/s
Class cat      Iteration 120  39.13sample/s
Class cat      Iteration 160  38.64sample/s
Class cat      Iteration 200  38.58sample/s
Class cat acc = 0.7574
Evaluating class chair: 8/18
Class chair    Iteration 40   32.47sample/s
Class chair    Iteration 80   37.85sample/s
Class chair    Iteration 120  37.72sample/s
Class chair    Iteration 160  35.84sample/s
Class chair    Iteration 200  39.20sample/s
Class chair acc = 0.7405
Evaluating class cow: 9/18
Class cow      Iteration 40   31.87sample/s
Class cow      Iteration 80   31.17sample/s
Class cow      Iteration 120  33.07sample/s
Class cow      Iteration 160  37.93sample/s
Class cow      Iteration 200  37.91sample/s
Class cow acc = 0.8072
Evaluating class dog: 10/18
Class dog      Iteration 40   34.02sample/s
Class dog      Iteration 80   39.87sample/s
Class dog      Iteration 120  41.16sample/s
Class dog      Iteration 160  39.26sample/s
Class dog      Iteration 200  37.26sample/s
Class dog acc = 0.7937
Evaluating class horse: 11/18
Class horse    Iteration 40   33.67sample/s
Class horse    Iteration 80   37.64sample/s
Class horse    Iteration 120  37.62sample/s
Class horse    Iteration 160  38.43sample/s
Class horse    Iteration 200  38.06sample/s
Class horse acc = 0.7215
Evaluating class motorbike: 12/18
Class motorbike Iteration 40   32.16sample/s
Class motorbike Iteration 80   37.22sample/s
Class motorbike Iteration 120  38.16sample/s
Class motorbike Iteration 160  39.55sample/s
Class motorbike Iteration 200  36.00sample/s
Class motorbike acc = 0.8144
Evaluating class person: 13/18
Class person   Iteration 40   33.38sample/s
Class person   Iteration 80   37.30sample/s
Class person   Iteration 120  33.73sample/s
Class person   Iteration 160  24.90sample/s
Class person   Iteration 200  38.14sample/s
Class person acc = 0.7050
Evaluating class pottedplant: 14/18
Class pottedplant Iteration 40   26.66sample/s
Class pottedplant Iteration 80   31.07sample/s
Class pottedplant Iteration 120  33.70sample/s
Class pottedplant Iteration 160  33.64sample/s
Class pottedplant Iteration 200  33.97sample/s
Class pottedplant acc = 0.9986
Evaluating class sheep: 15/18
Class sheep    Iteration 40   27.92sample/s
Class sheep    Iteration 80   31.31sample/s
Class sheep    Iteration 120  36.85sample/s
Class sheep    Iteration 160  33.39sample/s
Class sheep    Iteration 200  33.52sample/s
Class sheep acc = 0.7701
Evaluating class train: 16/18
Class train    Iteration 40   33.45sample/s
Class train    Iteration 80   40.64sample/s
Class train    Iteration 120  38.44sample/s
Class train    Iteration 160  35.65sample/s
Class train    Iteration 200  36.32sample/s
Class train acc = 0.9806
Evaluating class tvmonitor: 17/18
Class tvmonitor Iteration 40   31.73sample/s
Class tvmonitor Iteration 80   39.69sample/s
Class tvmonitor Iteration 120  36.48sample/s
Class tvmonitor Iteration 160  35.58sample/s
Class tvmonitor Iteration 200  35.89sample/s
Class tvmonitor acc = 0.9928
Evaluation complete in 7m 32s
Matching accuracy
aeroplane = 0.7122
bicycle = 0.6158
bird = 0.9004
boat = 0.8201
bottle = 0.6474
bus = 0.9818
car = 0.8866
cat = 0.7574
chair = 0.7405
cow = 0.8072
dog = 0.7937
horse = 0.7215
motorbike = 0.8144
person = 0.7050
pottedplant = 0.9986
sheep = 0.7701
train = 0.9806
tvmonitor = 0.9928
average = 0.8137
Epoch 5/6
----------
lr = 1.50e-07, 5.00e-06
Epoch 5/6: 100%|██████████| 2000/2000 [06:58<00:00,  4.78it/s, loss=1.2106, acc=0.9713]
epoch loss: 1.2662435742486269, epoch accuracy: 0.9712751754927434
completed in 418.75s (6.98m)
Start evaluation...
Evaluating class aeroplane: 0/18
Class aeroplane Iteration 40   60.68sample/s
Class aeroplane Iteration 80   73.55sample/s
Class aeroplane Iteration 120  60.72sample/s
Class aeroplane Iteration 160  73.84sample/s
Class aeroplane Iteration 200  74.16sample/s
Class aeroplane acc = 0.7112
Evaluating class bicycle: 1/18
Class bicycle  Iteration 40   69.34sample/s
Class bicycle  Iteration 80   57.61sample/s
Class bicycle  Iteration 120  24.41sample/s
Class bicycle  Iteration 160  60.59sample/s
Class bicycle  Iteration 200  76.51sample/s
Class bicycle acc = 0.6148
Evaluating class bird: 2/18
Class bird     Iteration 40   61.81sample/s
Class bird     Iteration 80   67.46sample/s
Class bird     Iteration 120  69.54sample/s
Class bird     Iteration 160  59.46sample/s
Class bird     Iteration 200  59.81sample/s
Class bird acc = 0.9012
Evaluating class boat: 3/18
Class boat     Iteration 40   57.39sample/s
Class boat     Iteration 80   58.96sample/s
Class boat     Iteration 120  61.60sample/s
Class boat     Iteration 160  70.69sample/s
Class boat     Iteration 200  70.33sample/s
Class boat acc = 0.8213
Evaluating class bottle: 4/18
Class bottle   Iteration 40   67.20sample/s
Class bottle   Iteration 80   69.59sample/s
Class bottle   Iteration 120  68.23sample/s
Class bottle   Iteration 160  67.32sample/s
Class bottle   Iteration 200  64.09sample/s
Class bottle acc = 0.6498
Evaluating class bus: 5/18
Class bus      Iteration 40   57.87sample/s
Class bus      Iteration 80   63.43sample/s
Class bus      Iteration 120  70.07sample/s
Class bus      Iteration 160  66.08sample/s
Class bus      Iteration 200  81.33sample/s
Class bus acc = 0.9803
Evaluating class car: 6/18
Class car      Iteration 40   78.14sample/s
Class car      Iteration 80   46.34sample/s
Class car      Iteration 120  35.46sample/s
Class car      Iteration 160  41.96sample/s
Class car      Iteration 200  43.05sample/s
Class car acc = 0.8861
Evaluating class cat: 7/18
Class cat      Iteration 40   47.46sample/s
Class cat      Iteration 80   43.90sample/s
Class cat      Iteration 120  49.00sample/s
Class cat      Iteration 160  49.00sample/s
Class cat      Iteration 200  48.05sample/s
Class cat acc = 0.7578
Evaluating class chair: 8/18
Class chair    Iteration 40   47.48sample/s
Class chair    Iteration 80   47.74sample/s
Class chair    Iteration 120  49.18sample/s
Class chair    Iteration 160  42.06sample/s
Class chair    Iteration 200  52.47sample/s
Class chair acc = 0.7385
Evaluating class cow: 9/18
Class cow      Iteration 40   48.10sample/s
Class cow      Iteration 80   40.50sample/s
Class cow      Iteration 120  48.90sample/s
Class cow      Iteration 160  45.58sample/s
Class cow      Iteration 200  50.61sample/s
Class cow acc = 0.8079
Evaluating class dog: 10/18
Class dog      Iteration 40   34.48sample/s
Class dog      Iteration 80   36.80sample/s
Class dog      Iteration 120  37.44sample/s
Class dog      Iteration 160  38.07sample/s
Class dog      Iteration 200  26.01sample/s
Class dog acc = 0.7946
Evaluating class horse: 11/18
Class horse    Iteration 40   32.12sample/s
Class horse    Iteration 80   35.47sample/s
Class horse    Iteration 120  26.48sample/s
Class horse    Iteration 160  36.71sample/s
Class horse    Iteration 200  35.39sample/s
Class horse acc = 0.7244
Evaluating class motorbike: 12/18
Class motorbike Iteration 40   32.25sample/s
Class motorbike Iteration 80   34.60sample/s
Class motorbike Iteration 120  36.84sample/s
Class motorbike Iteration 160  37.60sample/s
Class motorbike Iteration 200  33.25sample/s
Class motorbike acc = 0.8128
Evaluating class person: 13/18
Class person   Iteration 40   32.34sample/s
Class person   Iteration 80   38.57sample/s
Class person   Iteration 120  32.44sample/s
Class person   Iteration 160  36.08sample/s
Class person   Iteration 200  38.68sample/s
Class person acc = 0.7088
Evaluating class pottedplant: 14/18
Class pottedplant Iteration 40   28.70sample/s
Class pottedplant Iteration 80   30.97sample/s
Class pottedplant Iteration 120  34.41sample/s
Class pottedplant Iteration 160  32.72sample/s
Class pottedplant Iteration 200  34.55sample/s
Class pottedplant acc = 0.9979
Evaluating class sheep: 15/18
Class sheep    Iteration 40   28.06sample/s
Class sheep    Iteration 80   30.40sample/s
Class sheep    Iteration 120  35.83sample/s
Class sheep    Iteration 160  33.75sample/s
Class sheep    Iteration 200  33.98sample/s
Class sheep acc = 0.7614
Evaluating class train: 16/18
Class train    Iteration 40   32.90sample/s
Class train    Iteration 80   36.96sample/s
Class train    Iteration 120  41.33sample/s
Class train    Iteration 160  36.15sample/s
Class train    Iteration 200  37.92sample/s
Class train acc = 0.9807
Evaluating class tvmonitor: 17/18
Class tvmonitor Iteration 40   23.66sample/s
Class tvmonitor Iteration 80   37.78sample/s
Class tvmonitor Iteration 120  38.18sample/s
Class tvmonitor Iteration 160  36.87sample/s
Class tvmonitor Iteration 200  37.68sample/s
Class tvmonitor acc = 0.9930
Evaluation complete in 6m 59s
Matching accuracy
aeroplane = 0.7112
bicycle = 0.6148
bird = 0.9012
boat = 0.8213
bottle = 0.6498
bus = 0.9803
car = 0.8861
cat = 0.7578
chair = 0.7385
cow = 0.8079
dog = 0.7946
horse = 0.7244
motorbike = 0.8128
person = 0.7088
pottedplant = 0.9979
sheep = 0.7614
train = 0.9807
tvmonitor = 0.9930
average = 0.8135
Epoch 6/6
----------
lr = 1.50e-07, 5.00e-06
Epoch 6/6: 100%|██████████| 2000/2000 [06:55<00:00,  4.81it/s, loss=1.2426, acc=0.9728]
epoch loss: 1.266746658630669, epoch accuracy: 0.9727905901392984
completed in 415.84s (6.93m)
Start evaluation...
Evaluating class aeroplane: 0/18
Class aeroplane Iteration 40   63.64sample/s
Class aeroplane Iteration 80   73.98sample/s
Class aeroplane Iteration 120  76.27sample/s
Class aeroplane Iteration 160  71.27sample/s
Class aeroplane Iteration 200  83.64sample/s
Class aeroplane acc = 0.7063
Evaluating class bicycle: 1/18
Class bicycle  Iteration 40   74.96sample/s
Class bicycle  Iteration 80   81.86sample/s
Class bicycle  Iteration 120  74.25sample/s
Class bicycle  Iteration 160  76.19sample/s
Class bicycle  Iteration 200  79.20sample/s
Class bicycle acc = 0.6101
Evaluating class bird: 2/18
Class bird     Iteration 40   66.53sample/s
Class bird     Iteration 80   70.86sample/s
Class bird     Iteration 120  74.37sample/s
Class bird     Iteration 160  77.20sample/s
Class bird     Iteration 200  74.15sample/s
Class bird acc = 0.9025
Evaluating class boat: 3/18
Class boat     Iteration 40   67.04sample/s
Class boat     Iteration 80   76.12sample/s
Class boat     Iteration 120  69.92sample/s
Class boat     Iteration 160  75.05sample/s
Class boat     Iteration 200  76.69sample/s
Class boat acc = 0.8258
Evaluating class bottle: 4/18
Class bottle   Iteration 40   70.65sample/s
Class bottle   Iteration 80   73.41sample/s
Class bottle   Iteration 120  69.27sample/s
Class bottle   Iteration 160  76.41sample/s
Class bottle   Iteration 200  72.57sample/s
Class bottle acc = 0.6497
Evaluating class bus: 5/18
Class bus      Iteration 40   56.66sample/s
Class bus      Iteration 80   68.80sample/s
Class bus      Iteration 120  71.10sample/s
Class bus      Iteration 160  65.89sample/s
Class bus      Iteration 200  73.06sample/s
Class bus acc = 0.9804
Evaluating class car: 6/18
Class car      Iteration 40   61.62sample/s
Class car      Iteration 80   66.11sample/s
Class car      Iteration 120  62.05sample/s
Class car      Iteration 160  77.32sample/s
Class car      Iteration 200  86.98sample/s
Class car acc = 0.8846
Evaluating class cat: 7/18
Class cat      Iteration 40   70.04sample/s
Class cat      Iteration 80   72.04sample/s
Class cat      Iteration 120  78.05sample/s
Class cat      Iteration 160  73.41sample/s
Class cat      Iteration 200  71.54sample/s
Class cat acc = 0.7571
Evaluating class chair: 8/18
Class chair    Iteration 40   30.30sample/s
Class chair    Iteration 80   41.99sample/s
Class chair    Iteration 120  65.07sample/s
Class chair    Iteration 160  62.67sample/s
Class chair    Iteration 200  68.98sample/s
Class chair acc = 0.7396
Evaluating class cow: 9/18
Class cow      Iteration 40   64.78sample/s
Class cow      Iteration 80   60.70sample/s
Class cow      Iteration 120  66.86sample/s
Class cow      Iteration 160  68.27sample/s
Class cow      Iteration 200  76.09sample/s
Class cow acc = 0.8037
Evaluating class dog: 10/18
Class dog      Iteration 40   71.22sample/s
Class dog      Iteration 80   72.56sample/s
Class dog      Iteration 120  69.19sample/s
Class dog      Iteration 160  85.50sample/s
Class dog      Iteration 200  96.43sample/s
Class dog acc = 0.7954
Evaluating class horse: 11/18
Class horse    Iteration 40   45.06sample/s
Class horse    Iteration 80   49.69sample/s
Class horse    Iteration 120  45.47sample/s
Class horse    Iteration 160  44.98sample/s
Class horse    Iteration 200  48.51sample/s
Class horse acc = 0.7252
Evaluating class motorbike: 12/18
Class motorbike Iteration 40   47.38sample/s
Class motorbike Iteration 80   45.68sample/s
Class motorbike Iteration 120  46.41sample/s
Class motorbike Iteration 160  49.06sample/s
Class motorbike Iteration 200  45.35sample/s
Class motorbike acc = 0.8152
Evaluating class person: 13/18
Class person   Iteration 40   46.15sample/s
Class person   Iteration 80   44.68sample/s
Class person   Iteration 120  43.54sample/s
Class person   Iteration 160  44.84sample/s
Class person   Iteration 200  49.56sample/s
Class person acc = 0.7124
Evaluating class pottedplant: 14/18
Class pottedplant Iteration 40   41.11sample/s
Class pottedplant Iteration 80   38.04sample/s
Class pottedplant Iteration 120  41.99sample/s
Class pottedplant Iteration 160  42.85sample/s
Class pottedplant Iteration 200  51.61sample/s
Class pottedplant acc = 0.9979
Evaluating class sheep: 15/18
Class sheep    Iteration 40   33.92sample/s
Class sheep    Iteration 80   45.36sample/s
Class sheep    Iteration 120  50.47sample/s
Class sheep    Iteration 160  32.58sample/s
Class sheep    Iteration 200  32.79sample/s
Class sheep acc = 0.7590
Evaluating class train: 16/18
Class train    Iteration 40   31.95sample/s
Class train    Iteration 80   36.56sample/s
Class train    Iteration 120  39.24sample/s
Class train    Iteration 160  34.89sample/s
Class train    Iteration 200  25.57sample/s
Class train acc = 0.9805
Evaluating class tvmonitor: 17/18
Class tvmonitor Iteration 40   30.55sample/s
Class tvmonitor Iteration 80   37.90sample/s
Class tvmonitor Iteration 120  39.93sample/s
Class tvmonitor Iteration 160  38.11sample/s
Class tvmonitor Iteration 200  42.30sample/s
Class tvmonitor acc = 0.9934
Evaluation complete in 5m 32s
Matching accuracy
aeroplane = 0.7063
bicycle = 0.6101
bird = 0.9025
boat = 0.8258
bottle = 0.6497
bus = 0.9804
car = 0.8846
cat = 0.7571
chair = 0.7396
cow = 0.8037
dog = 0.7954
horse = 0.7252
motorbike = 0.8152
person = 0.7124
pottedplant = 0.9979
sheep = 0.7590
train = 0.9805
tvmonitor = 0.9934
average = 0.8133
[1;34mwandb[0m: 
[1;34mwandb[0m: You can sync this run to the cloud by running:
[1;34mwandb[0m: [1mwandb sync /scratch/hpc-prf-llmrout/hpcabpo/nmt/wandb/wandb/offline-run-20260916_115936-6amusk1b[0m
[1;34mwandb[0m: Find logs at: [1;35m../../../../../../scratch/hpc-prf-llmrout/hpcabpo/nmt/wandb/wandb/offline-run-20260916_115936-6amusk1b/logs[0m
