CPU_SET_HEX_STR_SIZE: 257, Size of mstr: 257
cpu-bind=MASK - gpu1001, task  0  0 [2463767]: mask |--------|BBBBBBBB|--------|--------|--------|--------|BBBBBBBB|--------|--------|--------|--------|--------||||--------|--------|--------|--------|--------|--------|--------|--------|--------|--------|--------|--------| set
job=3393607 node=gpu1001 gpu=NVIDIA H100 config=/scratch/hpc-prf-llmrout/hpcabpo/nmt/runs/configs/spair_mv_K1_seed2.json wandb=offline
backbone=vgg16 image_size=256 conv=rational model_dir=/scratch/hpc-prf-llmrout/hpcabpo/nmt/runs/spair_vgg16/mv_K1_seed2
rendezvous port=39087
{
    "BACKBONE": "vgg16",
    "BACKBONE_DIR": "/scratch/hpc-prf-llmrout/hpcabpo/nmt/checkpoints",
    "BATCH_SIZE": 5,
    "CACHE_PATH": "data/cache",
    "DATASET_NAME": "SPair71k",
    "EVAL": {
        "SAMPLES": 1000,
        "difficulty_params": {},
        "num_graphs_in_matching_instance": 2
    },
    "IMAGE_SIZE": 256,
    "Matching_TF": {
        "activation": "relu",
        "batch_norm": true,
        "d_model": 648,
        "nGPT_mlp_hidden_mult": 6,
        "n_decoder": 4,
        "n_encoder": 4,
        "n_head": 12,
        "n_lap_EigVec": 8,
        "pos_encoding": false
    },
    "NORM_MEANS": [
        0.485,
        0.456,
        0.406
    ],
    "NORM_STD": [
        0.229,
        0.224,
        0.225
    ],
    "RANDOM_SEED": 2,
    "SPLINE_CNN": {
        "aggr": "max",
        "conv": "rational",
        "degrees": [
            8,
            6
        ],
        "dim": 2,
        "init": "pca",
        "init_noise": 0.001,
        "input_features": 1024,
        "kernel_size": 5,
        "num_bases": 1,
        "output_features": 648,
        "poly": "chebyshev",
        "pyg_init": true,
        "rational_basis": "multivariate",
        "safe": "B",
        "vp": true
    },
    "SPair": {
        "CLASSES": [
            "aeroplane",
            "bicycle",
            "bird",
            "boat",
            "boat",
            "bottle",
            "bus",
            "car",
            "cat",
            "chair",
            "cow",
            "dog",
            "horse",
            "motorbike",
            "person",
            "pottedplant",
            "sheep",
            "train",
            "tvmonitor"
        ],
        "ROOT_DIR": "/pc2/groups/hpc-prf-llmrout/hpcabpo/rational-basis-cnn/data/SPair-71k",
        "size": "large"
    },
    "STATISTIC_STEP": 1,
    "TRACK_GRAD_NORM": false,
    "TRAIN": {
        "EPOCH_ITERS": 2000,
        "LR": 0.0005,
        "_comment_epochs": "lr_schedule long_halving5 defines 12 epochs; max_epochs stops after 7. NMT trains ~11 epochs per day, so 7 epochs is ~15.3 h. Both LR drops (epochs 2 and 5) still happen.",
        "clip_norm": 0,
        "cutmix_beta": 1.0,
        "cutmix_prob": 0.3,
        "difficulty_params": {},
        "layer_loss_param": 0.3,
        "lr_schedule": "long_halving5",
        "max_epochs": 7,
        "mixup_alpha": 0.8,
        "mixup_prob": 0.3,
        "num_graphs_in_matching_instance": 2,
        "random_erasing_prob": 0.3,
        "temperature": 0.1,
        "weight_decay": 0
    },
    "USE_SYNTHETIC": false,
    "VOC2011": {
        "CLASSES": [
            "aeroplane",
            "bicycle",
            "bird",
            "boat",
            "bottle",
            "bus",
            "car",
            "cat",
            "chair",
            "cow",
            "diningtable",
            "dog",
            "horse",
            "motorbike",
            "person",
            "pottedplant",
            "sheep",
            "sofa",
            "train",
            "tvmonitor"
        ],
        "KPT_ANNO_DIR": "/data/cat/ws/tosa098h-abtin_NormMatchTrans/data/downloaded/PascalVOC/annotations/",
        "ROOT_DIR": "/data/cat/ws/tosa098h-abtin_NormMatchTrans/data/downloaded/PascalVOC/VOC2011/",
        "SET_SPLIT": "/data/cat/ws/tosa098h-abtin_NormMatchTrans/data/split/voc2011_pairs.npz"
    },
    "WILLOW": {
        "CLASSES": [
            "Car",
            "Duck",
            "Face",
            "Motorbike",
            "Winebottle"
        ],
        "KPT_LEN": 10,
        "ROOT_DIR": "./data/downloaded/WILLOW/WILLOW-ObjectClass",
        "TRAIN_NUM": 20,
        "TRAIN_OFFSET": 0
    },
    "_generated_by": "slurm/make_config.py mv_K1 2 (spair)",
    "combine_classes": false,
    "default_json": "experiments/voc_basic.json",
    "eval_sampling": "intersection",
    "evaluate_only": false,
    "exclude_willow_classes": false,
    "keep_last_checkpoint_only": true,
    "log_dir": "runs/",
    "model_dir": "/scratch/hpc-prf-llmrout/hpcabpo/nmt/runs/spair_vgg16/mv_K1_seed2",
    "save_checkpoint": true,
    "train_sampling": "intersection",
    "visualization_params": {
        "produce_pdf": false,
        "reduced_vis": true
    },
    "visualize": false,
    "warmstart_path": null
}
wandb: Tracking run with wandb version 0.30.0
wandb: W&B syncing is set to `offline` in this directory. Run `wandb online` or set WANDB_MODE=online to enable cloud syncing.
wandb: Run data is saved locally in /scratch/hpc-prf-llmrout/hpcabpo/nmt/wandb/wandb/offline-run-20260923_110111-cyexiiio
wandb: View this run in the terminal with `wandb leet`
No difficulty parameters for trn-set. Using all available data.
Number of annotation pairs matching the difficulty params in trn-set: {'aeroplane': 2924, 'bicycle': 2946, 'bird': 3080, 'boat': 2936, 'bottle': 2448, 'bus': 2708, 'car': 2960, 'cat': 3306, 'chair': 3060, 'cow': 3118, 'dog': 3192, 'horse': 3136, 'motorbike': 3180, 'person': 3066, 'pottedplant': 2446, 'sheep': 3140, 'train': 2752, 'tvmonitor': 2942}
TRUE EPOCHS:  False
10000
Initializing trn-set. Randomly sampling 10000 examples.
/pc2/groups/hpc-prf-llmrout/hpcabpo/nmt/conda/envs/nmt/lib/python3.12/site-packages/albumentations/core/composition.py:331: UserWarning: Got processor for keypoints, but no transform to process it.
  self._set_keys()
No difficulty parameters for test-set. Using all available data.
Number of annotation pairs matching the difficulty params in test-set: {'aeroplane': 690, 'bicycle': 650, 'bird': 702, 'boat': 702, 'bottle': 870, 'bus': 644, 'car': 564, 'cat': 600, 'chair': 646, 'cow': 640, 'dog': 600, 'horse': 600, 'motorbike': 702, 'person': 650, 'pottedplant': 862, 'sheep': 664, 'train': 756, 'tvmonitor': 692}
TRUE EPOCHS:  False
1000
Initializing test-set. Randomly sampling 1000 examples.
/pc2/groups/hpc-prf-llmrout/hpcabpo/nmt/conda/envs/nmt/lib/python3.12/site-packages/torchvision/models/_utils.py:208: UserWarning: The parameter 'pretrained' is deprecated since 0.13 and may be removed in the future, please use 'weights' instead.
  warnings.warn(
/pc2/groups/hpc-prf-llmrout/hpcabpo/nmt/conda/envs/nmt/lib/python3.12/site-packages/torchvision/models/_utils.py:223: UserWarning: Arguments other than a weight enum or `None` for 'weights' are deprecated since 0.13 and may be removed in the future. The current behavior is equivalent to passing `weights=VGG16_Weights.IMAGENET1K_V1`. You can also use `weights=VGG16_Weights.DEFAULT` to get the most up-to-date weights.
  warnings.warn(msg)
stopping after 7 epochs (cfg.TRAIN.max_epochs; schedule 'long_halving5' defines 12)
Start training...
NMT model on device: cuda:0
Epoch 0/6
----------
lr = 1.50e-05, 5.00e-04
Epoch 0/6:   0%|          | 0/2000 [00:00<?, ?it/s]/pc2/groups/hpc-prf-llmrout/hpcabpo/nmt/conda/envs/nmt/lib/python3.12/site-packages/torch_geometric/utils/_scatter.py:91: UserWarning: The usage of `scatter(reduce='max')` can be accelerated via the 'torch-scatter' package, but it was not found
  warnings.warn(
[rank0]:[W923 11:01:14.368875482 reducer.cpp:1528] Warning: find_unused_parameters=True was specified in DDP constructor, but did not find any unused parameters in the forward pass. This flag results in an extra traversal of the autograd graph every iteration,  which can adversely affect performance. If your model indeed never has any unused parameters in the forward pass, consider turning this flag off. Note that this warning may be a false positive if your model has flow control causing later iterations to have unused parameters. (function operator())
Epoch 0/6: 100%|██████████| 2000/2000 [06:49<00:00,  4.88it/s, loss=2.6378, acc=0.6929]
epoch loss: 3.514497657299042, epoch accuracy: 0.6928808185617524
completed in 409.75s (6.83m)
Start evaluation...
Evaluating class aeroplane: 0/18
Class aeroplane Iteration 40   52.87sample/s
Class aeroplane Iteration 80   66.49sample/s
Class aeroplane Iteration 120  66.34sample/s
Class aeroplane Iteration 160  76.32sample/s
Class aeroplane Iteration 200  95.35sample/s
Class aeroplane acc = 0.6307
Evaluating class bicycle: 1/18
Class bicycle  Iteration 40   59.73sample/s
Class bicycle  Iteration 80   70.93sample/s
Class bicycle  Iteration 120  60.35sample/s
Class bicycle  Iteration 160  34.82sample/s
Class bicycle  Iteration 200  60.06sample/s
Class bicycle acc = 0.5016
Evaluating class bird: 2/18
Class bird     Iteration 40   65.95sample/s
Class bird     Iteration 80   64.86sample/s
Class bird     Iteration 120  70.66sample/s
Class bird     Iteration 160  66.53sample/s
Class bird     Iteration 200  67.65sample/s
Class bird acc = 0.8448
Evaluating class boat: 3/18
Class boat     Iteration 40   66.02sample/s
Class boat     Iteration 80   67.84sample/s
Class boat     Iteration 120  61.55sample/s
Class boat     Iteration 160  70.31sample/s
Class boat     Iteration 200  71.84sample/s
Class boat acc = 0.6232
Evaluating class bottle: 4/18
Class bottle   Iteration 40   60.03sample/s
Class bottle   Iteration 80   85.91sample/s
Class bottle   Iteration 120  70.55sample/s
Class bottle   Iteration 160  77.38sample/s
Class bottle   Iteration 200  72.07sample/s
Class bottle acc = 0.6362
Evaluating class bus: 5/18
Class bus      Iteration 40   57.16sample/s
Class bus      Iteration 80   70.65sample/s
Class bus      Iteration 120  70.84sample/s
Class bus      Iteration 160  74.15sample/s
Class bus      Iteration 200  135.90sample/s
Class bus acc = 0.8908
Evaluating class car: 6/18
Class car      Iteration 40   55.40sample/s
Class car      Iteration 80   68.07sample/s
Class car      Iteration 120  62.77sample/s
Class car      Iteration 160  74.11sample/s
Class car      Iteration 200  77.78sample/s
Class car acc = 0.8006
Evaluating class cat: 7/18
Class cat      Iteration 40   67.03sample/s
Class cat      Iteration 80   75.40sample/s
Class cat      Iteration 120  73.47sample/s
Class cat      Iteration 160  73.92sample/s
Class cat      Iteration 200  61.69sample/s
Class cat acc = 0.7173
Evaluating class chair: 8/18
Class chair    Iteration 40   57.44sample/s
Class chair    Iteration 80   62.66sample/s
Class chair    Iteration 120  96.78sample/s
Class chair    Iteration 160  66.40sample/s
Class chair    Iteration 200  78.21sample/s
Class chair acc = 0.6163
Evaluating class cow: 9/18
Class cow      Iteration 40   61.26sample/s
Class cow      Iteration 80   59.26sample/s
Class cow      Iteration 120  63.74sample/s
Class cow      Iteration 160  121.57sample/s
Class cow      Iteration 200  93.47sample/s
Class cow acc = 0.7876
Evaluating class dog: 10/18
Class dog      Iteration 40   68.90sample/s
Class dog      Iteration 80   101.14sample/s
Class dog      Iteration 120  97.62sample/s
Class dog      Iteration 160  109.75sample/s
Class dog      Iteration 200  104.25sample/s
Class dog acc = 0.6917
Evaluating class horse: 11/18
Class horse    Iteration 40   90.79sample/s
Class horse    Iteration 80   105.77sample/s
Class horse    Iteration 120  104.68sample/s
Class horse    Iteration 160  104.19sample/s
Class horse    Iteration 200  110.05sample/s
Class horse acc = 0.6227
Evaluating class motorbike: 12/18
Class motorbike Iteration 40   89.69sample/s
Class motorbike Iteration 80   105.83sample/s
Class motorbike Iteration 120  100.04sample/s
Class motorbike Iteration 160  106.73sample/s
Class motorbike Iteration 200  108.03sample/s
Class motorbike acc = 0.7510
Evaluating class person: 13/18
Class person   Iteration 40   97.33sample/s
Class person   Iteration 80   105.99sample/s
Class person   Iteration 120  90.63sample/s
Class person   Iteration 160  104.88sample/s
Class person   Iteration 200  127.56sample/s
Class person acc = 0.5851
Evaluating class pottedplant: 14/18
Class pottedplant Iteration 40   83.83sample/s
Class pottedplant Iteration 80   92.51sample/s
Class pottedplant Iteration 120  90.20sample/s
Class pottedplant Iteration 160  93.26sample/s
Class pottedplant Iteration 200  114.26sample/s
Class pottedplant acc = 0.9218
Evaluating class sheep: 15/18
Class sheep    Iteration 40   84.43sample/s
Class sheep    Iteration 80   83.23sample/s
Class sheep    Iteration 120  101.86sample/s
Class sheep    Iteration 160  98.34sample/s
Class sheep    Iteration 200  98.90sample/s
Class sheep acc = 0.6547
Evaluating class train: 16/18
Class train    Iteration 40   95.43sample/s
Class train    Iteration 80   56.24sample/s
Class train    Iteration 120  38.13sample/s
Class train    Iteration 160  54.54sample/s
Class train    Iteration 200  70.46sample/s
Class train acc = 0.9267
Evaluating class tvmonitor: 17/18
Class tvmonitor Iteration 40   80.97sample/s
Class tvmonitor Iteration 80   84.84sample/s
Class tvmonitor Iteration 120  81.56sample/s
Class tvmonitor Iteration 160  81.65sample/s
Class tvmonitor Iteration 200  81.84sample/s
Class tvmonitor acc = 0.9924
Evaluation complete in 3m 59s
Matching accuracy
aeroplane = 0.6307
bicycle = 0.5016
bird = 0.8448
boat = 0.6232
bottle = 0.6362
bus = 0.8908
car = 0.8006
cat = 0.7173
chair = 0.6163
cow = 0.7876
dog = 0.6917
horse = 0.6227
motorbike = 0.7510
person = 0.5851
pottedplant = 0.9218
sheep = 0.6547
train = 0.9267
tvmonitor = 0.9924
average = 0.7331
Epoch 1/6
----------
lr = 1.50e-05, 5.00e-04
Epoch 1/6: 100%|██████████| 2000/2000 [06:48<00:00,  4.90it/s, loss=3.1312, acc=0.8477]
epoch loss: 2.353825034096837, epoch accuracy: 0.8476918638199654
completed in 408.15s (6.80m)
Start evaluation...
Evaluating class aeroplane: 0/18
Class aeroplane Iteration 40   45.88sample/s
Class aeroplane Iteration 80   55.15sample/s
Class aeroplane Iteration 120  57.00sample/s
Class aeroplane Iteration 160  68.96sample/s
Class aeroplane Iteration 200  64.23sample/s
Class aeroplane acc = 0.6403
Evaluating class bicycle: 1/18
Class bicycle  Iteration 40   51.31sample/s
Class bicycle  Iteration 80   47.25sample/s
Class bicycle  Iteration 120  44.27sample/s
Class bicycle  Iteration 160  48.21sample/s
Class bicycle  Iteration 200  53.90sample/s
Class bicycle acc = 0.5712
Evaluating class bird: 2/18
Class bird     Iteration 40   45.60sample/s
Class bird     Iteration 80   46.60sample/s
Class bird     Iteration 120  48.55sample/s
Class bird     Iteration 160  47.78sample/s
Class bird     Iteration 200  45.39sample/s
Class bird acc = 0.8377
Evaluating class boat: 3/18
Class boat     Iteration 40   45.72sample/s
Class boat     Iteration 80   40.05sample/s
Class boat     Iteration 120  43.09sample/s
Class boat     Iteration 160  46.13sample/s
Class boat     Iteration 200  46.26sample/s
Class boat acc = 0.6725
Evaluating class bottle: 4/18
Class bottle   Iteration 40   44.61sample/s
Class bottle   Iteration 80   54.68sample/s
Class bottle   Iteration 120  49.04sample/s
Class bottle   Iteration 160  48.33sample/s
Class bottle   Iteration 200  46.81sample/s
Class bottle acc = 0.6332
Evaluating class bus: 5/18
Class bus      Iteration 40   41.44sample/s
Class bus      Iteration 80   45.09sample/s
Class bus      Iteration 120  52.22sample/s
Class bus      Iteration 160  44.27sample/s
Class bus      Iteration 200  51.70sample/s
Class bus acc = 0.9183
Evaluating class car: 6/18
Class car      Iteration 40   37.53sample/s
Class car      Iteration 80   39.43sample/s
Class car      Iteration 120  36.12sample/s
Class car      Iteration 160  53.27sample/s
Class car      Iteration 200  43.66sample/s
Class car acc = 0.8078
Evaluating class cat: 7/18
Class cat      Iteration 40   45.01sample/s
Class cat      Iteration 80   49.69sample/s
Class cat      Iteration 120  48.84sample/s
Class cat      Iteration 160  47.40sample/s
Class cat      Iteration 200  55.45sample/s
Class cat acc = 0.7057
Evaluating class chair: 8/18
Class chair    Iteration 40   45.92sample/s
Class chair    Iteration 80   31.10sample/s
Class chair    Iteration 120  32.74sample/s
Class chair    Iteration 160  42.54sample/s
Class chair    Iteration 200  49.56sample/s
Class chair acc = 0.6682
Evaluating class cow: 9/18
Class cow      Iteration 40   46.58sample/s
Class cow      Iteration 80   39.86sample/s
Class cow      Iteration 120  41.73sample/s
Class cow      Iteration 160  46.99sample/s
Class cow      Iteration 200  48.77sample/s
Class cow acc = 0.7914
Evaluating class dog: 10/18
Class dog      Iteration 40   42.98sample/s
Class dog      Iteration 80   58.26sample/s
Class dog      Iteration 120  48.13sample/s
Class dog      Iteration 160  49.87sample/s
Class dog      Iteration 200  48.66sample/s
Class dog acc = 0.7148
Evaluating class horse: 11/18
Class horse    Iteration 40   45.92sample/s
Class horse    Iteration 80   49.75sample/s
Class horse    Iteration 120  55.74sample/s
Class horse    Iteration 160  50.65sample/s
Class horse    Iteration 200  48.51sample/s
Class horse acc = 0.6384
Evaluating class motorbike: 12/18
Class motorbike Iteration 40   42.81sample/s
Class motorbike Iteration 80   47.38sample/s
Class motorbike Iteration 120  47.61sample/s
Class motorbike Iteration 160  53.44sample/s
Class motorbike Iteration 200  52.17sample/s
Class motorbike acc = 0.7411
Evaluating class person: 13/18
Class person   Iteration 40   42.31sample/s
Class person   Iteration 80   45.81sample/s
Class person   Iteration 120  44.00sample/s
Class person   Iteration 160  47.01sample/s
Class person   Iteration 200  57.27sample/s
Class person acc = 0.5920
Evaluating class pottedplant: 14/18
Class pottedplant Iteration 40   38.52sample/s
Class pottedplant Iteration 80   41.57sample/s
Class pottedplant Iteration 120  45.08sample/s
Class pottedplant Iteration 160  44.68sample/s
Class pottedplant Iteration 200  50.92sample/s
Class pottedplant acc = 0.9569
Evaluating class sheep: 15/18
Class sheep    Iteration 40   39.28sample/s
Class sheep    Iteration 80   40.21sample/s
Class sheep    Iteration 120  47.42sample/s
Class sheep    Iteration 160  45.25sample/s
Class sheep    Iteration 200  49.11sample/s
Class sheep acc = 0.6978
Evaluating class train: 16/18
Class train    Iteration 40   44.66sample/s
Class train    Iteration 80   53.99sample/s
Class train    Iteration 120  56.17sample/s
Class train    Iteration 160  49.26sample/s
Class train    Iteration 200  49.98sample/s
Class train acc = 0.9390
Evaluating class tvmonitor: 17/18
Class tvmonitor Iteration 40   24.15sample/s
Class tvmonitor Iteration 80   44.59sample/s
Class tvmonitor Iteration 120  46.60sample/s
Class tvmonitor Iteration 160  54.92sample/s
Class tvmonitor Iteration 200  47.65sample/s
Class tvmonitor acc = 0.9926
Evaluation complete in 6m 31s
Matching accuracy
aeroplane = 0.6403
bicycle = 0.5712
bird = 0.8377
boat = 0.6725
bottle = 0.6332
bus = 0.9183
car = 0.8078
cat = 0.7057
chair = 0.6682
cow = 0.7914
dog = 0.7148
horse = 0.6384
motorbike = 0.7411
person = 0.5920
pottedplant = 0.9569
sheep = 0.6978
train = 0.9390
tvmonitor = 0.9926
average = 0.7511
Epoch 2/6
----------
lr = 1.50e-06, 5.00e-05
Epoch 2/6: 100%|██████████| 2000/2000 [06:54<00:00,  4.83it/s, loss=3.4970, acc=0.8963]
epoch loss: 1.9286347932331265, epoch accuracy: 0.8962629887442892
completed in 414.17s (6.90m)
Start evaluation...
Evaluating class aeroplane: 0/18
Class aeroplane Iteration 40   65.71sample/s
Class aeroplane Iteration 80   74.37sample/s
Class aeroplane Iteration 120  68.87sample/s
Class aeroplane Iteration 160  70.90sample/s
Class aeroplane Iteration 200  82.49sample/s
Class aeroplane acc = 0.6648
Evaluating class bicycle: 1/18
Class bicycle  Iteration 40   62.80sample/s
Class bicycle  Iteration 80   65.75sample/s
Class bicycle  Iteration 120  70.26sample/s
Class bicycle  Iteration 160  74.44sample/s
Class bicycle  Iteration 200  81.82sample/s
Class bicycle acc = 0.5870
Evaluating class bird: 2/18
Class bird     Iteration 40   93.45sample/s
Class bird     Iteration 80   88.44sample/s
Class bird     Iteration 120  52.54sample/s
Class bird     Iteration 160  48.90sample/s
Class bird     Iteration 200  47.07sample/s
Class bird acc = 0.8510
Evaluating class boat: 3/18
Class boat     Iteration 40   37.78sample/s
Class boat     Iteration 80   43.40sample/s
Class boat     Iteration 120  40.98sample/s
Class boat     Iteration 160  48.46sample/s
Class boat     Iteration 200  48.39sample/s
Class boat acc = 0.6979
Evaluating class bottle: 4/18
Class bottle   Iteration 40   51.58sample/s
Class bottle   Iteration 80   94.67sample/s
Class bottle   Iteration 120  57.53sample/s
Class bottle   Iteration 160  50.02sample/s
Class bottle   Iteration 200  50.77sample/s
Class bottle acc = 0.6409
Evaluating class bus: 5/18
Class bus      Iteration 40   39.84sample/s
Class bus      Iteration 80   53.03sample/s
Class bus      Iteration 120  53.09sample/s
Class bus      Iteration 160  54.10sample/s
Class bus      Iteration 200  50.47sample/s
Class bus acc = 0.9346
Evaluating class car: 6/18
Class car      Iteration 40   36.48sample/s
Class car      Iteration 80   44.99sample/s
Class car      Iteration 120  41.65sample/s
Class car      Iteration 160  57.03sample/s
Class car      Iteration 200  45.95sample/s
Class car acc = 0.8453
Evaluating class cat: 7/18
Class cat      Iteration 40   46.05sample/s
Class cat      Iteration 80   51.43sample/s
Class cat      Iteration 120  48.33sample/s
Class cat      Iteration 160  50.69sample/s
Class cat      Iteration 200  52.33sample/s
Class cat acc = 0.7207
Evaluating class chair: 8/18
Class chair    Iteration 40   57.04sample/s
Class chair    Iteration 80   53.22sample/s
Class chair    Iteration 120  52.69sample/s
Class chair    Iteration 160  48.35sample/s
Class chair    Iteration 200  52.98sample/s
Class chair acc = 0.6899
Evaluating class cow: 9/18
Class cow      Iteration 40   43.45sample/s
Class cow      Iteration 80   62.14sample/s
Class cow      Iteration 120  44.02sample/s
Class cow      Iteration 160  49.77sample/s
Class cow      Iteration 200  45.84sample/s
Class cow acc = 0.8010
Evaluating class dog: 10/18
Class dog      Iteration 40   28.13sample/s
Class dog      Iteration 80   44.82sample/s
Class dog      Iteration 120  54.91sample/s
Class dog      Iteration 160  49.36sample/s
Class dog      Iteration 200  50.04sample/s
Class dog acc = 0.7487
Evaluating class horse: 11/18
Class horse    Iteration 40   44.25sample/s
Class horse    Iteration 80   53.97sample/s
Class horse    Iteration 120  50.79sample/s
Class horse    Iteration 160  52.94sample/s
Class horse    Iteration 200  52.14sample/s
Class horse acc = 0.6635
Evaluating class motorbike: 12/18
Class motorbike Iteration 40   42.40sample/s
Class motorbike Iteration 80   48.24sample/s
Class motorbike Iteration 120  51.66sample/s
Class motorbike Iteration 160  50.57sample/s
Class motorbike Iteration 200  46.93sample/s
Class motorbike acc = 0.7540
Evaluating class person: 13/18
Class person   Iteration 40   51.30sample/s
Class person   Iteration 80   48.07sample/s
Class person   Iteration 120  45.50sample/s
Class person   Iteration 160  45.98sample/s
Class person   Iteration 200  52.08sample/s
Class person acc = 0.6287
Evaluating class pottedplant: 14/18
Class pottedplant Iteration 40   37.29sample/s
Class pottedplant Iteration 80   53.34sample/s
Class pottedplant Iteration 120  45.00sample/s
Class pottedplant Iteration 160  46.22sample/s
Class pottedplant Iteration 200  48.82sample/s
Class pottedplant acc = 0.9531
Evaluating class sheep: 15/18
Class sheep    Iteration 40   38.52sample/s
Class sheep    Iteration 80   46.66sample/s
Class sheep    Iteration 120  47.68sample/s
Class sheep    Iteration 160  35.16sample/s
Class sheep    Iteration 200  37.44sample/s
Class sheep acc = 0.6996
Evaluating class train: 16/18
Class train    Iteration 40   49.25sample/s
Class train    Iteration 80   49.37sample/s
Class train    Iteration 120  56.22sample/s
Class train    Iteration 160  51.24sample/s
Class train    Iteration 200  51.06sample/s
Class train acc = 0.9557
Evaluating class tvmonitor: 17/18
Class tvmonitor Iteration 40   42.44sample/s
Class tvmonitor Iteration 80   48.90sample/s
Class tvmonitor Iteration 120  43.56sample/s
Class tvmonitor Iteration 160  52.64sample/s
Class tvmonitor Iteration 200  48.12sample/s
Class tvmonitor acc = 0.9962
Evaluation complete in 6m 1s
Matching accuracy
aeroplane = 0.6648
bicycle = 0.5870
bird = 0.8510
boat = 0.6979
bottle = 0.6409
bus = 0.9346
car = 0.8453
cat = 0.7207
chair = 0.6899
cow = 0.8010
dog = 0.7487
horse = 0.6635
motorbike = 0.7540
person = 0.6287
pottedplant = 0.9531
sheep = 0.6996
train = 0.9557
tvmonitor = 0.9962
average = 0.7685
Epoch 3/6
----------
lr = 1.50e-06, 5.00e-05
Epoch 3/6: 100%|██████████| 2000/2000 [06:53<00:00,  4.84it/s, loss=2.7022, acc=0.9176]
epoch loss: 1.7398051925711333, epoch accuracy: 0.9176099810614274
completed in 413.20s (6.89m)
Start evaluation...
Evaluating class aeroplane: 0/18
Class aeroplane Iteration 40   63.65sample/s
Class aeroplane Iteration 80   73.43sample/s
Class aeroplane Iteration 120  68.62sample/s
Class aeroplane Iteration 160  73.17sample/s
Class aeroplane Iteration 200  76.22sample/s
Class aeroplane acc = 0.6782
Evaluating class bicycle: 1/18
Class bicycle  Iteration 40   73.05sample/s
Class bicycle  Iteration 80   71.67sample/s
Class bicycle  Iteration 120  66.22sample/s
Class bicycle  Iteration 160  61.57sample/s
Class bicycle  Iteration 200  78.69sample/s
Class bicycle acc = 0.5797
Evaluating class bird: 2/18
Class bird     Iteration 40   76.05sample/s
Class bird     Iteration 80   74.59sample/s
Class bird     Iteration 120  78.12sample/s
Class bird     Iteration 160  77.31sample/s
Class bird     Iteration 200  80.76sample/s
Class bird acc = 0.8595
Evaluating class boat: 3/18
Class boat     Iteration 40   69.29sample/s
Class boat     Iteration 80   71.90sample/s
Class boat     Iteration 120  34.98sample/s
Class boat     Iteration 160  30.36sample/s
Class boat     Iteration 200  40.16sample/s
Class boat acc = 0.7206
Evaluating class bottle: 4/18
Class bottle   Iteration 40   35.19sample/s
Class bottle   Iteration 80   43.52sample/s
Class bottle   Iteration 120  44.16sample/s
Class bottle   Iteration 160  45.37sample/s
Class bottle   Iteration 200  43.88sample/s
Class bottle acc = 0.6388
Evaluating class bus: 5/18
Class bus      Iteration 40   34.19sample/s
Class bus      Iteration 80   38.61sample/s
Class bus      Iteration 120  43.13sample/s
Class bus      Iteration 160  45.56sample/s
Class bus      Iteration 200  42.62sample/s
Class bus acc = 0.9458
Evaluating class car: 6/18
Class car      Iteration 40   33.06sample/s
Class car      Iteration 80   35.93sample/s
Class car      Iteration 120  34.06sample/s
Class car      Iteration 160  37.18sample/s
Class car      Iteration 200  33.61sample/s
Class car acc = 0.8528
Evaluating class cat: 7/18
Class cat      Iteration 40   30.84sample/s
Class cat      Iteration 80   35.27sample/s
Class cat      Iteration 120  37.41sample/s
Class cat      Iteration 160  38.51sample/s
Class cat      Iteration 200  40.63sample/s
Class cat acc = 0.7174
Evaluating class chair: 8/18
Class chair    Iteration 40   34.45sample/s
Class chair    Iteration 80   36.97sample/s
Class chair    Iteration 120  39.86sample/s
Class chair    Iteration 160  39.38sample/s
Class chair    Iteration 200  41.19sample/s
Class chair acc = 0.6822
Evaluating class cow: 9/18
Class cow      Iteration 40   35.14sample/s
Class cow      Iteration 80   32.70sample/s
Class cow      Iteration 120  39.98sample/s
Class cow      Iteration 160  49.76sample/s
Class cow      Iteration 200  50.38sample/s
Class cow acc = 0.8052
Evaluating class dog: 10/18
Class dog      Iteration 40   44.16sample/s
Class dog      Iteration 80   47.15sample/s
Class dog      Iteration 120  52.64sample/s
Class dog      Iteration 160  100.38sample/s
Class dog      Iteration 200  46.68sample/s
Class dog acc = 0.7452
Evaluating class horse: 11/18
Class horse    Iteration 40   39.42sample/s
Class horse    Iteration 80   45.75sample/s
Class horse    Iteration 120  44.35sample/s
Class horse    Iteration 160  45.20sample/s
Class horse    Iteration 200  46.71sample/s
Class horse acc = 0.6686
Evaluating class motorbike: 12/18
Class motorbike Iteration 40   38.47sample/s
Class motorbike Iteration 80   43.63sample/s
Class motorbike Iteration 120  46.74sample/s
Class motorbike Iteration 160  48.11sample/s
Class motorbike Iteration 200  41.98sample/s
Class motorbike acc = 0.7596
Evaluating class person: 13/18
Class person   Iteration 40   38.96sample/s
Class person   Iteration 80   39.11sample/s
Class person   Iteration 120  36.45sample/s
Class person   Iteration 160  46.13sample/s
Class person   Iteration 200  42.41sample/s
Class person acc = 0.6432
Evaluating class pottedplant: 14/18
Class pottedplant Iteration 40   32.71sample/s
Class pottedplant Iteration 80   38.96sample/s
Class pottedplant Iteration 120  46.88sample/s
Class pottedplant Iteration 160  41.39sample/s
Class pottedplant Iteration 200  39.73sample/s
Class pottedplant acc = 0.9524
Evaluating class sheep: 15/18
Class sheep    Iteration 40   31.94sample/s
Class sheep    Iteration 80   35.86sample/s
Class sheep    Iteration 120  49.47sample/s
Class sheep    Iteration 160  41.60sample/s
Class sheep    Iteration 200  37.71sample/s
Class sheep acc = 0.7180
Evaluating class train: 16/18
Class train    Iteration 40   40.79sample/s
Class train    Iteration 80   43.58sample/s
Class train    Iteration 120  47.19sample/s
Class train    Iteration 160  46.80sample/s
Class train    Iteration 200  43.73sample/s
Class train acc = 0.9460
Evaluating class tvmonitor: 17/18
Class tvmonitor Iteration 40   36.00sample/s
Class tvmonitor Iteration 80   38.88sample/s
Class tvmonitor Iteration 120  44.27sample/s
Class tvmonitor Iteration 160  43.65sample/s
Class tvmonitor Iteration 200  46.05sample/s
Class tvmonitor acc = 0.9976
Evaluation complete in 6m 48s
Matching accuracy
aeroplane = 0.6782
bicycle = 0.5797
bird = 0.8595
boat = 0.7206
bottle = 0.6388
bus = 0.9458
car = 0.8528
cat = 0.7174
chair = 0.6822
cow = 0.8052
dog = 0.7452
horse = 0.6686
motorbike = 0.7596
person = 0.6432
pottedplant = 0.9524
sheep = 0.7180
train = 0.9460
tvmonitor = 0.9976
average = 0.7728
Epoch 4/6
----------
lr = 1.50e-06, 5.00e-05
Epoch 4/6: 100%|██████████| 2000/2000 [06:52<00:00,  4.84it/s, loss=0.8496, acc=0.9263]
epoch loss: 1.6778718419633807, epoch accuracy: 0.9263027259477322
completed in 412.95s (6.88m)
Start evaluation...
Evaluating class aeroplane: 0/18
Class aeroplane Iteration 40   67.27sample/s
Class aeroplane Iteration 80   77.45sample/s
Class aeroplane Iteration 120  74.23sample/s
Class aeroplane Iteration 160  76.46sample/s
Class aeroplane Iteration 200  79.27sample/s
Class aeroplane acc = 0.6824
Evaluating class bicycle: 1/18
Class bicycle  Iteration 40   66.27sample/s
Class bicycle  Iteration 80   71.69sample/s
Class bicycle  Iteration 120  69.78sample/s
Class bicycle  Iteration 160  67.23sample/s
Class bicycle  Iteration 200  78.29sample/s
Class bicycle acc = 0.5975
Evaluating class bird: 2/18
Class bird     Iteration 40   68.61sample/s
Class bird     Iteration 80   71.10sample/s
Class bird     Iteration 120  72.13sample/s
Class bird     Iteration 160  72.11sample/s
Class bird     Iteration 200  75.07sample/s
Class bird acc = 0.8556
Evaluating class boat: 3/18
Class boat     Iteration 40   62.16sample/s
Class boat     Iteration 80   67.83sample/s
Class boat     Iteration 120  64.41sample/s
Class boat     Iteration 160  69.68sample/s
Class boat     Iteration 200  69.03sample/s
Class boat acc = 0.7266
Evaluating class bottle: 4/18
Class bottle   Iteration 40   72.32sample/s
Class bottle   Iteration 80   76.99sample/s
Class bottle   Iteration 120  70.95sample/s
Class bottle   Iteration 160  74.43sample/s
Class bottle   Iteration 200  68.02sample/s
Class bottle acc = 0.6391
Evaluating class bus: 5/18
Class bus      Iteration 40   58.58sample/s
Class bus      Iteration 80   64.32sample/s
Class bus      Iteration 120  73.02sample/s
Class bus      Iteration 160  68.80sample/s
Class bus      Iteration 200  83.88sample/s
Class bus acc = 0.9465
Evaluating class car: 6/18
Class car      Iteration 40   88.65sample/s
Class car      Iteration 80   71.91sample/s
Class car      Iteration 120  42.49sample/s
Class car      Iteration 160  50.70sample/s
Class car      Iteration 200  45.82sample/s
Class car acc = 0.8653
Evaluating class cat: 7/18
Class cat      Iteration 40   40.98sample/s
Class cat      Iteration 80   52.74sample/s
Class cat      Iteration 120  48.59sample/s
Class cat      Iteration 160  48.31sample/s
Class cat      Iteration 200  49.25sample/s
Class cat acc = 0.7254
Evaluating class chair: 8/18
Class chair    Iteration 40   42.40sample/s
Class chair    Iteration 80   46.50sample/s
Class chair    Iteration 120  45.71sample/s
Class chair    Iteration 160  41.75sample/s
Class chair    Iteration 200  46.93sample/s
Class chair acc = 0.6793
Evaluating class cow: 9/18
Class cow      Iteration 40   39.30sample/s
Class cow      Iteration 80   39.77sample/s
Class cow      Iteration 120  40.34sample/s
Class cow      Iteration 160  46.21sample/s
Class cow      Iteration 200  49.97sample/s
Class cow acc = 0.7915
Evaluating class dog: 10/18
Class dog      Iteration 40   45.08sample/s
Class dog      Iteration 80   51.61sample/s
Class dog      Iteration 120  45.71sample/s
Class dog      Iteration 160  46.13sample/s
Class dog      Iteration 200  46.77sample/s
Class dog acc = 0.7411
Evaluating class horse: 11/18
Class horse    Iteration 40   41.90sample/s
Class horse    Iteration 80   48.39sample/s
Class horse    Iteration 120  43.15sample/s
Class horse    Iteration 160  37.32sample/s
Class horse    Iteration 200  37.24sample/s
Class horse acc = 0.6655
Evaluating class motorbike: 12/18
Class motorbike Iteration 40   33.24sample/s
Class motorbike Iteration 80   38.43sample/s
Class motorbike Iteration 120  38.33sample/s
Class motorbike Iteration 160  26.56sample/s
Class motorbike Iteration 200  25.48sample/s
Class motorbike acc = 0.7700
Evaluating class person: 13/18
Class person   Iteration 40   31.07sample/s
Class person   Iteration 80   37.52sample/s
Class person   Iteration 120  34.61sample/s
Class person   Iteration 160  34.61sample/s
Class person   Iteration 200  40.63sample/s
Class person acc = 0.6384
Evaluating class pottedplant: 14/18
Class pottedplant Iteration 40   29.39sample/s
Class pottedplant Iteration 80   34.68sample/s
Class pottedplant Iteration 120  41.70sample/s
Class pottedplant Iteration 160  40.61sample/s
Class pottedplant Iteration 200  44.37sample/s
Class pottedplant acc = 0.9553
Evaluating class sheep: 15/18
Class sheep    Iteration 40   39.17sample/s
Class sheep    Iteration 80   35.23sample/s
Class sheep    Iteration 120  41.32sample/s
Class sheep    Iteration 160  37.41sample/s
Class sheep    Iteration 200  37.73sample/s
Class sheep acc = 0.7072
Evaluating class train: 16/18
Class train    Iteration 40   40.34sample/s
Class train    Iteration 80   55.09sample/s
Class train    Iteration 120  39.83sample/s
Class train    Iteration 160  39.24sample/s
Class train    Iteration 200  41.01sample/s
Class train acc = 0.9517
Evaluating class tvmonitor: 17/18
Class tvmonitor Iteration 40   35.98sample/s
Class tvmonitor Iteration 80   42.01sample/s
Class tvmonitor Iteration 120  46.63sample/s
Class tvmonitor Iteration 160  39.32sample/s
Class tvmonitor Iteration 200  39.10sample/s
Class tvmonitor acc = 0.9982
Evaluation complete in 6m 18s
Matching accuracy
aeroplane = 0.6824
bicycle = 0.5975
bird = 0.8556
boat = 0.7266
bottle = 0.6391
bus = 0.9465
car = 0.8653
cat = 0.7254
chair = 0.6793
cow = 0.7915
dog = 0.7411
horse = 0.6655
motorbike = 0.7700
person = 0.6384
pottedplant = 0.9553
sheep = 0.7072
train = 0.9517
tvmonitor = 0.9982
average = 0.7743
Epoch 5/6
----------
lr = 1.50e-07, 5.00e-06
Epoch 5/6: 100%|██████████| 2000/2000 [06:51<00:00,  4.86it/s, loss=0.5219, acc=0.9316]
epoch loss: 1.6234330025357193, epoch accuracy: 0.9316235600956314
completed in 411.49s (6.86m)
Start evaluation...
Evaluating class aeroplane: 0/18
Class aeroplane Iteration 40   66.48sample/s
Class aeroplane Iteration 80   70.80sample/s
Class aeroplane Iteration 120  67.04sample/s
Class aeroplane Iteration 160  65.36sample/s
Class aeroplane Iteration 200  76.09sample/s
Class aeroplane acc = 0.6871
Evaluating class bicycle: 1/18
Class bicycle  Iteration 40   72.33sample/s
Class bicycle  Iteration 80   67.83sample/s
Class bicycle  Iteration 120  63.19sample/s
Class bicycle  Iteration 160  25.10sample/s
Class bicycle  Iteration 200  52.86sample/s
Class bicycle acc = 0.6000
Evaluating class bird: 2/18
Class bird     Iteration 40   49.19sample/s
Class bird     Iteration 80   61.50sample/s
Class bird     Iteration 120  68.01sample/s
Class bird     Iteration 160  64.97sample/s
Class bird     Iteration 200  67.39sample/s
Class bird acc = 0.8580
Evaluating class boat: 3/18
Class boat     Iteration 40   63.31sample/s
Class boat     Iteration 80   70.97sample/s
Class boat     Iteration 120  60.06sample/s
Class boat     Iteration 160  71.36sample/s
Class boat     Iteration 200  72.69sample/s
Class boat acc = 0.7284
Evaluating class bottle: 4/18
Class bottle   Iteration 40   69.07sample/s
Class bottle   Iteration 80   73.36sample/s
Class bottle   Iteration 120  71.87sample/s
Class bottle   Iteration 160  74.36sample/s
Class bottle   Iteration 200  77.97sample/s
Class bottle acc = 0.6405
Evaluating class bus: 5/18
Class bus      Iteration 40   58.29sample/s
Class bus      Iteration 80   64.74sample/s
Class bus      Iteration 120  72.26sample/s
Class bus      Iteration 160  70.23sample/s
Class bus      Iteration 200  73.93sample/s
Class bus acc = 0.9479
Evaluating class car: 6/18
Class car      Iteration 40   48.69sample/s
Class car      Iteration 80   65.03sample/s
Class car      Iteration 120  46.68sample/s
Class car      Iteration 160  49.06sample/s
Class car      Iteration 200  49.58sample/s
Class car acc = 0.8687
Evaluating class cat: 7/18
Class cat      Iteration 40   54.37sample/s
Class cat      Iteration 80   47.21sample/s
Class cat      Iteration 120  44.26sample/s
Class cat      Iteration 160  66.78sample/s
Class cat      Iteration 200  44.91sample/s
Class cat acc = 0.7244
Evaluating class chair: 8/18
Class chair    Iteration 40   34.90sample/s
Class chair    Iteration 80   37.37sample/s
Class chair    Iteration 120  39.05sample/s
Class chair    Iteration 160  35.49sample/s
Class chair    Iteration 200  43.93sample/s
Class chair acc = 0.6872
Evaluating class cow: 9/18
Class cow      Iteration 40   35.42sample/s
Class cow      Iteration 80   36.04sample/s
Class cow      Iteration 120  39.72sample/s
Class cow      Iteration 160  47.68sample/s
Class cow      Iteration 200  49.19sample/s
Class cow acc = 0.7936
Evaluating class dog: 10/18
Class dog      Iteration 40   44.18sample/s
Class dog      Iteration 80   45.41sample/s
Class dog      Iteration 120  48.18sample/s
Class dog      Iteration 160  48.91sample/s
Class dog      Iteration 200  51.99sample/s
Class dog acc = 0.7472
Evaluating class horse: 11/18
Class horse    Iteration 40   42.40sample/s
Class horse    Iteration 80   27.92sample/s
Class horse    Iteration 120  39.14sample/s
Class horse    Iteration 160  43.80sample/s
Class horse    Iteration 200  49.54sample/s
Class horse acc = 0.6606
Evaluating class motorbike: 12/18
Class motorbike Iteration 40   41.02sample/s
Class motorbike Iteration 80   42.22sample/s
Class motorbike Iteration 120  41.86sample/s
Class motorbike Iteration 160  45.21sample/s
Class motorbike Iteration 200  46.13sample/s
Class motorbike acc = 0.7696
Evaluating class person: 13/18
Class person   Iteration 40   40.08sample/s
Class person   Iteration 80   43.43sample/s
Class person   Iteration 120  42.70sample/s
Class person   Iteration 160  45.42sample/s
Class person   Iteration 200  53.97sample/s
Class person acc = 0.6361
Evaluating class pottedplant: 14/18
Class pottedplant Iteration 40   35.24sample/s
Class pottedplant Iteration 80   36.82sample/s
Class pottedplant Iteration 120  44.05sample/s
Class pottedplant Iteration 160  47.80sample/s
Class pottedplant Iteration 200  51.62sample/s
Class pottedplant acc = 0.9572
Evaluating class sheep: 15/18
Class sheep    Iteration 40   35.97sample/s
Class sheep    Iteration 80   37.62sample/s
Class sheep    Iteration 120  44.84sample/s
Class sheep    Iteration 160  44.42sample/s
Class sheep    Iteration 200  43.06sample/s
Class sheep acc = 0.7162
Evaluating class train: 16/18
Class train    Iteration 40   42.48sample/s
Class train    Iteration 80   46.95sample/s
Class train    Iteration 120  48.20sample/s
Class train    Iteration 160  54.06sample/s
Class train    Iteration 200  48.51sample/s
Class train acc = 0.9523
Evaluating class tvmonitor: 17/18
Class tvmonitor Iteration 40   40.82sample/s
Class tvmonitor Iteration 80   48.46sample/s
Class tvmonitor Iteration 120  46.28sample/s
Class tvmonitor Iteration 160  50.18sample/s
Class tvmonitor Iteration 200  47.34sample/s
Class tvmonitor acc = 0.9982
Evaluation complete in 6m 9s
Matching accuracy
aeroplane = 0.6871
bicycle = 0.6000
bird = 0.8580
boat = 0.7284
bottle = 0.6405
bus = 0.9479
car = 0.8687
cat = 0.7244
chair = 0.6872
cow = 0.7936
dog = 0.7472
horse = 0.6606
motorbike = 0.7696
person = 0.6361
pottedplant = 0.9572
sheep = 0.7162
train = 0.9523
tvmonitor = 0.9982
average = 0.7763
Epoch 6/6
----------
lr = 1.50e-07, 5.00e-06
Epoch 6/6: 100%|██████████| 2000/2000 [06:52<00:00,  4.85it/s, loss=2.1180, acc=0.9337]
epoch loss: 1.5814829949438571, epoch accuracy: 0.9336958250784515
completed in 412.52s (6.88m)
Start evaluation...
Evaluating class aeroplane: 0/18
Class aeroplane Iteration 40   70.57sample/s
Class aeroplane Iteration 80   70.41sample/s
Class aeroplane Iteration 120  72.13sample/s
Class aeroplane Iteration 160  77.38sample/s
Class aeroplane Iteration 200  78.18sample/s
Class aeroplane acc = 0.6902
Evaluating class bicycle: 1/18
Class bicycle  Iteration 40   72.23sample/s
Class bicycle  Iteration 80   74.22sample/s
Class bicycle  Iteration 120  77.38sample/s
Class bicycle  Iteration 160  74.50sample/s
Class bicycle  Iteration 200  82.34sample/s
Class bicycle acc = 0.5988
Evaluating class bird: 2/18
Class bird     Iteration 40   74.32sample/s
Class bird     Iteration 80   72.18sample/s
Class bird     Iteration 120  83.78sample/s
Class bird     Iteration 160  78.98sample/s
Class bird     Iteration 200  79.34sample/s
Class bird acc = 0.8584
Evaluating class boat: 3/18
Class boat     Iteration 40   75.55sample/s
Class boat     Iteration 80   70.53sample/s
Class boat     Iteration 120  62.00sample/s
Class boat     Iteration 160  72.01sample/s
Class boat     Iteration 200  86.58sample/s
Class boat acc = 0.7299
Evaluating class bottle: 4/18
Class bottle   Iteration 40   76.63sample/s
Class bottle   Iteration 80   73.12sample/s
Class bottle   Iteration 120  74.08sample/s
Class bottle   Iteration 160  62.87sample/s
Class bottle   Iteration 200  66.03sample/s
Class bottle acc = 0.6421
Evaluating class bus: 5/18
Class bus      Iteration 40   61.06sample/s
Class bus      Iteration 80   67.86sample/s
Class bus      Iteration 120  65.17sample/s
Class bus      Iteration 160  65.41sample/s
Class bus      Iteration 200  79.45sample/s
Class bus acc = 0.9481
Evaluating class car: 6/18
Class car      Iteration 40   60.32sample/s
Class car      Iteration 80   65.79sample/s
Class car      Iteration 120  57.00sample/s
Class car      Iteration 160  73.95sample/s
Class car      Iteration 200  79.65sample/s
Class car acc = 0.8706
Evaluating class cat: 7/18
Class cat      Iteration 40   79.11sample/s
Class cat      Iteration 80   80.93sample/s
Class cat      Iteration 120  73.06sample/s
Class cat      Iteration 160  69.31sample/s
Class cat      Iteration 200  69.42sample/s
Class cat acc = 0.7269
Evaluating class chair: 8/18
Class chair    Iteration 40   75.54sample/s
Class chair    Iteration 80   72.90sample/s
Class chair    Iteration 120  52.45sample/s
Class chair    Iteration 160  56.05sample/s
Class chair    Iteration 200  76.77sample/s
Class chair acc = 0.6901
Evaluating class cow: 9/18
Class cow      Iteration 40   65.98sample/s
Class cow      Iteration 80   64.04sample/s
Class cow      Iteration 120  70.80sample/s
Class cow      Iteration 160  76.85sample/s
Class cow      Iteration 200  87.02sample/s
Class cow acc = 0.7961
Evaluating class dog: 10/18
Class dog      Iteration 40   77.03sample/s
Class dog      Iteration 80   79.46sample/s
Class dog      Iteration 120  70.87sample/s
Class dog      Iteration 160  78.27sample/s
Class dog      Iteration 200  79.43sample/s
Class dog acc = 0.7486
Evaluating class horse: 11/18
Class horse    Iteration 40   78.15sample/s
Class horse    Iteration 80   86.67sample/s
Class horse    Iteration 120  103.81sample/s
Class horse    Iteration 160  93.52sample/s
Class horse    Iteration 200  50.19sample/s
Class horse acc = 0.6629
Evaluating class motorbike: 12/18
Class motorbike Iteration 40   43.98sample/s
Class motorbike Iteration 80   49.11sample/s
Class motorbike Iteration 120  51.25sample/s
Class motorbike Iteration 160  55.08sample/s
Class motorbike Iteration 200  50.51sample/s
Class motorbike acc = 0.7718
Evaluating class person: 13/18
Class person   Iteration 40   45.43sample/s
Class person   Iteration 80   47.07sample/s
Class person   Iteration 120  42.15sample/s
Class person   Iteration 160  47.13sample/s
Class person   Iteration 200  49.65sample/s
Class person acc = 0.6449
Evaluating class pottedplant: 14/18
Class pottedplant Iteration 40   36.48sample/s
Class pottedplant Iteration 80   40.16sample/s
Class pottedplant Iteration 120  44.14sample/s
Class pottedplant Iteration 160  48.94sample/s
Class pottedplant Iteration 200  43.56sample/s
Class pottedplant acc = 0.9588
Evaluating class sheep: 15/18
Class sheep    Iteration 40   39.30sample/s
Class sheep    Iteration 80   39.18sample/s
Class sheep    Iteration 120  54.84sample/s
Class sheep    Iteration 160  48.51sample/s
Class sheep    Iteration 200  46.86sample/s
Class sheep acc = 0.7172
Evaluating class train: 16/18
Class train    Iteration 40   49.46sample/s
Class train    Iteration 80   48.67sample/s
Class train    Iteration 120  53.58sample/s
Class train    Iteration 160  49.95sample/s
Class train    Iteration 200  49.44sample/s
Class train acc = 0.9532
Evaluating class tvmonitor: 17/18
Class tvmonitor Iteration 40   46.85sample/s
Class tvmonitor Iteration 80   52.39sample/s
Class tvmonitor Iteration 120  58.78sample/s
Class tvmonitor Iteration 160  49.18sample/s
Class tvmonitor Iteration 200  52.87sample/s
Class tvmonitor acc = 0.9982
Evaluation complete in 4m 54s
Matching accuracy
aeroplane = 0.6902
bicycle = 0.5988
bird = 0.8584
boat = 0.7299
bottle = 0.6421
bus = 0.9481
car = 0.8706
cat = 0.7269
chair = 0.6901
cow = 0.7961
dog = 0.7486
horse = 0.6629
motorbike = 0.7718
person = 0.6449
pottedplant = 0.9588
sheep = 0.7172
train = 0.9532
tvmonitor = 0.9982
average = 0.7782
[1;34mwandb[0m: 
[1;34mwandb[0m: You can sync this run to the cloud by running:
[1;34mwandb[0m: [1mwandb sync /scratch/hpc-prf-llmrout/hpcabpo/nmt/wandb/wandb/offline-run-20260923_110111-cyexiiio[0m
[1;34mwandb[0m: Find logs at: [1;35m../../../../../../scratch/hpc-prf-llmrout/hpcabpo/nmt/wandb/wandb/offline-run-20260923_110111-cyexiiio/logs[0m
