CPU_SET_HEX_STR_SIZE: 257, Size of mstr: 257
cpu-bind=MASK - gpu1012, task  0  0 [2545722]: mask |BBBB----|--------|--------|--------|BBBBBBBB|--------|--------|--------|--------|----BBBB|--------|--------||||--------|--------|--------|--------|--------|--------|--------|--------|--------|--------|--------|--------| set
job=3039628 node=gpu1012 gpu=NVIDIA H100 config=/scratch/hpc-prf-llmrout/hpcabpo/nmt/runs/configs/mv_K4_seed0.json wandb=offline
backbone=vgg16 image_size=256 conv=rational model_dir=/scratch/hpc-prf-llmrout/hpcabpo/nmt/runs/spair_vgg16/mv_K4_seed0
{
    "BACKBONE": "vgg16",
    "BACKBONE_DIR": "/scratch/hpc-prf-llmrout/hpcabpo/nmt/checkpoints",
    "BATCH_SIZE": 5,
    "CACHE_PATH": "data/cache",
    "DATASET_NAME": "SPair71k",
    "EVAL": {
        "SAMPLES": 1000,
        "difficulty_params": {},
        "num_graphs_in_matching_instance": 2
    },
    "IMAGE_SIZE": 256,
    "Matching_TF": {
        "activation": "relu",
        "batch_norm": true,
        "d_model": 648,
        "nGPT_mlp_hidden_mult": 6,
        "n_decoder": 4,
        "n_encoder": 4,
        "n_head": 12,
        "n_lap_EigVec": 8,
        "pos_encoding": false
    },
    "NORM_MEANS": [
        0.485,
        0.456,
        0.406
    ],
    "NORM_STD": [
        0.229,
        0.224,
        0.225
    ],
    "RANDOM_SEED": 0,
    "SPLINE_CNN": {
        "aggr": "max",
        "conv": "rational",
        "degrees": [
            8,
            6
        ],
        "dim": 2,
        "init": "pca",
        "init_noise": 0.001,
        "input_features": 1024,
        "kernel_size": 5,
        "num_bases": 4,
        "output_features": 648,
        "poly": "chebyshev",
        "pyg_init": true,
        "rational_basis": "multivariate",
        "safe": "B",
        "vp": true
    },
    "SPair": {
        "CLASSES": [
            "aeroplane",
            "bicycle",
            "bird",
            "boat",
            "boat",
            "bottle",
            "bus",
            "car",
            "cat",
            "chair",
            "cow",
            "dog",
            "horse",
            "motorbike",
            "person",
            "pottedplant",
            "sheep",
            "train",
            "tvmonitor"
        ],
        "ROOT_DIR": "/pc2/groups/hpc-prf-llmrout/hpcabpo/rational-basis-cnn/data/SPair-71k",
        "size": "large"
    },
    "STATISTIC_STEP": 1,
    "TRACK_GRAD_NORM": false,
    "TRAIN": {
        "EPOCH_ITERS": 2000,
        "LR": 0.0005,
        "_comment_epochs": "lr_schedule long_halving5 defines 12 epochs; max_epochs stops after 7. NMT trains ~11 epochs per day, so 7 epochs is ~15.3 h. Both LR drops (epochs 2 and 5) still happen.",
        "clip_norm": 0,
        "cutmix_beta": 1.0,
        "cutmix_prob": 0.3,
        "difficulty_params": {},
        "layer_loss_param": 0.3,
        "lr_schedule": "long_halving5",
        "max_epochs": 7,
        "mixup_alpha": 0.8,
        "mixup_prob": 0.3,
        "num_graphs_in_matching_instance": 2,
        "random_erasing_prob": 0.3,
        "temperature": 0.1,
        "weight_decay": 0
    },
    "USE_SYNTHETIC": false,
    "VOC2011": {
        "CLASSES": [
            "aeroplane",
            "bicycle",
            "bird",
            "boat",
            "bottle",
            "bus",
            "car",
            "cat",
            "chair",
            "cow",
            "diningtable",
            "dog",
            "horse",
            "motorbike",
            "person",
            "pottedplant",
            "sheep",
            "sofa",
            "train",
            "tvmonitor"
        ],
        "KPT_ANNO_DIR": "/data/cat/ws/tosa098h-abtin_NormMatchTrans/data/downloaded/PascalVOC/annotations/",
        "ROOT_DIR": "/data/cat/ws/tosa098h-abtin_NormMatchTrans/data/downloaded/PascalVOC/VOC2011/",
        "SET_SPLIT": "/data/cat/ws/tosa098h-abtin_NormMatchTrans/data/split/voc2011_pairs.npz"
    },
    "WILLOW": {
        "CLASSES": [
            "Car",
            "Duck",
            "Face",
            "Motorbike",
            "Winebottle"
        ],
        "KPT_LEN": 10,
        "ROOT_DIR": "./data/downloaded/WILLOW/WILLOW-ObjectClass",
        "TRAIN_NUM": 20,
        "TRAIN_OFFSET": 0
    },
    "_generated_by": "slurm/make_config.py mv_K4 0",
    "combine_classes": false,
    "default_json": "experiments/voc_basic.json",
    "eval_sampling": "intersection",
    "evaluate_only": false,
    "exclude_willow_classes": false,
    "keep_last_checkpoint_only": true,
    "log_dir": "runs/",
    "model_dir": "/scratch/hpc-prf-llmrout/hpcabpo/nmt/runs/spair_vgg16/mv_K4_seed0",
    "save_checkpoint": true,
    "train_sampling": "intersection",
    "visualization_params": {
        "produce_pdf": false,
        "reduced_vis": true
    },
    "visualize": false,
    "warmstart_path": null
}
wandb: Tracking run with wandb version 0.30.0
wandb: W&B syncing is set to `offline` in this directory. Run `wandb online` or set WANDB_MODE=online to enable cloud syncing.
wandb: Run data is saved locally in /scratch/hpc-prf-llmrout/hpcabpo/nmt/wandb/wandb/offline-run-20260916_113453-rte6bjtb
wandb: View this run in the terminal with `wandb leet`
No difficulty parameters for trn-set. Using all available data.
Number of annotation pairs matching the difficulty params in trn-set: {'aeroplane': 2924, 'bicycle': 2946, 'bird': 3080, 'boat': 2936, 'bottle': 2448, 'bus': 2708, 'car': 2960, 'cat': 3306, 'chair': 3060, 'cow': 3118, 'dog': 3192, 'horse': 3136, 'motorbike': 3180, 'person': 3066, 'pottedplant': 2446, 'sheep': 3140, 'train': 2752, 'tvmonitor': 2942}
TRUE EPOCHS:  False
10000
Initializing trn-set. Randomly sampling 10000 examples.
/pc2/groups/hpc-prf-llmrout/hpcabpo/nmt/conda/envs/nmt/lib/python3.12/site-packages/albumentations/core/composition.py:331: UserWarning: Got processor for keypoints, but no transform to process it.
  self._set_keys()
No difficulty parameters for test-set. Using all available data.
Number of annotation pairs matching the difficulty params in test-set: {'aeroplane': 690, 'bicycle': 650, 'bird': 702, 'boat': 702, 'bottle': 870, 'bus': 644, 'car': 564, 'cat': 600, 'chair': 646, 'cow': 640, 'dog': 600, 'horse': 600, 'motorbike': 702, 'person': 650, 'pottedplant': 862, 'sheep': 664, 'train': 756, 'tvmonitor': 692}
TRUE EPOCHS:  False
1000
Initializing test-set. Randomly sampling 1000 examples.
/pc2/groups/hpc-prf-llmrout/hpcabpo/nmt/conda/envs/nmt/lib/python3.12/site-packages/torchvision/models/_utils.py:208: UserWarning: The parameter 'pretrained' is deprecated since 0.13 and may be removed in the future, please use 'weights' instead.
  warnings.warn(
/pc2/groups/hpc-prf-llmrout/hpcabpo/nmt/conda/envs/nmt/lib/python3.12/site-packages/torchvision/models/_utils.py:223: UserWarning: Arguments other than a weight enum or `None` for 'weights' are deprecated since 0.13 and may be removed in the future. The current behavior is equivalent to passing `weights=VGG16_Weights.IMAGENET1K_V1`. You can also use `weights=VGG16_Weights.DEFAULT` to get the most up-to-date weights.
  warnings.warn(msg)
stopping after 7 epochs (cfg.TRAIN.max_epochs; schedule 'long_halving5' defines 12)
Start training...
NMT model on device: cuda:0
Epoch 0/6
----------
lr = 1.50e-05, 5.00e-04
Epoch 0/6:   0%|          | 0/2000 [00:00<?, ?it/s]/pc2/groups/hpc-prf-llmrout/hpcabpo/nmt/conda/envs/nmt/lib/python3.12/site-packages/torch_geometric/utils/_scatter.py:91: UserWarning: The usage of `scatter(reduce='max')` can be accelerated via the 'torch-scatter' package, but it was not found
  warnings.warn(
[rank0]:[W916 11:34:57.175798159 reducer.cpp:1528] Warning: find_unused_parameters=True was specified in DDP constructor, but did not find any unused parameters in the forward pass. This flag results in an extra traversal of the autograd graph every iteration,  which can adversely affect performance. If your model indeed never has any unused parameters in the forward pass, consider turning this flag off. Note that this warning may be a false positive if your model has flow control causing later iterations to have unused parameters. (function operator())
Epoch 0/6: 100%|██████████| 2000/2000 [06:49<00:00,  4.89it/s, loss=1.2754, acc=0.7654]
epoch loss: 2.999828959390521, epoch accuracy: 0.7653639359426491
completed in 409.29s (6.82m)
Start evaluation...
Evaluating class aeroplane: 0/18
Class aeroplane Iteration 40   56.72sample/s
Class aeroplane Iteration 80   71.79sample/s
Class aeroplane Iteration 120  78.71sample/s
Class aeroplane Iteration 160  66.74sample/s
Class aeroplane Iteration 200  68.25sample/s
Class aeroplane acc = 0.6346
Evaluating class bicycle: 1/18
Class bicycle  Iteration 40   59.46sample/s
Class bicycle  Iteration 80   66.33sample/s
Class bicycle  Iteration 120  73.36sample/s
Class bicycle  Iteration 160  67.27sample/s
Class bicycle  Iteration 200  70.44sample/s
Class bicycle acc = 0.5559
Evaluating class bird: 2/18
Class bird     Iteration 40   55.76sample/s
Class bird     Iteration 80   71.93sample/s
Class bird     Iteration 120  72.88sample/s
Class bird     Iteration 160  68.50sample/s
Class bird     Iteration 200  71.15sample/s
Class bird acc = 0.8865
Evaluating class boat: 3/18
Class boat     Iteration 40   56.85sample/s
Class boat     Iteration 80   70.87sample/s
Class boat     Iteration 120  63.69sample/s
Class boat     Iteration 160  66.58sample/s
Class boat     Iteration 200  72.11sample/s
Class boat acc = 0.7843
Evaluating class bottle: 4/18
Class bottle   Iteration 40   59.60sample/s
Class bottle   Iteration 80   68.48sample/s
Class bottle   Iteration 120  75.35sample/s
Class bottle   Iteration 160  65.00sample/s
Class bottle   Iteration 200  62.52sample/s
Class bottle acc = 0.6243
Evaluating class bus: 5/18
Class bus      Iteration 40   52.47sample/s
Class bus      Iteration 80   60.75sample/s
Class bus      Iteration 120  76.45sample/s
Class bus      Iteration 160  58.62sample/s
Class bus      Iteration 200  69.75sample/s
Class bus acc = 0.9596
Evaluating class car: 6/18
Class car      Iteration 40   49.44sample/s
Class car      Iteration 80   58.39sample/s
Class car      Iteration 120  71.70sample/s
Class car      Iteration 160  68.45sample/s
Class car      Iteration 200  67.73sample/s
Class car acc = 0.8470
Evaluating class cat: 7/18
Class cat      Iteration 40   60.47sample/s
Class cat      Iteration 80   67.96sample/s
Class cat      Iteration 120  68.90sample/s
Class cat      Iteration 160  76.75sample/s
Class cat      Iteration 200  67.50sample/s
Class cat acc = 0.7210
Evaluating class chair: 8/18
Class chair    Iteration 40   57.94sample/s
Class chair    Iteration 80   65.43sample/s
Class chair    Iteration 120  70.72sample/s
Class chair    Iteration 160  89.04sample/s
Class chair    Iteration 200  95.24sample/s
Class chair acc = 0.6956
Evaluating class cow: 9/18
Class cow      Iteration 40   88.45sample/s
Class cow      Iteration 80   93.65sample/s
Class cow      Iteration 120  102.53sample/s
Class cow      Iteration 160  114.91sample/s
Class cow      Iteration 200  122.35sample/s
Class cow acc = 0.8079
Evaluating class dog: 10/18
Class dog      Iteration 40   94.34sample/s
Class dog      Iteration 80   112.07sample/s
Class dog      Iteration 120  115.55sample/s
Class dog      Iteration 160  104.92sample/s
Class dog      Iteration 200  103.12sample/s
Class dog acc = 0.7303
Evaluating class horse: 11/18
Class horse    Iteration 40   90.47sample/s
Class horse    Iteration 80   117.46sample/s
Class horse    Iteration 120  118.02sample/s
Class horse    Iteration 160  114.29sample/s
Class horse    Iteration 200  116.93sample/s
Class horse acc = 0.6803
Evaluating class motorbike: 12/18
Class motorbike Iteration 40   90.64sample/s
Class motorbike Iteration 80   116.85sample/s
Class motorbike Iteration 120  112.60sample/s
Class motorbike Iteration 160  109.73sample/s
Class motorbike Iteration 200  115.17sample/s
Class motorbike acc = 0.7925
Evaluating class person: 13/18
Class person   Iteration 40   92.70sample/s
Class person   Iteration 80   109.08sample/s
Class person   Iteration 120  109.41sample/s
Class person   Iteration 160  107.78sample/s
Class person   Iteration 200  130.15sample/s
Class person acc = 0.6628
Evaluating class pottedplant: 14/18
Class pottedplant Iteration 40   85.96sample/s
Class pottedplant Iteration 80   99.69sample/s
Class pottedplant Iteration 120  101.53sample/s
Class pottedplant Iteration 160  110.76sample/s
Class pottedplant Iteration 200  125.51sample/s
Class pottedplant acc = 0.9844
Evaluating class sheep: 15/18
Class sheep    Iteration 40   80.66sample/s
Class sheep    Iteration 80   91.27sample/s
Class sheep    Iteration 120  113.29sample/s
Class sheep    Iteration 160  95.81sample/s
Class sheep    Iteration 200  114.14sample/s
Class sheep acc = 0.7655
Evaluating class train: 16/18
Class train    Iteration 40   96.93sample/s
Class train    Iteration 80   119.13sample/s
Class train    Iteration 120  123.14sample/s
Class train    Iteration 160  123.86sample/s
Class train    Iteration 200  123.84sample/s
Class train acc = 0.9587
Evaluating class tvmonitor: 17/18
Class tvmonitor Iteration 40   100.53sample/s
Class tvmonitor Iteration 80   121.58sample/s
Class tvmonitor Iteration 120  124.33sample/s
Class tvmonitor Iteration 160  120.59sample/s
Class tvmonitor Iteration 200  121.86sample/s
Class tvmonitor acc = 0.9948
Evaluation complete in 3m 40s
Matching accuracy
aeroplane = 0.6346
bicycle = 0.5559
bird = 0.8865
boat = 0.7843
bottle = 0.6243
bus = 0.9596
car = 0.8470
cat = 0.7210
chair = 0.6956
cow = 0.8079
dog = 0.7303
horse = 0.6803
motorbike = 0.7925
person = 0.6628
pottedplant = 0.9844
sheep = 0.7655
train = 0.9587
tvmonitor = 0.9948
average = 0.7826
Epoch 1/6
----------
lr = 1.50e-05, 5.00e-04
Epoch 1/6: 100%|██████████| 2000/2000 [06:50<00:00,  4.87it/s, loss=2.9905, acc=0.8993]
epoch loss: 1.9221136384531856, epoch accuracy: 0.8993192404156216
completed in 410.36s (6.84m)
Start evaluation...
Evaluating class aeroplane: 0/18
Class aeroplane Iteration 40   52.73sample/s
Class aeroplane Iteration 80   66.96sample/s
Class aeroplane Iteration 120  63.24sample/s
Class aeroplane Iteration 160  65.63sample/s
Class aeroplane Iteration 200  73.78sample/s
Class aeroplane acc = 0.6606
Evaluating class bicycle: 1/18
Class bicycle  Iteration 40   61.35sample/s
Class bicycle  Iteration 80   69.84sample/s
Class bicycle  Iteration 120  68.15sample/s
Class bicycle  Iteration 160  69.70sample/s
Class bicycle  Iteration 200  87.57sample/s
Class bicycle acc = 0.5833
Evaluating class bird: 2/18
Class bird     Iteration 40   59.19sample/s
Class bird     Iteration 80   65.33sample/s
Class bird     Iteration 120  69.25sample/s
Class bird     Iteration 160  70.19sample/s
Class bird     Iteration 200  84.00sample/s
Class bird acc = 0.9018
Evaluating class boat: 3/18
Class boat     Iteration 40   57.31sample/s
Class boat     Iteration 80   62.44sample/s
Class boat     Iteration 120  64.18sample/s
Class boat     Iteration 160  66.76sample/s
Class boat     Iteration 200  85.74sample/s
Class boat acc = 0.7886
Evaluating class bottle: 4/18
Class bottle   Iteration 40   60.97sample/s
Class bottle   Iteration 80   70.79sample/s
Class bottle   Iteration 120  70.33sample/s
Class bottle   Iteration 160  70.78sample/s
Class bottle   Iteration 200  80.01sample/s
Class bottle acc = 0.6523
Evaluating class bus: 5/18
Class bus      Iteration 40   56.14sample/s
Class bus      Iteration 80   69.04sample/s
Class bus      Iteration 120  68.11sample/s
Class bus      Iteration 160  68.66sample/s
Class bus      Iteration 200  89.61sample/s
Class bus acc = 0.9739
Evaluating class car: 6/18
Class car      Iteration 40   54.08sample/s
Class car      Iteration 80   61.67sample/s
Class car      Iteration 120  69.64sample/s
Class car      Iteration 160  69.22sample/s
Class car      Iteration 200  80.37sample/s
Class car acc = 0.8998
Evaluating class cat: 7/18
Class cat      Iteration 40   59.27sample/s
Class cat      Iteration 80   67.82sample/s
Class cat      Iteration 120  65.84sample/s
Class cat      Iteration 160  66.05sample/s
Class cat      Iteration 200  82.28sample/s
Class cat acc = 0.7216
Evaluating class chair: 8/18
Class chair    Iteration 40   57.58sample/s
Class chair    Iteration 80   62.93sample/s
Class chair    Iteration 120  64.97sample/s
Class chair    Iteration 160  64.19sample/s
Class chair    Iteration 200  63.81sample/s
Class chair acc = 0.7413
Evaluating class cow: 9/18
Class cow      Iteration 40   57.83sample/s
Class cow      Iteration 80   59.59sample/s
Class cow      Iteration 120  59.21sample/s
Class cow      Iteration 160  66.01sample/s
Class cow      Iteration 200  81.63sample/s
Class cow acc = 0.8107
Evaluating class dog: 10/18
Class dog      Iteration 40   61.01sample/s
Class dog      Iteration 80   70.05sample/s
Class dog      Iteration 120  70.60sample/s
Class dog      Iteration 160  72.49sample/s
Class dog      Iteration 200  71.79sample/s
Class dog acc = 0.7633
Evaluating class horse: 11/18
Class horse    Iteration 40   72.33sample/s
Class horse    Iteration 80   110.78sample/s
Class horse    Iteration 120  117.63sample/s
Class horse    Iteration 160  117.49sample/s
Class horse    Iteration 200  118.43sample/s
Class horse acc = 0.6782
Evaluating class motorbike: 12/18
Class motorbike Iteration 40   86.89sample/s
Class motorbike Iteration 80   107.55sample/s
Class motorbike Iteration 120  108.41sample/s
Class motorbike Iteration 160  108.13sample/s
Class motorbike Iteration 200  109.35sample/s
Class motorbike acc = 0.7891
Evaluating class person: 13/18
Class person   Iteration 40   91.38sample/s
Class person   Iteration 80   105.21sample/s
Class person   Iteration 120  105.00sample/s
Class person   Iteration 160  103.58sample/s
Class person   Iteration 200  119.89sample/s
Class person acc = 0.6854
Evaluating class pottedplant: 14/18
Class pottedplant Iteration 40   80.65sample/s
Class pottedplant Iteration 80   97.81sample/s
Class pottedplant Iteration 120  100.30sample/s
Class pottedplant Iteration 160  98.55sample/s
Class pottedplant Iteration 200  122.12sample/s
Class pottedplant acc = 0.9958
Evaluating class sheep: 15/18
Class sheep    Iteration 40   85.84sample/s
Class sheep    Iteration 80   95.75sample/s
Class sheep    Iteration 120  115.68sample/s
Class sheep    Iteration 160  104.18sample/s
Class sheep    Iteration 200  112.06sample/s
Class sheep acc = 0.7833
Evaluating class train: 16/18
Class train    Iteration 40   99.90sample/s
Class train    Iteration 80   112.86sample/s
Class train    Iteration 120  113.58sample/s
Class train    Iteration 160  117.37sample/s
Class train    Iteration 200  115.21sample/s
Class train acc = 0.9659
Evaluating class tvmonitor: 17/18
Class tvmonitor Iteration 40   93.84sample/s
Class tvmonitor Iteration 80   114.50sample/s
Class tvmonitor Iteration 120  115.98sample/s
Class tvmonitor Iteration 160  119.73sample/s
Class tvmonitor Iteration 200  113.09sample/s
Class tvmonitor acc = 0.9964
Evaluation complete in 3m 52s
Matching accuracy
aeroplane = 0.6606
bicycle = 0.5833
bird = 0.9018
boat = 0.7886
bottle = 0.6523
bus = 0.9739
car = 0.8998
cat = 0.7216
chair = 0.7413
cow = 0.8107
dog = 0.7633
horse = 0.6782
motorbike = 0.7891
person = 0.6854
pottedplant = 0.9958
sheep = 0.7833
train = 0.9659
tvmonitor = 0.9964
average = 0.7995
Epoch 2/6
----------
lr = 1.50e-06, 5.00e-05
Epoch 2/6: 100%|██████████| 2000/2000 [06:53<00:00,  4.83it/s, loss=1.6341, acc=0.9450]
epoch loss: 1.5065578138474376, epoch accuracy: 0.9449820373160274
completed in 413.80s (6.90m)
Start evaluation...
Evaluating class aeroplane: 0/18
Class aeroplane Iteration 40   57.11sample/s
Class aeroplane Iteration 80   71.42sample/s
Class aeroplane Iteration 120  66.24sample/s
Class aeroplane Iteration 160  80.49sample/s
Class aeroplane Iteration 200  71.81sample/s
Class aeroplane acc = 0.6849
Evaluating class bicycle: 1/18
Class bicycle  Iteration 40   59.77sample/s
Class bicycle  Iteration 80   67.61sample/s
Class bicycle  Iteration 120  65.24sample/s
Class bicycle  Iteration 160  78.46sample/s
Class bicycle  Iteration 200  65.92sample/s
Class bicycle acc = 0.5954
Evaluating class bird: 2/18
Class bird     Iteration 40   55.67sample/s
Class bird     Iteration 80   64.62sample/s
Class bird     Iteration 120  68.39sample/s
Class bird     Iteration 160  74.53sample/s
Class bird     Iteration 200  67.77sample/s
Class bird acc = 0.9061
Evaluating class boat: 3/18
Class boat     Iteration 40   55.27sample/s
Class boat     Iteration 80   63.48sample/s
Class boat     Iteration 120  64.04sample/s
Class boat     Iteration 160  87.14sample/s
Class boat     Iteration 200  71.18sample/s
Class boat acc = 0.8103
Evaluating class bottle: 4/18
Class bottle   Iteration 40   61.66sample/s
Class bottle   Iteration 80   71.13sample/s
Class bottle   Iteration 120  69.57sample/s
Class bottle   Iteration 160  84.80sample/s
Class bottle   Iteration 200  70.64sample/s
Class bottle acc = 0.6502
Evaluating class bus: 5/18
Class bus      Iteration 40   55.26sample/s
Class bus      Iteration 80   63.63sample/s
Class bus      Iteration 120  66.48sample/s
Class bus      Iteration 160  69.60sample/s
Class bus      Iteration 200  69.79sample/s
Class bus acc = 0.9798
Evaluating class car: 6/18
Class car      Iteration 40   51.63sample/s
Class car      Iteration 80   60.11sample/s
Class car      Iteration 120  71.69sample/s
Class car      Iteration 160  72.57sample/s
Class car      Iteration 200  71.39sample/s
Class car acc = 0.8995
Evaluating class cat: 7/18
Class cat      Iteration 40   62.37sample/s
Class cat      Iteration 80   71.07sample/s
Class cat      Iteration 120  71.15sample/s
Class cat      Iteration 160  83.35sample/s
Class cat      Iteration 200  69.15sample/s
Class cat acc = 0.7426
Evaluating class chair: 8/18
Class chair    Iteration 40   62.05sample/s
Class chair    Iteration 80   66.41sample/s
Class chair    Iteration 120  67.35sample/s
Class chair    Iteration 160  79.51sample/s
Class chair    Iteration 200  67.56sample/s
Class chair acc = 0.7458
Evaluating class cow: 9/18
Class cow      Iteration 40   56.56sample/s
Class cow      Iteration 80   62.03sample/s
Class cow      Iteration 120  62.37sample/s
Class cow      Iteration 160  87.61sample/s
Class cow      Iteration 200  74.10sample/s
Class cow acc = 0.8194
Evaluating class dog: 10/18
Class dog      Iteration 40   63.49sample/s
Class dog      Iteration 80   69.62sample/s
Class dog      Iteration 120  73.28sample/s
Class dog      Iteration 160  71.45sample/s
Class dog      Iteration 200  84.48sample/s
Class dog acc = 0.7841
Evaluating class horse: 11/18
Class horse    Iteration 40   58.51sample/s
Class horse    Iteration 80   69.20sample/s
Class horse    Iteration 120  69.63sample/s
Class horse    Iteration 160  71.06sample/s
Class horse    Iteration 200  82.28sample/s
Class horse acc = 0.7013
Evaluating class motorbike: 12/18
Class motorbike Iteration 40   58.98sample/s
Class motorbike Iteration 80   66.41sample/s
Class motorbike Iteration 120  68.90sample/s
Class motorbike Iteration 160  67.99sample/s
Class motorbike Iteration 200  105.66sample/s
Class motorbike acc = 0.8125
Evaluating class person: 13/18
Class person   Iteration 40   105.12sample/s
Class person   Iteration 80   131.80sample/s
Class person   Iteration 120  137.25sample/s
Class person   Iteration 160  142.93sample/s
Class person   Iteration 200  162.68sample/s
Class person acc = 0.7239
Evaluating class pottedplant: 14/18
Class pottedplant Iteration 40   107.59sample/s
Class pottedplant Iteration 80   126.29sample/s
Class pottedplant Iteration 120  127.08sample/s
Class pottedplant Iteration 160  134.16sample/s
Class pottedplant Iteration 200  150.62sample/s
Class pottedplant acc = 1.0000
Evaluating class sheep: 15/18
Class sheep    Iteration 40   102.01sample/s
Class sheep    Iteration 80   122.39sample/s
Class sheep    Iteration 120  143.23sample/s
Class sheep    Iteration 160  125.10sample/s
Class sheep    Iteration 200  140.58sample/s
Class sheep acc = 0.7893
Evaluating class train: 16/18
Class train    Iteration 40   116.11sample/s
Class train    Iteration 80   148.67sample/s
Class train    Iteration 120  144.04sample/s
Class train    Iteration 160  142.94sample/s
Class train    Iteration 200  143.62sample/s
Class train acc = 0.9771
Evaluating class tvmonitor: 17/18
Class tvmonitor Iteration 40   114.82sample/s
Class tvmonitor Iteration 80   145.16sample/s
Class tvmonitor Iteration 120  147.24sample/s
Class tvmonitor Iteration 160  145.08sample/s
Class tvmonitor Iteration 200  147.60sample/s
Class tvmonitor acc = 0.9958
Evaluation complete in 3m 50s
Matching accuracy
aeroplane = 0.6849
bicycle = 0.5954
bird = 0.9061
boat = 0.8103
bottle = 0.6502
bus = 0.9798
car = 0.8995
cat = 0.7426
chair = 0.7458
cow = 0.8194
dog = 0.7841
horse = 0.7013
motorbike = 0.8125
person = 0.7239
pottedplant = 1.0000
sheep = 0.7893
train = 0.9771
tvmonitor = 0.9958
average = 0.8121
Epoch 3/6
----------
lr = 1.50e-06, 5.00e-05
Epoch 3/6: 100%|██████████| 2000/2000 [06:47<00:00,  4.90it/s, loss=-1.2546, acc=0.9570]
epoch loss: 1.413034011133015, epoch accuracy: 0.957028541714814
completed in 407.94s (6.80m)
Start evaluation...
Evaluating class aeroplane: 0/18
Class aeroplane Iteration 40   111.08sample/s
Class aeroplane Iteration 80   150.07sample/s
Class aeroplane Iteration 120  145.14sample/s
Class aeroplane Iteration 160  149.31sample/s
Class aeroplane Iteration 200  154.70sample/s
Class aeroplane acc = 0.6967
Evaluating class bicycle: 1/18
Class bicycle  Iteration 40   121.03sample/s
Class bicycle  Iteration 80   149.38sample/s
Class bicycle  Iteration 120  148.08sample/s
Class bicycle  Iteration 160  151.65sample/s
Class bicycle  Iteration 200  151.26sample/s
Class bicycle acc = 0.5973
Evaluating class bird: 2/18
Class bird     Iteration 40   114.65sample/s
Class bird     Iteration 80   144.59sample/s
Class bird     Iteration 120  143.11sample/s
Class bird     Iteration 160  156.45sample/s
Class bird     Iteration 200  152.99sample/s
Class bird acc = 0.9027
Evaluating class boat: 3/18
Class boat     Iteration 40   113.13sample/s
Class boat     Iteration 80   136.51sample/s
Class boat     Iteration 120  129.96sample/s
Class boat     Iteration 160  138.53sample/s
Class boat     Iteration 200  156.31sample/s
Class boat acc = 0.8163
Evaluating class bottle: 4/18
Class bottle   Iteration 40   114.80sample/s
Class bottle   Iteration 80   141.01sample/s
Class bottle   Iteration 120  145.79sample/s
Class bottle   Iteration 160  145.71sample/s
Class bottle   Iteration 200  151.68sample/s
Class bottle acc = 0.6479
Evaluating class bus: 5/18
Class bus      Iteration 40   105.13sample/s
Class bus      Iteration 80   138.74sample/s
Class bus      Iteration 120  145.62sample/s
Class bus      Iteration 160  147.32sample/s
Class bus      Iteration 200  156.93sample/s
Class bus acc = 0.9805
Evaluating class car: 6/18
Class car      Iteration 40   99.42sample/s
Class car      Iteration 80   125.64sample/s
Class car      Iteration 120  143.23sample/s
Class car      Iteration 160  122.50sample/s
Class car      Iteration 200  152.26sample/s
Class car acc = 0.9074
Evaluating class cat: 7/18
Class cat      Iteration 40   117.62sample/s
Class cat      Iteration 80   149.54sample/s
Class cat      Iteration 120  142.92sample/s
Class cat      Iteration 160  138.12sample/s
Class cat      Iteration 200  145.06sample/s
Class cat acc = 0.7366
Evaluating class chair: 8/18
Class chair    Iteration 40   119.17sample/s
Class chair    Iteration 80   139.44sample/s
Class chair    Iteration 120  141.85sample/s
Class chair    Iteration 160  143.48sample/s
Class chair    Iteration 200  145.25sample/s
Class chair acc = 0.7501
Evaluating class cow: 9/18
Class cow      Iteration 40   111.60sample/s
Class cow      Iteration 80   135.48sample/s
Class cow      Iteration 120  135.38sample/s
Class cow      Iteration 160  147.93sample/s
Class cow      Iteration 200  158.00sample/s
Class cow acc = 0.8140
Evaluating class dog: 10/18
Class dog      Iteration 40   117.05sample/s
Class dog      Iteration 80   155.79sample/s
Class dog      Iteration 120  151.34sample/s
Class dog      Iteration 160  145.11sample/s
Class dog      Iteration 200  140.83sample/s
Class dog acc = 0.7902
Evaluating class horse: 11/18
Class horse    Iteration 40   120.32sample/s
Class horse    Iteration 80   154.44sample/s
Class horse    Iteration 120  155.42sample/s
Class horse    Iteration 160  150.22sample/s
Class horse    Iteration 200  146.49sample/s
Class horse acc = 0.7048
Evaluating class motorbike: 12/18
Class motorbike Iteration 40   111.25sample/s
Class motorbike Iteration 80   138.20sample/s
Class motorbike Iteration 120  133.52sample/s
Class motorbike Iteration 160  147.39sample/s
Class motorbike Iteration 200  148.69sample/s
Class motorbike acc = 0.8002
Evaluating class person: 13/18
Class person   Iteration 40   112.41sample/s
Class person   Iteration 80   136.40sample/s
Class person   Iteration 120  144.09sample/s
Class person   Iteration 160  139.56sample/s
Class person   Iteration 200  162.49sample/s
Class person acc = 0.7318
Evaluating class pottedplant: 14/18
Class pottedplant Iteration 40   105.42sample/s
Class pottedplant Iteration 80   123.29sample/s
Class pottedplant Iteration 120  123.99sample/s
Class pottedplant Iteration 160  128.51sample/s
Class pottedplant Iteration 200  146.00sample/s
Class pottedplant acc = 0.9990
Evaluating class sheep: 15/18
Class sheep    Iteration 40   101.09sample/s
Class sheep    Iteration 80   117.75sample/s
Class sheep    Iteration 120  135.86sample/s
Class sheep    Iteration 160  115.91sample/s
Class sheep    Iteration 200  135.84sample/s
Class sheep acc = 0.7879
Evaluating class train: 16/18
Class train    Iteration 40   114.22sample/s
Class train    Iteration 80   139.26sample/s
Class train    Iteration 120  137.53sample/s
Class train    Iteration 160  140.05sample/s
Class train    Iteration 200  139.28sample/s
Class train acc = 0.9773
Evaluating class tvmonitor: 17/18
Class tvmonitor Iteration 40   114.06sample/s
Class tvmonitor Iteration 80   138.11sample/s
Class tvmonitor Iteration 120  140.11sample/s
Class tvmonitor Iteration 160  145.33sample/s
Class tvmonitor Iteration 200  144.33sample/s
Class tvmonitor acc = 0.9931
Evaluation complete in 2m 14s
Matching accuracy
aeroplane = 0.6967
bicycle = 0.5973
bird = 0.9027
boat = 0.8163
bottle = 0.6479
bus = 0.9805
car = 0.9074
cat = 0.7366
chair = 0.7501
cow = 0.8140
dog = 0.7902
horse = 0.7048
motorbike = 0.8002
person = 0.7318
pottedplant = 0.9990
sheep = 0.7879
train = 0.9773
tvmonitor = 0.9931
average = 0.8130
Epoch 4/6
----------
lr = 1.50e-06, 5.00e-05
Epoch 4/6: 100%|██████████| 2000/2000 [06:50<00:00,  4.88it/s, loss=2.2995, acc=0.9640]
epoch loss: 1.3406683095432819, epoch accuracy: 0.9640189009147002
completed in 410.01s (6.83m)
Start evaluation...
Evaluating class aeroplane: 0/18
Class aeroplane Iteration 40   111.25sample/s
Class aeroplane Iteration 80   152.90sample/s
Class aeroplane Iteration 120  141.80sample/s
Class aeroplane Iteration 160  145.58sample/s
Class aeroplane Iteration 200  153.04sample/s
Class aeroplane acc = 0.6958
Evaluating class bicycle: 1/18
Class bicycle  Iteration 40   114.90sample/s
Class bicycle  Iteration 80   144.32sample/s
Class bicycle  Iteration 120  143.82sample/s
Class bicycle  Iteration 160  143.84sample/s
Class bicycle  Iteration 200  151.68sample/s
Class bicycle acc = 0.5905
Evaluating class bird: 2/18
Class bird     Iteration 40   106.64sample/s
Class bird     Iteration 80   145.22sample/s
Class bird     Iteration 120  156.12sample/s
Class bird     Iteration 160  152.31sample/s
Class bird     Iteration 200  156.88sample/s
Class bird acc = 0.9107
Evaluating class boat: 3/18
Class boat     Iteration 40   112.96sample/s
Class boat     Iteration 80   133.15sample/s
Class boat     Iteration 120  129.11sample/s
Class boat     Iteration 160  140.69sample/s
Class boat     Iteration 200  156.14sample/s
Class boat acc = 0.8195
Evaluating class bottle: 4/18
Class bottle   Iteration 40   116.26sample/s
Class bottle   Iteration 80   151.76sample/s
Class bottle   Iteration 120  148.91sample/s
Class bottle   Iteration 160  141.83sample/s
Class bottle   Iteration 200  153.16sample/s
Class bottle acc = 0.6479
Evaluating class bus: 5/18
Class bus      Iteration 40   115.14sample/s
Class bus      Iteration 80   147.10sample/s
Class bus      Iteration 120  148.25sample/s
Class bus      Iteration 160  137.71sample/s
Class bus      Iteration 200  155.16sample/s
Class bus acc = 0.9822
Evaluating class car: 6/18
Class car      Iteration 40   101.89sample/s
Class car      Iteration 80   138.78sample/s
Class car      Iteration 120  144.34sample/s
Class car      Iteration 160  137.47sample/s
Class car      Iteration 200  161.19sample/s
Class car acc = 0.9097
Evaluating class cat: 7/18
Class cat      Iteration 40   118.06sample/s
Class cat      Iteration 80   155.03sample/s
Class cat      Iteration 120  154.61sample/s
Class cat      Iteration 160  150.02sample/s
Class cat      Iteration 200  156.65sample/s
Class cat acc = 0.7533
Evaluating class chair: 8/18
Class chair    Iteration 40   120.39sample/s
Class chair    Iteration 80   146.12sample/s
Class chair    Iteration 120  150.50sample/s
Class chair    Iteration 160  156.77sample/s
Class chair    Iteration 200  157.11sample/s
Class chair acc = 0.7399
Evaluating class cow: 9/18
Class cow      Iteration 40   115.09sample/s
Class cow      Iteration 80   140.20sample/s
Class cow      Iteration 120  137.38sample/s
Class cow      Iteration 160  150.82sample/s
Class cow      Iteration 200  169.54sample/s
Class cow acc = 0.8201
Evaluating class dog: 10/18
Class dog      Iteration 40   120.65sample/s
Class dog      Iteration 80   145.85sample/s
Class dog      Iteration 120  148.85sample/s
Class dog      Iteration 160  156.89sample/s
Class dog      Iteration 200  160.19sample/s
Class dog acc = 0.7867
Evaluating class horse: 11/18
Class horse    Iteration 40   118.59sample/s
Class horse    Iteration 80   154.00sample/s
Class horse    Iteration 120  158.56sample/s
Class horse    Iteration 160  154.59sample/s
Class horse    Iteration 200  150.19sample/s
Class horse acc = 0.7094
Evaluating class motorbike: 12/18
Class motorbike Iteration 40   110.96sample/s
Class motorbike Iteration 80   138.84sample/s
Class motorbike Iteration 120  144.72sample/s
Class motorbike Iteration 160  146.78sample/s
Class motorbike Iteration 200  155.03sample/s
Class motorbike acc = 0.8079
Evaluating class person: 13/18
Class person   Iteration 40   109.64sample/s
Class person   Iteration 80   140.96sample/s
Class person   Iteration 120  147.11sample/s
Class person   Iteration 160  139.44sample/s
Class person   Iteration 200  158.37sample/s
Class person acc = 0.7451
Evaluating class pottedplant: 14/18
Class pottedplant Iteration 40   108.07sample/s
Class pottedplant Iteration 80   128.65sample/s
Class pottedplant Iteration 120  121.20sample/s
Class pottedplant Iteration 160  135.90sample/s
Class pottedplant Iteration 200  151.10sample/s
Class pottedplant acc = 0.9998
Evaluating class sheep: 15/18
Class sheep    Iteration 40   107.36sample/s
Class sheep    Iteration 80   118.81sample/s
Class sheep    Iteration 120  142.49sample/s
Class sheep    Iteration 160  124.88sample/s
Class sheep    Iteration 200  143.10sample/s
Class sheep acc = 0.7934
Evaluating class train: 16/18
Class train    Iteration 40   115.78sample/s
Class train    Iteration 80   144.95sample/s
Class train    Iteration 120  145.28sample/s
Class train    Iteration 160  142.41sample/s
Class train    Iteration 200  148.85sample/s
Class train acc = 0.9811
Evaluating class tvmonitor: 17/18
Class tvmonitor Iteration 40   113.69sample/s
Class tvmonitor Iteration 80   139.49sample/s
Class tvmonitor Iteration 120  144.81sample/s
Class tvmonitor Iteration 160  129.43sample/s
Class tvmonitor Iteration 200  172.22sample/s
Class tvmonitor acc = 0.9946
Evaluation complete in 2m 11s
Matching accuracy
aeroplane = 0.6958
bicycle = 0.5905
bird = 0.9107
boat = 0.8195
bottle = 0.6479
bus = 0.9822
car = 0.9097
cat = 0.7533
chair = 0.7399
cow = 0.8201
dog = 0.7867
horse = 0.7094
motorbike = 0.8079
person = 0.7451
pottedplant = 0.9998
sheep = 0.7934
train = 0.9811
tvmonitor = 0.9946
average = 0.8160
Epoch 5/6
----------
lr = 1.50e-07, 5.00e-06
Epoch 5/6: 100%|██████████| 2000/2000 [06:49<00:00,  4.88it/s, loss=1.5312, acc=0.9686]
epoch loss: 1.319718777809292, epoch accuracy: 0.9685836761702005
completed in 409.92s (6.83m)
Start evaluation...
Evaluating class aeroplane: 0/18
Class aeroplane Iteration 40   102.10sample/s
Class aeroplane Iteration 80   147.22sample/s
Class aeroplane Iteration 120  143.10sample/s
Class aeroplane Iteration 160  144.15sample/s
Class aeroplane Iteration 200  147.46sample/s
Class aeroplane acc = 0.7002
Evaluating class bicycle: 1/18
Class bicycle  Iteration 40   113.93sample/s
Class bicycle  Iteration 80   143.78sample/s
Class bicycle  Iteration 120  138.39sample/s
Class bicycle  Iteration 160  135.11sample/s
Class bicycle  Iteration 200  140.63sample/s
Class bicycle acc = 0.5883
Evaluating class bird: 2/18
Class bird     Iteration 40   109.32sample/s
Class bird     Iteration 80   138.11sample/s
Class bird     Iteration 120  135.39sample/s
Class bird     Iteration 160  135.54sample/s
Class bird     Iteration 200  148.03sample/s
Class bird acc = 0.9084
Evaluating class boat: 3/18
Class boat     Iteration 40   107.26sample/s
Class boat     Iteration 80   132.82sample/s
Class boat     Iteration 120  129.35sample/s
Class boat     Iteration 160  141.95sample/s
Class boat     Iteration 200  146.51sample/s
Class boat acc = 0.8218
Evaluating class bottle: 4/18
Class bottle   Iteration 40   114.06sample/s
Class bottle   Iteration 80   144.17sample/s
Class bottle   Iteration 120  145.87sample/s
Class bottle   Iteration 160  144.30sample/s
Class bottle   Iteration 200  149.61sample/s
Class bottle acc = 0.6491
Evaluating class bus: 5/18
Class bus      Iteration 40   115.48sample/s
Class bus      Iteration 80   141.78sample/s
Class bus      Iteration 120  149.69sample/s
Class bus      Iteration 160  141.41sample/s
Class bus      Iteration 200  156.63sample/s
Class bus acc = 0.9838
Evaluating class car: 6/18
Class car      Iteration 40   105.20sample/s
Class car      Iteration 80   134.35sample/s
Class car      Iteration 120  144.72sample/s
Class car      Iteration 160  139.12sample/s
Class car      Iteration 200  156.27sample/s
Class car acc = 0.9081
Evaluating class cat: 7/18
Class cat      Iteration 40   117.81sample/s
Class cat      Iteration 80   146.76sample/s
Class cat      Iteration 120  149.71sample/s
Class cat      Iteration 160  151.48sample/s
Class cat      Iteration 200  151.98sample/s
Class cat acc = 0.7494
Evaluating class chair: 8/18
Class chair    Iteration 40   117.30sample/s
Class chair    Iteration 80   141.27sample/s
Class chair    Iteration 120  145.43sample/s
Class chair    Iteration 160  149.70sample/s
Class chair    Iteration 200  149.72sample/s
Class chair acc = 0.7381
Evaluating class cow: 9/18
Class cow      Iteration 40   113.80sample/s
Class cow      Iteration 80   133.68sample/s
Class cow      Iteration 120  132.66sample/s
Class cow      Iteration 160  153.77sample/s
Class cow      Iteration 200  157.08sample/s
Class cow acc = 0.8221
Evaluating class dog: 10/18
Class dog      Iteration 40   116.60sample/s
Class dog      Iteration 80   156.80sample/s
Class dog      Iteration 120  147.65sample/s
Class dog      Iteration 160  150.98sample/s
Class dog      Iteration 200  149.71sample/s
Class dog acc = 0.7893
Evaluating class horse: 11/18
Class horse    Iteration 40   114.18sample/s
Class horse    Iteration 80   142.88sample/s
Class horse    Iteration 120  140.26sample/s
Class horse    Iteration 160  142.48sample/s
Class horse    Iteration 200  144.55sample/s
Class horse acc = 0.7161
Evaluating class motorbike: 12/18
Class motorbike Iteration 40   114.61sample/s
Class motorbike Iteration 80   150.14sample/s
Class motorbike Iteration 120  139.34sample/s
Class motorbike Iteration 160  151.10sample/s
Class motorbike Iteration 200  153.80sample/s
Class motorbike acc = 0.8042
Evaluating class person: 13/18
Class person   Iteration 40   118.78sample/s
Class person   Iteration 80   149.32sample/s
Class person   Iteration 120  140.04sample/s
Class person   Iteration 160  140.83sample/s
Class person   Iteration 200  157.32sample/s
Class person acc = 0.7384
Evaluating class pottedplant: 14/18
Class pottedplant Iteration 40   108.81sample/s
Class pottedplant Iteration 80   129.13sample/s
Class pottedplant Iteration 120  126.01sample/s
Class pottedplant Iteration 160  137.57sample/s
Class pottedplant Iteration 200  154.63sample/s
Class pottedplant acc = 1.0000
Evaluating class sheep: 15/18
Class sheep    Iteration 40   104.39sample/s
Class sheep    Iteration 80   124.93sample/s
Class sheep    Iteration 120  140.91sample/s
Class sheep    Iteration 160  128.49sample/s
Class sheep    Iteration 200  149.96sample/s
Class sheep acc = 0.7869
Evaluating class train: 16/18
Class train    Iteration 40   118.94sample/s
Class train    Iteration 80   147.99sample/s
Class train    Iteration 120  143.53sample/s
Class train    Iteration 160  146.88sample/s
Class train    Iteration 200  142.16sample/s
Class train acc = 0.9805
Evaluating class tvmonitor: 17/18
Class tvmonitor Iteration 40   115.66sample/s
Class tvmonitor Iteration 80   146.65sample/s
Class tvmonitor Iteration 120  151.79sample/s
Class tvmonitor Iteration 160  145.78sample/s
Class tvmonitor Iteration 200  140.82sample/s
Class tvmonitor acc = 0.9957
Evaluation complete in 2m 13s
Matching accuracy
aeroplane = 0.7002
bicycle = 0.5883
bird = 0.9084
boat = 0.8218
bottle = 0.6491
bus = 0.9838
car = 0.9081
cat = 0.7494
chair = 0.7381
cow = 0.8221
dog = 0.7893
horse = 0.7161
motorbike = 0.8042
person = 0.7384
pottedplant = 1.0000
sheep = 0.7869
train = 0.9805
tvmonitor = 0.9957
average = 0.8156
Epoch 6/6
----------
lr = 1.50e-07, 5.00e-06
Epoch 6/6: 100%|██████████| 2000/2000 [06:52<00:00,  4.85it/s, loss=1.5613, acc=0.9701]
epoch loss: 1.2756922397930175, epoch accuracy: 0.9700711352726852
completed in 412.35s (6.87m)
Start evaluation...
Evaluating class aeroplane: 0/18
Class aeroplane Iteration 40   106.15sample/s
Class aeroplane Iteration 80   144.33sample/s
Class aeroplane Iteration 120  141.19sample/s
Class aeroplane Iteration 160  148.63sample/s
Class aeroplane Iteration 200  145.71sample/s
Class aeroplane acc = 0.7008
Evaluating class bicycle: 1/18
Class bicycle  Iteration 40   119.04sample/s
Class bicycle  Iteration 80   145.70sample/s
Class bicycle  Iteration 120  156.48sample/s
Class bicycle  Iteration 160  156.51sample/s
Class bicycle  Iteration 200  150.50sample/s
Class bicycle acc = 0.5900
Evaluating class bird: 2/18
Class bird     Iteration 40   114.48sample/s
Class bird     Iteration 80   142.98sample/s
Class bird     Iteration 120  148.58sample/s
Class bird     Iteration 160  152.62sample/s
Class bird     Iteration 200  161.18sample/s
Class bird acc = 0.9087
Evaluating class boat: 3/18
Class boat     Iteration 40   113.63sample/s
Class boat     Iteration 80   139.12sample/s
Class boat     Iteration 120  141.95sample/s
Class boat     Iteration 160  149.32sample/s
Class boat     Iteration 200  162.62sample/s
Class boat acc = 0.8220
Evaluating class bottle: 4/18
Class bottle   Iteration 40   123.65sample/s
Class bottle   Iteration 80   158.55sample/s
Class bottle   Iteration 120  155.76sample/s
Class bottle   Iteration 160  157.23sample/s
Class bottle   Iteration 200  156.62sample/s
Class bottle acc = 0.6482
Evaluating class bus: 5/18
Class bus      Iteration 40   110.01sample/s
Class bus      Iteration 80   144.08sample/s
Class bus      Iteration 120  151.20sample/s
Class bus      Iteration 160  146.71sample/s
Class bus      Iteration 200  160.04sample/s
Class bus acc = 0.9841
Evaluating class car: 6/18
Class car      Iteration 40   105.88sample/s
Class car      Iteration 80   144.73sample/s
Class car      Iteration 120  150.78sample/s
Class car      Iteration 160  142.39sample/s
Class car      Iteration 200  160.31sample/s
Class car acc = 0.9107
Evaluating class cat: 7/18
Class cat      Iteration 40   122.86sample/s
Class cat      Iteration 80   156.46sample/s
Class cat      Iteration 120  156.85sample/s
Class cat      Iteration 160  158.31sample/s
Class cat      Iteration 200  159.47sample/s
Class cat acc = 0.7476
Evaluating class chair: 8/18
Class chair    Iteration 40   122.22sample/s
Class chair    Iteration 80   150.60sample/s
Class chair    Iteration 120  149.97sample/s
Class chair    Iteration 160  152.00sample/s
Class chair    Iteration 200  149.56sample/s
Class chair acc = 0.7406
Evaluating class cow: 9/18
Class cow      Iteration 40   109.52sample/s
Class cow      Iteration 80   124.95sample/s
Class cow      Iteration 120  142.67sample/s
Class cow      Iteration 160  152.39sample/s
Class cow      Iteration 200  169.95sample/s
Class cow acc = 0.8231
Evaluating class dog: 10/18
Class dog      Iteration 40   119.59sample/s
Class dog      Iteration 80   147.10sample/s
Class dog      Iteration 120  156.69sample/s
Class dog      Iteration 160  154.44sample/s
Class dog      Iteration 200  153.66sample/s
Class dog acc = 0.7919
Evaluating class horse: 11/18
Class horse    Iteration 40   116.10sample/s
Class horse    Iteration 80   151.65sample/s
Class horse    Iteration 120  142.47sample/s
Class horse    Iteration 160  155.23sample/s
Class horse    Iteration 200  154.70sample/s
Class horse acc = 0.7167
Evaluating class motorbike: 12/18
Class motorbike Iteration 40   110.89sample/s
Class motorbike Iteration 80   146.84sample/s
Class motorbike Iteration 120  149.68sample/s
Class motorbike Iteration 160  152.48sample/s
Class motorbike Iteration 200  158.36sample/s
Class motorbike acc = 0.8062
Evaluating class person: 13/18
Class person   Iteration 40   117.44sample/s
Class person   Iteration 80   141.19sample/s
Class person   Iteration 120  139.75sample/s
Class person   Iteration 160  145.87sample/s
Class person   Iteration 200  163.99sample/s
Class person acc = 0.7421
Evaluating class pottedplant: 14/18
Class pottedplant Iteration 40   107.25sample/s
Class pottedplant Iteration 80   130.53sample/s
Class pottedplant Iteration 120  126.51sample/s
Class pottedplant Iteration 160  135.93sample/s
Class pottedplant Iteration 200  151.74sample/s
Class pottedplant acc = 1.0000
Evaluating class sheep: 15/18
Class sheep    Iteration 40   108.82sample/s
Class sheep    Iteration 80   120.82sample/s
Class sheep    Iteration 120  139.89sample/s
Class sheep    Iteration 160  128.02sample/s
Class sheep    Iteration 200  145.36sample/s
Class sheep acc = 0.7852
Evaluating class train: 16/18
Class train    Iteration 40   121.54sample/s
Class train    Iteration 80   152.22sample/s
Class train    Iteration 120  150.15sample/s
Class train    Iteration 160  149.06sample/s
Class train    Iteration 200  144.67sample/s
Class train acc = 0.9794
Evaluating class tvmonitor: 17/18
Class tvmonitor Iteration 40   117.85sample/s
Class tvmonitor Iteration 80   140.22sample/s
Class tvmonitor Iteration 120  147.80sample/s
Class tvmonitor Iteration 160  141.29sample/s
Class tvmonitor Iteration 200  144.01sample/s
Class tvmonitor acc = 0.9958
Evaluation complete in 2m 10s
Matching accuracy
aeroplane = 0.7008
bicycle = 0.5900
bird = 0.9087
boat = 0.8220
bottle = 0.6482
bus = 0.9841
car = 0.9107
cat = 0.7476
chair = 0.7406
cow = 0.8231
dog = 0.7919
horse = 0.7167
motorbike = 0.8062
person = 0.7421
pottedplant = 1.0000
sheep = 0.7852
train = 0.9794
tvmonitor = 0.9958
average = 0.8163
[1;34mwandb[0m: 
[1;34mwandb[0m: You can sync this run to the cloud by running:
[1;34mwandb[0m: [1mwandb sync /scratch/hpc-prf-llmrout/hpcabpo/nmt/wandb/wandb/offline-run-20260916_113453-rte6bjtb[0m
[1;34mwandb[0m: Find logs at: [1;35m../../../../../../scratch/hpc-prf-llmrout/hpcabpo/nmt/wandb/wandb/offline-run-20260916_113453-rte6bjtb/logs[0m
