CPU_SET_HEX_STR_SIZE: 257, Size of mstr: 257
cpu-bind=MASK - gpu1023, task  0  0 [2277085]: mask |--------|--------|--------|--------|--------|--------|--------|--------|--------|--------|--------|--------||||--------|--------|-BBBBBBB|--------|--------|B-------|--------|--------|--------|--------|--------|BBBBBBBB| set
job=3039617 node=gpu1023 gpu=NVIDIA H100 config=/scratch/hpc-prf-llmrout/hpcabpo/nmt/runs/configs/rational_seed4.json wandb=offline
backbone=vgg16 image_size=256 conv=rational model_dir=/scratch/hpc-prf-llmrout/hpcabpo/nmt/runs/spair_vgg16/rational_seed4
{
    "BACKBONE": "vgg16",
    "BACKBONE_DIR": "/scratch/hpc-prf-llmrout/hpcabpo/nmt/checkpoints",
    "BATCH_SIZE": 5,
    "CACHE_PATH": "data/cache",
    "DATASET_NAME": "SPair71k",
    "EVAL": {
        "SAMPLES": 1000,
        "difficulty_params": {},
        "num_graphs_in_matching_instance": 2
    },
    "IMAGE_SIZE": 256,
    "Matching_TF": {
        "activation": "relu",
        "batch_norm": true,
        "d_model": 648,
        "nGPT_mlp_hidden_mult": 6,
        "n_decoder": 4,
        "n_encoder": 4,
        "n_head": 12,
        "n_lap_EigVec": 8,
        "pos_encoding": false
    },
    "NORM_MEANS": [
        0.485,
        0.456,
        0.406
    ],
    "NORM_STD": [
        0.229,
        0.224,
        0.225
    ],
    "RANDOM_SEED": 4,
    "SPLINE_CNN": {
        "aggr": "max",
        "conv": "rational",
        "degrees": [
            5,
            4
        ],
        "dim": 2,
        "init": "spline",
        "init_noise": 0.001,
        "input_features": 1024,
        "kernel_size": 5,
        "num_bases": 0,
        "output_features": 648,
        "poly": "chebyshev",
        "pyg_init": true,
        "rational_basis": "product",
        "safe": "B",
        "vp": false
    },
    "SPair": {
        "CLASSES": [
            "aeroplane",
            "bicycle",
            "bird",
            "boat",
            "boat",
            "bottle",
            "bus",
            "car",
            "cat",
            "chair",
            "cow",
            "dog",
            "horse",
            "motorbike",
            "person",
            "pottedplant",
            "sheep",
            "train",
            "tvmonitor"
        ],
        "ROOT_DIR": "/pc2/groups/hpc-prf-llmrout/hpcabpo/rational-basis-cnn/data/SPair-71k",
        "size": "large"
    },
    "STATISTIC_STEP": 1,
    "TRACK_GRAD_NORM": false,
    "TRAIN": {
        "EPOCH_ITERS": 2000,
        "LR": 0.0005,
        "_comment_epochs": "lr_schedule long_halving5 defines 12 epochs; max_epochs stops after 7. NMT trains ~11 epochs per day, so 7 epochs is ~15.3 h. Both LR drops (epochs 2 and 5) still happen.",
        "clip_norm": 0,
        "cutmix_beta": 1.0,
        "cutmix_prob": 0.3,
        "difficulty_params": {},
        "layer_loss_param": 0.3,
        "lr_schedule": "long_halving5",
        "max_epochs": 7,
        "mixup_alpha": 0.8,
        "mixup_prob": 0.3,
        "num_graphs_in_matching_instance": 2,
        "random_erasing_prob": 0.3,
        "temperature": 0.1,
        "weight_decay": 0
    },
    "USE_SYNTHETIC": false,
    "VOC2011": {
        "CLASSES": [
            "aeroplane",
            "bicycle",
            "bird",
            "boat",
            "bottle",
            "bus",
            "car",
            "cat",
            "chair",
            "cow",
            "diningtable",
            "dog",
            "horse",
            "motorbike",
            "person",
            "pottedplant",
            "sheep",
            "sofa",
            "train",
            "tvmonitor"
        ],
        "KPT_ANNO_DIR": "/data/cat/ws/tosa098h-abtin_NormMatchTrans/data/downloaded/PascalVOC/annotations/",
        "ROOT_DIR": "/data/cat/ws/tosa098h-abtin_NormMatchTrans/data/downloaded/PascalVOC/VOC2011/",
        "SET_SPLIT": "/data/cat/ws/tosa098h-abtin_NormMatchTrans/data/split/voc2011_pairs.npz"
    },
    "WILLOW": {
        "CLASSES": [
            "Car",
            "Duck",
            "Face",
            "Motorbike",
            "Winebottle"
        ],
        "KPT_LEN": 10,
        "ROOT_DIR": "./data/downloaded/WILLOW/WILLOW-ObjectClass",
        "TRAIN_NUM": 20,
        "TRAIN_OFFSET": 0
    },
    "_generated_by": "slurm/make_config.py rational 4",
    "combine_classes": false,
    "default_json": "experiments/voc_basic.json",
    "eval_sampling": "intersection",
    "evaluate_only": false,
    "exclude_willow_classes": false,
    "keep_last_checkpoint_only": true,
    "log_dir": "runs/",
    "model_dir": "/scratch/hpc-prf-llmrout/hpcabpo/nmt/runs/spair_vgg16/rational_seed4",
    "save_checkpoint": true,
    "train_sampling": "intersection",
    "visualization_params": {
        "produce_pdf": false,
        "reduced_vis": true
    },
    "visualize": false,
    "warmstart_path": null
}
wandb: Tracking run with wandb version 0.30.0
wandb: W&B syncing is set to `offline` in this directory. Run `wandb online` or set WANDB_MODE=online to enable cloud syncing.
wandb: Run data is saved locally in /scratch/hpc-prf-llmrout/hpcabpo/nmt/wandb/wandb/offline-run-20260916_110832-7gk17rhb
wandb: View this run in the terminal with `wandb leet`
No difficulty parameters for trn-set. Using all available data.
Number of annotation pairs matching the difficulty params in trn-set: {'aeroplane': 2924, 'bicycle': 2946, 'bird': 3080, 'boat': 2936, 'bottle': 2448, 'bus': 2708, 'car': 2960, 'cat': 3306, 'chair': 3060, 'cow': 3118, 'dog': 3192, 'horse': 3136, 'motorbike': 3180, 'person': 3066, 'pottedplant': 2446, 'sheep': 3140, 'train': 2752, 'tvmonitor': 2942}
TRUE EPOCHS:  False
10000
Initializing trn-set. Randomly sampling 10000 examples.
/pc2/groups/hpc-prf-llmrout/hpcabpo/nmt/conda/envs/nmt/lib/python3.12/site-packages/albumentations/core/composition.py:331: UserWarning: Got processor for keypoints, but no transform to process it.
  self._set_keys()
No difficulty parameters for test-set. Using all available data.
Number of annotation pairs matching the difficulty params in test-set: {'aeroplane': 690, 'bicycle': 650, 'bird': 702, 'boat': 702, 'bottle': 870, 'bus': 644, 'car': 564, 'cat': 600, 'chair': 646, 'cow': 640, 'dog': 600, 'horse': 600, 'motorbike': 702, 'person': 650, 'pottedplant': 862, 'sheep': 664, 'train': 756, 'tvmonitor': 692}
TRUE EPOCHS:  False
1000
Initializing test-set. Randomly sampling 1000 examples.
/pc2/groups/hpc-prf-llmrout/hpcabpo/nmt/conda/envs/nmt/lib/python3.12/site-packages/torchvision/models/_utils.py:208: UserWarning: The parameter 'pretrained' is deprecated since 0.13 and may be removed in the future, please use 'weights' instead.
  warnings.warn(
/pc2/groups/hpc-prf-llmrout/hpcabpo/nmt/conda/envs/nmt/lib/python3.12/site-packages/torchvision/models/_utils.py:223: UserWarning: Arguments other than a weight enum or `None` for 'weights' are deprecated since 0.13 and may be removed in the future. The current behavior is equivalent to passing `weights=VGG16_Weights.IMAGENET1K_V1`. You can also use `weights=VGG16_Weights.DEFAULT` to get the most up-to-date weights.
  warnings.warn(msg)
stopping after 7 epochs (cfg.TRAIN.max_epochs; schedule 'long_halving5' defines 12)
Start training...
NMT model on device: cuda:0
Epoch 0/6
----------
lr = 1.50e-05, 5.00e-04
Epoch 0/6:   0%|          | 0/2000 [00:00<?, ?it/s]/pc2/groups/hpc-prf-llmrout/hpcabpo/nmt/conda/envs/nmt/lib/python3.12/site-packages/torch_geometric/utils/_scatter.py:91: UserWarning: The usage of `scatter(reduce='max')` can be accelerated via the 'torch-scatter' package, but it was not found
  warnings.warn(
[rank0]:[W916 11:08:38.468714318 reducer.cpp:1528] Warning: find_unused_parameters=True was specified in DDP constructor, but did not find any unused parameters in the forward pass. This flag results in an extra traversal of the autograd graph every iteration,  which can adversely affect performance. If your model indeed never has any unused parameters in the forward pass, consider turning this flag off. Note that this warning may be a false positive if your model has flow control causing later iterations to have unused parameters. (function operator())
Epoch 0/6: 100%|██████████| 2000/2000 [07:13<00:00,  4.62it/s, loss=2.1874, acc=0.7918]
epoch loss: 2.8079508287757635, epoch accuracy: 0.7918407149198772
completed in 433.18s (7.22m)
Start evaluation...
Evaluating class aeroplane: 0/18
Class aeroplane Iteration 40   107.78sample/s
Class aeroplane Iteration 80   145.76sample/s
Class aeroplane Iteration 120  128.91sample/s
Class aeroplane Iteration 160  77.65sample/s
Class aeroplane Iteration 200  76.80sample/s
Class aeroplane acc = 0.6258
Evaluating class bicycle: 1/18
Class bicycle  Iteration 40   58.21sample/s
Class bicycle  Iteration 80   64.95sample/s
Class bicycle  Iteration 120  61.28sample/s
Class bicycle  Iteration 160  75.40sample/s
Class bicycle  Iteration 200  74.58sample/s
Class bicycle acc = 0.5669
Evaluating class bird: 2/18
Class bird     Iteration 40   59.20sample/s
Class bird     Iteration 80   65.46sample/s
Class bird     Iteration 120  67.18sample/s
Class bird     Iteration 160  78.71sample/s
Class bird     Iteration 200  71.91sample/s
Class bird acc = 0.9062
Evaluating class boat: 3/18
Class boat     Iteration 40   54.24sample/s
Class boat     Iteration 80   59.05sample/s
Class boat     Iteration 120  67.46sample/s
Class boat     Iteration 160  73.47sample/s
Class boat     Iteration 200  65.72sample/s
Class boat acc = 0.7661
Evaluating class bottle: 4/18
Class bottle   Iteration 40   60.07sample/s
Class bottle   Iteration 80   68.64sample/s
Class bottle   Iteration 120  64.34sample/s
Class bottle   Iteration 160  79.48sample/s
Class bottle   Iteration 200  71.03sample/s
Class bottle acc = 0.6513
Evaluating class bus: 5/18
Class bus      Iteration 40   51.88sample/s
Class bus      Iteration 80   64.29sample/s
Class bus      Iteration 120  66.65sample/s
Class bus      Iteration 160  70.88sample/s
Class bus      Iteration 200  72.27sample/s
Class bus acc = 0.9631
Evaluating class car: 6/18
Class car      Iteration 40   51.01sample/s
Class car      Iteration 80   60.02sample/s
Class car      Iteration 120  64.13sample/s
Class car      Iteration 160  71.21sample/s
Class car      Iteration 200  66.82sample/s
Class car acc = 0.8748
Evaluating class cat: 7/18
Class cat      Iteration 40   60.22sample/s
Class cat      Iteration 80   68.98sample/s
Class cat      Iteration 120  72.05sample/s
Class cat      Iteration 160  87.41sample/s
Class cat      Iteration 200  69.04sample/s
Class cat acc = 0.7031
Evaluating class chair: 8/18
Class chair    Iteration 40   59.70sample/s
Class chair    Iteration 80   66.00sample/s
Class chair    Iteration 120  68.74sample/s
Class chair    Iteration 160  67.15sample/s
Class chair    Iteration 200  73.39sample/s
Class chair acc = 0.7158
Evaluating class cow: 9/18
Class cow      Iteration 40   57.03sample/s
Class cow      Iteration 80   61.81sample/s
Class cow      Iteration 120  61.27sample/s
Class cow      Iteration 160  70.83sample/s
Class cow      Iteration 200  69.65sample/s
Class cow acc = 0.8050
Evaluating class dog: 10/18
Class dog      Iteration 40   60.22sample/s
Class dog      Iteration 80   66.13sample/s
Class dog      Iteration 120  66.69sample/s
Class dog      Iteration 160  85.01sample/s
Class dog      Iteration 200  70.65sample/s
Class dog acc = 0.7321
Evaluating class horse: 11/18
Class horse    Iteration 40   55.53sample/s
Class horse    Iteration 80   65.58sample/s
Class horse    Iteration 120  67.58sample/s
Class horse    Iteration 160  71.63sample/s
Class horse    Iteration 200  63.43sample/s
Class horse acc = 0.7175
Evaluating class motorbike: 12/18
Class motorbike Iteration 40   54.58sample/s
Class motorbike Iteration 80   65.82sample/s
Class motorbike Iteration 120  61.21sample/s
Class motorbike Iteration 160  77.91sample/s
Class motorbike Iteration 200  70.48sample/s
Class motorbike acc = 0.7372
Evaluating class person: 13/18
Class person   Iteration 40   56.64sample/s
Class person   Iteration 80   63.59sample/s
Class person   Iteration 120  62.88sample/s
Class person   Iteration 160  72.63sample/s
Class person   Iteration 200  74.73sample/s
Class person acc = 0.6398
Evaluating class pottedplant: 14/18
Class pottedplant Iteration 40   50.88sample/s
Class pottedplant Iteration 80   56.46sample/s
Class pottedplant Iteration 120  75.54sample/s
Class pottedplant Iteration 160  67.33sample/s
Class pottedplant Iteration 200  64.24sample/s
Class pottedplant acc = 0.9905
Evaluating class sheep: 15/18
Class sheep    Iteration 40   49.82sample/s
Class sheep    Iteration 80   55.85sample/s
Class sheep    Iteration 120  73.02sample/s
Class sheep    Iteration 160  62.93sample/s
Class sheep    Iteration 200  71.08sample/s
Class sheep acc = 0.7747
Evaluating class train: 16/18
Class train    Iteration 40   59.41sample/s
Class train    Iteration 80   65.32sample/s
Class train    Iteration 120  68.64sample/s
Class train    Iteration 160  78.76sample/s
Class train    Iteration 200  69.88sample/s
Class train acc = 0.9699
Evaluating class tvmonitor: 17/18
Class tvmonitor Iteration 40   56.42sample/s
Class tvmonitor Iteration 80   68.28sample/s
Class tvmonitor Iteration 120  68.84sample/s
Class tvmonitor Iteration 160  75.72sample/s
Class tvmonitor Iteration 200  67.09sample/s
Class tvmonitor acc = 0.9994
Evaluation complete in 4m 31s
Matching accuracy
aeroplane = 0.6258
bicycle = 0.5669
bird = 0.9062
boat = 0.7661
bottle = 0.6513
bus = 0.9631
car = 0.8748
cat = 0.7031
chair = 0.7158
cow = 0.8050
dog = 0.7321
horse = 0.7175
motorbike = 0.7372
person = 0.6398
pottedplant = 0.9905
sheep = 0.7747
train = 0.9699
tvmonitor = 0.9994
average = 0.7855
Epoch 1/6
----------
lr = 1.50e-05, 5.00e-04
Epoch 1/6: 100%|██████████| 2000/2000 [07:04<00:00,  4.71it/s, loss=1.7555, acc=0.9158]
epoch loss: 1.795547946639359, epoch accuracy: 0.9157824741969991
completed in 424.46s (7.07m)
Start evaluation...
Evaluating class aeroplane: 0/18
Class aeroplane Iteration 40   101.77sample/s
Class aeroplane Iteration 80   121.50sample/s
Class aeroplane Iteration 120  114.44sample/s
Class aeroplane Iteration 160  111.03sample/s
Class aeroplane Iteration 200  131.04sample/s
Class aeroplane acc = 0.6594
Evaluating class bicycle: 1/18
Class bicycle  Iteration 40   101.89sample/s
Class bicycle  Iteration 80   117.51sample/s
Class bicycle  Iteration 120  117.44sample/s
Class bicycle  Iteration 160  117.02sample/s
Class bicycle  Iteration 200  155.21sample/s
Class bicycle acc = 0.6324
Evaluating class bird: 2/18
Class bird     Iteration 40   116.91sample/s
Class bird     Iteration 80   108.17sample/s
Class bird     Iteration 120  71.32sample/s
Class bird     Iteration 160  70.03sample/s
Class bird     Iteration 200  66.43sample/s
Class bird acc = 0.9085
Evaluating class boat: 3/18
Class boat     Iteration 40   56.01sample/s
Class boat     Iteration 80   70.45sample/s
Class boat     Iteration 120  66.94sample/s
Class boat     Iteration 160  63.48sample/s
Class boat     Iteration 200  67.64sample/s
Class boat acc = 0.8066
Evaluating class bottle: 4/18
Class bottle   Iteration 40   60.40sample/s
Class bottle   Iteration 80   79.48sample/s
Class bottle   Iteration 120  65.97sample/s
Class bottle   Iteration 160  68.15sample/s
Class bottle   Iteration 200  68.17sample/s
Class bottle acc = 0.6799
Evaluating class bus: 5/18
Class bus      Iteration 40   55.18sample/s
Class bus      Iteration 80   76.61sample/s
Class bus      Iteration 120  67.35sample/s
Class bus      Iteration 160  65.23sample/s
Class bus      Iteration 200  72.77sample/s
Class bus acc = 0.9697
Evaluating class car: 6/18
Class car      Iteration 40   52.76sample/s
Class car      Iteration 80   70.96sample/s
Class car      Iteration 120  57.69sample/s
Class car      Iteration 160  69.11sample/s
Class car      Iteration 200  66.00sample/s
Class car acc = 0.8966
Evaluating class cat: 7/18
Class cat      Iteration 40   59.21sample/s
Class cat      Iteration 80   77.31sample/s
Class cat      Iteration 120  71.30sample/s
Class cat      Iteration 160  67.19sample/s
Class cat      Iteration 200  70.61sample/s
Class cat acc = 0.7007
Evaluating class chair: 8/18
Class chair    Iteration 40   59.96sample/s
Class chair    Iteration 80   78.23sample/s
Class chair    Iteration 120  69.35sample/s
Class chair    Iteration 160  64.78sample/s
Class chair    Iteration 200  73.56sample/s
Class chair acc = 0.7390
Evaluating class cow: 9/18
Class cow      Iteration 40   62.65sample/s
Class cow      Iteration 80   89.92sample/s
Class cow      Iteration 120  65.38sample/s
Class cow      Iteration 160  69.56sample/s
Class cow      Iteration 200  73.08sample/s
Class cow acc = 0.8180
Evaluating class dog: 10/18
Class dog      Iteration 40   64.40sample/s
Class dog      Iteration 80   78.17sample/s
Class dog      Iteration 120  74.15sample/s
Class dog      Iteration 160  73.82sample/s
Class dog      Iteration 200  73.48sample/s
Class dog acc = 0.7571
Evaluating class horse: 11/18
Class horse    Iteration 40   64.76sample/s
Class horse    Iteration 80   81.36sample/s
Class horse    Iteration 120  72.82sample/s
Class horse    Iteration 160  46.77sample/s
Class horse    Iteration 200  69.12sample/s
Class horse acc = 0.7177
Evaluating class motorbike: 12/18
Class motorbike Iteration 40   56.56sample/s
Class motorbike Iteration 80   74.38sample/s
Class motorbike Iteration 120  61.70sample/s
Class motorbike Iteration 160  65.76sample/s
Class motorbike Iteration 200  66.69sample/s
Class motorbike acc = 0.7866
Evaluating class person: 13/18
Class person   Iteration 40   57.71sample/s
Class person   Iteration 80   72.52sample/s
Class person   Iteration 120  60.15sample/s
Class person   Iteration 160  61.64sample/s
Class person   Iteration 200  71.29sample/s
Class person acc = 0.6829
Evaluating class pottedplant: 14/18
Class pottedplant Iteration 40   49.07sample/s
Class pottedplant Iteration 80   58.33sample/s
Class pottedplant Iteration 120  63.33sample/s
Class pottedplant Iteration 160  67.43sample/s
Class pottedplant Iteration 200  59.62sample/s
Class pottedplant acc = 0.9907
Evaluating class sheep: 15/18
Class sheep    Iteration 40   57.26sample/s
Class sheep    Iteration 80   56.38sample/s
Class sheep    Iteration 120  61.10sample/s
Class sheep    Iteration 160  64.29sample/s
Class sheep    Iteration 200  70.80sample/s
Class sheep acc = 0.7712
Evaluating class train: 16/18
Class train    Iteration 40   69.79sample/s
Class train    Iteration 80   67.82sample/s
Class train    Iteration 120  70.24sample/s
Class train    Iteration 160  68.43sample/s
Class train    Iteration 200  71.19sample/s
Class train acc = 0.9635
Evaluating class tvmonitor: 17/18
Class tvmonitor Iteration 40   63.85sample/s
Class tvmonitor Iteration 80   80.75sample/s
Class tvmonitor Iteration 120  70.26sample/s
Class tvmonitor Iteration 160  69.89sample/s
Class tvmonitor Iteration 200  69.82sample/s
Class tvmonitor acc = 0.9923
Evaluation complete in 4m 17s
Matching accuracy
aeroplane = 0.6594
bicycle = 0.6324
bird = 0.9085
boat = 0.8066
bottle = 0.6799
bus = 0.9697
car = 0.8966
cat = 0.7007
chair = 0.7390
cow = 0.8180
dog = 0.7571
horse = 0.7177
motorbike = 0.7866
person = 0.6829
pottedplant = 0.9907
sheep = 0.7712
train = 0.9635
tvmonitor = 0.9923
average = 0.8040
Epoch 2/6
----------
lr = 1.50e-06, 5.00e-05
Epoch 2/6: 100%|██████████| 2000/2000 [07:07<00:00,  4.68it/s, loss=1.0841, acc=0.9542]
epoch loss: 1.444003260537982, epoch accuracy: 0.9541733212471764
completed in 427.36s (7.12m)
Start evaluation...
Evaluating class aeroplane: 0/18
Class aeroplane Iteration 40   99.60sample/s
Class aeroplane Iteration 80   119.26sample/s
Class aeroplane Iteration 120  106.75sample/s
Class aeroplane Iteration 160  106.44sample/s
Class aeroplane Iteration 200  130.04sample/s
Class aeroplane acc = 0.6820
Evaluating class bicycle: 1/18
Class bicycle  Iteration 40   101.31sample/s
Class bicycle  Iteration 80   115.43sample/s
Class bicycle  Iteration 120  120.82sample/s
Class bicycle  Iteration 160  110.14sample/s
Class bicycle  Iteration 200  114.58sample/s
Class bicycle acc = 0.6331
Evaluating class bird: 2/18
Class bird     Iteration 40   98.20sample/s
Class bird     Iteration 80   119.52sample/s
Class bird     Iteration 120  142.82sample/s
Class bird     Iteration 160  148.44sample/s
Class bird     Iteration 200  144.95sample/s
Class bird acc = 0.9219
Evaluating class boat: 3/18
Class boat     Iteration 40   58.26sample/s
Class boat     Iteration 80   64.44sample/s
Class boat     Iteration 120  69.76sample/s
Class boat     Iteration 160  67.84sample/s
Class boat     Iteration 200  83.97sample/s
Class boat acc = 0.8221
Evaluating class bottle: 4/18
Class bottle   Iteration 40   63.44sample/s
Class bottle   Iteration 80   71.78sample/s
Class bottle   Iteration 120  69.31sample/s
Class bottle   Iteration 160  70.12sample/s
Class bottle   Iteration 200  71.29sample/s
Class bottle acc = 0.6757
Evaluating class bus: 5/18
Class bus      Iteration 40   58.05sample/s
Class bus      Iteration 80   69.18sample/s
Class bus      Iteration 120  68.89sample/s
Class bus      Iteration 160  69.41sample/s
Class bus      Iteration 200  81.13sample/s
Class bus acc = 0.9762
Evaluating class car: 6/18
Class car      Iteration 40   53.33sample/s
Class car      Iteration 80   64.10sample/s
Class car      Iteration 120  57.24sample/s
Class car      Iteration 160  68.68sample/s
Class car      Iteration 200  87.29sample/s
Class car acc = 0.9163
Evaluating class cat: 7/18
Class cat      Iteration 40   61.55sample/s
Class cat      Iteration 80   69.17sample/s
Class cat      Iteration 120  67.14sample/s
Class cat      Iteration 160  70.91sample/s
Class cat      Iteration 200  76.28sample/s
Class cat acc = 0.7091
Evaluating class chair: 8/18
Class chair    Iteration 40   59.56sample/s
Class chair    Iteration 80   66.21sample/s
Class chair    Iteration 120  68.18sample/s
Class chair    Iteration 160  62.18sample/s
Class chair    Iteration 200  76.15sample/s
Class chair acc = 0.7490
Evaluating class cow: 9/18
Class cow      Iteration 40   62.51sample/s
Class cow      Iteration 80   67.45sample/s
Class cow      Iteration 120  64.72sample/s
Class cow      Iteration 160  69.88sample/s
Class cow      Iteration 200  78.20sample/s
Class cow acc = 0.8266
Evaluating class dog: 10/18
Class dog      Iteration 40   64.73sample/s
Class dog      Iteration 80   70.37sample/s
Class dog      Iteration 120  71.67sample/s
Class dog      Iteration 160  71.09sample/s
Class dog      Iteration 200  73.95sample/s
Class dog acc = 0.8016
Evaluating class horse: 11/18
Class horse    Iteration 40   65.68sample/s
Class horse    Iteration 80   70.37sample/s
Class horse    Iteration 120  71.91sample/s
Class horse    Iteration 160  71.10sample/s
Class horse    Iteration 200  73.55sample/s
Class horse acc = 0.7301
Evaluating class motorbike: 12/18
Class motorbike Iteration 40   66.06sample/s
Class motorbike Iteration 80   67.09sample/s
Class motorbike Iteration 120  71.27sample/s
Class motorbike Iteration 160  71.46sample/s
Class motorbike Iteration 200  69.73sample/s
Class motorbike acc = 0.8041
Evaluating class person: 13/18
Class person   Iteration 40   68.45sample/s
Class person   Iteration 80   67.51sample/s
Class person   Iteration 120  65.17sample/s
Class person   Iteration 160  64.75sample/s
Class person   Iteration 200  73.95sample/s
Class person acc = 0.7222
Evaluating class pottedplant: 14/18
Class pottedplant Iteration 40   55.83sample/s
Class pottedplant Iteration 80   58.64sample/s
Class pottedplant Iteration 120  61.60sample/s
Class pottedplant Iteration 160  65.26sample/s
Class pottedplant Iteration 200  68.19sample/s
Class pottedplant acc = 0.9943
Evaluating class sheep: 15/18
Class sheep    Iteration 40   50.85sample/s
Class sheep    Iteration 80   55.96sample/s
Class sheep    Iteration 120  61.95sample/s
Class sheep    Iteration 160  72.93sample/s
Class sheep    Iteration 200  73.40sample/s
Class sheep acc = 0.7896
Evaluating class train: 16/18
Class train    Iteration 40   61.22sample/s
Class train    Iteration 80   69.75sample/s
Class train    Iteration 120  65.37sample/s
Class train    Iteration 160  68.07sample/s
Class train    Iteration 200  77.21sample/s
Class train acc = 0.9749
Evaluating class tvmonitor: 17/18
Class tvmonitor Iteration 40   58.04sample/s
Class tvmonitor Iteration 80   66.76sample/s
Class tvmonitor Iteration 120  65.13sample/s
Class tvmonitor Iteration 160  65.78sample/s
Class tvmonitor Iteration 200  81.45sample/s
Class tvmonitor acc = 0.9932
Evaluation complete in 4m 10s
Matching accuracy
aeroplane = 0.6820
bicycle = 0.6331
bird = 0.9219
boat = 0.8221
bottle = 0.6757
bus = 0.9762
car = 0.9163
cat = 0.7091
chair = 0.7490
cow = 0.8266
dog = 0.8016
horse = 0.7301
motorbike = 0.8041
person = 0.7222
pottedplant = 0.9943
sheep = 0.7896
train = 0.9749
tvmonitor = 0.9932
average = 0.8179
Epoch 3/6
----------
lr = 1.50e-06, 5.00e-05
Epoch 3/6: 100%|██████████| 2000/2000 [07:10<00:00,  4.64it/s, loss=1.4487, acc=0.9660]
epoch loss: 1.3346588579062373, epoch accuracy: 0.9660428658201486
completed in 430.85s (7.18m)
Start evaluation...
Evaluating class aeroplane: 0/18
Class aeroplane Iteration 40   100.96sample/s
Class aeroplane Iteration 80   120.37sample/s
Class aeroplane Iteration 120  114.57sample/s
Class aeroplane Iteration 160  115.78sample/s
Class aeroplane Iteration 200  127.59sample/s
Class aeroplane acc = 0.6815
Evaluating class bicycle: 1/18
Class bicycle  Iteration 40   97.84sample/s
Class bicycle  Iteration 80   121.80sample/s
Class bicycle  Iteration 120  117.28sample/s
Class bicycle  Iteration 160  121.10sample/s
Class bicycle  Iteration 200  135.97sample/s
Class bicycle acc = 0.6423
Evaluating class bird: 2/18
Class bird     Iteration 40   99.95sample/s
Class bird     Iteration 80   119.99sample/s
Class bird     Iteration 120  118.84sample/s
Class bird     Iteration 160  123.70sample/s
Class bird     Iteration 200  116.59sample/s
Class bird acc = 0.9201
Evaluating class boat: 3/18
Class boat     Iteration 40   96.48sample/s
Class boat     Iteration 80   102.57sample/s
Class boat     Iteration 120  123.72sample/s
Class boat     Iteration 160  126.57sample/s
Class boat     Iteration 200  140.56sample/s
Class boat acc = 0.8304
Evaluating class bottle: 4/18
Class bottle   Iteration 40   69.48sample/s
Class bottle   Iteration 80   70.15sample/s
Class bottle   Iteration 120  69.87sample/s
Class bottle   Iteration 160  71.42sample/s
Class bottle   Iteration 200  73.07sample/s
Class bottle acc = 0.6761
Evaluating class bus: 5/18
Class bus      Iteration 40   62.95sample/s
Class bus      Iteration 80   64.87sample/s
Class bus      Iteration 120  66.93sample/s
Class bus      Iteration 160  66.20sample/s
Class bus      Iteration 200  74.06sample/s
Class bus acc = 0.9787
Evaluating class car: 6/18
Class car      Iteration 40   58.38sample/s
Class car      Iteration 80   62.83sample/s
Class car      Iteration 120  59.13sample/s
Class car      Iteration 160  69.68sample/s
Class car      Iteration 200  81.18sample/s
Class car acc = 0.9188
Evaluating class cat: 7/18
Class cat      Iteration 40   61.21sample/s
Class cat      Iteration 80   68.91sample/s
Class cat      Iteration 120  67.90sample/s
Class cat      Iteration 160  68.11sample/s
Class cat      Iteration 200  64.85sample/s
Class cat acc = 0.7154
Evaluating class chair: 8/18
Class chair    Iteration 40   62.60sample/s
Class chair    Iteration 80   67.83sample/s
Class chair    Iteration 120  66.79sample/s
Class chair    Iteration 160  63.94sample/s
Class chair    Iteration 200  74.32sample/s
Class chair acc = 0.7483
Evaluating class cow: 9/18
Class cow      Iteration 40   60.37sample/s
Class cow      Iteration 80   66.16sample/s
Class cow      Iteration 120  64.07sample/s
Class cow      Iteration 160  66.38sample/s
Class cow      Iteration 200  78.24sample/s
Class cow acc = 0.8285
Evaluating class dog: 10/18
Class dog      Iteration 40   61.90sample/s
Class dog      Iteration 80   68.61sample/s
Class dog      Iteration 120  68.37sample/s
Class dog      Iteration 160  69.64sample/s
Class dog      Iteration 200  70.76sample/s
Class dog acc = 0.7976
Evaluating class horse: 11/18
Class horse    Iteration 40   73.19sample/s
Class horse    Iteration 80   68.79sample/s
Class horse    Iteration 120  68.78sample/s
Class horse    Iteration 160  70.48sample/s
Class horse    Iteration 200  70.11sample/s
Class horse acc = 0.7278
Evaluating class motorbike: 12/18
Class motorbike Iteration 40   60.23sample/s
Class motorbike Iteration 80   67.83sample/s
Class motorbike Iteration 120  63.61sample/s
Class motorbike Iteration 160  67.96sample/s
Class motorbike Iteration 200  76.73sample/s
Class motorbike acc = 0.7973
Evaluating class person: 13/18
Class person   Iteration 40   63.79sample/s
Class person   Iteration 80   62.68sample/s
Class person   Iteration 120  60.52sample/s
Class person   Iteration 160  66.71sample/s
Class person   Iteration 200  74.62sample/s
Class person acc = 0.7218
Evaluating class pottedplant: 14/18
Class pottedplant Iteration 40   56.37sample/s
Class pottedplant Iteration 80   57.45sample/s
Class pottedplant Iteration 120  61.23sample/s
Class pottedplant Iteration 160  65.34sample/s
Class pottedplant Iteration 200  69.45sample/s
Class pottedplant acc = 0.9943
Evaluating class sheep: 15/18
Class sheep    Iteration 40   54.38sample/s
Class sheep    Iteration 80   56.20sample/s
Class sheep    Iteration 120  63.79sample/s
Class sheep    Iteration 160  65.77sample/s
Class sheep    Iteration 200  76.52sample/s
Class sheep acc = 0.7851
Evaluating class train: 16/18
Class train    Iteration 40   61.51sample/s
Class train    Iteration 80   67.38sample/s
Class train    Iteration 120  69.37sample/s
Class train    Iteration 160  68.19sample/s
Class train    Iteration 200  79.57sample/s
Class train acc = 0.9756
Evaluating class tvmonitor: 17/18
Class tvmonitor Iteration 40   56.38sample/s
Class tvmonitor Iteration 80   65.82sample/s
Class tvmonitor Iteration 120  68.50sample/s
Class tvmonitor Iteration 160  69.36sample/s
Class tvmonitor Iteration 200  84.18sample/s
Class tvmonitor acc = 0.9925
Evaluation complete in 4m 6s
Matching accuracy
aeroplane = 0.6815
bicycle = 0.6423
bird = 0.9201
boat = 0.8304
bottle = 0.6761
bus = 0.9787
car = 0.9188
cat = 0.7154
chair = 0.7483
cow = 0.8285
dog = 0.7976
horse = 0.7278
motorbike = 0.7973
person = 0.7218
pottedplant = 0.9943
sheep = 0.7851
train = 0.9756
tvmonitor = 0.9925
average = 0.8184
Epoch 4/6
----------
lr = 1.50e-06, 5.00e-05
Epoch 4/6: 100%|██████████| 2000/2000 [07:11<00:00,  4.64it/s, loss=1.7568, acc=0.9687]
epoch loss: 1.2885912856562063, epoch accuracy: 0.9686880583723536
completed in 431.11s (7.19m)
Start evaluation...
Evaluating class aeroplane: 0/18
Class aeroplane Iteration 40   99.42sample/s
Class aeroplane Iteration 80   118.58sample/s
Class aeroplane Iteration 120  105.65sample/s
Class aeroplane Iteration 160  105.96sample/s
Class aeroplane Iteration 200  121.08sample/s
Class aeroplane acc = 0.6960
Evaluating class bicycle: 1/18
Class bicycle  Iteration 40   94.27sample/s
Class bicycle  Iteration 80   109.61sample/s
Class bicycle  Iteration 120  109.69sample/s
Class bicycle  Iteration 160  107.90sample/s
Class bicycle  Iteration 200  114.94sample/s
Class bicycle acc = 0.6386
Evaluating class bird: 2/18
Class bird     Iteration 40   99.76sample/s
Class bird     Iteration 80   116.20sample/s
Class bird     Iteration 120  113.77sample/s
Class bird     Iteration 160  110.79sample/s
Class bird     Iteration 200  112.55sample/s
Class bird acc = 0.9168
Evaluating class boat: 3/18
Class boat     Iteration 40   94.50sample/s
Class boat     Iteration 80   103.16sample/s
Class boat     Iteration 120  112.83sample/s
Class boat     Iteration 160  105.65sample/s
Class boat     Iteration 200  117.19sample/s
Class boat acc = 0.8252
Evaluating class bottle: 4/18
Class bottle   Iteration 40   94.85sample/s
Class bottle   Iteration 80   141.34sample/s
Class bottle   Iteration 120  141.90sample/s
Class bottle   Iteration 160  135.88sample/s
Class bottle   Iteration 200  68.23sample/s
Class bottle acc = 0.6737
Evaluating class bus: 5/18
Class bus      Iteration 40   51.88sample/s
Class bus      Iteration 80   60.06sample/s
Class bus      Iteration 120  66.23sample/s
Class bus      Iteration 160  78.36sample/s
Class bus      Iteration 200  70.49sample/s
Class bus acc = 0.9781
Evaluating class car: 6/18
Class car      Iteration 40   50.14sample/s
Class car      Iteration 80   59.58sample/s
Class car      Iteration 120  55.17sample/s
Class car      Iteration 160  73.35sample/s
Class car      Iteration 200  63.52sample/s
Class car acc = 0.9230
Evaluating class cat: 7/18
Class cat      Iteration 40   58.17sample/s
Class cat      Iteration 80   63.43sample/s
Class cat      Iteration 120  64.20sample/s
Class cat      Iteration 160  75.45sample/s
Class cat      Iteration 200  63.54sample/s
Class cat acc = 0.7177
Evaluating class chair: 8/18
Class chair    Iteration 40   54.71sample/s
Class chair    Iteration 80   61.07sample/s
Class chair    Iteration 120  64.96sample/s
Class chair    Iteration 160  69.35sample/s
Class chair    Iteration 200  69.08sample/s
Class chair acc = 0.7543
Evaluating class cow: 9/18
Class cow      Iteration 40   54.16sample/s
Class cow      Iteration 80   61.24sample/s
Class cow      Iteration 120  58.25sample/s
Class cow      Iteration 160  63.57sample/s
Class cow      Iteration 200  64.79sample/s
Class cow acc = 0.8347
Evaluating class dog: 10/18
Class dog      Iteration 40   56.31sample/s
Class dog      Iteration 80   62.71sample/s
Class dog      Iteration 120  63.28sample/s
Class dog      Iteration 160  72.94sample/s
Class dog      Iteration 200  63.95sample/s
Class dog acc = 0.8080
Evaluating class horse: 11/18
Class horse    Iteration 40   58.07sample/s
Class horse    Iteration 80   64.65sample/s
Class horse    Iteration 120  66.19sample/s
Class horse    Iteration 160  68.16sample/s
Class horse    Iteration 200  75.06sample/s
Class horse acc = 0.7290
Evaluating class motorbike: 12/18
Class motorbike Iteration 40   55.04sample/s
Class motorbike Iteration 80   66.32sample/s
Class motorbike Iteration 120  62.47sample/s
Class motorbike Iteration 160  66.86sample/s
Class motorbike Iteration 200  73.30sample/s
Class motorbike acc = 0.7948
Evaluating class person: 13/18
Class person   Iteration 40   54.83sample/s
Class person   Iteration 80   63.59sample/s
Class person   Iteration 120  59.79sample/s
Class person   Iteration 160  66.32sample/s
Class person   Iteration 200  75.75sample/s
Class person acc = 0.7274
Evaluating class pottedplant: 14/18
Class pottedplant Iteration 40   47.82sample/s
Class pottedplant Iteration 80   55.95sample/s
Class pottedplant Iteration 120  56.94sample/s
Class pottedplant Iteration 160  75.89sample/s
Class pottedplant Iteration 200  57.21sample/s
Class pottedplant acc = 0.9936
Evaluating class sheep: 15/18
Class sheep    Iteration 40   47.21sample/s
Class sheep    Iteration 80   51.14sample/s
Class sheep    Iteration 120  58.33sample/s
Class sheep    Iteration 160  60.90sample/s
Class sheep    Iteration 200  66.67sample/s
Class sheep acc = 0.7945
Evaluating class train: 16/18
Class train    Iteration 40   58.39sample/s
Class train    Iteration 80   67.63sample/s
Class train    Iteration 120  71.29sample/s
Class train    Iteration 160  66.73sample/s
Class train    Iteration 200  67.40sample/s
Class train acc = 0.9761
Evaluating class tvmonitor: 17/18
Class tvmonitor Iteration 40   58.24sample/s
Class tvmonitor Iteration 80   67.91sample/s
Class tvmonitor Iteration 120  74.12sample/s
Class tvmonitor Iteration 160  67.31sample/s
Class tvmonitor Iteration 200  64.88sample/s
Class tvmonitor acc = 0.9932
Evaluation complete in 4m 15s
Matching accuracy
aeroplane = 0.6960
bicycle = 0.6386
bird = 0.9168
boat = 0.8252
bottle = 0.6737
bus = 0.9781
car = 0.9230
cat = 0.7177
chair = 0.7543
cow = 0.8347
dog = 0.8080
horse = 0.7290
motorbike = 0.7948
person = 0.7274
pottedplant = 0.9936
sheep = 0.7945
train = 0.9761
tvmonitor = 0.9932
average = 0.8208
Epoch 5/6
----------
lr = 1.50e-07, 5.00e-06
Epoch 5/6: 100%|██████████| 2000/2000 [07:08<00:00,  4.67it/s, loss=0.6314, acc=0.9731]
epoch loss: 1.241537762464024, epoch accuracy: 0.9731015632908646
completed in 428.67s (7.14m)
Start evaluation...
Evaluating class aeroplane: 0/18
Class aeroplane Iteration 40   85.39sample/s
Class aeroplane Iteration 80   91.10sample/s
Class aeroplane Iteration 120  82.11sample/s
Class aeroplane Iteration 160  87.79sample/s
Class aeroplane Iteration 200  94.81sample/s
Class aeroplane acc = 0.6924
Evaluating class bicycle: 1/18
Class bicycle  Iteration 40   74.53sample/s
Class bicycle  Iteration 80   90.15sample/s
Class bicycle  Iteration 120  77.94sample/s
Class bicycle  Iteration 160  77.88sample/s
Class bicycle  Iteration 200  91.12sample/s
Class bicycle acc = 0.6430
Evaluating class bird: 2/18
Class bird     Iteration 40   69.38sample/s
Class bird     Iteration 80   74.92sample/s
Class bird     Iteration 120  70.61sample/s
Class bird     Iteration 160  86.81sample/s
Class bird     Iteration 200  71.25sample/s
Class bird acc = 0.9135
Evaluating class boat: 3/18
Class boat     Iteration 40   62.84sample/s
Class boat     Iteration 80   73.10sample/s
Class boat     Iteration 120  82.82sample/s
Class boat     Iteration 160  83.04sample/s
Class boat     Iteration 200  112.04sample/s
Class boat acc = 0.8292
Evaluating class bottle: 4/18
Class bottle   Iteration 40   80.35sample/s
Class bottle   Iteration 80   52.33sample/s
Class bottle   Iteration 120  56.21sample/s
Class bottle   Iteration 160  56.33sample/s
Class bottle   Iteration 200  55.06sample/s
Class bottle acc = 0.6750
Evaluating class bus: 5/18
Class bus      Iteration 40   45.87sample/s
Class bus      Iteration 80   44.52sample/s
Class bus      Iteration 120  47.57sample/s
Class bus      Iteration 160  49.90sample/s
Class bus      Iteration 200  55.32sample/s
Class bus acc = 0.9801
Evaluating class car: 6/18
Class car      Iteration 40   43.49sample/s
Class car      Iteration 80   36.98sample/s
Class car      Iteration 120  39.01sample/s
Class car      Iteration 160  52.34sample/s
Class car      Iteration 200  52.49sample/s
Class car acc = 0.9240
Evaluating class cat: 7/18
Class cat      Iteration 40   59.39sample/s
Class cat      Iteration 80   56.79sample/s
Class cat      Iteration 120  58.27sample/s
Class cat      Iteration 160  59.11sample/s
Class cat      Iteration 200  57.69sample/s
Class cat acc = 0.7200
Evaluating class chair: 8/18
Class chair    Iteration 40   56.96sample/s
Class chair    Iteration 80   53.78sample/s
Class chair    Iteration 120  56.46sample/s
Class chair    Iteration 160  51.93sample/s
Class chair    Iteration 200  62.86sample/s
Class chair acc = 0.7547
Evaluating class cow: 9/18
Class cow      Iteration 40   54.02sample/s
Class cow      Iteration 80   55.13sample/s
Class cow      Iteration 120  34.44sample/s
Class cow      Iteration 160  52.69sample/s
Class cow      Iteration 200  56.89sample/s
Class cow acc = 0.8329
Evaluating class dog: 10/18
Class dog      Iteration 40   55.19sample/s
Class dog      Iteration 80   59.21sample/s
Class dog      Iteration 120  55.28sample/s
Class dog      Iteration 160  58.09sample/s
Class dog      Iteration 200  53.03sample/s
Class dog acc = 0.8087
Evaluating class horse: 11/18
Class horse    Iteration 40   52.57sample/s
Class horse    Iteration 80   58.43sample/s
Class horse    Iteration 120  54.22sample/s
Class horse    Iteration 160  54.59sample/s
Class horse    Iteration 200  55.14sample/s
Class horse acc = 0.7302
Evaluating class motorbike: 12/18
Class motorbike Iteration 40   50.41sample/s
Class motorbike Iteration 80   51.72sample/s
Class motorbike Iteration 120  52.13sample/s
Class motorbike Iteration 160  53.66sample/s
Class motorbike Iteration 200  54.13sample/s
Class motorbike acc = 0.7934
Evaluating class person: 13/18
Class person   Iteration 40   47.06sample/s
Class person   Iteration 80   50.99sample/s
Class person   Iteration 120  48.65sample/s
Class person   Iteration 160  49.69sample/s
Class person   Iteration 200  58.16sample/s
Class person acc = 0.7281
Evaluating class pottedplant: 14/18
Class pottedplant Iteration 40   47.41sample/s
Class pottedplant Iteration 80   49.86sample/s
Class pottedplant Iteration 120  50.21sample/s
Class pottedplant Iteration 160  55.02sample/s
Class pottedplant Iteration 200  49.46sample/s
Class pottedplant acc = 0.9929
Evaluating class sheep: 15/18
Class sheep    Iteration 40   45.34sample/s
Class sheep    Iteration 80   44.69sample/s
Class sheep    Iteration 120  51.50sample/s
Class sheep    Iteration 160  52.00sample/s
Class sheep    Iteration 200  69.75sample/s
Class sheep acc = 0.7930
Evaluating class train: 16/18
Class train    Iteration 40   52.24sample/s
Class train    Iteration 80   59.24sample/s
Class train    Iteration 120  57.26sample/s
Class train    Iteration 160  59.89sample/s
Class train    Iteration 200  58.33sample/s
Class train acc = 0.9766
Evaluating class tvmonitor: 17/18
Class tvmonitor Iteration 40   52.74sample/s
Class tvmonitor Iteration 80   60.16sample/s
Class tvmonitor Iteration 120  61.32sample/s
Class tvmonitor Iteration 160  59.05sample/s
Class tvmonitor Iteration 200  59.63sample/s
Class tvmonitor acc = 0.9931
Evaluation complete in 5m 15s
Matching accuracy
aeroplane = 0.6924
bicycle = 0.6430
bird = 0.9135
boat = 0.8292
bottle = 0.6750
bus = 0.9801
car = 0.9240
cat = 0.7200
chair = 0.7547
cow = 0.8329
dog = 0.8087
horse = 0.7302
motorbike = 0.7934
person = 0.7281
pottedplant = 0.9929
sheep = 0.7930
train = 0.9766
tvmonitor = 0.9931
average = 0.8212
Epoch 6/6
----------
lr = 1.50e-07, 5.00e-06
Epoch 6/6: 100%|██████████| 2000/2000 [07:09<00:00,  4.66it/s, loss=1.0820, acc=0.9734]
epoch loss: 1.2407401408376173, epoch accuracy: 0.9733925574396667
completed in 429.15s (7.15m)
Start evaluation...
Evaluating class aeroplane: 0/18
Class aeroplane Iteration 40   98.02sample/s
Class aeroplane Iteration 80   112.22sample/s
Class aeroplane Iteration 120  113.45sample/s
Class aeroplane Iteration 160  112.07sample/s
Class aeroplane Iteration 200  125.84sample/s
Class aeroplane acc = 0.6919
Evaluating class bicycle: 1/18
Class bicycle  Iteration 40   98.31sample/s
Class bicycle  Iteration 80   124.04sample/s
Class bicycle  Iteration 120  117.65sample/s
Class bicycle  Iteration 160  101.33sample/s
Class bicycle  Iteration 200  119.76sample/s
Class bicycle acc = 0.6450
Evaluating class bird: 2/18
Class bird     Iteration 40   95.26sample/s
Class bird     Iteration 80   109.76sample/s
Class bird     Iteration 120  115.07sample/s
Class bird     Iteration 160  110.38sample/s
Class bird     Iteration 200  104.53sample/s
Class bird acc = 0.9158
Evaluating class boat: 3/18
Class boat     Iteration 40   86.47sample/s
Class boat     Iteration 80   93.75sample/s
Class boat     Iteration 120  102.79sample/s
Class boat     Iteration 160  108.66sample/s
Class boat     Iteration 200  109.58sample/s
Class boat acc = 0.8321
Evaluating class bottle: 4/18
Class bottle   Iteration 40   93.15sample/s
Class bottle   Iteration 80   109.61sample/s
Class bottle   Iteration 120  102.72sample/s
Class bottle   Iteration 160  106.93sample/s
Class bottle   Iteration 200  98.52sample/s
Class bottle acc = 0.6757
Evaluating class bus: 5/18
Class bus      Iteration 40   92.25sample/s
Class bus      Iteration 80   128.74sample/s
Class bus      Iteration 120  134.37sample/s
Class bus      Iteration 160  83.23sample/s
Class bus      Iteration 200  70.14sample/s
Class bus acc = 0.9814
Evaluating class car: 6/18
Class car      Iteration 40   49.50sample/s
Class car      Iteration 80   59.47sample/s
Class car      Iteration 120  60.57sample/s
Class car      Iteration 160  73.35sample/s
Class car      Iteration 200  66.52sample/s
Class car acc = 0.9243
Evaluating class cat: 7/18
Class cat      Iteration 40   58.13sample/s
Class cat      Iteration 80   65.91sample/s
Class cat      Iteration 120  70.98sample/s
Class cat      Iteration 160  68.41sample/s
Class cat      Iteration 200  65.02sample/s
Class cat acc = 0.7218
Evaluating class chair: 8/18
Class chair    Iteration 40   55.72sample/s
Class chair    Iteration 80   65.53sample/s
Class chair    Iteration 120  67.80sample/s
Class chair    Iteration 160  64.41sample/s
Class chair    Iteration 200  67.93sample/s
Class chair acc = 0.7584
Evaluating class cow: 9/18
Class cow      Iteration 40   55.77sample/s
Class cow      Iteration 80   64.84sample/s
Class cow      Iteration 120  63.43sample/s
Class cow      Iteration 160  71.07sample/s
Class cow      Iteration 200  66.70sample/s
Class cow acc = 0.8322
Evaluating class dog: 10/18
Class dog      Iteration 40   58.77sample/s
Class dog      Iteration 80   67.96sample/s
Class dog      Iteration 120  73.26sample/s
Class dog      Iteration 160  71.34sample/s
Class dog      Iteration 200  67.09sample/s
Class dog acc = 0.8072
Evaluating class horse: 11/18
Class horse    Iteration 40   60.96sample/s
Class horse    Iteration 80   68.26sample/s
Class horse    Iteration 120  69.00sample/s
Class horse    Iteration 160  76.55sample/s
Class horse    Iteration 200  67.72sample/s
Class horse acc = 0.7325
Evaluating class motorbike: 12/18
Class motorbike Iteration 40   57.65sample/s
Class motorbike Iteration 80   68.47sample/s
Class motorbike Iteration 120  68.45sample/s
Class motorbike Iteration 160  92.92sample/s
Class motorbike Iteration 200  69.26sample/s
Class motorbike acc = 0.7995
Evaluating class person: 13/18
Class person   Iteration 40   58.62sample/s
Class person   Iteration 80   66.12sample/s
Class person   Iteration 120  61.13sample/s
Class person   Iteration 160  70.46sample/s
Class person   Iteration 200  69.85sample/s
Class person acc = 0.7224
Evaluating class pottedplant: 14/18
Class pottedplant Iteration 40   49.42sample/s
Class pottedplant Iteration 80   58.58sample/s
Class pottedplant Iteration 120  66.16sample/s
Class pottedplant Iteration 160  73.57sample/s
Class pottedplant Iteration 200  61.88sample/s
Class pottedplant acc = 0.9929
Evaluating class sheep: 15/18
Class sheep    Iteration 40   53.31sample/s
Class sheep    Iteration 80   56.74sample/s
Class sheep    Iteration 120  75.42sample/s
Class sheep    Iteration 160  62.95sample/s
Class sheep    Iteration 200  70.62sample/s
Class sheep acc = 0.7911
Evaluating class train: 16/18
Class train    Iteration 40   64.67sample/s
Class train    Iteration 80   68.12sample/s
Class train    Iteration 120  77.38sample/s
Class train    Iteration 160  70.23sample/s
Class train    Iteration 200  68.76sample/s
Class train acc = 0.9766
Evaluating class tvmonitor: 17/18
Class tvmonitor Iteration 40   59.63sample/s
Class tvmonitor Iteration 80   70.15sample/s
Class tvmonitor Iteration 120  78.11sample/s
Class tvmonitor Iteration 160  70.36sample/s
Class tvmonitor Iteration 200  69.18sample/s
Class tvmonitor acc = 0.9932
Evaluation complete in 4m 2s
Matching accuracy
aeroplane = 0.6919
bicycle = 0.6450
bird = 0.9158
boat = 0.8321
bottle = 0.6757
bus = 0.9814
car = 0.9243
cat = 0.7218
chair = 0.7584
cow = 0.8322
dog = 0.8072
horse = 0.7325
motorbike = 0.7995
person = 0.7224
pottedplant = 0.9929
sheep = 0.7911
train = 0.9766
tvmonitor = 0.9932
average = 0.8219
[1;34mwandb[0m: 
[1;34mwandb[0m: You can sync this run to the cloud by running:
[1;34mwandb[0m: [1mwandb sync /scratch/hpc-prf-llmrout/hpcabpo/nmt/wandb/wandb/offline-run-20260916_110832-7gk17rhb[0m
[1;34mwandb[0m: Find logs at: [1;35m../../../../../../scratch/hpc-prf-llmrout/hpcabpo/nmt/wandb/wandb/offline-run-20260916_110832-7gk17rhb/logs[0m
