CPU_SET_HEX_STR_SIZE: 257, Size of mstr: 257
cpu-bind=MASK - gpu1016, task  0  0 [1469303]: mask |BBBBBBBB|--------|--------|--------|--------|--------|--------|--------|--------|BBBBBBBB|--------|--------||||--------|--------|--------|--------|--------|--------|--------|--------|--------|--------|--------|--------| set
job=3039618 node=gpu1016 gpu=NVIDIA H100 config=/scratch/hpc-prf-llmrout/hpcabpo/nmt/runs/configs/rational_k3_seed0.json wandb=offline
backbone=vgg16 image_size=256 conv=rational model_dir=/scratch/hpc-prf-llmrout/hpcabpo/nmt/runs/spair_vgg16/rational_k3_seed0
{
    "BACKBONE": "vgg16",
    "BACKBONE_DIR": "/scratch/hpc-prf-llmrout/hpcabpo/nmt/checkpoints",
    "BATCH_SIZE": 5,
    "CACHE_PATH": "data/cache",
    "DATASET_NAME": "SPair71k",
    "EVAL": {
        "SAMPLES": 1000,
        "difficulty_params": {},
        "num_graphs_in_matching_instance": 2
    },
    "IMAGE_SIZE": 256,
    "Matching_TF": {
        "activation": "relu",
        "batch_norm": true,
        "d_model": 648,
        "nGPT_mlp_hidden_mult": 6,
        "n_decoder": 4,
        "n_encoder": 4,
        "n_head": 12,
        "n_lap_EigVec": 8,
        "pos_encoding": false
    },
    "NORM_MEANS": [
        0.485,
        0.456,
        0.406
    ],
    "NORM_STD": [
        0.229,
        0.224,
        0.225
    ],
    "RANDOM_SEED": 0,
    "SPLINE_CNN": {
        "aggr": "max",
        "conv": "rational",
        "degrees": [
            5,
            4
        ],
        "dim": 2,
        "init": "spline",
        "init_noise": 0.001,
        "input_features": 1024,
        "kernel_size": 3,
        "num_bases": 0,
        "output_features": 648,
        "poly": "chebyshev",
        "pyg_init": true,
        "rational_basis": "product",
        "safe": "B",
        "vp": false
    },
    "SPair": {
        "CLASSES": [
            "aeroplane",
            "bicycle",
            "bird",
            "boat",
            "boat",
            "bottle",
            "bus",
            "car",
            "cat",
            "chair",
            "cow",
            "dog",
            "horse",
            "motorbike",
            "person",
            "pottedplant",
            "sheep",
            "train",
            "tvmonitor"
        ],
        "ROOT_DIR": "/pc2/groups/hpc-prf-llmrout/hpcabpo/rational-basis-cnn/data/SPair-71k",
        "size": "large"
    },
    "STATISTIC_STEP": 1,
    "TRACK_GRAD_NORM": false,
    "TRAIN": {
        "EPOCH_ITERS": 2000,
        "LR": 0.0005,
        "_comment_epochs": "lr_schedule long_halving5 defines 12 epochs; max_epochs stops after 7. NMT trains ~11 epochs per day, so 7 epochs is ~15.3 h. Both LR drops (epochs 2 and 5) still happen.",
        "clip_norm": 0,
        "cutmix_beta": 1.0,
        "cutmix_prob": 0.3,
        "difficulty_params": {},
        "layer_loss_param": 0.3,
        "lr_schedule": "long_halving5",
        "max_epochs": 7,
        "mixup_alpha": 0.8,
        "mixup_prob": 0.3,
        "num_graphs_in_matching_instance": 2,
        "random_erasing_prob": 0.3,
        "temperature": 0.1,
        "weight_decay": 0
    },
    "USE_SYNTHETIC": false,
    "VOC2011": {
        "CLASSES": [
            "aeroplane",
            "bicycle",
            "bird",
            "boat",
            "bottle",
            "bus",
            "car",
            "cat",
            "chair",
            "cow",
            "diningtable",
            "dog",
            "horse",
            "motorbike",
            "person",
            "pottedplant",
            "sheep",
            "sofa",
            "train",
            "tvmonitor"
        ],
        "KPT_ANNO_DIR": "/data/cat/ws/tosa098h-abtin_NormMatchTrans/data/downloaded/PascalVOC/annotations/",
        "ROOT_DIR": "/data/cat/ws/tosa098h-abtin_NormMatchTrans/data/downloaded/PascalVOC/VOC2011/",
        "SET_SPLIT": "/data/cat/ws/tosa098h-abtin_NormMatchTrans/data/split/voc2011_pairs.npz"
    },
    "WILLOW": {
        "CLASSES": [
            "Car",
            "Duck",
            "Face",
            "Motorbike",
            "Winebottle"
        ],
        "KPT_LEN": 10,
        "ROOT_DIR": "./data/downloaded/WILLOW/WILLOW-ObjectClass",
        "TRAIN_NUM": 20,
        "TRAIN_OFFSET": 0
    },
    "_generated_by": "slurm/make_config.py rational_k3 0",
    "combine_classes": false,
    "default_json": "experiments/voc_basic.json",
    "eval_sampling": "intersection",
    "evaluate_only": false,
    "exclude_willow_classes": false,
    "keep_last_checkpoint_only": true,
    "log_dir": "runs/",
    "model_dir": "/scratch/hpc-prf-llmrout/hpcabpo/nmt/runs/spair_vgg16/rational_k3_seed0",
    "save_checkpoint": true,
    "train_sampling": "intersection",
    "visualization_params": {
        "produce_pdf": false,
        "reduced_vis": true
    },
    "visualize": false,
    "warmstart_path": null
}
wandb: Tracking run with wandb version 0.30.0
wandb: W&B syncing is set to `offline` in this directory. Run `wandb online` or set WANDB_MODE=online to enable cloud syncing.
wandb: Run data is saved locally in /scratch/hpc-prf-llmrout/hpcabpo/nmt/wandb/wandb/offline-run-20260916_111045-rcv9iqub
wandb: View this run in the terminal with `wandb leet`
No difficulty parameters for trn-set. Using all available data.
Number of annotation pairs matching the difficulty params in trn-set: {'aeroplane': 2924, 'bicycle': 2946, 'bird': 3080, 'boat': 2936, 'bottle': 2448, 'bus': 2708, 'car': 2960, 'cat': 3306, 'chair': 3060, 'cow': 3118, 'dog': 3192, 'horse': 3136, 'motorbike': 3180, 'person': 3066, 'pottedplant': 2446, 'sheep': 3140, 'train': 2752, 'tvmonitor': 2942}
TRUE EPOCHS:  False
10000
Initializing trn-set. Randomly sampling 10000 examples.
/pc2/groups/hpc-prf-llmrout/hpcabpo/nmt/conda/envs/nmt/lib/python3.12/site-packages/albumentations/core/composition.py:331: UserWarning: Got processor for keypoints, but no transform to process it.
  self._set_keys()
No difficulty parameters for test-set. Using all available data.
Number of annotation pairs matching the difficulty params in test-set: {'aeroplane': 690, 'bicycle': 650, 'bird': 702, 'boat': 702, 'bottle': 870, 'bus': 644, 'car': 564, 'cat': 600, 'chair': 646, 'cow': 640, 'dog': 600, 'horse': 600, 'motorbike': 702, 'person': 650, 'pottedplant': 862, 'sheep': 664, 'train': 756, 'tvmonitor': 692}
TRUE EPOCHS:  False
1000
Initializing test-set. Randomly sampling 1000 examples.
/pc2/groups/hpc-prf-llmrout/hpcabpo/nmt/conda/envs/nmt/lib/python3.12/site-packages/torchvision/models/_utils.py:208: UserWarning: The parameter 'pretrained' is deprecated since 0.13 and may be removed in the future, please use 'weights' instead.
  warnings.warn(
/pc2/groups/hpc-prf-llmrout/hpcabpo/nmt/conda/envs/nmt/lib/python3.12/site-packages/torchvision/models/_utils.py:223: UserWarning: Arguments other than a weight enum or `None` for 'weights' are deprecated since 0.13 and may be removed in the future. The current behavior is equivalent to passing `weights=VGG16_Weights.IMAGENET1K_V1`. You can also use `weights=VGG16_Weights.DEFAULT` to get the most up-to-date weights.
  warnings.warn(msg)
stopping after 7 epochs (cfg.TRAIN.max_epochs; schedule 'long_halving5' defines 12)
Start training...
NMT model on device: cuda:0
Epoch 0/6
----------
lr = 1.50e-05, 5.00e-04
Epoch 0/6:   0%|          | 0/2000 [00:00<?, ?it/s]/pc2/groups/hpc-prf-llmrout/hpcabpo/nmt/conda/envs/nmt/lib/python3.12/site-packages/torch_geometric/utils/_scatter.py:91: UserWarning: The usage of `scatter(reduce='max')` can be accelerated via the 'torch-scatter' package, but it was not found
  warnings.warn(
[rank0]:[W916 11:10:49.786839063 reducer.cpp:1528] Warning: find_unused_parameters=True was specified in DDP constructor, but did not find any unused parameters in the forward pass. This flag results in an extra traversal of the autograd graph every iteration,  which can adversely affect performance. If your model indeed never has any unused parameters in the forward pass, consider turning this flag off. Note that this warning may be a false positive if your model has flow control causing later iterations to have unused parameters. (function operator())
Epoch 0/6: 100%|██████████| 2000/2000 [07:08<00:00,  4.67it/s, loss=1.6398, acc=0.7797]
epoch loss: 2.9094246316254138, epoch accuracy: 0.7797363824043195
completed in 428.14s (7.14m)
Start evaluation...
Evaluating class aeroplane: 0/18
Class aeroplane Iteration 40   95.64sample/s
Class aeroplane Iteration 80   121.43sample/s
Class aeroplane Iteration 120  113.62sample/s
Class aeroplane Iteration 160  131.13sample/s
Class aeroplane Iteration 200  125.42sample/s
Class aeroplane acc = 0.6335
Evaluating class bicycle: 1/18
Class bicycle  Iteration 40   105.50sample/s
Class bicycle  Iteration 80   118.08sample/s
Class bicycle  Iteration 120  127.83sample/s
Class bicycle  Iteration 160  131.70sample/s
Class bicycle  Iteration 200  126.83sample/s
Class bicycle acc = 0.5719
Evaluating class bird: 2/18
Class bird     Iteration 40   102.04sample/s
Class bird     Iteration 80   121.45sample/s
Class bird     Iteration 120  124.70sample/s
Class bird     Iteration 160  119.16sample/s
Class bird     Iteration 200  124.25sample/s
Class bird acc = 0.8899
Evaluating class boat: 3/18
Class boat     Iteration 40   97.24sample/s
Class boat     Iteration 80   116.76sample/s
Class boat     Iteration 120  109.38sample/s
Class boat     Iteration 160  123.83sample/s
Class boat     Iteration 200  134.62sample/s
Class boat acc = 0.7673
Evaluating class bottle: 4/18
Class bottle   Iteration 40   101.87sample/s
Class bottle   Iteration 80   115.93sample/s
Class bottle   Iteration 120  122.23sample/s
Class bottle   Iteration 160  120.90sample/s
Class bottle   Iteration 200  125.25sample/s
Class bottle acc = 0.6362
Evaluating class bus: 5/18
Class bus      Iteration 40   101.79sample/s
Class bus      Iteration 80   119.47sample/s
Class bus      Iteration 120  123.54sample/s
Class bus      Iteration 160  116.35sample/s
Class bus      Iteration 200  120.49sample/s
Class bus acc = 0.9705
Evaluating class car: 6/18
Class car      Iteration 40   83.11sample/s
Class car      Iteration 80   100.59sample/s
Class car      Iteration 120  114.61sample/s
Class car      Iteration 160  98.95sample/s
Class car      Iteration 200  109.04sample/s
Class car acc = 0.8594
Evaluating class cat: 7/18
Class cat      Iteration 40   96.90sample/s
Class cat      Iteration 80   67.33sample/s
Class cat      Iteration 120  87.15sample/s
Class cat      Iteration 160  92.60sample/s
Class cat      Iteration 200  83.45sample/s
Class cat acc = 0.7078
Evaluating class chair: 8/18
Class chair    Iteration 40   82.03sample/s
Class chair    Iteration 80   89.11sample/s
Class chair    Iteration 120  94.51sample/s
Class chair    Iteration 160  95.54sample/s
Class chair    Iteration 200  90.84sample/s
Class chair acc = 0.6969
Evaluating class cow: 9/18
Class cow      Iteration 40   84.35sample/s
Class cow      Iteration 80   84.20sample/s
Class cow      Iteration 120  88.24sample/s
Class cow      Iteration 160  97.48sample/s
Class cow      Iteration 200  99.48sample/s
Class cow acc = 0.8100
Evaluating class dog: 10/18
Class dog      Iteration 40   84.72sample/s
Class dog      Iteration 80   100.02sample/s
Class dog      Iteration 120  92.14sample/s
Class dog      Iteration 160  99.31sample/s
Class dog      Iteration 200  96.43sample/s
Class dog acc = 0.7495
Evaluating class horse: 11/18
Class horse    Iteration 40   84.74sample/s
Class horse    Iteration 80   97.44sample/s
Class horse    Iteration 120  95.67sample/s
Class horse    Iteration 160  98.96sample/s
Class horse    Iteration 200  96.87sample/s
Class horse acc = 0.6779
Evaluating class motorbike: 12/18
Class motorbike Iteration 40   81.64sample/s
Class motorbike Iteration 80   92.12sample/s
Class motorbike Iteration 120  95.72sample/s
Class motorbike Iteration 160  91.68sample/s
Class motorbike Iteration 200  89.86sample/s
Class motorbike acc = 0.7442
Evaluating class person: 13/18
Class person   Iteration 40   82.56sample/s
Class person   Iteration 80   90.37sample/s
Class person   Iteration 120  87.91sample/s
Class person   Iteration 160  98.31sample/s
Class person   Iteration 200  107.09sample/s
Class person acc = 0.6576
Evaluating class pottedplant: 14/18
Class pottedplant Iteration 40   75.66sample/s
Class pottedplant Iteration 80   74.69sample/s
Class pottedplant Iteration 120  85.96sample/s
Class pottedplant Iteration 160  90.87sample/s
Class pottedplant Iteration 200  99.54sample/s
Class pottedplant acc = 0.9890
Evaluating class sheep: 15/18
Class sheep    Iteration 40   73.72sample/s
Class sheep    Iteration 80   79.38sample/s
Class sheep    Iteration 120  90.76sample/s
Class sheep    Iteration 160  83.48sample/s
Class sheep    Iteration 200  95.83sample/s
Class sheep acc = 0.7188
Evaluating class train: 16/18
Class train    Iteration 40   87.64sample/s
Class train    Iteration 80   99.17sample/s
Class train    Iteration 120  100.42sample/s
Class train    Iteration 160  93.21sample/s
Class train    Iteration 200  95.42sample/s
Class train acc = 0.9539
Evaluating class tvmonitor: 17/18
Class tvmonitor Iteration 40   87.46sample/s
Class tvmonitor Iteration 80   96.27sample/s
Class tvmonitor Iteration 120  99.23sample/s
Class tvmonitor Iteration 160  88.78sample/s
Class tvmonitor Iteration 200  92.39sample/s
Class tvmonitor acc = 0.9954
Evaluation complete in 3m 4s
Matching accuracy
aeroplane = 0.6335
bicycle = 0.5719
bird = 0.8899
boat = 0.7673
bottle = 0.6362
bus = 0.9705
car = 0.8594
cat = 0.7078
chair = 0.6969
cow = 0.8100
dog = 0.7495
horse = 0.6779
motorbike = 0.7442
person = 0.6576
pottedplant = 0.9890
sheep = 0.7188
train = 0.9539
tvmonitor = 0.9954
average = 0.7794
Epoch 1/6
----------
lr = 1.50e-05, 5.00e-04
Epoch 1/6: 100%|██████████| 2000/2000 [07:10<00:00,  4.64it/s, loss=1.5480, acc=0.9005]
epoch loss: 1.9318066751733423, epoch accuracy: 0.9005474975634925
completed in 430.65s (7.18m)
Start evaluation...
Evaluating class aeroplane: 0/18
Class aeroplane Iteration 40   47.63sample/s
Class aeroplane Iteration 80   54.38sample/s
Class aeroplane Iteration 120  51.77sample/s
Class aeroplane Iteration 160  54.98sample/s
Class aeroplane Iteration 200  60.52sample/s
Class aeroplane acc = 0.6611
Evaluating class bicycle: 1/18
Class bicycle  Iteration 40   51.14sample/s
Class bicycle  Iteration 80   57.20sample/s
Class bicycle  Iteration 120  55.44sample/s
Class bicycle  Iteration 160  57.42sample/s
Class bicycle  Iteration 200  57.41sample/s
Class bicycle acc = 0.5584
Evaluating class bird: 2/18
Class bird     Iteration 40   58.40sample/s
Class bird     Iteration 80   55.79sample/s
Class bird     Iteration 120  55.75sample/s
Class bird     Iteration 160  56.13sample/s
Class bird     Iteration 200  56.95sample/s
Class bird acc = 0.8951
Evaluating class boat: 3/18
Class boat     Iteration 40   51.39sample/s
Class boat     Iteration 80   53.10sample/s
Class boat     Iteration 120  52.32sample/s
Class boat     Iteration 160  60.96sample/s
Class boat     Iteration 200  60.45sample/s
Class boat acc = 0.7855
Evaluating class bottle: 4/18
Class bottle   Iteration 40   57.35sample/s
Class bottle   Iteration 80   58.36sample/s
Class bottle   Iteration 120  57.74sample/s
Class bottle   Iteration 160  55.60sample/s
Class bottle   Iteration 200  58.84sample/s
Class bottle acc = 0.6308
Evaluating class bus: 5/18
Class bus      Iteration 40   51.98sample/s
Class bus      Iteration 80   57.16sample/s
Class bus      Iteration 120  58.94sample/s
Class bus      Iteration 160  57.45sample/s
Class bus      Iteration 200  62.28sample/s
Class bus acc = 0.9721
Evaluating class car: 6/18
Class car      Iteration 40   38.94sample/s
Class car      Iteration 80   43.56sample/s
Class car      Iteration 120  60.06sample/s
Class car      Iteration 160  55.49sample/s
Class car      Iteration 200  62.67sample/s
Class car acc = 0.8916
Evaluating class cat: 7/18
Class cat      Iteration 40   60.67sample/s
Class cat      Iteration 80   65.04sample/s
Class cat      Iteration 120  59.57sample/s
Class cat      Iteration 160  56.70sample/s
Class cat      Iteration 200  56.32sample/s
Class cat acc = 0.7506
Evaluating class chair: 8/18
Class chair    Iteration 40   50.16sample/s
Class chair    Iteration 80   63.67sample/s
Class chair    Iteration 120  55.53sample/s
Class chair    Iteration 160  52.17sample/s
Class chair    Iteration 200  54.58sample/s
Class chair acc = 0.7287
Evaluating class cow: 9/18
Class cow      Iteration 40   46.53sample/s
Class cow      Iteration 80   51.83sample/s
Class cow      Iteration 120  49.96sample/s
Class cow      Iteration 160  58.51sample/s
Class cow      Iteration 200  62.70sample/s
Class cow acc = 0.8182
Evaluating class dog: 10/18
Class dog      Iteration 40   53.84sample/s
Class dog      Iteration 80   76.95sample/s
Class dog      Iteration 120  56.58sample/s
Class dog      Iteration 160  92.95sample/s
Class dog      Iteration 200  88.98sample/s
Class dog acc = 0.7517
Evaluating class horse: 11/18
Class horse    Iteration 40   85.22sample/s
Class horse    Iteration 80   90.08sample/s
Class horse    Iteration 120  90.19sample/s
Class horse    Iteration 160  90.89sample/s
Class horse    Iteration 200  93.20sample/s
Class horse acc = 0.6860
Evaluating class motorbike: 12/18
Class motorbike Iteration 40   80.44sample/s
Class motorbike Iteration 80   83.45sample/s
Class motorbike Iteration 120  87.79sample/s
Class motorbike Iteration 160  87.21sample/s
Class motorbike Iteration 200  89.82sample/s
Class motorbike acc = 0.7839
Evaluating class person: 13/18
Class person   Iteration 40   78.20sample/s
Class person   Iteration 80   88.79sample/s
Class person   Iteration 120  83.57sample/s
Class person   Iteration 160  84.68sample/s
Class person   Iteration 200  105.01sample/s
Class person acc = 0.6395
Evaluating class pottedplant: 14/18
Class pottedplant Iteration 40   64.73sample/s
Class pottedplant Iteration 80   74.05sample/s
Class pottedplant Iteration 120  75.75sample/s
Class pottedplant Iteration 160  78.55sample/s
Class pottedplant Iteration 200  84.65sample/s
Class pottedplant acc = 0.9903
Evaluating class sheep: 15/18
Class sheep    Iteration 40   63.98sample/s
Class sheep    Iteration 80   65.32sample/s
Class sheep    Iteration 120  78.55sample/s
Class sheep    Iteration 160  87.94sample/s
Class sheep    Iteration 200  84.89sample/s
Class sheep acc = 0.7244
Evaluating class train: 16/18
Class train    Iteration 40   78.82sample/s
Class train    Iteration 80   80.42sample/s
Class train    Iteration 120  85.48sample/s
Class train    Iteration 160  82.47sample/s
Class train    Iteration 200  85.40sample/s
Class train acc = 0.9701
Evaluating class tvmonitor: 17/18
Class tvmonitor Iteration 40   80.06sample/s
Class tvmonitor Iteration 80   87.87sample/s
Class tvmonitor Iteration 120  87.71sample/s
Class tvmonitor Iteration 160  90.13sample/s
Class tvmonitor Iteration 200  85.25sample/s
Class tvmonitor acc = 0.9926
Evaluation complete in 4m 41s
Matching accuracy
aeroplane = 0.6611
bicycle = 0.5584
bird = 0.8951
boat = 0.7855
bottle = 0.6308
bus = 0.9721
car = 0.8916
cat = 0.7506
chair = 0.7287
cow = 0.8182
dog = 0.7517
horse = 0.6860
motorbike = 0.7839
person = 0.6395
pottedplant = 0.9903
sheep = 0.7244
train = 0.9701
tvmonitor = 0.9926
average = 0.7906
Epoch 2/6
----------
lr = 1.50e-06, 5.00e-05
Epoch 2/6: 100%|██████████| 2000/2000 [07:13<00:00,  4.62it/s, loss=1.5138, acc=0.9462]
epoch loss: 1.5161444295258262, epoch accuracy: 0.9461534013703778
completed in 433.04s (7.22m)
Start evaluation...
Evaluating class aeroplane: 0/18
Class aeroplane Iteration 40   49.95sample/s
Class aeroplane Iteration 80   54.41sample/s
Class aeroplane Iteration 120  53.67sample/s
Class aeroplane Iteration 160  56.45sample/s
Class aeroplane Iteration 200  58.00sample/s
Class aeroplane acc = 0.6800
Evaluating class bicycle: 1/18
Class bicycle  Iteration 40   57.62sample/s
Class bicycle  Iteration 80   54.51sample/s
Class bicycle  Iteration 120  51.59sample/s
Class bicycle  Iteration 160  54.61sample/s
Class bicycle  Iteration 200  54.59sample/s
Class bicycle acc = 0.5954
Evaluating class bird: 2/18
Class bird     Iteration 40   52.24sample/s
Class bird     Iteration 80   54.73sample/s
Class bird     Iteration 120  57.30sample/s
Class bird     Iteration 160  58.77sample/s
Class bird     Iteration 200  58.36sample/s
Class bird acc = 0.8977
Evaluating class boat: 3/18
Class boat     Iteration 40   51.84sample/s
Class boat     Iteration 80   53.36sample/s
Class boat     Iteration 120  52.42sample/s
Class boat     Iteration 160  59.13sample/s
Class boat     Iteration 200  60.62sample/s
Class boat acc = 0.7978
Evaluating class bottle: 4/18
Class bottle   Iteration 40   59.81sample/s
Class bottle   Iteration 80   56.59sample/s
Class bottle   Iteration 120  57.46sample/s
Class bottle   Iteration 160  56.64sample/s
Class bottle   Iteration 200  57.20sample/s
Class bottle acc = 0.6305
Evaluating class bus: 5/18
Class bus      Iteration 40   52.65sample/s
Class bus      Iteration 80   53.89sample/s
Class bus      Iteration 120  56.52sample/s
Class bus      Iteration 160  56.09sample/s
Class bus      Iteration 200  60.77sample/s
Class bus acc = 0.9756
Evaluating class car: 6/18
Class car      Iteration 40   43.77sample/s
Class car      Iteration 80   56.80sample/s
Class car      Iteration 120  55.00sample/s
Class car      Iteration 160  49.69sample/s
Class car      Iteration 200  57.43sample/s
Class car acc = 0.8997
Evaluating class cat: 7/18
Class cat      Iteration 40   50.99sample/s
Class cat      Iteration 80   65.78sample/s
Class cat      Iteration 120  55.72sample/s
Class cat      Iteration 160  54.74sample/s
Class cat      Iteration 200  54.93sample/s
Class cat acc = 0.7555
Evaluating class chair: 8/18
Class chair    Iteration 40   48.48sample/s
Class chair    Iteration 80   54.68sample/s
Class chair    Iteration 120  51.82sample/s
Class chair    Iteration 160  50.04sample/s
Class chair    Iteration 200  53.29sample/s
Class chair acc = 0.7456
Evaluating class cow: 9/18
Class cow      Iteration 40   45.25sample/s
Class cow      Iteration 80   48.92sample/s
Class cow      Iteration 120  64.55sample/s
Class cow      Iteration 160  80.03sample/s
Class cow      Iteration 200  95.14sample/s
Class cow acc = 0.8193
Evaluating class dog: 10/18
Class dog      Iteration 40   74.80sample/s
Class dog      Iteration 80   81.76sample/s
Class dog      Iteration 120  82.90sample/s
Class dog      Iteration 160  82.93sample/s
Class dog      Iteration 200  81.16sample/s
Class dog acc = 0.7687
Evaluating class horse: 11/18
Class horse    Iteration 40   74.22sample/s
Class horse    Iteration 80   78.37sample/s
Class horse    Iteration 120  82.40sample/s
Class horse    Iteration 160  76.82sample/s
Class horse    Iteration 200  75.95sample/s
Class horse acc = 0.7058
Evaluating class motorbike: 12/18
Class motorbike Iteration 40   71.07sample/s
Class motorbike Iteration 80   76.95sample/s
Class motorbike Iteration 120  79.29sample/s
Class motorbike Iteration 160  76.14sample/s
Class motorbike Iteration 200  78.52sample/s
Class motorbike acc = 0.8036
Evaluating class person: 13/18
Class person   Iteration 40   72.56sample/s
Class person   Iteration 80   79.83sample/s
Class person   Iteration 120  77.06sample/s
Class person   Iteration 160  78.48sample/s
Class person   Iteration 200  99.32sample/s
Class person acc = 0.6672
Evaluating class pottedplant: 14/18
Class pottedplant Iteration 40   63.49sample/s
Class pottedplant Iteration 80   62.86sample/s
Class pottedplant Iteration 120  71.24sample/s
Class pottedplant Iteration 160  72.03sample/s
Class pottedplant Iteration 200  84.62sample/s
Class pottedplant acc = 0.9941
Evaluating class sheep: 15/18
Class sheep    Iteration 40   62.23sample/s
Class sheep    Iteration 80   66.47sample/s
Class sheep    Iteration 120  80.40sample/s
Class sheep    Iteration 160  71.77sample/s
Class sheep    Iteration 200  80.44sample/s
Class sheep acc = 0.7742
Evaluating class train: 16/18
Class train    Iteration 40   81.78sample/s
Class train    Iteration 80   82.16sample/s
Class train    Iteration 120  79.86sample/s
Class train    Iteration 160  74.82sample/s
Class train    Iteration 200  76.34sample/s
Class train acc = 0.9734
Evaluating class tvmonitor: 17/18
Class tvmonitor Iteration 40   80.85sample/s
Class tvmonitor Iteration 80   83.57sample/s
Class tvmonitor Iteration 120  80.96sample/s
Class tvmonitor Iteration 160  97.82sample/s
Class tvmonitor Iteration 200  114.48sample/s
Class tvmonitor acc = 0.9957
Evaluation complete in 4m 44s
Matching accuracy
aeroplane = 0.6800
bicycle = 0.5954
bird = 0.8977
boat = 0.7978
bottle = 0.6305
bus = 0.9756
car = 0.8997
cat = 0.7555
chair = 0.7456
cow = 0.8193
dog = 0.7687
horse = 0.7058
motorbike = 0.8036
person = 0.6672
pottedplant = 0.9941
sheep = 0.7742
train = 0.9734
tvmonitor = 0.9957
average = 0.8044
Epoch 3/6
----------
lr = 1.50e-06, 5.00e-05
Epoch 3/6: 100%|██████████| 2000/2000 [07:02<00:00,  4.73it/s, loss=0.9035, acc=0.9603]
epoch loss: 1.3869944924763404, epoch accuracy: 0.9603089960510766
completed in 422.93s (7.05m)
Start evaluation...
Evaluating class aeroplane: 0/18
Class aeroplane Iteration 40   46.45sample/s
Class aeroplane Iteration 80   57.73sample/s
Class aeroplane Iteration 120  52.05sample/s
Class aeroplane Iteration 160  57.38sample/s
Class aeroplane Iteration 200  62.94sample/s
Class aeroplane acc = 0.6918
Evaluating class bicycle: 1/18
Class bicycle  Iteration 40   50.08sample/s
Class bicycle  Iteration 80   58.85sample/s
Class bicycle  Iteration 120  54.59sample/s
Class bicycle  Iteration 160  55.44sample/s
Class bicycle  Iteration 200  59.82sample/s
Class bicycle acc = 0.5837
Evaluating class bird: 2/18
Class bird     Iteration 40   48.52sample/s
Class bird     Iteration 80   53.88sample/s
Class bird     Iteration 120  57.53sample/s
Class bird     Iteration 160  55.52sample/s
Class bird     Iteration 200  63.49sample/s
Class bird acc = 0.8948
Evaluating class boat: 3/18
Class boat     Iteration 40   45.97sample/s
Class boat     Iteration 80   48.93sample/s
Class boat     Iteration 120  50.78sample/s
Class boat     Iteration 160  51.70sample/s
Class boat     Iteration 200  66.89sample/s
Class boat acc = 0.7980
Evaluating class bottle: 4/18
Class bottle   Iteration 40   50.30sample/s
Class bottle   Iteration 80   55.89sample/s
Class bottle   Iteration 120  56.65sample/s
Class bottle   Iteration 160  53.74sample/s
Class bottle   Iteration 200  55.19sample/s
Class bottle acc = 0.6329
Evaluating class bus: 5/18
Class bus      Iteration 40   47.83sample/s
Class bus      Iteration 80   51.49sample/s
Class bus      Iteration 120  56.04sample/s
Class bus      Iteration 160  54.42sample/s
Class bus      Iteration 200  58.23sample/s
Class bus acc = 0.9819
Evaluating class car: 6/18
Class car      Iteration 40   48.94sample/s
Class car      Iteration 80   48.34sample/s
Class car      Iteration 120  55.71sample/s
Class car      Iteration 160  50.21sample/s
Class car      Iteration 200  55.83sample/s
Class car acc = 0.9013
Evaluating class cat: 7/18
Class cat      Iteration 40   55.01sample/s
Class cat      Iteration 80   53.25sample/s
Class cat      Iteration 120  54.63sample/s
Class cat      Iteration 160  54.58sample/s
Class cat      Iteration 200  54.77sample/s
Class cat acc = 0.7574
Evaluating class chair: 8/18
Class chair    Iteration 40   57.45sample/s
Class chair    Iteration 80   70.46sample/s
Class chair    Iteration 120  80.78sample/s
Class chair    Iteration 160  79.36sample/s
Class chair    Iteration 200  89.10sample/s
Class chair acc = 0.7533
Evaluating class cow: 9/18
Class cow      Iteration 40   72.35sample/s
Class cow      Iteration 80   78.58sample/s
Class cow      Iteration 120  77.57sample/s
Class cow      Iteration 160  91.41sample/s
Class cow      Iteration 200  101.82sample/s
Class cow acc = 0.8259
Evaluating class dog: 10/18
Class dog      Iteration 40   83.02sample/s
Class dog      Iteration 80   89.19sample/s
Class dog      Iteration 120  88.78sample/s
Class dog      Iteration 160  91.68sample/s
Class dog      Iteration 200  91.78sample/s
Class dog acc = 0.7793
Evaluating class horse: 11/18
Class horse    Iteration 40   79.65sample/s
Class horse    Iteration 80   83.92sample/s
Class horse    Iteration 120  92.58sample/s
Class horse    Iteration 160  92.33sample/s
Class horse    Iteration 200  86.47sample/s
Class horse acc = 0.7101
Evaluating class motorbike: 12/18
Class motorbike Iteration 40   75.34sample/s
Class motorbike Iteration 80   84.15sample/s
Class motorbike Iteration 120  85.63sample/s
Class motorbike Iteration 160  87.40sample/s
Class motorbike Iteration 200  87.02sample/s
Class motorbike acc = 0.7990
Evaluating class person: 13/18
Class person   Iteration 40   78.30sample/s
Class person   Iteration 80   85.52sample/s
Class person   Iteration 120  83.00sample/s
Class person   Iteration 160  80.15sample/s
Class person   Iteration 200  93.24sample/s
Class person acc = 0.6734
Evaluating class pottedplant: 14/18
Class pottedplant Iteration 40   64.65sample/s
Class pottedplant Iteration 80   77.85sample/s
Class pottedplant Iteration 120  81.39sample/s
Class pottedplant Iteration 160  82.14sample/s
Class pottedplant Iteration 200  94.54sample/s
Class pottedplant acc = 0.9934
Evaluating class sheep: 15/18
Class sheep    Iteration 40   69.28sample/s
Class sheep    Iteration 80   73.60sample/s
Class sheep    Iteration 120  81.54sample/s
Class sheep    Iteration 160  77.49sample/s
Class sheep    Iteration 200  92.13sample/s
Class sheep acc = 0.7795
Evaluating class train: 16/18
Class train    Iteration 40   78.63sample/s
Class train    Iteration 80   85.86sample/s
Class train    Iteration 120  97.37sample/s
Class train    Iteration 160  89.77sample/s
Class train    Iteration 200  94.69sample/s
Class train acc = 0.9791
Evaluating class tvmonitor: 17/18
Class tvmonitor Iteration 40   86.28sample/s
Class tvmonitor Iteration 80   93.71sample/s
Class tvmonitor Iteration 120  94.21sample/s
Class tvmonitor Iteration 160  97.51sample/s
Class tvmonitor Iteration 200  93.47sample/s
Class tvmonitor acc = 0.9924
Evaluation complete in 4m 29s
Matching accuracy
aeroplane = 0.6918
bicycle = 0.5837
bird = 0.8948
boat = 0.7980
bottle = 0.6329
bus = 0.9819
car = 0.9013
cat = 0.7574
chair = 0.7533
cow = 0.8259
dog = 0.7793
horse = 0.7101
motorbike = 0.7990
person = 0.6734
pottedplant = 0.9934
sheep = 0.7795
train = 0.9791
tvmonitor = 0.9924
average = 0.8071
Epoch 4/6
----------
lr = 1.50e-06, 5.00e-05
Epoch 4/6: 100%|██████████| 2000/2000 [07:11<00:00,  4.63it/s, loss=1.7335, acc=0.9667]
epoch loss: 1.3176069358903915, epoch accuracy: 0.9666811217114774
completed in 431.77s (7.20m)
Start evaluation...
Evaluating class aeroplane: 0/18
Class aeroplane Iteration 40   43.73sample/s
Class aeroplane Iteration 80   59.06sample/s
Class aeroplane Iteration 120  50.44sample/s
Class aeroplane Iteration 160  52.80sample/s
Class aeroplane Iteration 200  57.42sample/s
Class aeroplane acc = 0.6844
Evaluating class bicycle: 1/18
Class bicycle  Iteration 40   49.60sample/s
Class bicycle  Iteration 80   60.40sample/s
Class bicycle  Iteration 120  53.34sample/s
Class bicycle  Iteration 160  55.26sample/s
Class bicycle  Iteration 200  55.28sample/s
Class bicycle acc = 0.6028
Evaluating class bird: 2/18
Class bird     Iteration 40   48.66sample/s
Class bird     Iteration 80   61.73sample/s
Class bird     Iteration 120  53.23sample/s
Class bird     Iteration 160  52.66sample/s
Class bird     Iteration 200  51.61sample/s
Class bird acc = 0.8880
Evaluating class boat: 3/18
Class boat     Iteration 40   46.28sample/s
Class boat     Iteration 80   56.68sample/s
Class boat     Iteration 120  49.49sample/s
Class boat     Iteration 160  53.70sample/s
Class boat     Iteration 200  53.93sample/s
Class boat acc = 0.8116
Evaluating class bottle: 4/18
Class bottle   Iteration 40   50.50sample/s
Class bottle   Iteration 80   56.65sample/s
Class bottle   Iteration 120  61.17sample/s
Class bottle   Iteration 160  54.78sample/s
Class bottle   Iteration 200  55.07sample/s
Class bottle acc = 0.6357
Evaluating class bus: 5/18
Class bus      Iteration 40   45.20sample/s
Class bus      Iteration 80   53.90sample/s
Class bus      Iteration 120  64.23sample/s
Class bus      Iteration 160  52.09sample/s
Class bus      Iteration 200  58.65sample/s
Class bus acc = 0.9832
Evaluating class car: 6/18
Class car      Iteration 40   42.26sample/s
Class car      Iteration 80   46.76sample/s
Class car      Iteration 120  53.60sample/s
Class car      Iteration 160  47.83sample/s
Class car      Iteration 200  49.83sample/s
Class car acc = 0.9045
Evaluating class cat: 7/18
Class cat      Iteration 40   48.09sample/s
Class cat      Iteration 80   51.92sample/s
Class cat      Iteration 120  61.60sample/s
Class cat      Iteration 160  69.27sample/s
Class cat      Iteration 200  84.26sample/s
Class cat acc = 0.7555
Evaluating class chair: 8/18
Class chair    Iteration 40   75.86sample/s
Class chair    Iteration 80   83.88sample/s
Class chair    Iteration 120  85.45sample/s
Class chair    Iteration 160  88.14sample/s
Class chair    Iteration 200  83.28sample/s
Class chair acc = 0.7471
Evaluating class cow: 9/18
Class cow      Iteration 40   76.71sample/s
Class cow      Iteration 80   72.16sample/s
Class cow      Iteration 120  79.78sample/s
Class cow      Iteration 160  87.02sample/s
Class cow      Iteration 200  98.46sample/s
Class cow acc = 0.8273
Evaluating class dog: 10/18
Class dog      Iteration 40   79.89sample/s
Class dog      Iteration 80   87.76sample/s
Class dog      Iteration 120  90.88sample/s
Class dog      Iteration 160  85.12sample/s
Class dog      Iteration 200  90.98sample/s
Class dog acc = 0.7738
Evaluating class horse: 11/18
Class horse    Iteration 40   80.49sample/s
Class horse    Iteration 80   87.51sample/s
Class horse    Iteration 120  89.75sample/s
Class horse    Iteration 160  90.14sample/s
Class horse    Iteration 200  98.85sample/s
Class horse acc = 0.7183
Evaluating class motorbike: 12/18
Class motorbike Iteration 40   82.62sample/s
Class motorbike Iteration 80   92.04sample/s
Class motorbike Iteration 120  91.93sample/s
Class motorbike Iteration 160  87.22sample/s
Class motorbike Iteration 200  88.94sample/s
Class motorbike acc = 0.8040
Evaluating class person: 13/18
Class person   Iteration 40   96.16sample/s
Class person   Iteration 80   107.47sample/s
Class person   Iteration 120  57.24sample/s
Class person   Iteration 160  53.38sample/s
Class person   Iteration 200  58.53sample/s
Class person acc = 0.6894
Evaluating class pottedplant: 14/18
Class pottedplant Iteration 40   41.49sample/s
Class pottedplant Iteration 80   54.13sample/s
Class pottedplant Iteration 120  50.62sample/s
Class pottedplant Iteration 160  48.77sample/s
Class pottedplant Iteration 200  52.09sample/s
Class pottedplant acc = 0.9913
Evaluating class sheep: 15/18
Class sheep    Iteration 40   41.01sample/s
Class sheep    Iteration 80   48.13sample/s
Class sheep    Iteration 120  53.31sample/s
Class sheep    Iteration 160  52.62sample/s
Class sheep    Iteration 200  51.64sample/s
Class sheep acc = 0.7787
Evaluating class train: 16/18
Class train    Iteration 40   55.72sample/s
Class train    Iteration 80   60.32sample/s
Class train    Iteration 120  56.17sample/s
Class train    Iteration 160  56.57sample/s
Class train    Iteration 200  56.81sample/s
Class train acc = 0.9765
Evaluating class tvmonitor: 17/18
Class tvmonitor Iteration 40   47.85sample/s
Class tvmonitor Iteration 80   62.36sample/s
Class tvmonitor Iteration 120  57.52sample/s
Class tvmonitor Iteration 160  55.05sample/s
Class tvmonitor Iteration 200  54.60sample/s
Class tvmonitor acc = 0.9944
Evaluation complete in 5m 0s
Matching accuracy
aeroplane = 0.6844
bicycle = 0.6028
bird = 0.8880
boat = 0.8116
bottle = 0.6357
bus = 0.9832
car = 0.9045
cat = 0.7555
chair = 0.7471
cow = 0.8273
dog = 0.7738
horse = 0.7183
motorbike = 0.8040
person = 0.6894
pottedplant = 0.9913
sheep = 0.7787
train = 0.9765
tvmonitor = 0.9944
average = 0.8092
Epoch 5/6
----------
lr = 1.50e-07, 5.00e-06
Epoch 5/6: 100%|██████████| 2000/2000 [07:11<00:00,  4.64it/s, loss=1.8223, acc=0.9687]
epoch loss: 1.2857082531866617, epoch accuracy: 0.9686678035667833
completed in 431.32s (7.19m)
Start evaluation...
Evaluating class aeroplane: 0/18
Class aeroplane Iteration 40   44.07sample/s
Class aeroplane Iteration 80   63.43sample/s
Class aeroplane Iteration 120  54.46sample/s
Class aeroplane Iteration 160  52.81sample/s
Class aeroplane Iteration 200  55.10sample/s
Class aeroplane acc = 0.6872
Evaluating class bicycle: 1/18
Class bicycle  Iteration 40   47.41sample/s
Class bicycle  Iteration 80   52.51sample/s
Class bicycle  Iteration 120  64.63sample/s
Class bicycle  Iteration 160  53.09sample/s
Class bicycle  Iteration 200  53.45sample/s
Class bicycle acc = 0.6008
Evaluating class bird: 2/18
Class bird     Iteration 40   48.04sample/s
Class bird     Iteration 80   50.36sample/s
Class bird     Iteration 120  53.97sample/s
Class bird     Iteration 160  62.34sample/s
Class bird     Iteration 200  51.54sample/s
Class bird acc = 0.8880
Evaluating class boat: 3/18
Class boat     Iteration 40   46.17sample/s
Class boat     Iteration 80   48.44sample/s
Class boat     Iteration 120  50.03sample/s
Class boat     Iteration 160  59.60sample/s
Class boat     Iteration 200  55.70sample/s
Class boat acc = 0.8113
Evaluating class bottle: 4/18
Class bottle   Iteration 40   50.56sample/s
Class bottle   Iteration 80   52.63sample/s
Class bottle   Iteration 120  51.95sample/s
Class bottle   Iteration 160  108.45sample/s
Class bottle   Iteration 200  63.16sample/s
Class bottle acc = 0.6361
Evaluating class bus: 5/18
Class bus      Iteration 40   75.49sample/s
Class bus      Iteration 80   83.80sample/s
Class bus      Iteration 120  86.01sample/s
Class bus      Iteration 160  84.27sample/s
Class bus      Iteration 200  89.06sample/s
Class bus acc = 0.9828
Evaluating class car: 6/18
Class car      Iteration 40   69.70sample/s
Class car      Iteration 80   81.53sample/s
Class car      Iteration 120  84.63sample/s
Class car      Iteration 160  80.71sample/s
Class car      Iteration 200  90.83sample/s
Class car acc = 0.9067
Evaluating class cat: 7/18
Class cat      Iteration 40   81.12sample/s
Class cat      Iteration 80   94.37sample/s
Class cat      Iteration 120  88.91sample/s
Class cat      Iteration 160  88.35sample/s
Class cat      Iteration 200  92.85sample/s
Class cat acc = 0.7575
Evaluating class chair: 8/18
Class chair    Iteration 40   83.61sample/s
Class chair    Iteration 80   89.20sample/s
Class chair    Iteration 120  85.39sample/s
Class chair    Iteration 160  86.18sample/s
Class chair    Iteration 200  89.06sample/s
Class chair acc = 0.7504
Evaluating class cow: 9/18
Class cow      Iteration 40   78.12sample/s
Class cow      Iteration 80   82.24sample/s
Class cow      Iteration 120  106.24sample/s
Class cow      Iteration 160  123.24sample/s
Class cow      Iteration 200  80.12sample/s
Class cow acc = 0.8298
Evaluating class dog: 10/18
Class dog      Iteration 40   52.03sample/s
Class dog      Iteration 80   54.83sample/s
Class dog      Iteration 120  55.94sample/s
Class dog      Iteration 160  53.39sample/s
Class dog      Iteration 200  64.81sample/s
Class dog acc = 0.7735
Evaluating class horse: 11/18
Class horse    Iteration 40   47.54sample/s
Class horse    Iteration 80   57.49sample/s
Class horse    Iteration 120  57.27sample/s
Class horse    Iteration 160  57.49sample/s
Class horse    Iteration 200  66.25sample/s
Class horse acc = 0.7202
Evaluating class motorbike: 12/18
Class motorbike Iteration 40   49.59sample/s
Class motorbike Iteration 80   53.54sample/s
Class motorbike Iteration 120  55.50sample/s
Class motorbike Iteration 160  57.05sample/s
Class motorbike Iteration 200  60.27sample/s
Class motorbike acc = 0.8075
Evaluating class person: 13/18
Class person   Iteration 40   52.60sample/s
Class person   Iteration 80   55.97sample/s
Class person   Iteration 120  53.74sample/s
Class person   Iteration 160  56.39sample/s
Class person   Iteration 200  75.09sample/s
Class person acc = 0.6916
Evaluating class pottedplant: 14/18
Class pottedplant Iteration 40   43.03sample/s
Class pottedplant Iteration 80   48.14sample/s
Class pottedplant Iteration 120  50.91sample/s
Class pottedplant Iteration 160  54.93sample/s
Class pottedplant Iteration 200  60.91sample/s
Class pottedplant acc = 0.9955
Evaluating class sheep: 15/18
Class sheep    Iteration 40   43.80sample/s
Class sheep    Iteration 80   47.71sample/s
Class sheep    Iteration 120  54.72sample/s
Class sheep    Iteration 160  58.67sample/s
Class sheep    Iteration 200  51.96sample/s
Class sheep acc = 0.7841
Evaluating class train: 16/18
Class train    Iteration 40   50.90sample/s
Class train    Iteration 80   56.95sample/s
Class train    Iteration 120  54.38sample/s
Class train    Iteration 160  69.34sample/s
Class train    Iteration 200  58.84sample/s
Class train acc = 0.9783
Evaluating class tvmonitor: 17/18
Class tvmonitor Iteration 40   48.72sample/s
Class tvmonitor Iteration 80   53.28sample/s
Class tvmonitor Iteration 120  56.58sample/s
Class tvmonitor Iteration 160  59.35sample/s
Class tvmonitor Iteration 200  57.53sample/s
Class tvmonitor acc = 0.9950
Evaluation complete in 4m 57s
Matching accuracy
aeroplane = 0.6872
bicycle = 0.6008
bird = 0.8880
boat = 0.8113
bottle = 0.6361
bus = 0.9828
car = 0.9067
cat = 0.7575
chair = 0.7504
cow = 0.8298
dog = 0.7735
horse = 0.7202
motorbike = 0.8075
person = 0.6916
pottedplant = 0.9955
sheep = 0.7841
train = 0.9783
tvmonitor = 0.9950
average = 0.8109
Epoch 6/6
----------
lr = 1.50e-07, 5.00e-06
Epoch 6/6: 100%|██████████| 2000/2000 [07:09<00:00,  4.66it/s, loss=1.4394, acc=0.9696]
epoch loss: 1.2807084501292556, epoch accuracy: 0.9695584235198796
completed in 429.41s (7.16m)
Start evaluation...
Evaluating class aeroplane: 0/18
Class aeroplane Iteration 40   56.71sample/s
Class aeroplane Iteration 80   87.05sample/s
Class aeroplane Iteration 120  81.22sample/s
Class aeroplane Iteration 160  86.51sample/s
Class aeroplane Iteration 200  99.30sample/s
Class aeroplane acc = 0.6876
Evaluating class bicycle: 1/18
Class bicycle  Iteration 40   82.87sample/s
Class bicycle  Iteration 80   87.99sample/s
Class bicycle  Iteration 120  83.76sample/s
Class bicycle  Iteration 160  87.65sample/s
Class bicycle  Iteration 200  90.18sample/s
Class bicycle acc = 0.6006
Evaluating class bird: 2/18
Class bird     Iteration 40   80.35sample/s
Class bird     Iteration 80   79.30sample/s
Class bird     Iteration 120  85.85sample/s
Class bird     Iteration 160  82.06sample/s
Class bird     Iteration 200  86.14sample/s
Class bird acc = 0.8886
Evaluating class boat: 3/18
Class boat     Iteration 40   78.44sample/s
Class boat     Iteration 80   88.73sample/s
Class boat     Iteration 120  85.18sample/s
Class boat     Iteration 160  93.61sample/s
Class boat     Iteration 200  103.22sample/s
Class boat acc = 0.8120
Evaluating class bottle: 4/18
Class bottle   Iteration 40   86.24sample/s
Class bottle   Iteration 80   93.81sample/s
Class bottle   Iteration 120  91.70sample/s
Class bottle   Iteration 160  96.00sample/s
Class bottle   Iteration 200  94.52sample/s
Class bottle acc = 0.6369
Evaluating class bus: 5/18
Class bus      Iteration 40   80.93sample/s
Class bus      Iteration 80   94.24sample/s
Class bus      Iteration 120  95.69sample/s
Class bus      Iteration 160  93.52sample/s
Class bus      Iteration 200  92.96sample/s
Class bus acc = 0.9831
Evaluating class car: 6/18
Class car      Iteration 40   76.13sample/s
Class car      Iteration 80   85.91sample/s
Class car      Iteration 120  92.71sample/s
Class car      Iteration 160  81.75sample/s
Class car      Iteration 200  96.46sample/s
Class car acc = 0.9068
Evaluating class cat: 7/18
Class cat      Iteration 40   85.59sample/s
Class cat      Iteration 80   99.28sample/s
Class cat      Iteration 120  95.33sample/s
Class cat      Iteration 160  91.93sample/s
Class cat      Iteration 200  97.39sample/s
Class cat acc = 0.7604
Evaluating class chair: 8/18
Class chair    Iteration 40   84.35sample/s
Class chair    Iteration 80   89.63sample/s
Class chair    Iteration 120  92.41sample/s
Class chair    Iteration 160  96.41sample/s
Class chair    Iteration 200  93.82sample/s
Class chair acc = 0.7512
Evaluating class cow: 9/18
Class cow      Iteration 40   80.43sample/s
Class cow      Iteration 80   107.14sample/s
Class cow      Iteration 120  108.92sample/s
Class cow      Iteration 160  76.53sample/s
Class cow      Iteration 200  62.62sample/s
Class cow acc = 0.8293
Evaluating class dog: 10/18
Class dog      Iteration 40   52.89sample/s
Class dog      Iteration 80   58.60sample/s
Class dog      Iteration 120  58.20sample/s
Class dog      Iteration 160  65.47sample/s
Class dog      Iteration 200  35.00sample/s
Class dog acc = 0.7716
Evaluating class horse: 11/18
Class horse    Iteration 40   50.78sample/s
Class horse    Iteration 80   59.36sample/s
Class horse    Iteration 120  59.00sample/s
Class horse    Iteration 160  68.76sample/s
Class horse    Iteration 200  58.44sample/s
Class horse acc = 0.7206
Evaluating class motorbike: 12/18
Class motorbike Iteration 40   52.43sample/s
Class motorbike Iteration 80   55.72sample/s
Class motorbike Iteration 120  58.79sample/s
Class motorbike Iteration 160  66.10sample/s
Class motorbike Iteration 200  56.31sample/s
Class motorbike acc = 0.8093
Evaluating class person: 13/18
Class person   Iteration 40   49.72sample/s
Class person   Iteration 80   53.42sample/s
Class person   Iteration 120  54.20sample/s
Class person   Iteration 160  66.32sample/s
Class person   Iteration 200  60.53sample/s
Class person acc = 0.6931
Evaluating class pottedplant: 14/18
Class pottedplant Iteration 40   40.21sample/s
Class pottedplant Iteration 80   47.25sample/s
Class pottedplant Iteration 120  52.80sample/s
Class pottedplant Iteration 160  53.18sample/s
Class pottedplant Iteration 200  54.86sample/s
Class pottedplant acc = 0.9960
Evaluating class sheep: 15/18
Class sheep    Iteration 40   41.97sample/s
Class sheep    Iteration 80   46.55sample/s
Class sheep    Iteration 120  62.28sample/s
Class sheep    Iteration 160  55.94sample/s
Class sheep    Iteration 200  54.87sample/s
Class sheep acc = 0.7847
Evaluating class train: 16/18
Class train    Iteration 40   54.86sample/s
Class train    Iteration 80   58.47sample/s
Class train    Iteration 120  74.94sample/s
Class train    Iteration 160  59.24sample/s
Class train    Iteration 200  58.73sample/s
Class train acc = 0.9788
Evaluating class tvmonitor: 17/18
Class tvmonitor Iteration 40   50.05sample/s
Class tvmonitor Iteration 80   54.39sample/s
Class tvmonitor Iteration 120  61.63sample/s
Class tvmonitor Iteration 160  53.70sample/s
Class tvmonitor Iteration 200  54.75sample/s
Class tvmonitor acc = 0.9954
Evaluation complete in 4m 22s
Matching accuracy
aeroplane = 0.6876
bicycle = 0.6006
bird = 0.8886
boat = 0.8120
bottle = 0.6369
bus = 0.9831
car = 0.9068
cat = 0.7604
chair = 0.7512
cow = 0.8293
dog = 0.7716
horse = 0.7206
motorbike = 0.8093
person = 0.6931
pottedplant = 0.9960
sheep = 0.7847
train = 0.9788
tvmonitor = 0.9954
average = 0.8114
[1;34mwandb[0m: 
[1;34mwandb[0m: You can sync this run to the cloud by running:
[1;34mwandb[0m: [1mwandb sync /scratch/hpc-prf-llmrout/hpcabpo/nmt/wandb/wandb/offline-run-20260916_111045-rcv9iqub[0m
[1;34mwandb[0m: Find logs at: [1;35m../../../../../../scratch/hpc-prf-llmrout/hpcabpo/nmt/wandb/wandb/offline-run-20260916_111045-rcv9iqub/logs[0m
