CPU_SET_HEX_STR_SIZE: 257, Size of mstr: 257
cpu-bind=MASK - gpu1201, task  0  0 [458868]: mask |--------|B-------|--------|--------|--------|--------|--------|BBBBBBB-|--------|BBBBBBBB|--------|--------||||--------|--------|--------|--------|--------|--------|--------|--------|--------|--------|--------|--------| set
job=3039627 node=gpu1201 gpu=NVIDIA H100 config=/scratch/hpc-prf-llmrout/hpcabpo/nmt/runs/configs/rational_mv_k3_seed4.json wandb=offline
backbone=vgg16 image_size=256 conv=rational model_dir=/scratch/hpc-prf-llmrout/hpcabpo/nmt/runs/spair_vgg16/rational_mv_k3_seed4
{
    "BACKBONE": "vgg16",
    "BACKBONE_DIR": "/scratch/hpc-prf-llmrout/hpcabpo/nmt/checkpoints",
    "BATCH_SIZE": 5,
    "CACHE_PATH": "data/cache",
    "DATASET_NAME": "SPair71k",
    "EVAL": {
        "SAMPLES": 1000,
        "difficulty_params": {},
        "num_graphs_in_matching_instance": 2
    },
    "IMAGE_SIZE": 256,
    "Matching_TF": {
        "activation": "relu",
        "batch_norm": true,
        "d_model": 648,
        "nGPT_mlp_hidden_mult": 6,
        "n_decoder": 4,
        "n_encoder": 4,
        "n_head": 12,
        "n_lap_EigVec": 8,
        "pos_encoding": false
    },
    "NORM_MEANS": [
        0.485,
        0.456,
        0.406
    ],
    "NORM_STD": [
        0.229,
        0.224,
        0.225
    ],
    "RANDOM_SEED": 4,
    "SPLINE_CNN": {
        "aggr": "max",
        "conv": "rational",
        "degrees": [
            8,
            6
        ],
        "dim": 2,
        "init": "spline",
        "init_noise": 0.001,
        "input_features": 1024,
        "kernel_size": 3,
        "num_bases": 0,
        "output_features": 648,
        "poly": "chebyshev",
        "pyg_init": true,
        "rational_basis": "multivariate",
        "safe": "B",
        "vp": false
    },
    "SPair": {
        "CLASSES": [
            "aeroplane",
            "bicycle",
            "bird",
            "boat",
            "boat",
            "bottle",
            "bus",
            "car",
            "cat",
            "chair",
            "cow",
            "dog",
            "horse",
            "motorbike",
            "person",
            "pottedplant",
            "sheep",
            "train",
            "tvmonitor"
        ],
        "ROOT_DIR": "/pc2/groups/hpc-prf-llmrout/hpcabpo/rational-basis-cnn/data/SPair-71k",
        "size": "large"
    },
    "STATISTIC_STEP": 1,
    "TRACK_GRAD_NORM": false,
    "TRAIN": {
        "EPOCH_ITERS": 2000,
        "LR": 0.0005,
        "_comment_epochs": "lr_schedule long_halving5 defines 12 epochs; max_epochs stops after 7. NMT trains ~11 epochs per day, so 7 epochs is ~15.3 h. Both LR drops (epochs 2 and 5) still happen.",
        "clip_norm": 0,
        "cutmix_beta": 1.0,
        "cutmix_prob": 0.3,
        "difficulty_params": {},
        "layer_loss_param": 0.3,
        "lr_schedule": "long_halving5",
        "max_epochs": 7,
        "mixup_alpha": 0.8,
        "mixup_prob": 0.3,
        "num_graphs_in_matching_instance": 2,
        "random_erasing_prob": 0.3,
        "temperature": 0.1,
        "weight_decay": 0
    },
    "USE_SYNTHETIC": false,
    "VOC2011": {
        "CLASSES": [
            "aeroplane",
            "bicycle",
            "bird",
            "boat",
            "bottle",
            "bus",
            "car",
            "cat",
            "chair",
            "cow",
            "diningtable",
            "dog",
            "horse",
            "motorbike",
            "person",
            "pottedplant",
            "sheep",
            "sofa",
            "train",
            "tvmonitor"
        ],
        "KPT_ANNO_DIR": "/data/cat/ws/tosa098h-abtin_NormMatchTrans/data/downloaded/PascalVOC/annotations/",
        "ROOT_DIR": "/data/cat/ws/tosa098h-abtin_NormMatchTrans/data/downloaded/PascalVOC/VOC2011/",
        "SET_SPLIT": "/data/cat/ws/tosa098h-abtin_NormMatchTrans/data/split/voc2011_pairs.npz"
    },
    "WILLOW": {
        "CLASSES": [
            "Car",
            "Duck",
            "Face",
            "Motorbike",
            "Winebottle"
        ],
        "KPT_LEN": 10,
        "ROOT_DIR": "./data/downloaded/WILLOW/WILLOW-ObjectClass",
        "TRAIN_NUM": 20,
        "TRAIN_OFFSET": 0
    },
    "_generated_by": "slurm/make_config.py rational_mv_k3 4",
    "combine_classes": false,
    "default_json": "experiments/voc_basic.json",
    "eval_sampling": "intersection",
    "evaluate_only": false,
    "exclude_willow_classes": false,
    "keep_last_checkpoint_only": true,
    "log_dir": "runs/",
    "model_dir": "/scratch/hpc-prf-llmrout/hpcabpo/nmt/runs/spair_vgg16/rational_mv_k3_seed4",
    "save_checkpoint": true,
    "train_sampling": "intersection",
    "visualization_params": {
        "produce_pdf": false,
        "reduced_vis": true
    },
    "visualize": false,
    "warmstart_path": null
}
wandb: Tracking run with wandb version 0.30.0
wandb: W&B syncing is set to `offline` in this directory. Run `wandb online` or set WANDB_MODE=online to enable cloud syncing.
wandb: Run data is saved locally in /scratch/hpc-prf-llmrout/hpcabpo/nmt/wandb/wandb/offline-run-20260916_113454-0vt6bsdf
wandb: View this run in the terminal with `wandb leet`
No difficulty parameters for trn-set. Using all available data.
Number of annotation pairs matching the difficulty params in trn-set: {'aeroplane': 2924, 'bicycle': 2946, 'bird': 3080, 'boat': 2936, 'bottle': 2448, 'bus': 2708, 'car': 2960, 'cat': 3306, 'chair': 3060, 'cow': 3118, 'dog': 3192, 'horse': 3136, 'motorbike': 3180, 'person': 3066, 'pottedplant': 2446, 'sheep': 3140, 'train': 2752, 'tvmonitor': 2942}
TRUE EPOCHS:  False
10000
Initializing trn-set. Randomly sampling 10000 examples.
/pc2/groups/hpc-prf-llmrout/hpcabpo/nmt/conda/envs/nmt/lib/python3.12/site-packages/albumentations/core/composition.py:331: UserWarning: Got processor for keypoints, but no transform to process it.
  self._set_keys()
No difficulty parameters for test-set. Using all available data.
Number of annotation pairs matching the difficulty params in test-set: {'aeroplane': 690, 'bicycle': 650, 'bird': 702, 'boat': 702, 'bottle': 870, 'bus': 644, 'car': 564, 'cat': 600, 'chair': 646, 'cow': 640, 'dog': 600, 'horse': 600, 'motorbike': 702, 'person': 650, 'pottedplant': 862, 'sheep': 664, 'train': 756, 'tvmonitor': 692}
TRUE EPOCHS:  False
1000
Initializing test-set. Randomly sampling 1000 examples.
/pc2/groups/hpc-prf-llmrout/hpcabpo/nmt/conda/envs/nmt/lib/python3.12/site-packages/torchvision/models/_utils.py:208: UserWarning: The parameter 'pretrained' is deprecated since 0.13 and may be removed in the future, please use 'weights' instead.
  warnings.warn(
/pc2/groups/hpc-prf-llmrout/hpcabpo/nmt/conda/envs/nmt/lib/python3.12/site-packages/torchvision/models/_utils.py:223: UserWarning: Arguments other than a weight enum or `None` for 'weights' are deprecated since 0.13 and may be removed in the future. The current behavior is equivalent to passing `weights=VGG16_Weights.IMAGENET1K_V1`. You can also use `weights=VGG16_Weights.DEFAULT` to get the most up-to-date weights.
  warnings.warn(msg)
stopping after 7 epochs (cfg.TRAIN.max_epochs; schedule 'long_halving5' defines 12)
Start training...
NMT model on device: cuda:0
Epoch 0/6
----------
lr = 1.50e-05, 5.00e-04
Epoch 0/6:   0%|          | 0/2000 [00:00<?, ?it/s]/pc2/groups/hpc-prf-llmrout/hpcabpo/nmt/conda/envs/nmt/lib/python3.12/site-packages/torch_geometric/utils/_scatter.py:91: UserWarning: The usage of `scatter(reduce='max')` can be accelerated via the 'torch-scatter' package, but it was not found
  warnings.warn(
[rank0]:[W916 11:34:57.602006653 reducer.cpp:1528] Warning: find_unused_parameters=True was specified in DDP constructor, but did not find any unused parameters in the forward pass. This flag results in an extra traversal of the autograd graph every iteration,  which can adversely affect performance. If your model indeed never has any unused parameters in the forward pass, consider turning this flag off. Note that this warning may be a false positive if your model has flow control causing later iterations to have unused parameters. (function operator())
Epoch 0/6: 100%|██████████| 2000/2000 [07:04<00:00,  4.71it/s, loss=1.8160, acc=0.7839]
epoch loss: 2.884546734519303, epoch accuracy: 0.7838559915907498
completed in 424.84s (7.08m)
Start evaluation...
Evaluating class aeroplane: 0/18
Class aeroplane Iteration 40   41.90sample/s
Class aeroplane Iteration 80   46.21sample/s
Class aeroplane Iteration 120  45.66sample/s
Class aeroplane Iteration 160  48.11sample/s
Class aeroplane Iteration 200  50.01sample/s
Class aeroplane acc = 0.6203
Evaluating class bicycle: 1/18
Class bicycle  Iteration 40   41.49sample/s
Class bicycle  Iteration 80   45.44sample/s
Class bicycle  Iteration 120  44.78sample/s
Class bicycle  Iteration 160  43.43sample/s
Class bicycle  Iteration 200  51.38sample/s
Class bicycle acc = 0.5576
Evaluating class bird: 2/18
Class bird     Iteration 40   39.71sample/s
Class bird     Iteration 80   42.83sample/s
Class bird     Iteration 120  46.24sample/s
Class bird     Iteration 160  43.94sample/s
Class bird     Iteration 200  44.67sample/s
Class bird acc = 0.8822
Evaluating class boat: 3/18
Class boat     Iteration 40   38.80sample/s
Class boat     Iteration 80   39.96sample/s
Class boat     Iteration 120  48.28sample/s
Class boat     Iteration 160  43.88sample/s
Class boat     Iteration 200  46.54sample/s
Class boat acc = 0.7749
Evaluating class bottle: 4/18
Class bottle   Iteration 40   46.43sample/s
Class bottle   Iteration 80   53.61sample/s
Class bottle   Iteration 120  54.30sample/s
Class bottle   Iteration 160  52.51sample/s
Class bottle   Iteration 200  53.20sample/s
Class bottle acc = 0.6570
Evaluating class bus: 5/18
Class bus      Iteration 40   42.16sample/s
Class bus      Iteration 80   49.81sample/s
Class bus      Iteration 120  55.36sample/s
Class bus      Iteration 160  44.94sample/s
Class bus      Iteration 200  53.11sample/s
Class bus acc = 0.9650
Evaluating class car: 6/18
Class car      Iteration 40   40.43sample/s
Class car      Iteration 80   46.83sample/s
Class car      Iteration 120  50.15sample/s
Class car      Iteration 160  54.00sample/s
Class car      Iteration 200  51.65sample/s
Class car acc = 0.8599
Evaluating class cat: 7/18
Class cat      Iteration 40   50.10sample/s
Class cat      Iteration 80   56.91sample/s
Class cat      Iteration 120  53.95sample/s
Class cat      Iteration 160  53.62sample/s
Class cat      Iteration 200  53.05sample/s
Class cat acc = 0.7309
Evaluating class chair: 8/18
Class chair    Iteration 40   46.56sample/s
Class chair    Iteration 80   55.92sample/s
Class chair    Iteration 120  51.94sample/s
Class chair    Iteration 160  46.53sample/s
Class chair    Iteration 200  57.16sample/s
Class chair acc = 0.6877
Evaluating class cow: 9/18
Class cow      Iteration 40   48.85sample/s
Class cow      Iteration 80   60.84sample/s
Class cow      Iteration 120  51.61sample/s
Class cow      Iteration 160  52.84sample/s
Class cow      Iteration 200  56.44sample/s
Class cow acc = 0.8064
Evaluating class dog: 10/18
Class dog      Iteration 40   49.53sample/s
Class dog      Iteration 80   64.37sample/s
Class dog      Iteration 120  56.48sample/s
Class dog      Iteration 160  55.99sample/s
Class dog      Iteration 200  55.52sample/s
Class dog acc = 0.7209
Evaluating class horse: 11/18
Class horse    Iteration 40   50.29sample/s
Class horse    Iteration 80   53.35sample/s
Class horse    Iteration 120  65.58sample/s
Class horse    Iteration 160  52.37sample/s
Class horse    Iteration 200  52.35sample/s
Class horse acc = 0.6891
Evaluating class motorbike: 12/18
Class motorbike Iteration 40   46.04sample/s
Class motorbike Iteration 80   56.68sample/s
Class motorbike Iteration 120  54.18sample/s
Class motorbike Iteration 160  63.61sample/s
Class motorbike Iteration 200  57.87sample/s
Class motorbike acc = 0.7825
Evaluating class person: 13/18
Class person   Iteration 40   48.43sample/s
Class person   Iteration 80   54.61sample/s
Class person   Iteration 120  54.57sample/s
Class person   Iteration 160  56.91sample/s
Class person   Iteration 200  60.29sample/s
Class person acc = 0.6736
Evaluating class pottedplant: 14/18
Class pottedplant Iteration 40   40.48sample/s
Class pottedplant Iteration 80   46.44sample/s
Class pottedplant Iteration 120  59.93sample/s
Class pottedplant Iteration 160  61.05sample/s
Class pottedplant Iteration 200  79.14sample/s
Class pottedplant acc = 0.9978
Evaluating class sheep: 15/18
Class sheep    Iteration 40   64.03sample/s
Class sheep    Iteration 80   64.37sample/s
Class sheep    Iteration 120  72.66sample/s
Class sheep    Iteration 160  75.12sample/s
Class sheep    Iteration 200  84.13sample/s
Class sheep acc = 0.7513
Evaluating class train: 16/18
Class train    Iteration 40   76.33sample/s
Class train    Iteration 80   79.51sample/s
Class train    Iteration 120  81.28sample/s
Class train    Iteration 160  84.24sample/s
Class train    Iteration 200  82.84sample/s
Class train acc = 0.9661
Evaluating class tvmonitor: 17/18
Class tvmonitor Iteration 40   73.04sample/s
Class tvmonitor Iteration 80   87.66sample/s
Class tvmonitor Iteration 120  87.15sample/s
Class tvmonitor Iteration 160  89.47sample/s
Class tvmonitor Iteration 200  83.50sample/s
Class tvmonitor acc = 0.9989
Evaluation complete in 5m 38s
Matching accuracy
aeroplane = 0.6203
bicycle = 0.5576
bird = 0.8822
boat = 0.7749
bottle = 0.6570
bus = 0.9650
car = 0.8599
cat = 0.7309
chair = 0.6877
cow = 0.8064
dog = 0.7209
horse = 0.6891
motorbike = 0.7825
person = 0.6736
pottedplant = 0.9978
sheep = 0.7513
train = 0.9661
tvmonitor = 0.9989
average = 0.7845
Epoch 1/6
----------
lr = 1.50e-05, 5.00e-04
Epoch 1/6: 100%|██████████| 2000/2000 [07:05<00:00,  4.70it/s, loss=0.2168, acc=0.9066]
epoch loss: 1.8488050426840783, epoch accuracy: 0.9065718845205281
completed in 425.27s (7.09m)
Start evaluation...
Evaluating class aeroplane: 0/18
Class aeroplane Iteration 40   60.51sample/s
Class aeroplane Iteration 80   69.68sample/s
Class aeroplane Iteration 120  62.37sample/s
Class aeroplane Iteration 160  68.09sample/s
Class aeroplane Iteration 200  76.41sample/s
Class aeroplane acc = 0.6604
Evaluating class bicycle: 1/18
Class bicycle  Iteration 40   66.16sample/s
Class bicycle  Iteration 80   71.23sample/s
Class bicycle  Iteration 120  66.67sample/s
Class bicycle  Iteration 160  64.55sample/s
Class bicycle  Iteration 200  76.28sample/s
Class bicycle acc = 0.5768
Evaluating class bird: 2/18
Class bird     Iteration 40   59.51sample/s
Class bird     Iteration 80   67.65sample/s
Class bird     Iteration 120  67.61sample/s
Class bird     Iteration 160  68.17sample/s
Class bird     Iteration 200  68.31sample/s
Class bird acc = 0.9049
Evaluating class boat: 3/18
Class boat     Iteration 40   58.11sample/s
Class boat     Iteration 80   63.14sample/s
Class boat     Iteration 120  66.81sample/s
Class boat     Iteration 160  63.97sample/s
Class boat     Iteration 200  61.38sample/s
Class boat acc = 0.7826
Evaluating class bottle: 4/18
Class bottle   Iteration 40   53.06sample/s
Class bottle   Iteration 80   56.42sample/s
Class bottle   Iteration 120  54.42sample/s
Class bottle   Iteration 160  55.05sample/s
Class bottle   Iteration 200  57.40sample/s
Class bottle acc = 0.6694
Evaluating class bus: 5/18
Class bus      Iteration 40   48.13sample/s
Class bus      Iteration 80   54.49sample/s
Class bus      Iteration 120  58.20sample/s
Class bus      Iteration 160  55.04sample/s
Class bus      Iteration 200  65.99sample/s
Class bus acc = 0.9790
Evaluating class car: 6/18
Class car      Iteration 40   47.27sample/s
Class car      Iteration 80   53.08sample/s
Class car      Iteration 120  49.65sample/s
Class car      Iteration 160  57.87sample/s
Class car      Iteration 200  61.74sample/s
Class car acc = 0.8735
Evaluating class cat: 7/18
Class cat      Iteration 40   54.25sample/s
Class cat      Iteration 80   58.34sample/s
Class cat      Iteration 120  57.97sample/s
Class cat      Iteration 160  56.58sample/s
Class cat      Iteration 200  66.16sample/s
Class cat acc = 0.7041
Evaluating class chair: 8/18
Class chair    Iteration 40   47.17sample/s
Class chair    Iteration 80   54.83sample/s
Class chair    Iteration 120  53.98sample/s
Class chair    Iteration 160  48.81sample/s
Class chair    Iteration 200  59.51sample/s
Class chair acc = 0.7147
Evaluating class cow: 9/18
Class cow      Iteration 40   52.80sample/s
Class cow      Iteration 80   54.63sample/s
Class cow      Iteration 120  53.28sample/s
Class cow      Iteration 160  54.81sample/s
Class cow      Iteration 200  61.59sample/s
Class cow acc = 0.8177
Evaluating class dog: 10/18
Class dog      Iteration 40   60.70sample/s
Class dog      Iteration 80   57.16sample/s
Class dog      Iteration 120  57.34sample/s
Class dog      Iteration 160  57.83sample/s
Class dog      Iteration 200  54.82sample/s
Class dog acc = 0.7748
Evaluating class horse: 11/18
Class horse    Iteration 40   53.09sample/s
Class horse    Iteration 80   55.80sample/s
Class horse    Iteration 120  53.79sample/s
Class horse    Iteration 160  56.12sample/s
Class horse    Iteration 200  54.82sample/s
Class horse acc = 0.6967
Evaluating class motorbike: 12/18
Class motorbike Iteration 40   62.97sample/s
Class motorbike Iteration 80   103.12sample/s
Class motorbike Iteration 120  102.08sample/s
Class motorbike Iteration 160  105.92sample/s
Class motorbike Iteration 200  110.39sample/s
Class motorbike acc = 0.7878
Evaluating class person: 13/18
Class person   Iteration 40   92.70sample/s
Class person   Iteration 80   111.30sample/s
Class person   Iteration 120  100.98sample/s
Class person   Iteration 160  104.30sample/s
Class person   Iteration 200  109.95sample/s
Class person acc = 0.6483
Evaluating class pottedplant: 14/18
Class pottedplant Iteration 40   59.58sample/s
Class pottedplant Iteration 80   77.10sample/s
Class pottedplant Iteration 120  79.70sample/s
Class pottedplant Iteration 160  81.18sample/s
Class pottedplant Iteration 200  88.60sample/s
Class pottedplant acc = 0.9953
Evaluating class sheep: 15/18
Class sheep    Iteration 40   68.66sample/s
Class sheep    Iteration 80   73.10sample/s
Class sheep    Iteration 120  81.93sample/s
Class sheep    Iteration 160  79.10sample/s
Class sheep    Iteration 200  96.26sample/s
Class sheep acc = 0.7721
Evaluating class train: 16/18
Class train    Iteration 40   86.09sample/s
Class train    Iteration 80   91.64sample/s
Class train    Iteration 120  89.15sample/s
Class train    Iteration 160  88.00sample/s
Class train    Iteration 200  93.19sample/s
Class train acc = 0.9724
Evaluating class tvmonitor: 17/18
Class tvmonitor Iteration 40   77.17sample/s
Class tvmonitor Iteration 80   81.17sample/s
Class tvmonitor Iteration 120  90.00sample/s
Class tvmonitor Iteration 160  92.09sample/s
Class tvmonitor Iteration 200  89.33sample/s
Class tvmonitor acc = 1.0000
Evaluation complete in 4m 35s
Matching accuracy
aeroplane = 0.6604
bicycle = 0.5768
bird = 0.9049
boat = 0.7826
bottle = 0.6694
bus = 0.9790
car = 0.8735
cat = 0.7041
chair = 0.7147
cow = 0.8177
dog = 0.7748
horse = 0.6967
motorbike = 0.7878
person = 0.6483
pottedplant = 0.9953
sheep = 0.7721
train = 0.9724
tvmonitor = 1.0000
average = 0.7961
Epoch 2/6
----------
lr = 1.50e-06, 5.00e-05
Epoch 2/6: 100%|██████████| 2000/2000 [07:08<00:00,  4.67it/s, loss=1.9613, acc=0.9471]
epoch loss: 1.4932013943260536, epoch accuracy: 0.9470783752284205
completed in 428.14s (7.14m)
Start evaluation...
Evaluating class aeroplane: 0/18
Class aeroplane Iteration 40   40.82sample/s
Class aeroplane Iteration 80   44.64sample/s
Class aeroplane Iteration 120  44.68sample/s
Class aeroplane Iteration 160  42.59sample/s
Class aeroplane Iteration 200  49.89sample/s
Class aeroplane acc = 0.6909
Evaluating class bicycle: 1/18
Class bicycle  Iteration 40   41.35sample/s
Class bicycle  Iteration 80   46.85sample/s
Class bicycle  Iteration 120  45.38sample/s
Class bicycle  Iteration 160  43.91sample/s
Class bicycle  Iteration 200  52.09sample/s
Class bicycle acc = 0.6097
Evaluating class bird: 2/18
Class bird     Iteration 40   48.02sample/s
Class bird     Iteration 80   55.42sample/s
Class bird     Iteration 120  65.48sample/s
Class bird     Iteration 160  59.08sample/s
Class bird     Iteration 200  55.39sample/s
Class bird acc = 0.9087
Evaluating class boat: 3/18
Class boat     Iteration 40   49.00sample/s
Class boat     Iteration 80   52.88sample/s
Class boat     Iteration 120  76.63sample/s
Class boat     Iteration 160  57.21sample/s
Class boat     Iteration 200  58.20sample/s
Class boat acc = 0.8125
Evaluating class bottle: 4/18
Class bottle   Iteration 40   54.43sample/s
Class bottle   Iteration 80   58.49sample/s
Class bottle   Iteration 120  61.03sample/s
Class bottle   Iteration 160  56.36sample/s
Class bottle   Iteration 200  57.03sample/s
Class bottle acc = 0.6726
Evaluating class bus: 5/18
Class bus      Iteration 40   45.48sample/s
Class bus      Iteration 80   54.26sample/s
Class bus      Iteration 120  64.97sample/s
Class bus      Iteration 160  54.76sample/s
Class bus      Iteration 200  63.58sample/s
Class bus acc = 0.9828
Evaluating class car: 6/18
Class car      Iteration 40   47.39sample/s
Class car      Iteration 80   53.85sample/s
Class car      Iteration 120  59.34sample/s
Class car      Iteration 160  59.09sample/s
Class car      Iteration 200  57.61sample/s
Class car acc = 0.9020
Evaluating class cat: 7/18
Class cat      Iteration 40   53.49sample/s
Class cat      Iteration 80   60.12sample/s
Class cat      Iteration 120  62.96sample/s
Class cat      Iteration 160  57.39sample/s
Class cat      Iteration 200  58.43sample/s
Class cat acc = 0.7255
Evaluating class chair: 8/18
Class chair    Iteration 40   51.40sample/s
Class chair    Iteration 80   61.82sample/s
Class chair    Iteration 120  59.67sample/s
Class chair    Iteration 160  54.39sample/s
Class chair    Iteration 200  62.94sample/s
Class chair acc = 0.7310
Evaluating class cow: 9/18
Class cow      Iteration 40   49.92sample/s
Class cow      Iteration 80   60.28sample/s
Class cow      Iteration 120  59.75sample/s
Class cow      Iteration 160  55.22sample/s
Class cow      Iteration 200  60.01sample/s
Class cow acc = 0.8306
Evaluating class dog: 10/18
Class dog      Iteration 40   52.04sample/s
Class dog      Iteration 80   60.20sample/s
Class dog      Iteration 120  60.46sample/s
Class dog      Iteration 160  56.20sample/s
Class dog      Iteration 200  57.22sample/s
Class dog acc = 0.7818
Evaluating class horse: 11/18
Class horse    Iteration 40   51.91sample/s
Class horse    Iteration 80   56.31sample/s
Class horse    Iteration 120  62.23sample/s
Class horse    Iteration 160  57.77sample/s
Class horse    Iteration 200  56.70sample/s
Class horse acc = 0.7189
Evaluating class motorbike: 12/18
Class motorbike Iteration 40   48.09sample/s
Class motorbike Iteration 80   56.74sample/s
Class motorbike Iteration 120  54.19sample/s
Class motorbike Iteration 160  69.03sample/s
Class motorbike Iteration 200  59.36sample/s
Class motorbike acc = 0.8170
Evaluating class person: 13/18
Class person   Iteration 40   50.07sample/s
Class person   Iteration 80   57.21sample/s
Class person   Iteration 120  52.13sample/s
Class person   Iteration 160  60.73sample/s
Class person   Iteration 200  62.79sample/s
Class person acc = 0.7038
Evaluating class pottedplant: 14/18
Class pottedplant Iteration 40   43.28sample/s
Class pottedplant Iteration 80   49.85sample/s
Class pottedplant Iteration 120  62.75sample/s
Class pottedplant Iteration 160  60.15sample/s
Class pottedplant Iteration 200  88.31sample/s
Class pottedplant acc = 0.9950
Evaluating class sheep: 15/18
Class sheep    Iteration 40   73.94sample/s
Class sheep    Iteration 80   76.74sample/s
Class sheep    Iteration 120  86.67sample/s
Class sheep    Iteration 160  76.71sample/s
Class sheep    Iteration 200  99.83sample/s
Class sheep acc = 0.7781
Evaluating class train: 16/18
Class train    Iteration 40   89.79sample/s
Class train    Iteration 80   90.21sample/s
Class train    Iteration 120  96.49sample/s
Class train    Iteration 160  101.06sample/s
Class train    Iteration 200  99.44sample/s
Class train acc = 0.9767
Evaluating class tvmonitor: 17/18
Class tvmonitor Iteration 40   87.30sample/s
Class tvmonitor Iteration 80   94.59sample/s
Class tvmonitor Iteration 120  99.50sample/s
Class tvmonitor Iteration 160  95.85sample/s
Class tvmonitor Iteration 200  101.37sample/s
Class tvmonitor acc = 1.0000
Evaluation complete in 5m 7s
Matching accuracy
aeroplane = 0.6909
bicycle = 0.6097
bird = 0.9087
boat = 0.8125
bottle = 0.6726
bus = 0.9828
car = 0.9020
cat = 0.7255
chair = 0.7310
cow = 0.8306
dog = 0.7818
horse = 0.7189
motorbike = 0.8170
person = 0.7038
pottedplant = 0.9950
sheep = 0.7781
train = 0.9767
tvmonitor = 1.0000
average = 0.8132
Epoch 3/6
----------
lr = 1.50e-06, 5.00e-05
Epoch 3/6: 100%|██████████| 2000/2000 [07:03<00:00,  4.72it/s, loss=1.1281, acc=0.9590]
epoch loss: 1.3966146789025515, epoch accuracy: 0.9589622845917174
completed in 423.76s (7.06m)
Start evaluation...
Evaluating class aeroplane: 0/18
Class aeroplane Iteration 40   52.97sample/s
Class aeroplane Iteration 80   67.29sample/s
Class aeroplane Iteration 120  55.64sample/s
Class aeroplane Iteration 160  57.00sample/s
Class aeroplane Iteration 200  62.40sample/s
Class aeroplane acc = 0.6994
Evaluating class bicycle: 1/18
Class bicycle  Iteration 40   51.38sample/s
Class bicycle  Iteration 80   67.75sample/s
Class bicycle  Iteration 120  55.21sample/s
Class bicycle  Iteration 160  56.05sample/s
Class bicycle  Iteration 200  60.99sample/s
Class bicycle acc = 0.6171
Evaluating class bird: 2/18
Class bird     Iteration 40   52.01sample/s
Class bird     Iteration 80   61.08sample/s
Class bird     Iteration 120  74.85sample/s
Class bird     Iteration 160  62.16sample/s
Class bird     Iteration 200  60.72sample/s
Class bird acc = 0.9181
Evaluating class boat: 3/18
Class boat     Iteration 40   52.95sample/s
Class boat     Iteration 80   56.44sample/s
Class boat     Iteration 120  63.75sample/s
Class boat     Iteration 160  58.33sample/s
Class boat     Iteration 200  60.20sample/s
Class boat acc = 0.8231
Evaluating class bottle: 4/18
Class bottle   Iteration 40   55.12sample/s
Class bottle   Iteration 80   62.54sample/s
Class bottle   Iteration 120  66.78sample/s
Class bottle   Iteration 160  58.73sample/s
Class bottle   Iteration 200  61.21sample/s
Class bottle acc = 0.6731
Evaluating class bus: 5/18
Class bus      Iteration 40   48.37sample/s
Class bus      Iteration 80   58.34sample/s
Class bus      Iteration 120  64.10sample/s
Class bus      Iteration 160  52.49sample/s
Class bus      Iteration 200  64.64sample/s
Class bus acc = 0.9823
Evaluating class car: 6/18
Class car      Iteration 40   46.86sample/s
Class car      Iteration 80   58.06sample/s
Class car      Iteration 120  52.38sample/s
Class car      Iteration 160  62.11sample/s
Class car      Iteration 200  59.40sample/s
Class car acc = 0.9065
Evaluating class cat: 7/18
Class cat      Iteration 40   56.77sample/s
Class cat      Iteration 80   67.24sample/s
Class cat      Iteration 120  60.06sample/s
Class cat      Iteration 160  60.90sample/s
Class cat      Iteration 200  58.40sample/s
Class cat acc = 0.7255
Evaluating class chair: 8/18
Class chair    Iteration 40   50.16sample/s
Class chair    Iteration 80   64.77sample/s
Class chair    Iteration 120  58.42sample/s
Class chair    Iteration 160  54.44sample/s
Class chair    Iteration 200  59.95sample/s
Class chair acc = 0.7325
Evaluating class cow: 9/18
Class cow      Iteration 40   51.73sample/s
Class cow      Iteration 80   65.06sample/s
Class cow      Iteration 120  53.99sample/s
Class cow      Iteration 160  58.03sample/s
Class cow      Iteration 200  60.67sample/s
Class cow acc = 0.8361
Evaluating class dog: 10/18
Class dog      Iteration 40   54.63sample/s
Class dog      Iteration 80   61.98sample/s
Class dog      Iteration 120  65.52sample/s
Class dog      Iteration 160  57.73sample/s
Class dog      Iteration 200  58.52sample/s
Class dog acc = 0.7998
Evaluating class horse: 11/18
Class horse    Iteration 40   53.88sample/s
Class horse    Iteration 80   58.44sample/s
Class horse    Iteration 120  68.43sample/s
Class horse    Iteration 160  59.65sample/s
Class horse    Iteration 200  57.64sample/s
Class horse acc = 0.7197
Evaluating class motorbike: 12/18
Class motorbike Iteration 40   48.00sample/s
Class motorbike Iteration 80   55.31sample/s
Class motorbike Iteration 120  60.89sample/s
Class motorbike Iteration 160  58.09sample/s
Class motorbike Iteration 200  58.38sample/s
Class motorbike acc = 0.8055
Evaluating class person: 13/18
Class person   Iteration 40   51.05sample/s
Class person   Iteration 80   53.85sample/s
Class person   Iteration 120  66.80sample/s
Class person   Iteration 160  80.53sample/s
Class person   Iteration 200  89.58sample/s
Class person acc = 0.7076
Evaluating class pottedplant: 14/18
Class pottedplant Iteration 40   69.33sample/s
Class pottedplant Iteration 80   83.48sample/s
Class pottedplant Iteration 120  87.56sample/s
Class pottedplant Iteration 160  87.71sample/s
Class pottedplant Iteration 200  88.54sample/s
Class pottedplant acc = 0.9966
Evaluating class sheep: 15/18
Class sheep    Iteration 40   71.70sample/s
Class sheep    Iteration 80   70.50sample/s
Class sheep    Iteration 120  89.31sample/s
Class sheep    Iteration 160  81.82sample/s
Class sheep    Iteration 200  96.59sample/s
Class sheep acc = 0.7726
Evaluating class train: 16/18
Class train    Iteration 40   85.49sample/s
Class train    Iteration 80   88.97sample/s
Class train    Iteration 120  95.58sample/s
Class train    Iteration 160  94.63sample/s
Class train    Iteration 200  88.85sample/s
Class train acc = 0.9787
Evaluating class tvmonitor: 17/18
Class tvmonitor Iteration 40   84.25sample/s
Class tvmonitor Iteration 80   88.44sample/s
Class tvmonitor Iteration 120  89.56sample/s
Class tvmonitor Iteration 160  98.48sample/s
Class tvmonitor Iteration 200  93.64sample/s
Class tvmonitor acc = 0.9992
Evaluation complete in 4m 46s
Matching accuracy
aeroplane = 0.6994
bicycle = 0.6171
bird = 0.9181
boat = 0.8231
bottle = 0.6731
bus = 0.9823
car = 0.9065
cat = 0.7255
chair = 0.7325
cow = 0.8361
dog = 0.7998
horse = 0.7197
motorbike = 0.8055
person = 0.7076
pottedplant = 0.9966
sheep = 0.7726
train = 0.9787
tvmonitor = 0.9992
average = 0.8163
Epoch 4/6
----------
lr = 1.50e-06, 5.00e-05
Epoch 4/6: 100%|██████████| 2000/2000 [07:05<00:00,  4.70it/s, loss=1.1598, acc=0.9680]
epoch loss: 1.2923345215898008, epoch accuracy: 0.9680112271767123
completed in 425.27s (7.09m)
Start evaluation...
Evaluating class aeroplane: 0/18
Class aeroplane Iteration 40   57.91sample/s
Class aeroplane Iteration 80   70.53sample/s
Class aeroplane Iteration 120  54.87sample/s
Class aeroplane Iteration 160  56.06sample/s
Class aeroplane Iteration 200  59.38sample/s
Class aeroplane acc = 0.6965
Evaluating class bicycle: 1/18
Class bicycle  Iteration 40   52.20sample/s
Class bicycle  Iteration 80   65.28sample/s
Class bicycle  Iteration 120  60.91sample/s
Class bicycle  Iteration 160  54.22sample/s
Class bicycle  Iteration 200  60.77sample/s
Class bicycle acc = 0.6324
Evaluating class bird: 2/18
Class bird     Iteration 40   48.57sample/s
Class bird     Iteration 80   57.61sample/s
Class bird     Iteration 120  57.75sample/s
Class bird     Iteration 160  55.07sample/s
Class bird     Iteration 200  56.65sample/s
Class bird acc = 0.9118
Evaluating class boat: 3/18
Class boat     Iteration 40   50.00sample/s
Class boat     Iteration 80   56.22sample/s
Class boat     Iteration 120  59.97sample/s
Class boat     Iteration 160  55.78sample/s
Class boat     Iteration 200  59.10sample/s
Class boat acc = 0.8227
Evaluating class bottle: 4/18
Class bottle   Iteration 40   54.47sample/s
Class bottle   Iteration 80   67.06sample/s
Class bottle   Iteration 120  58.23sample/s
Class bottle   Iteration 160  55.17sample/s
Class bottle   Iteration 200  55.48sample/s
Class bottle acc = 0.6714
Evaluating class bus: 5/18
Class bus      Iteration 40   44.53sample/s
Class bus      Iteration 80   58.73sample/s
Class bus      Iteration 120  53.78sample/s
Class bus      Iteration 160  51.26sample/s
Class bus      Iteration 200  57.46sample/s
Class bus acc = 0.9826
Evaluating class car: 6/18
Class car      Iteration 40   42.91sample/s
Class car      Iteration 80   56.07sample/s
Class car      Iteration 120  45.77sample/s
Class car      Iteration 160  58.74sample/s
Class car      Iteration 200  53.84sample/s
Class car acc = 0.9150
Evaluating class cat: 7/18
Class cat      Iteration 40   52.07sample/s
Class cat      Iteration 80   64.72sample/s
Class cat      Iteration 120  57.43sample/s
Class cat      Iteration 160  56.87sample/s
Class cat      Iteration 200  54.32sample/s
Class cat acc = 0.7266
Evaluating class chair: 8/18
Class chair    Iteration 40   47.62sample/s
Class chair    Iteration 80   64.57sample/s
Class chair    Iteration 120  57.29sample/s
Class chair    Iteration 160  51.51sample/s
Class chair    Iteration 200  57.69sample/s
Class chair acc = 0.7495
Evaluating class cow: 9/18
Class cow      Iteration 40   46.67sample/s
Class cow      Iteration 80   53.99sample/s
Class cow      Iteration 120  57.34sample/s
Class cow      Iteration 160  53.17sample/s
Class cow      Iteration 200  56.18sample/s
Class cow acc = 0.8428
Evaluating class dog: 10/18
Class dog      Iteration 40   51.56sample/s
Class dog      Iteration 80   56.87sample/s
Class dog      Iteration 120  66.61sample/s
Class dog      Iteration 160  58.43sample/s
Class dog      Iteration 200  58.32sample/s
Class dog acc = 0.7769
Evaluating class horse: 11/18
Class horse    Iteration 40   52.48sample/s
Class horse    Iteration 80   57.26sample/s
Class horse    Iteration 120  59.93sample/s
Class horse    Iteration 160  59.27sample/s
Class horse    Iteration 200  59.94sample/s
Class horse acc = 0.7216
Evaluating class motorbike: 12/18
Class motorbike Iteration 40   48.08sample/s
Class motorbike Iteration 80   57.51sample/s
Class motorbike Iteration 120  76.78sample/s
Class motorbike Iteration 160  76.66sample/s
Class motorbike Iteration 200  82.13sample/s
Class motorbike acc = 0.7973
Evaluating class person: 13/18
Class person   Iteration 40   82.98sample/s
Class person   Iteration 80   96.76sample/s
Class person   Iteration 120  88.59sample/s
Class person   Iteration 160  91.61sample/s
Class person   Iteration 200  113.60sample/s
Class person acc = 0.7023
Evaluating class pottedplant: 14/18
Class pottedplant Iteration 40   75.35sample/s
Class pottedplant Iteration 80   82.73sample/s
Class pottedplant Iteration 120  85.34sample/s
Class pottedplant Iteration 160  88.54sample/s
Class pottedplant Iteration 200  96.09sample/s
Class pottedplant acc = 0.9940
Evaluating class sheep: 15/18
Class sheep    Iteration 40   75.23sample/s
Class sheep    Iteration 80   80.48sample/s
Class sheep    Iteration 120  88.52sample/s
Class sheep    Iteration 160  83.41sample/s
Class sheep    Iteration 200  99.45sample/s
Class sheep acc = 0.7916
Evaluating class train: 16/18
Class train    Iteration 40   91.02sample/s
Class train    Iteration 80   91.15sample/s
Class train    Iteration 120  120.67sample/s
Class train    Iteration 160  124.30sample/s
Class train    Iteration 200  101.86sample/s
Class train acc = 0.9769
Evaluating class tvmonitor: 17/18
Class tvmonitor Iteration 40   50.08sample/s
Class tvmonitor Iteration 80   56.98sample/s
Class tvmonitor Iteration 120  58.71sample/s
Class tvmonitor Iteration 160  58.10sample/s
Class tvmonitor Iteration 200  71.42sample/s
Class tvmonitor acc = 1.0000
Evaluation complete in 4m 52s
Matching accuracy
aeroplane = 0.6965
bicycle = 0.6324
bird = 0.9118
boat = 0.8227
bottle = 0.6714
bus = 0.9826
car = 0.9150
cat = 0.7266
chair = 0.7495
cow = 0.8428
dog = 0.7769
horse = 0.7216
motorbike = 0.7973
person = 0.7023
pottedplant = 0.9940
sheep = 0.7916
train = 0.9769
tvmonitor = 1.0000
average = 0.8173
Epoch 5/6
----------
lr = 1.50e-07, 5.00e-06
Epoch 5/6: 100%|██████████| 2000/2000 [07:08<00:00,  4.67it/s, loss=0.7844, acc=0.9700]
epoch loss: 1.2739956329558044, epoch accuracy: 0.969990333424709
completed in 428.25s (7.14m)
Start evaluation...
Evaluating class aeroplane: 0/18
Class aeroplane Iteration 40   53.91sample/s
Class aeroplane Iteration 80   57.87sample/s
Class aeroplane Iteration 120  57.14sample/s
Class aeroplane Iteration 160  56.18sample/s
Class aeroplane Iteration 200  64.69sample/s
Class aeroplane acc = 0.6943
Evaluating class bicycle: 1/18
Class bicycle  Iteration 40   51.39sample/s
Class bicycle  Iteration 80   56.08sample/s
Class bicycle  Iteration 120  51.60sample/s
Class bicycle  Iteration 160  57.66sample/s
Class bicycle  Iteration 200  66.89sample/s
Class bicycle acc = 0.6277
Evaluating class bird: 2/18
Class bird     Iteration 40   52.57sample/s
Class bird     Iteration 80   56.86sample/s
Class bird     Iteration 120  69.59sample/s
Class bird     Iteration 160  60.52sample/s
Class bird     Iteration 200  58.65sample/s
Class bird acc = 0.9131
Evaluating class boat: 3/18
Class boat     Iteration 40   48.61sample/s
Class boat     Iteration 80   50.62sample/s
Class boat     Iteration 120  65.77sample/s
Class boat     Iteration 160  57.74sample/s
Class boat     Iteration 200  58.90sample/s
Class boat acc = 0.8270
Evaluating class bottle: 4/18
Class bottle   Iteration 40   55.93sample/s
Class bottle   Iteration 80   60.76sample/s
Class bottle   Iteration 120  65.47sample/s
Class bottle   Iteration 160  58.70sample/s
Class bottle   Iteration 200  59.02sample/s
Class bottle acc = 0.6695
Evaluating class bus: 5/18
Class bus      Iteration 40   47.90sample/s
Class bus      Iteration 80   58.30sample/s
Class bus      Iteration 120  65.93sample/s
Class bus      Iteration 160  57.44sample/s
Class bus      Iteration 200  63.18sample/s
Class bus acc = 0.9818
Evaluating class car: 6/18
Class car      Iteration 40   46.37sample/s
Class car      Iteration 80   59.87sample/s
Class car      Iteration 120  56.43sample/s
Class car      Iteration 160  61.10sample/s
Class car      Iteration 200  60.97sample/s
Class car acc = 0.9147
Evaluating class cat: 7/18
Class cat      Iteration 40   53.36sample/s
Class cat      Iteration 80   60.08sample/s
Class cat      Iteration 120  75.53sample/s
Class cat      Iteration 160  60.60sample/s
Class cat      Iteration 200  60.32sample/s
Class cat acc = 0.7303
Evaluating class chair: 8/18
Class chair    Iteration 40   50.91sample/s
Class chair    Iteration 80   57.55sample/s
Class chair    Iteration 120  58.31sample/s
Class chair    Iteration 160  63.20sample/s
Class chair    Iteration 200  63.46sample/s
Class chair acc = 0.7492
Evaluating class cow: 9/18
Class cow      Iteration 40   52.56sample/s
Class cow      Iteration 80   56.55sample/s
Class cow      Iteration 120  54.28sample/s
Class cow      Iteration 160  65.44sample/s
Class cow      Iteration 200  63.00sample/s
Class cow acc = 0.8418
Evaluating class dog: 10/18
Class dog      Iteration 40   43.55sample/s
Class dog      Iteration 80   49.54sample/s
Class dog      Iteration 120  50.82sample/s
Class dog      Iteration 160  60.02sample/s
Class dog      Iteration 200  63.03sample/s
Class dog acc = 0.7799
Evaluating class horse: 11/18
Class horse    Iteration 40   54.50sample/s
Class horse    Iteration 80   60.09sample/s
Class horse    Iteration 120  61.64sample/s
Class horse    Iteration 160  60.96sample/s
Class horse    Iteration 200  61.60sample/s
Class horse acc = 0.7222
Evaluating class motorbike: 12/18
Class motorbike Iteration 40   52.78sample/s
Class motorbike Iteration 80   58.68sample/s
Class motorbike Iteration 120  59.64sample/s
Class motorbike Iteration 160  61.65sample/s
Class motorbike Iteration 200  66.72sample/s
Class motorbike acc = 0.7989
Evaluating class person: 13/18
Class person   Iteration 40   53.20sample/s
Class person   Iteration 80   60.08sample/s
Class person   Iteration 120  58.13sample/s
Class person   Iteration 160  60.25sample/s
Class person   Iteration 200  72.53sample/s
Class person acc = 0.7073
Evaluating class pottedplant: 14/18
Class pottedplant Iteration 40   47.47sample/s
Class pottedplant Iteration 80   52.11sample/s
Class pottedplant Iteration 120  57.64sample/s
Class pottedplant Iteration 160  60.81sample/s
Class pottedplant Iteration 200  58.53sample/s
Class pottedplant acc = 0.9955
Evaluating class sheep: 15/18
Class sheep    Iteration 40   45.49sample/s
Class sheep    Iteration 80   47.64sample/s
Class sheep    Iteration 120  58.67sample/s
Class sheep    Iteration 160  59.88sample/s
Class sheep    Iteration 200  62.11sample/s
Class sheep acc = 0.7869
Evaluating class train: 16/18
Class train    Iteration 40   53.25sample/s
Class train    Iteration 80   58.45sample/s
Class train    Iteration 120  60.66sample/s
Class train    Iteration 160  60.77sample/s
Class train    Iteration 200  75.23sample/s
Class train acc = 0.9774
Evaluating class tvmonitor: 17/18
Class tvmonitor Iteration 40   52.58sample/s
Class tvmonitor Iteration 80   61.52sample/s
Class tvmonitor Iteration 120  59.94sample/s
Class tvmonitor Iteration 160  61.47sample/s
Class tvmonitor Iteration 200  64.76sample/s
Class tvmonitor acc = 1.0000
Evaluation complete in 5m 12s
Matching accuracy
aeroplane = 0.6943
bicycle = 0.6277
bird = 0.9131
boat = 0.8270
bottle = 0.6695
bus = 0.9818
car = 0.9147
cat = 0.7303
chair = 0.7492
cow = 0.8418
dog = 0.7799
horse = 0.7222
motorbike = 0.7989
person = 0.7073
pottedplant = 0.9955
sheep = 0.7869
train = 0.9774
tvmonitor = 1.0000
average = 0.8176
Epoch 6/6
----------
lr = 1.50e-07, 5.00e-06
Epoch 6/6: 100%|██████████| 2000/2000 [07:06<00:00,  4.69it/s, loss=0.8419, acc=0.9726]
epoch loss: 1.2462431263437028, epoch accuracy: 0.9726077058047302
completed in 426.86s (7.11m)
Start evaluation...
Evaluating class aeroplane: 0/18
Class aeroplane Iteration 40   58.44sample/s
Class aeroplane Iteration 80   61.97sample/s
Class aeroplane Iteration 120  57.95sample/s
Class aeroplane Iteration 160  60.88sample/s
Class aeroplane Iteration 200  67.84sample/s
Class aeroplane acc = 0.6999
Evaluating class bicycle: 1/18
Class bicycle  Iteration 40   56.28sample/s
Class bicycle  Iteration 80   71.27sample/s
Class bicycle  Iteration 120  56.80sample/s
Class bicycle  Iteration 160  61.37sample/s
Class bicycle  Iteration 200  67.76sample/s
Class bicycle acc = 0.6294
Evaluating class bird: 2/18
Class bird     Iteration 40   55.61sample/s
Class bird     Iteration 80   65.20sample/s
Class bird     Iteration 120  76.23sample/s
Class bird     Iteration 160  62.68sample/s
Class bird     Iteration 200  62.54sample/s
Class bird acc = 0.9123
Evaluating class boat: 3/18
Class boat     Iteration 40   52.52sample/s
Class boat     Iteration 80   59.82sample/s
Class boat     Iteration 120  65.07sample/s
Class boat     Iteration 160  59.97sample/s
Class boat     Iteration 200  61.68sample/s
Class boat acc = 0.8268
Evaluating class bottle: 4/18
Class bottle   Iteration 40   56.02sample/s
Class bottle   Iteration 80   64.60sample/s
Class bottle   Iteration 120  100.29sample/s
Class bottle   Iteration 160  74.32sample/s
Class bottle   Iteration 200  97.26sample/s
Class bottle acc = 0.6694
Evaluating class bus: 5/18
Class bus      Iteration 40   81.22sample/s
Class bus      Iteration 80   94.32sample/s
Class bus      Iteration 120  99.47sample/s
Class bus      Iteration 160  92.20sample/s
Class bus      Iteration 200  122.86sample/s
Class bus acc = 0.9821
Evaluating class car: 6/18
Class car      Iteration 40   83.93sample/s
Class car      Iteration 80   93.78sample/s
Class car      Iteration 120  85.28sample/s
Class car      Iteration 160  104.71sample/s
Class car      Iteration 200  111.91sample/s
Class car acc = 0.9189
Evaluating class cat: 7/18
Class cat      Iteration 40   96.82sample/s
Class cat      Iteration 80   135.80sample/s
Class cat      Iteration 120  130.89sample/s
Class cat      Iteration 160  127.75sample/s
Class cat      Iteration 200  64.54sample/s
Class cat acc = 0.7287
Evaluating class chair: 8/18
Class chair    Iteration 40   55.58sample/s
Class chair    Iteration 80   60.76sample/s
Class chair    Iteration 120  62.37sample/s
Class chair    Iteration 160  64.41sample/s
Class chair    Iteration 200  62.51sample/s
Class chair acc = 0.7486
Evaluating class cow: 9/18
Class cow      Iteration 40   56.12sample/s
Class cow      Iteration 80   61.66sample/s
Class cow      Iteration 120  57.12sample/s
Class cow      Iteration 160  68.62sample/s
Class cow      Iteration 200  61.00sample/s
Class cow acc = 0.8413
Evaluating class dog: 10/18
Class dog      Iteration 40   56.94sample/s
Class dog      Iteration 80   62.51sample/s
Class dog      Iteration 120  60.80sample/s
Class dog      Iteration 160  69.08sample/s
Class dog      Iteration 200  63.35sample/s
Class dog acc = 0.7819
Evaluating class horse: 11/18
Class horse    Iteration 40   57.03sample/s
Class horse    Iteration 80   62.57sample/s
Class horse    Iteration 120  61.36sample/s
Class horse    Iteration 160  66.72sample/s
Class horse    Iteration 200  67.96sample/s
Class horse acc = 0.7193
Evaluating class motorbike: 12/18
Class motorbike Iteration 40   52.92sample/s
Class motorbike Iteration 80   60.64sample/s
Class motorbike Iteration 120  59.88sample/s
Class motorbike Iteration 160  66.45sample/s
Class motorbike Iteration 200  68.69sample/s
Class motorbike acc = 0.8001
Evaluating class person: 13/18
Class person   Iteration 40   54.50sample/s
Class person   Iteration 80   59.32sample/s
Class person   Iteration 120  55.64sample/s
Class person   Iteration 160  62.53sample/s
Class person   Iteration 200  68.95sample/s
Class person acc = 0.7093
Evaluating class pottedplant: 14/18
Class pottedplant Iteration 40   46.15sample/s
Class pottedplant Iteration 80   51.27sample/s
Class pottedplant Iteration 120  58.54sample/s
Class pottedplant Iteration 160  71.98sample/s
Class pottedplant Iteration 200  61.75sample/s
Class pottedplant acc = 0.9955
Evaluating class sheep: 15/18
Class sheep    Iteration 40   48.23sample/s
Class sheep    Iteration 80   53.08sample/s
Class sheep    Iteration 120  58.37sample/s
Class sheep    Iteration 160  65.69sample/s
Class sheep    Iteration 200  65.21sample/s
Class sheep acc = 0.7805
Evaluating class train: 16/18
Class train    Iteration 40   56.63sample/s
Class train    Iteration 80   64.59sample/s
Class train    Iteration 120  63.42sample/s
Class train    Iteration 160  67.21sample/s
Class train    Iteration 200  59.89sample/s
Class train acc = 0.9786
Evaluating class tvmonitor: 17/18
Class tvmonitor Iteration 40   55.81sample/s
Class tvmonitor Iteration 80   61.84sample/s
Class tvmonitor Iteration 120  62.19sample/s
Class tvmonitor Iteration 160  74.59sample/s
Class tvmonitor Iteration 200  63.72sample/s
Class tvmonitor acc = 1.0000
Evaluation complete in 4m 35s
Matching accuracy
aeroplane = 0.6999
bicycle = 0.6294
bird = 0.9123
boat = 0.8268
bottle = 0.6694
bus = 0.9821
car = 0.9189
cat = 0.7287
chair = 0.7486
cow = 0.8413
dog = 0.7819
horse = 0.7193
motorbike = 0.8001
person = 0.7093
pottedplant = 0.9955
sheep = 0.7805
train = 0.9786
tvmonitor = 1.0000
average = 0.8179
[1;34mwandb[0m: 
[1;34mwandb[0m: You can sync this run to the cloud by running:
[1;34mwandb[0m: [1mwandb sync /scratch/hpc-prf-llmrout/hpcabpo/nmt/wandb/wandb/offline-run-20260916_113454-0vt6bsdf[0m
[1;34mwandb[0m: Find logs at: [1;35m../../../../../../scratch/hpc-prf-llmrout/hpcabpo/nmt/wandb/wandb/offline-run-20260916_113454-0vt6bsdf/logs[0m
