CPU_SET_HEX_STR_SIZE: 257, Size of mstr: 257
cpu-bind=MASK - gpu1009, task  0  0 [1725213]: mask |---BBBBB|--------|--------|BBB-----|--------|--------|--------|--------|--------|BBBBBBBB|--------|--------||||--------|--------|--------|--------|--------|--------|--------|--------|--------|--------|--------|--------| set
job=3039598 node=gpu1009 gpu=NVIDIA H100 config=/scratch/hpc-prf-llmrout/hpcabpo/nmt/runs/configs/spline_seed0.json wandb=offline
backbone=vgg16 image_size=256 conv=spline model_dir=/scratch/hpc-prf-llmrout/hpcabpo/nmt/runs/spair_vgg16/spline_seed0
{
    "BACKBONE": "vgg16",
    "BACKBONE_DIR": "/scratch/hpc-prf-llmrout/hpcabpo/nmt/checkpoints",
    "BATCH_SIZE": 5,
    "CACHE_PATH": "data/cache",
    "DATASET_NAME": "SPair71k",
    "EVAL": {
        "SAMPLES": 1000,
        "difficulty_params": {},
        "num_graphs_in_matching_instance": 2
    },
    "IMAGE_SIZE": 256,
    "Matching_TF": {
        "activation": "relu",
        "batch_norm": true,
        "d_model": 648,
        "nGPT_mlp_hidden_mult": 6,
        "n_decoder": 4,
        "n_encoder": 4,
        "n_head": 12,
        "n_lap_EigVec": 8,
        "pos_encoding": false
    },
    "NORM_MEANS": [
        0.485,
        0.456,
        0.406
    ],
    "NORM_STD": [
        0.229,
        0.224,
        0.225
    ],
    "RANDOM_SEED": 0,
    "SPLINE_CNN": {
        "aggr": "max",
        "conv": "spline",
        "degrees": [
            5,
            4
        ],
        "dim": 2,
        "init": "spline",
        "init_noise": 0.001,
        "input_features": 1024,
        "kernel_size": 5,
        "num_bases": 0,
        "output_features": 648,
        "poly": "chebyshev",
        "pyg_init": true,
        "rational_basis": "product",
        "safe": "B",
        "vp": false
    },
    "SPair": {
        "CLASSES": [
            "aeroplane",
            "bicycle",
            "bird",
            "boat",
            "boat",
            "bottle",
            "bus",
            "car",
            "cat",
            "chair",
            "cow",
            "dog",
            "horse",
            "motorbike",
            "person",
            "pottedplant",
            "sheep",
            "train",
            "tvmonitor"
        ],
        "ROOT_DIR": "/pc2/groups/hpc-prf-llmrout/hpcabpo/rational-basis-cnn/data/SPair-71k",
        "size": "large"
    },
    "STATISTIC_STEP": 1,
    "TRACK_GRAD_NORM": false,
    "TRAIN": {
        "EPOCH_ITERS": 2000,
        "LR": 0.0005,
        "_comment_epochs": "lr_schedule long_halving5 defines 12 epochs; max_epochs stops after 7. NMT trains ~11 epochs per day, so 7 epochs is ~15.3 h. Both LR drops (epochs 2 and 5) still happen.",
        "clip_norm": 0,
        "cutmix_beta": 1.0,
        "cutmix_prob": 0.3,
        "difficulty_params": {},
        "layer_loss_param": 0.3,
        "lr_schedule": "long_halving5",
        "max_epochs": 7,
        "mixup_alpha": 0.8,
        "mixup_prob": 0.3,
        "num_graphs_in_matching_instance": 2,
        "random_erasing_prob": 0.3,
        "temperature": 0.1,
        "weight_decay": 0
    },
    "USE_SYNTHETIC": false,
    "VOC2011": {
        "CLASSES": [
            "aeroplane",
            "bicycle",
            "bird",
            "boat",
            "bottle",
            "bus",
            "car",
            "cat",
            "chair",
            "cow",
            "diningtable",
            "dog",
            "horse",
            "motorbike",
            "person",
            "pottedplant",
            "sheep",
            "sofa",
            "train",
            "tvmonitor"
        ],
        "KPT_ANNO_DIR": "/data/cat/ws/tosa098h-abtin_NormMatchTrans/data/downloaded/PascalVOC/annotations/",
        "ROOT_DIR": "/data/cat/ws/tosa098h-abtin_NormMatchTrans/data/downloaded/PascalVOC/VOC2011/",
        "SET_SPLIT": "/data/cat/ws/tosa098h-abtin_NormMatchTrans/data/split/voc2011_pairs.npz"
    },
    "WILLOW": {
        "CLASSES": [
            "Car",
            "Duck",
            "Face",
            "Motorbike",
            "Winebottle"
        ],
        "KPT_LEN": 10,
        "ROOT_DIR": "./data/downloaded/WILLOW/WILLOW-ObjectClass",
        "TRAIN_NUM": 20,
        "TRAIN_OFFSET": 0
    },
    "_generated_by": "slurm/make_config.py spline 0",
    "combine_classes": false,
    "default_json": "experiments/voc_basic.json",
    "eval_sampling": "intersection",
    "evaluate_only": false,
    "exclude_willow_classes": false,
    "keep_last_checkpoint_only": true,
    "log_dir": "runs/",
    "model_dir": "/scratch/hpc-prf-llmrout/hpcabpo/nmt/runs/spair_vgg16/spline_seed0",
    "save_checkpoint": true,
    "train_sampling": "intersection",
    "visualization_params": {
        "produce_pdf": false,
        "reduced_vis": true
    },
    "visualize": false,
    "warmstart_path": null
}
wandb: Tracking run with wandb version 0.30.0
wandb: W&B syncing is set to `offline` in this directory. Run `wandb online` or set WANDB_MODE=online to enable cloud syncing.
wandb: Run data is saved locally in /scratch/hpc-prf-llmrout/hpcabpo/nmt/wandb/wandb/offline-run-20260916_103857-ag3dfo2n
wandb: View this run in the terminal with `wandb leet`
No difficulty parameters for trn-set. Using all available data.
Number of annotation pairs matching the difficulty params in trn-set: {'aeroplane': 2924, 'bicycle': 2946, 'bird': 3080, 'boat': 2936, 'bottle': 2448, 'bus': 2708, 'car': 2960, 'cat': 3306, 'chair': 3060, 'cow': 3118, 'dog': 3192, 'horse': 3136, 'motorbike': 3180, 'person': 3066, 'pottedplant': 2446, 'sheep': 3140, 'train': 2752, 'tvmonitor': 2942}
TRUE EPOCHS:  False
10000
Initializing trn-set. Randomly sampling 10000 examples.
/pc2/groups/hpc-prf-llmrout/hpcabpo/nmt/conda/envs/nmt/lib/python3.12/site-packages/albumentations/core/composition.py:331: UserWarning: Got processor for keypoints, but no transform to process it.
  self._set_keys()
No difficulty parameters for test-set. Using all available data.
Number of annotation pairs matching the difficulty params in test-set: {'aeroplane': 690, 'bicycle': 650, 'bird': 702, 'boat': 702, 'bottle': 870, 'bus': 644, 'car': 564, 'cat': 600, 'chair': 646, 'cow': 640, 'dog': 600, 'horse': 600, 'motorbike': 702, 'person': 650, 'pottedplant': 862, 'sheep': 664, 'train': 756, 'tvmonitor': 692}
TRUE EPOCHS:  False
1000
Initializing test-set. Randomly sampling 1000 examples.
/pc2/groups/hpc-prf-llmrout/hpcabpo/nmt/conda/envs/nmt/lib/python3.12/site-packages/torchvision/models/_utils.py:208: UserWarning: The parameter 'pretrained' is deprecated since 0.13 and may be removed in the future, please use 'weights' instead.
  warnings.warn(
/pc2/groups/hpc-prf-llmrout/hpcabpo/nmt/conda/envs/nmt/lib/python3.12/site-packages/torchvision/models/_utils.py:223: UserWarning: Arguments other than a weight enum or `None` for 'weights' are deprecated since 0.13 and may be removed in the future. The current behavior is equivalent to passing `weights=VGG16_Weights.IMAGENET1K_V1`. You can also use `weights=VGG16_Weights.DEFAULT` to get the most up-to-date weights.
  warnings.warn(msg)
stopping after 7 epochs (cfg.TRAIN.max_epochs; schedule 'long_halving5' defines 12)
Start training...
NMT model on device: cuda:0
Epoch 0/6
----------
lr = 1.50e-05, 5.00e-04
Epoch 0/6:   0%|          | 0/2000 [00:00<?, ?it/s]/pc2/groups/hpc-prf-llmrout/hpcabpo/nmt/conda/envs/nmt/lib/python3.12/site-packages/torch_geometric/utils/_scatter.py:91: UserWarning: The usage of `scatter(reduce='max')` can be accelerated via the 'torch-scatter' package, but it was not found
  warnings.warn(
[rank0]:[W916 10:39:01.732457140 reducer.cpp:1528] Warning: find_unused_parameters=True was specified in DDP constructor, but did not find any unused parameters in the forward pass. This flag results in an extra traversal of the autograd graph every iteration,  which can adversely affect performance. If your model indeed never has any unused parameters in the forward pass, consider turning this flag off. Note that this warning may be a false positive if your model has flow control causing later iterations to have unused parameters. (function operator())
Epoch 0/6: 100%|██████████| 2000/2000 [06:48<00:00,  4.89it/s, loss=2.8705, acc=0.7859]
epoch loss: 2.862832324370742, epoch accuracy: 0.785904598195101
completed in 408.63s (6.81m)
Start evaluation...
Evaluating class aeroplane: 0/18
Class aeroplane Iteration 40   111.42sample/s
Class aeroplane Iteration 80   148.21sample/s
Class aeroplane Iteration 120  139.39sample/s
Class aeroplane Iteration 160  146.20sample/s
Class aeroplane Iteration 200  155.97sample/s
Class aeroplane acc = 0.6429
Evaluating class bicycle: 1/18
Class bicycle  Iteration 40   125.10sample/s
Class bicycle  Iteration 80   147.27sample/s
Class bicycle  Iteration 120  146.31sample/s
Class bicycle  Iteration 160  151.38sample/s
Class bicycle  Iteration 200  152.17sample/s
Class bicycle acc = 0.5928
Evaluating class bird: 2/18
Class bird     Iteration 40   115.20sample/s
Class bird     Iteration 80   140.26sample/s
Class bird     Iteration 120  149.46sample/s
Class bird     Iteration 160  149.79sample/s
Class bird     Iteration 200  154.88sample/s
Class bird acc = 0.8971
Evaluating class boat: 3/18
Class boat     Iteration 40   118.29sample/s
Class boat     Iteration 80   132.16sample/s
Class boat     Iteration 120  131.32sample/s
Class boat     Iteration 160  149.22sample/s
Class boat     Iteration 200  158.50sample/s
Class boat acc = 0.7618
Evaluating class bottle: 4/18
Class bottle   Iteration 40   118.80sample/s
Class bottle   Iteration 80   148.72sample/s
Class bottle   Iteration 120  147.59sample/s
Class bottle   Iteration 160  149.00sample/s
Class bottle   Iteration 200  147.43sample/s
Class bottle acc = 0.6362
Evaluating class bus: 5/18
Class bus      Iteration 40   115.42sample/s
Class bus      Iteration 80   142.22sample/s
Class bus      Iteration 120  147.22sample/s
Class bus      Iteration 160  140.73sample/s
Class bus      Iteration 200  150.11sample/s
Class bus acc = 0.9650
Evaluating class car: 6/18
Class car      Iteration 40   104.94sample/s
Class car      Iteration 80   135.13sample/s
Class car      Iteration 120  141.07sample/s
Class car      Iteration 160  126.17sample/s
Class car      Iteration 200  152.22sample/s
Class car acc = 0.8704
Evaluating class cat: 7/18
Class cat      Iteration 40   116.43sample/s
Class cat      Iteration 80   144.87sample/s
Class cat      Iteration 120  142.02sample/s
Class cat      Iteration 160  140.11sample/s
Class cat      Iteration 200  145.15sample/s
Class cat acc = 0.7407
Evaluating class chair: 8/18
Class chair    Iteration 40   121.37sample/s
Class chair    Iteration 80   137.64sample/s
Class chair    Iteration 120  138.55sample/s
Class chair    Iteration 160  149.52sample/s
Class chair    Iteration 200  143.03sample/s
Class chair acc = 0.6947
Evaluating class cow: 9/18
Class cow      Iteration 40   106.50sample/s
Class cow      Iteration 80   126.10sample/s
Class cow      Iteration 120  127.45sample/s
Class cow      Iteration 160  138.54sample/s
Class cow      Iteration 200  151.52sample/s
Class cow acc = 0.8014
Evaluating class dog: 10/18
Class dog      Iteration 40   117.31sample/s
Class dog      Iteration 80   134.89sample/s
Class dog      Iteration 120  133.66sample/s
Class dog      Iteration 160  137.70sample/s
Class dog      Iteration 200  142.60sample/s
Class dog acc = 0.7506
Evaluating class horse: 11/18
Class horse    Iteration 40   116.58sample/s
Class horse    Iteration 80   142.37sample/s
Class horse    Iteration 120  142.11sample/s
Class horse    Iteration 160  129.11sample/s
Class horse    Iteration 200  147.33sample/s
Class horse acc = 0.7087
Evaluating class motorbike: 12/18
Class motorbike Iteration 40   112.65sample/s
Class motorbike Iteration 80   140.84sample/s
Class motorbike Iteration 120  136.16sample/s
Class motorbike Iteration 160  142.71sample/s
Class motorbike Iteration 200  142.61sample/s
Class motorbike acc = 0.7653
Evaluating class person: 13/18
Class person   Iteration 40   113.71sample/s
Class person   Iteration 80   134.71sample/s
Class person   Iteration 120  137.27sample/s
Class person   Iteration 160  132.86sample/s
Class person   Iteration 200  149.11sample/s
Class person acc = 0.6875
Evaluating class pottedplant: 14/18
Class pottedplant Iteration 40   108.07sample/s
Class pottedplant Iteration 80   119.74sample/s
Class pottedplant Iteration 120  118.85sample/s
Class pottedplant Iteration 160  122.88sample/s
Class pottedplant Iteration 200  148.67sample/s
Class pottedplant acc = 0.9802
Evaluating class sheep: 15/18
Class sheep    Iteration 40   103.67sample/s
Class sheep    Iteration 80   117.90sample/s
Class sheep    Iteration 120  125.84sample/s
Class sheep    Iteration 160  131.91sample/s
Class sheep    Iteration 200  144.04sample/s
Class sheep acc = 0.7798
Evaluating class train: 16/18
Class train    Iteration 40   116.24sample/s
Class train    Iteration 80   141.94sample/s
Class train    Iteration 120  142.86sample/s
Class train    Iteration 160  139.69sample/s
Class train    Iteration 200  136.05sample/s
Class train acc = 0.9435
Evaluating class tvmonitor: 17/18
Class tvmonitor Iteration 40   113.92sample/s
Class tvmonitor Iteration 80   141.55sample/s
Class tvmonitor Iteration 120  140.48sample/s
Class tvmonitor Iteration 160  141.42sample/s
Class tvmonitor Iteration 200  138.69sample/s
Class tvmonitor acc = 0.9912
Evaluation complete in 2m 15s
Matching accuracy
aeroplane = 0.6429
bicycle = 0.5928
bird = 0.8971
boat = 0.7618
bottle = 0.6362
bus = 0.9650
car = 0.8704
cat = 0.7407
chair = 0.6947
cow = 0.8014
dog = 0.7506
horse = 0.7087
motorbike = 0.7653
person = 0.6875
pottedplant = 0.9802
sheep = 0.7798
train = 0.9435
tvmonitor = 0.9912
average = 0.7894
Epoch 1/6
----------
lr = 1.50e-05, 5.00e-04
Epoch 1/6: 100%|██████████| 2000/2000 [06:51<00:00,  4.87it/s, loss=1.7048, acc=0.9095]
epoch loss: 1.8605693407133221, epoch accuracy: 0.9094915993890464
completed in 411.09s (6.85m)
Start evaluation...
Evaluating class aeroplane: 0/18
Class aeroplane Iteration 40   99.18sample/s
Class aeroplane Iteration 80   132.20sample/s
Class aeroplane Iteration 120  123.68sample/s
Class aeroplane Iteration 160  125.10sample/s
Class aeroplane Iteration 200  128.16sample/s
Class aeroplane acc = 0.7144
Evaluating class bicycle: 1/18
Class bicycle  Iteration 40   108.97sample/s
Class bicycle  Iteration 80   127.75sample/s
Class bicycle  Iteration 120  131.09sample/s
Class bicycle  Iteration 160  126.65sample/s
Class bicycle  Iteration 200  135.00sample/s
Class bicycle acc = 0.6117
Evaluating class bird: 2/18
Class bird     Iteration 40   106.67sample/s
Class bird     Iteration 80   119.25sample/s
Class bird     Iteration 120  131.79sample/s
Class bird     Iteration 160  135.40sample/s
Class bird     Iteration 200  137.03sample/s
Class bird acc = 0.8916
Evaluating class boat: 3/18
Class boat     Iteration 40   103.28sample/s
Class boat     Iteration 80   124.28sample/s
Class boat     Iteration 120  119.93sample/s
Class boat     Iteration 160  125.24sample/s
Class boat     Iteration 200  141.54sample/s
Class boat acc = 0.7872
Evaluating class bottle: 4/18
Class bottle   Iteration 40   108.42sample/s
Class bottle   Iteration 80   124.00sample/s
Class bottle   Iteration 120  130.92sample/s
Class bottle   Iteration 160  128.77sample/s
Class bottle   Iteration 200  129.59sample/s
Class bottle acc = 0.6447
Evaluating class bus: 5/18
Class bus      Iteration 40   101.82sample/s
Class bus      Iteration 80   122.82sample/s
Class bus      Iteration 120  133.99sample/s
Class bus      Iteration 160  128.74sample/s
Class bus      Iteration 200  134.67sample/s
Class bus acc = 0.9752
Evaluating class car: 6/18
Class car      Iteration 40   91.56sample/s
Class car      Iteration 80   126.39sample/s
Class car      Iteration 120  131.84sample/s
Class car      Iteration 160  120.00sample/s
Class car      Iteration 200  139.55sample/s
Class car acc = 0.9110
Evaluating class cat: 7/18
Class cat      Iteration 40   112.11sample/s
Class cat      Iteration 80   131.89sample/s
Class cat      Iteration 120  129.19sample/s
Class cat      Iteration 160  131.88sample/s
Class cat      Iteration 200  130.73sample/s
Class cat acc = 0.7669
Evaluating class chair: 8/18
Class chair    Iteration 40   111.82sample/s
Class chair    Iteration 80   129.03sample/s
Class chair    Iteration 120  124.36sample/s
Class chair    Iteration 160  127.82sample/s
Class chair    Iteration 200  130.77sample/s
Class chair acc = 0.6565
Evaluating class cow: 9/18
Class cow      Iteration 40   104.31sample/s
Class cow      Iteration 80   118.63sample/s
Class cow      Iteration 120  119.26sample/s
Class cow      Iteration 160  126.64sample/s
Class cow      Iteration 200  150.59sample/s
Class cow acc = 0.8175
Evaluating class dog: 10/18
Class dog      Iteration 40   113.47sample/s
Class dog      Iteration 80   130.84sample/s
Class dog      Iteration 120  130.69sample/s
Class dog      Iteration 160  135.82sample/s
Class dog      Iteration 200  139.30sample/s
Class dog acc = 0.7743
Evaluating class horse: 11/18
Class horse    Iteration 40   108.59sample/s
Class horse    Iteration 80   128.84sample/s
Class horse    Iteration 120  131.09sample/s
Class horse    Iteration 160  125.23sample/s
Class horse    Iteration 200  129.19sample/s
Class horse acc = 0.7162
Evaluating class motorbike: 12/18
Class motorbike Iteration 40   103.84sample/s
Class motorbike Iteration 80   127.68sample/s
Class motorbike Iteration 120  126.99sample/s
Class motorbike Iteration 160  124.05sample/s
Class motorbike Iteration 200  133.30sample/s
Class motorbike acc = 0.7899
Evaluating class person: 13/18
Class person   Iteration 40   105.46sample/s
Class person   Iteration 80   122.38sample/s
Class person   Iteration 120  116.72sample/s
Class person   Iteration 160  120.24sample/s
Class person   Iteration 200  144.29sample/s
Class person acc = 0.7027
Evaluating class pottedplant: 14/18
Class pottedplant Iteration 40   94.58sample/s
Class pottedplant Iteration 80   107.09sample/s
Class pottedplant Iteration 120  108.60sample/s
Class pottedplant Iteration 160  110.95sample/s
Class pottedplant Iteration 200  135.12sample/s
Class pottedplant acc = 0.9957
Evaluating class sheep: 15/18
Class sheep    Iteration 40   95.45sample/s
Class sheep    Iteration 80   104.77sample/s
Class sheep    Iteration 120  119.66sample/s
Class sheep    Iteration 160  108.72sample/s
Class sheep    Iteration 200  127.83sample/s
Class sheep acc = 0.7980
Evaluating class train: 16/18
Class train    Iteration 40   107.78sample/s
Class train    Iteration 80   126.44sample/s
Class train    Iteration 120  129.87sample/s
Class train    Iteration 160  129.50sample/s
Class train    Iteration 200  123.67sample/s
Class train acc = 0.9616
Evaluating class tvmonitor: 17/18
Class tvmonitor Iteration 40   116.15sample/s
Class tvmonitor Iteration 80   134.64sample/s
Class tvmonitor Iteration 120  128.00sample/s
Class tvmonitor Iteration 160  134.18sample/s
Class tvmonitor Iteration 200  134.12sample/s
Class tvmonitor acc = 0.9882
Evaluation complete in 2m 28s
Matching accuracy
aeroplane = 0.7144
bicycle = 0.6117
bird = 0.8916
boat = 0.7872
bottle = 0.6447
bus = 0.9752
car = 0.9110
cat = 0.7669
chair = 0.6565
cow = 0.8175
dog = 0.7743
horse = 0.7162
motorbike = 0.7899
person = 0.7027
pottedplant = 0.9957
sheep = 0.7980
train = 0.9616
tvmonitor = 0.9882
average = 0.8057
Epoch 2/6
----------
lr = 1.50e-06, 5.00e-05
Epoch 2/6: 100%|██████████| 2000/2000 [06:51<00:00,  4.87it/s, loss=1.6369, acc=0.9508]
epoch loss: 1.4764180932231248, epoch accuracy: 0.9507994018863584
completed in 411.02s (6.85m)
Start evaluation...
Evaluating class aeroplane: 0/18
Class aeroplane Iteration 40   97.37sample/s
Class aeroplane Iteration 80   127.34sample/s
Class aeroplane Iteration 120  119.71sample/s
Class aeroplane Iteration 160  120.15sample/s
Class aeroplane Iteration 200  129.59sample/s
Class aeroplane acc = 0.7271
Evaluating class bicycle: 1/18
Class bicycle  Iteration 40   110.62sample/s
Class bicycle  Iteration 80   123.29sample/s
Class bicycle  Iteration 120  127.05sample/s
Class bicycle  Iteration 160  128.72sample/s
Class bicycle  Iteration 200  132.71sample/s
Class bicycle acc = 0.6337
Evaluating class bird: 2/18
Class bird     Iteration 40   106.97sample/s
Class bird     Iteration 80   124.79sample/s
Class bird     Iteration 120  126.39sample/s
Class bird     Iteration 160  126.35sample/s
Class bird     Iteration 200  129.37sample/s
Class bird acc = 0.9031
Evaluating class boat: 3/18
Class boat     Iteration 40   105.47sample/s
Class boat     Iteration 80   119.52sample/s
Class boat     Iteration 120  111.68sample/s
Class boat     Iteration 160  128.91sample/s
Class boat     Iteration 200  135.81sample/s
Class boat acc = 0.8060
Evaluating class bottle: 4/18
Class bottle   Iteration 40   110.39sample/s
Class bottle   Iteration 80   124.79sample/s
Class bottle   Iteration 120  125.17sample/s
Class bottle   Iteration 160  126.20sample/s
Class bottle   Iteration 200  130.35sample/s
Class bottle acc = 0.6522
Evaluating class bus: 5/18
Class bus      Iteration 40   101.06sample/s
Class bus      Iteration 80   124.57sample/s
Class bus      Iteration 120  131.20sample/s
Class bus      Iteration 160  123.07sample/s
Class bus      Iteration 200  134.01sample/s
Class bus acc = 0.9766
Evaluating class car: 6/18
Class car      Iteration 40   93.06sample/s
Class car      Iteration 80   120.97sample/s
Class car      Iteration 120  126.58sample/s
Class car      Iteration 160  119.45sample/s
Class car      Iteration 200  134.89sample/s
Class car acc = 0.9199
Evaluating class cat: 7/18
Class cat      Iteration 40   105.76sample/s
Class cat      Iteration 80   131.64sample/s
Class cat      Iteration 120  135.78sample/s
Class cat      Iteration 160  134.66sample/s
Class cat      Iteration 200  128.33sample/s
Class cat acc = 0.7593
Evaluating class chair: 8/18
Class chair    Iteration 40   110.47sample/s
Class chair    Iteration 80   126.02sample/s
Class chair    Iteration 120  124.60sample/s
Class chair    Iteration 160  129.22sample/s
Class chair    Iteration 200  126.33sample/s
Class chair acc = 0.7233
Evaluating class cow: 9/18
Class cow      Iteration 40   103.75sample/s
Class cow      Iteration 80   113.74sample/s
Class cow      Iteration 120  120.03sample/s
Class cow      Iteration 160  127.51sample/s
Class cow      Iteration 200  147.92sample/s
Class cow acc = 0.8257
Evaluating class dog: 10/18
Class dog      Iteration 40   111.50sample/s
Class dog      Iteration 80   130.30sample/s
Class dog      Iteration 120  133.79sample/s
Class dog      Iteration 160  129.37sample/s
Class dog      Iteration 200  126.11sample/s
Class dog acc = 0.7867
Evaluating class horse: 11/18
Class horse    Iteration 40   108.75sample/s
Class horse    Iteration 80   133.42sample/s
Class horse    Iteration 120  131.21sample/s
Class horse    Iteration 160  123.09sample/s
Class horse    Iteration 200  130.43sample/s
Class horse acc = 0.7312
Evaluating class motorbike: 12/18
Class motorbike Iteration 40   108.13sample/s
Class motorbike Iteration 80   123.49sample/s
Class motorbike Iteration 120  128.31sample/s
Class motorbike Iteration 160  127.72sample/s
Class motorbike Iteration 200  135.04sample/s
Class motorbike acc = 0.8012
Evaluating class person: 13/18
Class person   Iteration 40   106.72sample/s
Class person   Iteration 80   124.86sample/s
Class person   Iteration 120  120.48sample/s
Class person   Iteration 160  128.84sample/s
Class person   Iteration 200  144.17sample/s
Class person acc = 0.7199
Evaluating class pottedplant: 14/18
Class pottedplant Iteration 40   98.01sample/s
Class pottedplant Iteration 80   115.29sample/s
Class pottedplant Iteration 120  105.46sample/s
Class pottedplant Iteration 160  121.37sample/s
Class pottedplant Iteration 200  139.34sample/s
Class pottedplant acc = 0.9986
Evaluating class sheep: 15/18
Class sheep    Iteration 40   98.22sample/s
Class sheep    Iteration 80   104.38sample/s
Class sheep    Iteration 120  126.14sample/s
Class sheep    Iteration 160  119.04sample/s
Class sheep    Iteration 200  134.62sample/s
Class sheep acc = 0.7933
Evaluating class train: 16/18
Class train    Iteration 40   113.22sample/s
Class train    Iteration 80   133.24sample/s
Class train    Iteration 120  132.29sample/s
Class train    Iteration 160  132.45sample/s
Class train    Iteration 200  127.75sample/s
Class train acc = 0.9683
Evaluating class tvmonitor: 17/18
Class tvmonitor Iteration 40   110.86sample/s
Class tvmonitor Iteration 80   131.40sample/s
Class tvmonitor Iteration 120  131.74sample/s
Class tvmonitor Iteration 160  133.97sample/s
Class tvmonitor Iteration 200  130.62sample/s
Class tvmonitor acc = 0.9906
Evaluation complete in 2m 28s
Matching accuracy
aeroplane = 0.7271
bicycle = 0.6337
bird = 0.9031
boat = 0.8060
bottle = 0.6522
bus = 0.9766
car = 0.9199
cat = 0.7593
chair = 0.7233
cow = 0.8257
dog = 0.7867
horse = 0.7312
motorbike = 0.8012
person = 0.7199
pottedplant = 0.9986
sheep = 0.7933
train = 0.9683
tvmonitor = 0.9906
average = 0.8176
Epoch 3/6
----------
lr = 1.50e-06, 5.00e-05
Epoch 3/6: 100%|██████████| 2000/2000 [06:50<00:00,  4.87it/s, loss=0.9982, acc=0.9596]
epoch loss: 1.3793022599290126, epoch accuracy: 0.9595680743073229
completed in 410.71s (6.85m)
Start evaluation...
Evaluating class aeroplane: 0/18
Class aeroplane Iteration 40   97.89sample/s
Class aeroplane Iteration 80   119.44sample/s
Class aeroplane Iteration 120  123.64sample/s
Class aeroplane Iteration 160  122.26sample/s
Class aeroplane Iteration 200  136.96sample/s
Class aeroplane acc = 0.7316
Evaluating class bicycle: 1/18
Class bicycle  Iteration 40   101.69sample/s
Class bicycle  Iteration 80   122.98sample/s
Class bicycle  Iteration 120  127.36sample/s
Class bicycle  Iteration 160  136.05sample/s
Class bicycle  Iteration 200  134.11sample/s
Class bicycle acc = 0.6200
Evaluating class bird: 2/18
Class bird     Iteration 40   105.58sample/s
Class bird     Iteration 80   127.07sample/s
Class bird     Iteration 120  127.18sample/s
Class bird     Iteration 160  123.60sample/s
Class bird     Iteration 200  132.25sample/s
Class bird acc = 0.9032
Evaluating class boat: 3/18
Class boat     Iteration 40   104.57sample/s
Class boat     Iteration 80   116.65sample/s
Class boat     Iteration 120  112.57sample/s
Class boat     Iteration 160  121.45sample/s
Class boat     Iteration 200  138.05sample/s
Class boat acc = 0.7999
Evaluating class bottle: 4/18
Class bottle   Iteration 40   107.83sample/s
Class bottle   Iteration 80   124.52sample/s
Class bottle   Iteration 120  132.04sample/s
Class bottle   Iteration 160  127.48sample/s
Class bottle   Iteration 200  120.94sample/s
Class bottle acc = 0.6494
Evaluating class bus: 5/18
Class bus      Iteration 40   99.60sample/s
Class bus      Iteration 80   122.38sample/s
Class bus      Iteration 120  120.81sample/s
Class bus      Iteration 160  115.05sample/s
Class bus      Iteration 200  126.03sample/s
Class bus acc = 0.9739
Evaluating class car: 6/18
Class car      Iteration 40   91.72sample/s
Class car      Iteration 80   113.64sample/s
Class car      Iteration 120  124.50sample/s
Class car      Iteration 160  116.76sample/s
Class car      Iteration 200  128.15sample/s
Class car acc = 0.9179
Evaluating class cat: 7/18
Class cat      Iteration 40   107.43sample/s
Class cat      Iteration 80   131.62sample/s
Class cat      Iteration 120  129.93sample/s
Class cat      Iteration 160  131.80sample/s
Class cat      Iteration 200  127.93sample/s
Class cat acc = 0.7600
Evaluating class chair: 8/18
Class chair    Iteration 40   105.56sample/s
Class chair    Iteration 80   117.11sample/s
Class chair    Iteration 120  117.60sample/s
Class chair    Iteration 160  127.72sample/s
Class chair    Iteration 200  123.03sample/s
Class chair acc = 0.7138
Evaluating class cow: 9/18
Class cow      Iteration 40   97.86sample/s
Class cow      Iteration 80   110.78sample/s
Class cow      Iteration 120  115.53sample/s
Class cow      Iteration 160  123.61sample/s
Class cow      Iteration 200  143.88sample/s
Class cow acc = 0.8303
Evaluating class dog: 10/18
Class dog      Iteration 40   107.26sample/s
Class dog      Iteration 80   126.64sample/s
Class dog      Iteration 120  122.55sample/s
Class dog      Iteration 160  124.08sample/s
Class dog      Iteration 200  126.48sample/s
Class dog acc = 0.7968
Evaluating class horse: 11/18
Class horse    Iteration 40   105.15sample/s
Class horse    Iteration 80   128.51sample/s
Class horse    Iteration 120  125.56sample/s
Class horse    Iteration 160  128.88sample/s
Class horse    Iteration 200  122.01sample/s
Class horse acc = 0.7386
Evaluating class motorbike: 12/18
Class motorbike Iteration 40   105.28sample/s
Class motorbike Iteration 80   131.65sample/s
Class motorbike Iteration 120  133.97sample/s
Class motorbike Iteration 160  125.43sample/s
Class motorbike Iteration 200  125.18sample/s
Class motorbike acc = 0.7940
Evaluating class person: 13/18
Class person   Iteration 40   104.29sample/s
Class person   Iteration 80   118.82sample/s
Class person   Iteration 120  120.74sample/s
Class person   Iteration 160  122.30sample/s
Class person   Iteration 200  141.32sample/s
Class person acc = 0.7170
Evaluating class pottedplant: 14/18
Class pottedplant Iteration 40   94.56sample/s
Class pottedplant Iteration 80   105.11sample/s
Class pottedplant Iteration 120  110.28sample/s
Class pottedplant Iteration 160  114.18sample/s
Class pottedplant Iteration 200  130.84sample/s
Class pottedplant acc = 0.9977
Evaluating class sheep: 15/18
Class sheep    Iteration 40   93.26sample/s
Class sheep    Iteration 80   101.21sample/s
Class sheep    Iteration 120  113.32sample/s
Class sheep    Iteration 160  112.14sample/s
Class sheep    Iteration 200  127.68sample/s
Class sheep acc = 0.8048
Evaluating class train: 16/18
Class train    Iteration 40   105.27sample/s
Class train    Iteration 80   123.52sample/s
Class train    Iteration 120  122.36sample/s
Class train    Iteration 160  116.02sample/s
Class train    Iteration 200  112.89sample/s
Class train acc = 0.9704
Evaluating class tvmonitor: 17/18
Class tvmonitor Iteration 40   101.46sample/s
Class tvmonitor Iteration 80   121.43sample/s
Class tvmonitor Iteration 120  117.48sample/s
Class tvmonitor Iteration 160  120.07sample/s
Class tvmonitor Iteration 200  125.89sample/s
Class tvmonitor acc = 0.9910
Evaluation complete in 2m 33s
Matching accuracy
aeroplane = 0.7316
bicycle = 0.6200
bird = 0.9032
boat = 0.7999
bottle = 0.6494
bus = 0.9739
car = 0.9179
cat = 0.7600
chair = 0.7138
cow = 0.8303
dog = 0.7968
horse = 0.7386
motorbike = 0.7940
person = 0.7170
pottedplant = 0.9977
sheep = 0.8048
train = 0.9704
tvmonitor = 0.9910
average = 0.8172
Epoch 4/6
----------
lr = 1.50e-06, 5.00e-05
Epoch 4/6: 100%|██████████| 2000/2000 [06:57<00:00,  4.80it/s, loss=0.8746, acc=0.9670]
epoch loss: 1.3178388408273458, epoch accuracy: 0.9669580139904888
completed in 417.07s (6.95m)
Start evaluation...
Evaluating class aeroplane: 0/18
Class aeroplane Iteration 40   91.88sample/s
Class aeroplane Iteration 80   112.01sample/s
Class aeroplane Iteration 120  112.07sample/s
Class aeroplane Iteration 160  117.91sample/s
Class aeroplane Iteration 200  125.77sample/s
Class aeroplane acc = 0.7344
Evaluating class bicycle: 1/18
Class bicycle  Iteration 40   100.01sample/s
Class bicycle  Iteration 80   124.95sample/s
Class bicycle  Iteration 120  121.25sample/s
Class bicycle  Iteration 160  120.24sample/s
Class bicycle  Iteration 200  124.07sample/s
Class bicycle acc = 0.6250
Evaluating class bird: 2/18
Class bird     Iteration 40   98.95sample/s
Class bird     Iteration 80   116.54sample/s
Class bird     Iteration 120  124.15sample/s
Class bird     Iteration 160  123.57sample/s
Class bird     Iteration 200  131.67sample/s
Class bird acc = 0.9034
Evaluating class boat: 3/18
Class boat     Iteration 40   103.52sample/s
Class boat     Iteration 80   119.27sample/s
Class boat     Iteration 120  113.72sample/s
Class boat     Iteration 160  122.15sample/s
Class boat     Iteration 200  135.69sample/s
Class boat acc = 0.8060
Evaluating class bottle: 4/18
Class bottle   Iteration 40   108.20sample/s
Class bottle   Iteration 80   129.80sample/s
Class bottle   Iteration 120  130.70sample/s
Class bottle   Iteration 160  123.53sample/s
Class bottle   Iteration 200  131.24sample/s
Class bottle acc = 0.6486
Evaluating class bus: 5/18
Class bus      Iteration 40   101.78sample/s
Class bus      Iteration 80   122.14sample/s
Class bus      Iteration 120  134.99sample/s
Class bus      Iteration 160  124.22sample/s
Class bus      Iteration 200  131.38sample/s
Class bus acc = 0.9749
Evaluating class car: 6/18
Class car      Iteration 40   92.87sample/s
Class car      Iteration 80   113.32sample/s
Class car      Iteration 120  118.68sample/s
Class car      Iteration 160  110.30sample/s
Class car      Iteration 200  129.08sample/s
Class car acc = 0.9223
Evaluating class cat: 7/18
Class cat      Iteration 40   101.69sample/s
Class cat      Iteration 80   118.27sample/s
Class cat      Iteration 120  124.71sample/s
Class cat      Iteration 160  123.29sample/s
Class cat      Iteration 200  127.35sample/s
Class cat acc = 0.7672
Evaluating class chair: 8/18
Class chair    Iteration 40   100.51sample/s
Class chair    Iteration 80   123.84sample/s
Class chair    Iteration 120  123.63sample/s
Class chair    Iteration 160  125.61sample/s
Class chair    Iteration 200  125.92sample/s
Class chair acc = 0.7295
Evaluating class cow: 9/18
Class cow      Iteration 40   95.77sample/s
Class cow      Iteration 80   111.72sample/s
Class cow      Iteration 120  115.71sample/s
Class cow      Iteration 160  128.06sample/s
Class cow      Iteration 200  143.28sample/s
Class cow acc = 0.8243
Evaluating class dog: 10/18
Class dog      Iteration 40   104.48sample/s
Class dog      Iteration 80   127.36sample/s
Class dog      Iteration 120  122.15sample/s
Class dog      Iteration 160  124.93sample/s
Class dog      Iteration 200  119.54sample/s
Class dog acc = 0.8073
Evaluating class horse: 11/18
Class horse    Iteration 40   106.67sample/s
Class horse    Iteration 80   124.86sample/s
Class horse    Iteration 120  124.59sample/s
Class horse    Iteration 160  119.26sample/s
Class horse    Iteration 200  127.09sample/s
Class horse acc = 0.7431
Evaluating class motorbike: 12/18
Class motorbike Iteration 40   101.31sample/s
Class motorbike Iteration 80   121.43sample/s
Class motorbike Iteration 120  117.99sample/s
Class motorbike Iteration 160  124.98sample/s
Class motorbike Iteration 200  122.19sample/s
Class motorbike acc = 0.8119
Evaluating class person: 13/18
Class person   Iteration 40   101.47sample/s
Class person   Iteration 80   121.80sample/s
Class person   Iteration 120  120.81sample/s
Class person   Iteration 160  121.02sample/s
Class person   Iteration 200  142.42sample/s
Class person acc = 0.7152
Evaluating class pottedplant: 14/18
Class pottedplant Iteration 40   95.22sample/s
Class pottedplant Iteration 80   106.94sample/s
Class pottedplant Iteration 120  113.52sample/s
Class pottedplant Iteration 160  117.65sample/s
Class pottedplant Iteration 200  134.08sample/s
Class pottedplant acc = 0.9993
Evaluating class sheep: 15/18
Class sheep    Iteration 40   88.56sample/s
Class sheep    Iteration 80   110.43sample/s
Class sheep    Iteration 120  127.53sample/s
Class sheep    Iteration 160  110.63sample/s
Class sheep    Iteration 200  121.64sample/s
Class sheep acc = 0.8026
Evaluating class train: 16/18
Class train    Iteration 40   105.03sample/s
Class train    Iteration 80   126.66sample/s
Class train    Iteration 120  127.65sample/s
Class train    Iteration 160  131.54sample/s
Class train    Iteration 200  129.80sample/s
Class train acc = 0.9707
Evaluating class tvmonitor: 17/18
Class tvmonitor Iteration 40   104.77sample/s
Class tvmonitor Iteration 80   123.67sample/s
Class tvmonitor Iteration 120  128.17sample/s
Class tvmonitor Iteration 160  130.55sample/s
Class tvmonitor Iteration 200  122.05sample/s
Class tvmonitor acc = 0.9911
Evaluation complete in 2m 34s
Matching accuracy
aeroplane = 0.7344
bicycle = 0.6250
bird = 0.9034
boat = 0.8060
bottle = 0.6486
bus = 0.9749
car = 0.9223
cat = 0.7672
chair = 0.7295
cow = 0.8243
dog = 0.8073
horse = 0.7431
motorbike = 0.8119
person = 0.7152
pottedplant = 0.9993
sheep = 0.8026
train = 0.9707
tvmonitor = 0.9911
average = 0.8209
Epoch 5/6
----------
lr = 1.50e-07, 5.00e-06
Epoch 5/6: 100%|██████████| 2000/2000 [06:50<00:00,  4.87it/s, loss=0.7496, acc=0.9696]
epoch loss: 1.2845683409199118, epoch accuracy: 0.9695744160274031
completed in 410.27s (6.84m)
Start evaluation...
Evaluating class aeroplane: 0/18
Class aeroplane Iteration 40   97.66sample/s
Class aeroplane Iteration 80   120.68sample/s
Class aeroplane Iteration 120  114.97sample/s
Class aeroplane Iteration 160  115.99sample/s
Class aeroplane Iteration 200  119.79sample/s
Class aeroplane acc = 0.7342
Evaluating class bicycle: 1/18
Class bicycle  Iteration 40   101.11sample/s
Class bicycle  Iteration 80   116.83sample/s
Class bicycle  Iteration 120  120.28sample/s
Class bicycle  Iteration 160  116.69sample/s
Class bicycle  Iteration 200  125.31sample/s
Class bicycle acc = 0.6280
Evaluating class bird: 2/18
Class bird     Iteration 40   96.87sample/s
Class bird     Iteration 80   115.27sample/s
Class bird     Iteration 120  127.08sample/s
Class bird     Iteration 160  123.46sample/s
Class bird     Iteration 200  121.78sample/s
Class bird acc = 0.9050
Evaluating class boat: 3/18
Class boat     Iteration 40   95.35sample/s
Class boat     Iteration 80   112.98sample/s
Class boat     Iteration 120  109.09sample/s
Class boat     Iteration 160  120.15sample/s
Class boat     Iteration 200  127.47sample/s
Class boat acc = 0.8077
Evaluating class bottle: 4/18
Class bottle   Iteration 40   101.12sample/s
Class bottle   Iteration 80   119.42sample/s
Class bottle   Iteration 120  119.40sample/s
Class bottle   Iteration 160  120.76sample/s
Class bottle   Iteration 200  124.00sample/s
Class bottle acc = 0.6493
Evaluating class bus: 5/18
Class bus      Iteration 40   95.18sample/s
Class bus      Iteration 80   121.77sample/s
Class bus      Iteration 120  124.07sample/s
Class bus      Iteration 160  119.47sample/s
Class bus      Iteration 200  123.49sample/s
Class bus acc = 0.9739
Evaluating class car: 6/18
Class car      Iteration 40   92.67sample/s
Class car      Iteration 80   107.28sample/s
Class car      Iteration 120  121.15sample/s
Class car      Iteration 160  111.48sample/s
Class car      Iteration 200  128.64sample/s
Class car acc = 0.9226
Evaluating class cat: 7/18
Class cat      Iteration 40   111.91sample/s
Class cat      Iteration 80   122.36sample/s
Class cat      Iteration 120  122.45sample/s
Class cat      Iteration 160  122.08sample/s
Class cat      Iteration 200  129.14sample/s
Class cat acc = 0.7677
Evaluating class chair: 8/18
Class chair    Iteration 40   107.20sample/s
Class chair    Iteration 80   120.91sample/s
Class chair    Iteration 120  116.13sample/s
Class chair    Iteration 160  127.71sample/s
Class chair    Iteration 200  124.03sample/s
Class chair acc = 0.7319
Evaluating class cow: 9/18
Class cow      Iteration 40   96.84sample/s
Class cow      Iteration 80   111.98sample/s
Class cow      Iteration 120  114.66sample/s
Class cow      Iteration 160  126.95sample/s
Class cow      Iteration 200  134.48sample/s
Class cow acc = 0.8257
Evaluating class dog: 10/18
Class dog      Iteration 40   100.31sample/s
Class dog      Iteration 80   124.68sample/s
Class dog      Iteration 120  124.40sample/s
Class dog      Iteration 160  128.23sample/s
Class dog      Iteration 200  127.25sample/s
Class dog acc = 0.8079
Evaluating class horse: 11/18
Class horse    Iteration 40   102.32sample/s
Class horse    Iteration 80   119.63sample/s
Class horse    Iteration 120  126.94sample/s
Class horse    Iteration 160  123.09sample/s
Class horse    Iteration 200  128.40sample/s
Class horse acc = 0.7382
Evaluating class motorbike: 12/18
Class motorbike Iteration 40   98.83sample/s
Class motorbike Iteration 80   125.79sample/s
Class motorbike Iteration 120  118.62sample/s
Class motorbike Iteration 160  126.48sample/s
Class motorbike Iteration 200  127.72sample/s
Class motorbike acc = 0.8107
Evaluating class person: 13/18
Class person   Iteration 40   102.26sample/s
Class person   Iteration 80   120.16sample/s
Class person   Iteration 120  120.73sample/s
Class person   Iteration 160  122.16sample/s
Class person   Iteration 200  139.32sample/s
Class person acc = 0.7230
Evaluating class pottedplant: 14/18
Class pottedplant Iteration 40   93.68sample/s
Class pottedplant Iteration 80   107.26sample/s
Class pottedplant Iteration 120  110.03sample/s
Class pottedplant Iteration 160  114.33sample/s
Class pottedplant Iteration 200  128.51sample/s
Class pottedplant acc = 0.9993
Evaluating class sheep: 15/18
Class sheep    Iteration 40   88.27sample/s
Class sheep    Iteration 80   101.26sample/s
Class sheep    Iteration 120  111.25sample/s
Class sheep    Iteration 160  111.20sample/s
Class sheep    Iteration 200  116.66sample/s
Class sheep acc = 0.8043
Evaluating class train: 16/18
Class train    Iteration 40   96.75sample/s
Class train    Iteration 80   119.47sample/s
Class train    Iteration 120  121.94sample/s
Class train    Iteration 160  118.46sample/s
Class train    Iteration 200  120.69sample/s
Class train acc = 0.9724
Evaluating class tvmonitor: 17/18
Class tvmonitor Iteration 40   103.94sample/s
Class tvmonitor Iteration 80   115.61sample/s
Class tvmonitor Iteration 120  125.72sample/s
Class tvmonitor Iteration 160  126.49sample/s
Class tvmonitor Iteration 200  121.37sample/s
Class tvmonitor acc = 0.9910
Evaluation complete in 2m 37s
Matching accuracy
aeroplane = 0.7342
bicycle = 0.6280
bird = 0.9050
boat = 0.8077
bottle = 0.6493
bus = 0.9739
car = 0.9226
cat = 0.7677
chair = 0.7319
cow = 0.8257
dog = 0.8079
horse = 0.7382
motorbike = 0.8107
person = 0.7230
pottedplant = 0.9993
sheep = 0.8043
train = 0.9724
tvmonitor = 0.9910
average = 0.8218
Epoch 6/6
----------
lr = 1.50e-07, 5.00e-06
Epoch 6/6: 100%|██████████| 2000/2000 [06:56<00:00,  4.80it/s, loss=1.0637, acc=0.9691]
epoch loss: 1.2677790001574905, epoch accuracy: 0.9690708176630316
completed in 416.42s (6.94m)
Start evaluation...
Evaluating class aeroplane: 0/18
Class aeroplane Iteration 40   92.85sample/s
Class aeroplane Iteration 80   124.12sample/s
Class aeroplane Iteration 120  119.11sample/s
Class aeroplane Iteration 160  124.53sample/s
Class aeroplane Iteration 200  127.56sample/s
Class aeroplane acc = 0.7367
Evaluating class bicycle: 1/18
Class bicycle  Iteration 40   105.68sample/s
Class bicycle  Iteration 80   116.91sample/s
Class bicycle  Iteration 120  125.10sample/s
Class bicycle  Iteration 160  129.83sample/s
Class bicycle  Iteration 200  135.74sample/s
Class bicycle acc = 0.6317
Evaluating class bird: 2/18
Class bird     Iteration 40   97.74sample/s
Class bird     Iteration 80   111.71sample/s
Class bird     Iteration 120  123.16sample/s
Class bird     Iteration 160  121.55sample/s
Class bird     Iteration 200  124.98sample/s
Class bird acc = 0.9048
Evaluating class boat: 3/18
Class boat     Iteration 40   101.52sample/s
Class boat     Iteration 80   113.58sample/s
Class boat     Iteration 120  108.44sample/s
Class boat     Iteration 160  117.79sample/s
Class boat     Iteration 200  128.88sample/s
Class boat acc = 0.8064
Evaluating class bottle: 4/18
Class bottle   Iteration 40   104.83sample/s
Class bottle   Iteration 80   118.23sample/s
Class bottle   Iteration 120  118.01sample/s
Class bottle   Iteration 160  116.88sample/s
Class bottle   Iteration 200  116.84sample/s
Class bottle acc = 0.6498
Evaluating class bus: 5/18
Class bus      Iteration 40   96.57sample/s
Class bus      Iteration 80   109.21sample/s
Class bus      Iteration 120  115.66sample/s
Class bus      Iteration 160  116.13sample/s
Class bus      Iteration 200  123.82sample/s
Class bus acc = 0.9764
Evaluating class car: 6/18
Class car      Iteration 40   83.44sample/s
Class car      Iteration 80   98.31sample/s
Class car      Iteration 120  108.84sample/s
Class car      Iteration 160  105.38sample/s
Class car      Iteration 200  115.06sample/s
Class car acc = 0.9227
Evaluating class cat: 7/18
Class cat      Iteration 40   99.34sample/s
Class cat      Iteration 80   113.35sample/s
Class cat      Iteration 120  109.58sample/s
Class cat      Iteration 160  109.97sample/s
Class cat      Iteration 200  114.88sample/s
Class cat acc = 0.7669
Evaluating class chair: 8/18
Class chair    Iteration 40   102.40sample/s
Class chair    Iteration 80   114.33sample/s
Class chair    Iteration 120  114.35sample/s
Class chair    Iteration 160  109.13sample/s
Class chair    Iteration 200  115.51sample/s
Class chair acc = 0.7290
Evaluating class cow: 9/18
Class cow      Iteration 40   94.09sample/s
Class cow      Iteration 80   100.56sample/s
Class cow      Iteration 120  103.57sample/s
Class cow      Iteration 160  115.50sample/s
Class cow      Iteration 200  125.71sample/s
Class cow acc = 0.8286
Evaluating class dog: 10/18
Class dog      Iteration 40   96.21sample/s
Class dog      Iteration 80   116.03sample/s
Class dog      Iteration 120  116.12sample/s
Class dog      Iteration 160  112.93sample/s
Class dog      Iteration 200  114.87sample/s
Class dog acc = 0.8064
Evaluating class horse: 11/18
Class horse    Iteration 40   98.75sample/s
Class horse    Iteration 80   112.37sample/s
Class horse    Iteration 120  120.06sample/s
Class horse    Iteration 160  122.69sample/s
Class horse    Iteration 200  123.05sample/s
Class horse acc = 0.7340
Evaluating class motorbike: 12/18
Class motorbike Iteration 40   95.08sample/s
Class motorbike Iteration 80   113.84sample/s
Class motorbike Iteration 120  116.32sample/s
Class motorbike Iteration 160  116.23sample/s
Class motorbike Iteration 200  118.00sample/s
Class motorbike acc = 0.8073
Evaluating class person: 13/18
Class person   Iteration 40   97.06sample/s
Class person   Iteration 80   112.11sample/s
Class person   Iteration 120  108.47sample/s
Class person   Iteration 160  116.09sample/s
Class person   Iteration 200  126.37sample/s
Class person acc = 0.7212
Evaluating class pottedplant: 14/18
Class pottedplant Iteration 40   84.64sample/s
Class pottedplant Iteration 80   98.07sample/s
Class pottedplant Iteration 120  98.82sample/s
Class pottedplant Iteration 160  106.25sample/s
Class pottedplant Iteration 200  122.31sample/s
Class pottedplant acc = 0.9993
Evaluating class sheep: 15/18
Class sheep    Iteration 40   84.11sample/s
Class sheep    Iteration 80   88.94sample/s
Class sheep    Iteration 120  112.59sample/s
Class sheep    Iteration 160  101.65sample/s
Class sheep    Iteration 200  117.82sample/s
Class sheep acc = 0.8020
Evaluating class train: 16/18
Class train    Iteration 40   102.22sample/s
Class train    Iteration 80   111.51sample/s
Class train    Iteration 120  113.90sample/s
Class train    Iteration 160  111.89sample/s
Class train    Iteration 200  111.72sample/s
Class train acc = 0.9721
Evaluating class tvmonitor: 17/18
Class tvmonitor Iteration 40   100.88sample/s
Class tvmonitor Iteration 80   111.01sample/s
Class tvmonitor Iteration 120  119.20sample/s
Class tvmonitor Iteration 160  110.49sample/s
Class tvmonitor Iteration 200  116.81sample/s
Class tvmonitor acc = 0.9916
Evaluation complete in 2m 44s
Matching accuracy
aeroplane = 0.7367
bicycle = 0.6317
bird = 0.9048
boat = 0.8064
bottle = 0.6498
bus = 0.9764
car = 0.9227
cat = 0.7669
chair = 0.7290
cow = 0.8286
dog = 0.8064
horse = 0.7340
motorbike = 0.8073
person = 0.7212
pottedplant = 0.9993
sheep = 0.8020
train = 0.9721
tvmonitor = 0.9916
average = 0.8215
[1;34mwandb[0m: 
[1;34mwandb[0m: You can sync this run to the cloud by running:
[1;34mwandb[0m: [1mwandb sync /scratch/hpc-prf-llmrout/hpcabpo/nmt/wandb/wandb/offline-run-20260916_103857-ag3dfo2n[0m
[1;34mwandb[0m: Find logs at: [1;35m../../../../../../scratch/hpc-prf-llmrout/hpcabpo/nmt/wandb/wandb/offline-run-20260916_103857-ag3dfo2n/logs[0m
