CPU_SET_HEX_STR_SIZE: 257, Size of mstr: 257
cpu-bind=MASK - gpu1201, task  0  0 [444239]: mask |--------|-BBBBBBB|--------|--------|B-------|--------|--------|--------|--------|--------|BBBBBBBB|--------||||--------|--------|--------|--------|--------|--------|--------|--------|--------|--------|--------|--------| set
job=3039606 node=gpu1201 gpu=NVIDIA H100 config=/scratch/hpc-prf-llmrout/hpcabpo/nmt/runs/configs/spline_k3_seed3.json wandb=offline
backbone=vgg16 image_size=256 conv=spline model_dir=/scratch/hpc-prf-llmrout/hpcabpo/nmt/runs/spair_vgg16/spline_k3_seed3
{
    "BACKBONE": "vgg16",
    "BACKBONE_DIR": "/scratch/hpc-prf-llmrout/hpcabpo/nmt/checkpoints",
    "BATCH_SIZE": 5,
    "CACHE_PATH": "data/cache",
    "DATASET_NAME": "SPair71k",
    "EVAL": {
        "SAMPLES": 1000,
        "difficulty_params": {},
        "num_graphs_in_matching_instance": 2
    },
    "IMAGE_SIZE": 256,
    "Matching_TF": {
        "activation": "relu",
        "batch_norm": true,
        "d_model": 648,
        "nGPT_mlp_hidden_mult": 6,
        "n_decoder": 4,
        "n_encoder": 4,
        "n_head": 12,
        "n_lap_EigVec": 8,
        "pos_encoding": false
    },
    "NORM_MEANS": [
        0.485,
        0.456,
        0.406
    ],
    "NORM_STD": [
        0.229,
        0.224,
        0.225
    ],
    "RANDOM_SEED": 3,
    "SPLINE_CNN": {
        "aggr": "max",
        "conv": "spline",
        "degrees": [
            5,
            4
        ],
        "dim": 2,
        "init": "spline",
        "init_noise": 0.001,
        "input_features": 1024,
        "kernel_size": 3,
        "num_bases": 0,
        "output_features": 648,
        "poly": "chebyshev",
        "pyg_init": true,
        "rational_basis": "product",
        "safe": "B",
        "vp": false
    },
    "SPair": {
        "CLASSES": [
            "aeroplane",
            "bicycle",
            "bird",
            "boat",
            "boat",
            "bottle",
            "bus",
            "car",
            "cat",
            "chair",
            "cow",
            "dog",
            "horse",
            "motorbike",
            "person",
            "pottedplant",
            "sheep",
            "train",
            "tvmonitor"
        ],
        "ROOT_DIR": "/pc2/groups/hpc-prf-llmrout/hpcabpo/rational-basis-cnn/data/SPair-71k",
        "size": "large"
    },
    "STATISTIC_STEP": 1,
    "TRACK_GRAD_NORM": false,
    "TRAIN": {
        "EPOCH_ITERS": 2000,
        "LR": 0.0005,
        "_comment_epochs": "lr_schedule long_halving5 defines 12 epochs; max_epochs stops after 7. NMT trains ~11 epochs per day, so 7 epochs is ~15.3 h. Both LR drops (epochs 2 and 5) still happen.",
        "clip_norm": 0,
        "cutmix_beta": 1.0,
        "cutmix_prob": 0.3,
        "difficulty_params": {},
        "layer_loss_param": 0.3,
        "lr_schedule": "long_halving5",
        "max_epochs": 7,
        "mixup_alpha": 0.8,
        "mixup_prob": 0.3,
        "num_graphs_in_matching_instance": 2,
        "random_erasing_prob": 0.3,
        "temperature": 0.1,
        "weight_decay": 0
    },
    "USE_SYNTHETIC": false,
    "VOC2011": {
        "CLASSES": [
            "aeroplane",
            "bicycle",
            "bird",
            "boat",
            "bottle",
            "bus",
            "car",
            "cat",
            "chair",
            "cow",
            "diningtable",
            "dog",
            "horse",
            "motorbike",
            "person",
            "pottedplant",
            "sheep",
            "sofa",
            "train",
            "tvmonitor"
        ],
        "KPT_ANNO_DIR": "/data/cat/ws/tosa098h-abtin_NormMatchTrans/data/downloaded/PascalVOC/annotations/",
        "ROOT_DIR": "/data/cat/ws/tosa098h-abtin_NormMatchTrans/data/downloaded/PascalVOC/VOC2011/",
        "SET_SPLIT": "/data/cat/ws/tosa098h-abtin_NormMatchTrans/data/split/voc2011_pairs.npz"
    },
    "WILLOW": {
        "CLASSES": [
            "Car",
            "Duck",
            "Face",
            "Motorbike",
            "Winebottle"
        ],
        "KPT_LEN": 10,
        "ROOT_DIR": "./data/downloaded/WILLOW/WILLOW-ObjectClass",
        "TRAIN_NUM": 20,
        "TRAIN_OFFSET": 0
    },
    "_generated_by": "slurm/make_config.py spline_k3 3",
    "combine_classes": false,
    "default_json": "experiments/voc_basic.json",
    "eval_sampling": "intersection",
    "evaluate_only": false,
    "exclude_willow_classes": false,
    "keep_last_checkpoint_only": true,
    "log_dir": "runs/",
    "model_dir": "/scratch/hpc-prf-llmrout/hpcabpo/nmt/runs/spair_vgg16/spline_k3_seed3",
    "save_checkpoint": true,
    "train_sampling": "intersection",
    "visualization_params": {
        "produce_pdf": false,
        "reduced_vis": true
    },
    "visualize": false,
    "warmstart_path": null
}
wandb: Tracking run with wandb version 0.30.0
wandb: W&B syncing is set to `offline` in this directory. Run `wandb online` or set WANDB_MODE=online to enable cloud syncing.
wandb: Run data is saved locally in /scratch/hpc-prf-llmrout/hpcabpo/nmt/wandb/wandb/offline-run-20260916_104433-pnb04w2i
wandb: View this run in the terminal with `wandb leet`
No difficulty parameters for trn-set. Using all available data.
Number of annotation pairs matching the difficulty params in trn-set: {'aeroplane': 2924, 'bicycle': 2946, 'bird': 3080, 'boat': 2936, 'bottle': 2448, 'bus': 2708, 'car': 2960, 'cat': 3306, 'chair': 3060, 'cow': 3118, 'dog': 3192, 'horse': 3136, 'motorbike': 3180, 'person': 3066, 'pottedplant': 2446, 'sheep': 3140, 'train': 2752, 'tvmonitor': 2942}
TRUE EPOCHS:  False
10000
Initializing trn-set. Randomly sampling 10000 examples.
/pc2/groups/hpc-prf-llmrout/hpcabpo/nmt/conda/envs/nmt/lib/python3.12/site-packages/albumentations/core/composition.py:331: UserWarning: Got processor for keypoints, but no transform to process it.
  self._set_keys()
No difficulty parameters for test-set. Using all available data.
Number of annotation pairs matching the difficulty params in test-set: {'aeroplane': 690, 'bicycle': 650, 'bird': 702, 'boat': 702, 'bottle': 870, 'bus': 644, 'car': 564, 'cat': 600, 'chair': 646, 'cow': 640, 'dog': 600, 'horse': 600, 'motorbike': 702, 'person': 650, 'pottedplant': 862, 'sheep': 664, 'train': 756, 'tvmonitor': 692}
TRUE EPOCHS:  False
1000
Initializing test-set. Randomly sampling 1000 examples.
/pc2/groups/hpc-prf-llmrout/hpcabpo/nmt/conda/envs/nmt/lib/python3.12/site-packages/torchvision/models/_utils.py:208: UserWarning: The parameter 'pretrained' is deprecated since 0.13 and may be removed in the future, please use 'weights' instead.
  warnings.warn(
/pc2/groups/hpc-prf-llmrout/hpcabpo/nmt/conda/envs/nmt/lib/python3.12/site-packages/torchvision/models/_utils.py:223: UserWarning: Arguments other than a weight enum or `None` for 'weights' are deprecated since 0.13 and may be removed in the future. The current behavior is equivalent to passing `weights=VGG16_Weights.IMAGENET1K_V1`. You can also use `weights=VGG16_Weights.DEFAULT` to get the most up-to-date weights.
  warnings.warn(msg)
stopping after 7 epochs (cfg.TRAIN.max_epochs; schedule 'long_halving5' defines 12)
Start training...
NMT model on device: cuda:0
Epoch 0/6
----------
lr = 1.50e-05, 5.00e-04
Epoch 0/6:   0%|          | 0/2000 [00:00<?, ?it/s]/pc2/groups/hpc-prf-llmrout/hpcabpo/nmt/conda/envs/nmt/lib/python3.12/site-packages/torch_geometric/utils/_scatter.py:91: UserWarning: The usage of `scatter(reduce='max')` can be accelerated via the 'torch-scatter' package, but it was not found
  warnings.warn(
[rank0]:[W916 10:44:37.355932424 reducer.cpp:1528] Warning: find_unused_parameters=True was specified in DDP constructor, but did not find any unused parameters in the forward pass. This flag results in an extra traversal of the autograd graph every iteration,  which can adversely affect performance. If your model indeed never has any unused parameters in the forward pass, consider turning this flag off. Note that this warning may be a false positive if your model has flow control causing later iterations to have unused parameters. (function operator())
Epoch 0/6: 100%|██████████| 2000/2000 [06:47<00:00,  4.90it/s, loss=1.9532, acc=0.7670]
epoch loss: 2.997460412696004, epoch accuracy: 0.7670324940822035
completed in 407.82s (6.80m)
Start evaluation...
Evaluating class aeroplane: 0/18
Class aeroplane Iteration 40   101.95sample/s
Class aeroplane Iteration 80   118.27sample/s
Class aeroplane Iteration 120  120.21sample/s
Class aeroplane Iteration 160  120.22sample/s
Class aeroplane Iteration 200  134.79sample/s
Class aeroplane acc = 0.6255
Evaluating class bicycle: 1/18
Class bicycle  Iteration 40   103.18sample/s
Class bicycle  Iteration 80   118.01sample/s
Class bicycle  Iteration 120  120.98sample/s
Class bicycle  Iteration 160  121.88sample/s
Class bicycle  Iteration 200  131.21sample/s
Class bicycle acc = 0.5713
Evaluating class bird: 2/18
Class bird     Iteration 40   107.47sample/s
Class bird     Iteration 80   124.58sample/s
Class bird     Iteration 120  127.13sample/s
Class bird     Iteration 160  128.44sample/s
Class bird     Iteration 200  127.72sample/s
Class bird acc = 0.8883
Evaluating class boat: 3/18
Class boat     Iteration 40   92.44sample/s
Class boat     Iteration 80   118.18sample/s
Class boat     Iteration 120  115.36sample/s
Class boat     Iteration 160  118.80sample/s
Class boat     Iteration 200  129.25sample/s
Class boat acc = 0.7521
Evaluating class bottle: 4/18
Class bottle   Iteration 40   102.45sample/s
Class bottle   Iteration 80   122.85sample/s
Class bottle   Iteration 120  126.57sample/s
Class bottle   Iteration 160  113.31sample/s
Class bottle   Iteration 200  129.70sample/s
Class bottle acc = 0.6638
Evaluating class bus: 5/18
Class bus      Iteration 40   98.33sample/s
Class bus      Iteration 80   118.11sample/s
Class bus      Iteration 120  119.94sample/s
Class bus      Iteration 160  123.47sample/s
Class bus      Iteration 200  136.82sample/s
Class bus acc = 0.9606
Evaluating class car: 6/18
Class car      Iteration 40   97.15sample/s
Class car      Iteration 80   111.94sample/s
Class car      Iteration 120  105.15sample/s
Class car      Iteration 160  123.91sample/s
Class car      Iteration 200  133.47sample/s
Class car acc = 0.8734
Evaluating class cat: 7/18
Class cat      Iteration 40   105.77sample/s
Class cat      Iteration 80   124.71sample/s
Class cat      Iteration 120  129.26sample/s
Class cat      Iteration 160  121.49sample/s
Class cat      Iteration 200  131.44sample/s
Class cat acc = 0.7144
Evaluating class chair: 8/18
Class chair    Iteration 40   101.65sample/s
Class chair    Iteration 80   128.42sample/s
Class chair    Iteration 120  126.50sample/s
Class chair    Iteration 160  115.89sample/s
Class chair    Iteration 200  131.33sample/s
Class chair acc = 0.6859
Evaluating class cow: 9/18
Class cow      Iteration 40   104.44sample/s
Class cow      Iteration 80   110.30sample/s
Class cow      Iteration 120  127.16sample/s
Class cow      Iteration 160  133.00sample/s
Class cow      Iteration 200  146.29sample/s
Class cow acc = 0.7906
Evaluating class dog: 10/18
Class dog      Iteration 40   109.28sample/s
Class dog      Iteration 80   121.23sample/s
Class dog      Iteration 120  121.40sample/s
Class dog      Iteration 160  158.35sample/s
Class dog      Iteration 200  131.47sample/s
Class dog acc = 0.7372
Evaluating class horse: 11/18
Class horse    Iteration 40   109.85sample/s
Class horse    Iteration 80   125.12sample/s
Class horse    Iteration 120  141.72sample/s
Class horse    Iteration 160  130.84sample/s
Class horse    Iteration 200  123.63sample/s
Class horse acc = 0.7056
Evaluating class motorbike: 12/18
Class motorbike Iteration 40   104.33sample/s
Class motorbike Iteration 80   128.05sample/s
Class motorbike Iteration 120  130.43sample/s
Class motorbike Iteration 160  131.93sample/s
Class motorbike Iteration 200  136.81sample/s
Class motorbike acc = 0.7628
Evaluating class person: 13/18
Class person   Iteration 40   104.41sample/s
Class person   Iteration 80   126.49sample/s
Class person   Iteration 120  116.38sample/s
Class person   Iteration 160  122.89sample/s
Class person   Iteration 200  148.15sample/s
Class person acc = 0.6598
Evaluating class pottedplant: 14/18
Class pottedplant Iteration 40   92.29sample/s
Class pottedplant Iteration 80   114.12sample/s
Class pottedplant Iteration 120  112.88sample/s
Class pottedplant Iteration 160  116.53sample/s
Class pottedplant Iteration 200  131.47sample/s
Class pottedplant acc = 0.9837
Evaluating class sheep: 15/18
Class sheep    Iteration 40   97.21sample/s
Class sheep    Iteration 80   108.88sample/s
Class sheep    Iteration 120  118.24sample/s
Class sheep    Iteration 160  126.43sample/s
Class sheep    Iteration 200  136.46sample/s
Class sheep acc = 0.7330
Evaluating class train: 16/18
Class train    Iteration 40   109.42sample/s
Class train    Iteration 80   125.93sample/s
Class train    Iteration 120  130.26sample/s
Class train    Iteration 160  135.70sample/s
Class train    Iteration 200  133.25sample/s
Class train acc = 0.9348
Evaluating class tvmonitor: 17/18
Class tvmonitor Iteration 40   106.35sample/s
Class tvmonitor Iteration 80   131.34sample/s
Class tvmonitor Iteration 120  121.01sample/s
Class tvmonitor Iteration 160  129.97sample/s
Class tvmonitor Iteration 200  135.60sample/s
Class tvmonitor acc = 0.9869
Evaluation complete in 2m 31s
Matching accuracy
aeroplane = 0.6255
bicycle = 0.5713
bird = 0.8883
boat = 0.7521
bottle = 0.6638
bus = 0.9606
car = 0.8734
cat = 0.7144
chair = 0.6859
cow = 0.7906
dog = 0.7372
horse = 0.7056
motorbike = 0.7628
person = 0.6598
pottedplant = 0.9837
sheep = 0.7330
train = 0.9348
tvmonitor = 0.9869
average = 0.7794
Epoch 1/6
----------
lr = 1.50e-05, 5.00e-04
Epoch 1/6: 100%|██████████| 2000/2000 [06:46<00:00,  4.92it/s, loss=2.0567, acc=0.8966]
epoch loss: 1.9495964563600718, epoch accuracy: 0.8966444894417125
completed in 406.64s (6.78m)
Start evaluation...
Evaluating class aeroplane: 0/18
Class aeroplane Iteration 40   105.77sample/s
Class aeroplane Iteration 80   125.33sample/s
Class aeroplane Iteration 120  121.55sample/s
Class aeroplane Iteration 160  116.35sample/s
Class aeroplane Iteration 200  131.45sample/s
Class aeroplane acc = 0.6741
Evaluating class bicycle: 1/18
Class bicycle  Iteration 40   100.48sample/s
Class bicycle  Iteration 80   117.09sample/s
Class bicycle  Iteration 120  122.87sample/s
Class bicycle  Iteration 160  120.39sample/s
Class bicycle  Iteration 200  138.01sample/s
Class bicycle acc = 0.6176
Evaluating class bird: 2/18
Class bird     Iteration 40   103.06sample/s
Class bird     Iteration 80   126.63sample/s
Class bird     Iteration 120  121.81sample/s
Class bird     Iteration 160  133.79sample/s
Class bird     Iteration 200  128.03sample/s
Class bird acc = 0.9068
Evaluating class boat: 3/18
Class boat     Iteration 40   102.28sample/s
Class boat     Iteration 80   121.28sample/s
Class boat     Iteration 120  109.90sample/s
Class boat     Iteration 160  133.47sample/s
Class boat     Iteration 200  129.73sample/s
Class boat acc = 0.7700
Evaluating class bottle: 4/18
Class bottle   Iteration 40   109.62sample/s
Class bottle   Iteration 80   124.14sample/s
Class bottle   Iteration 120  129.72sample/s
Class bottle   Iteration 160  131.69sample/s
Class bottle   Iteration 200  132.59sample/s
Class bottle acc = 0.6706
Evaluating class bus: 5/18
Class bus      Iteration 40   104.15sample/s
Class bus      Iteration 80   119.96sample/s
Class bus      Iteration 120  128.64sample/s
Class bus      Iteration 160  119.34sample/s
Class bus      Iteration 200  142.28sample/s
Class bus acc = 0.9704
Evaluating class car: 6/18
Class car      Iteration 40   104.83sample/s
Class car      Iteration 80   115.24sample/s
Class car      Iteration 120  105.97sample/s
Class car      Iteration 160  123.20sample/s
Class car      Iteration 200  138.17sample/s
Class car acc = 0.8853
Evaluating class cat: 7/18
Class cat      Iteration 40   104.39sample/s
Class cat      Iteration 80   126.59sample/s
Class cat      Iteration 120  131.83sample/s
Class cat      Iteration 160  125.23sample/s
Class cat      Iteration 200  131.47sample/s
Class cat acc = 0.7103
Evaluating class chair: 8/18
Class chair    Iteration 40   101.26sample/s
Class chair    Iteration 80   119.54sample/s
Class chair    Iteration 120  127.23sample/s
Class chair    Iteration 160  118.49sample/s
Class chair    Iteration 200  125.14sample/s
Class chair acc = 0.6961
Evaluating class cow: 9/18
Class cow      Iteration 40   104.46sample/s
Class cow      Iteration 80   99.35sample/s
Class cow      Iteration 120  117.91sample/s
Class cow      Iteration 160  120.10sample/s
Class cow      Iteration 200  133.90sample/s
Class cow acc = 0.7882
Evaluating class dog: 10/18
Class dog      Iteration 40   104.73sample/s
Class dog      Iteration 80   124.87sample/s
Class dog      Iteration 120  118.84sample/s
Class dog      Iteration 160  126.63sample/s
Class dog      Iteration 200  126.55sample/s
Class dog acc = 0.7592
Evaluating class horse: 11/18
Class horse    Iteration 40   107.16sample/s
Class horse    Iteration 80   126.40sample/s
Class horse    Iteration 120  122.81sample/s
Class horse    Iteration 160  130.13sample/s
Class horse    Iteration 200  122.31sample/s
Class horse acc = 0.7009
Evaluating class motorbike: 12/18
Class motorbike Iteration 40   101.60sample/s
Class motorbike Iteration 80   119.32sample/s
Class motorbike Iteration 120  124.39sample/s
Class motorbike Iteration 160  122.99sample/s
Class motorbike Iteration 200  119.85sample/s
Class motorbike acc = 0.8035
Evaluating class person: 13/18
Class person   Iteration 40   103.84sample/s
Class person   Iteration 80   125.16sample/s
Class person   Iteration 120  117.29sample/s
Class person   Iteration 160  117.69sample/s
Class person   Iteration 200  142.79sample/s
Class person acc = 0.6814
Evaluating class pottedplant: 14/18
Class pottedplant Iteration 40   85.01sample/s
Class pottedplant Iteration 80   104.58sample/s
Class pottedplant Iteration 120  107.10sample/s
Class pottedplant Iteration 160  112.28sample/s
Class pottedplant Iteration 200  123.93sample/s
Class pottedplant acc = 0.9907
Evaluating class sheep: 15/18
Class sheep    Iteration 40   86.46sample/s
Class sheep    Iteration 80   99.33sample/s
Class sheep    Iteration 120  110.19sample/s
Class sheep    Iteration 160  111.64sample/s
Class sheep    Iteration 200  128.01sample/s
Class sheep acc = 0.7762
Evaluating class train: 16/18
Class train    Iteration 40   96.92sample/s
Class train    Iteration 80   125.16sample/s
Class train    Iteration 120  118.06sample/s
Class train    Iteration 160  119.29sample/s
Class train    Iteration 200  116.83sample/s
Class train acc = 0.9596
Evaluating class tvmonitor: 17/18
Class tvmonitor Iteration 40   106.63sample/s
Class tvmonitor Iteration 80   141.74sample/s
Class tvmonitor Iteration 120  146.94sample/s
Class tvmonitor Iteration 160  77.06sample/s
Class tvmonitor Iteration 200  72.02sample/s
Class tvmonitor acc = 0.9923
Evaluation complete in 2m 36s
Matching accuracy
aeroplane = 0.6741
bicycle = 0.6176
bird = 0.9068
boat = 0.7700
bottle = 0.6706
bus = 0.9704
car = 0.8853
cat = 0.7103
chair = 0.6961
cow = 0.7882
dog = 0.7592
horse = 0.7009
motorbike = 0.8035
person = 0.6814
pottedplant = 0.9907
sheep = 0.7762
train = 0.9596
tvmonitor = 0.9923
average = 0.7974
Epoch 2/6
----------
lr = 1.50e-06, 5.00e-05
Epoch 2/6: 100%|██████████| 2000/2000 [06:47<00:00,  4.91it/s, loss=0.8562, acc=0.9425]
epoch loss: 1.5350180019419641, epoch accuracy: 0.9425125019815821
completed in 407.65s (6.79m)
Start evaluation...
Evaluating class aeroplane: 0/18
Class aeroplane Iteration 40   113.09sample/s
Class aeroplane Iteration 80   123.39sample/s
Class aeroplane Iteration 120  122.42sample/s
Class aeroplane Iteration 160  118.46sample/s
Class aeroplane Iteration 200  131.23sample/s
Class aeroplane acc = 0.6966
Evaluating class bicycle: 1/18
Class bicycle  Iteration 40   108.52sample/s
Class bicycle  Iteration 80   117.37sample/s
Class bicycle  Iteration 120  114.77sample/s
Class bicycle  Iteration 160  124.29sample/s
Class bicycle  Iteration 200  137.16sample/s
Class bicycle acc = 0.6388
Evaluating class bird: 2/18
Class bird     Iteration 40   105.91sample/s
Class bird     Iteration 80   120.36sample/s
Class bird     Iteration 120  127.95sample/s
Class bird     Iteration 160  129.62sample/s
Class bird     Iteration 200  121.92sample/s
Class bird acc = 0.9056
Evaluating class boat: 3/18
Class boat     Iteration 40   99.24sample/s
Class boat     Iteration 80   123.10sample/s
Class boat     Iteration 120  112.99sample/s
Class boat     Iteration 160  128.97sample/s
Class boat     Iteration 200  131.65sample/s
Class boat acc = 0.8017
Evaluating class bottle: 4/18
Class bottle   Iteration 40   100.56sample/s
Class bottle   Iteration 80   120.12sample/s
Class bottle   Iteration 120  123.52sample/s
Class bottle   Iteration 160  128.07sample/s
Class bottle   Iteration 200  124.83sample/s
Class bottle acc = 0.6601
Evaluating class bus: 5/18
Class bus      Iteration 40   101.47sample/s
Class bus      Iteration 80   120.25sample/s
Class bus      Iteration 120  114.69sample/s
Class bus      Iteration 160  122.33sample/s
Class bus      Iteration 200  140.38sample/s
Class bus acc = 0.9815
Evaluating class car: 6/18
Class car      Iteration 40   98.27sample/s
Class car      Iteration 80   111.97sample/s
Class car      Iteration 120  106.08sample/s
Class car      Iteration 160  122.38sample/s
Class car      Iteration 200  135.75sample/s
Class car acc = 0.8986
Evaluating class cat: 7/18
Class cat      Iteration 40   110.97sample/s
Class cat      Iteration 80   132.35sample/s
Class cat      Iteration 120  126.51sample/s
Class cat      Iteration 160  128.56sample/s
Class cat      Iteration 200  125.14sample/s
Class cat acc = 0.7347
Evaluating class chair: 8/18
Class chair    Iteration 40   108.24sample/s
Class chair    Iteration 80   127.08sample/s
Class chair    Iteration 120  122.66sample/s
Class chair    Iteration 160  116.49sample/s
Class chair    Iteration 200  132.40sample/s
Class chair acc = 0.7340
Evaluating class cow: 9/18
Class cow      Iteration 40   98.84sample/s
Class cow      Iteration 80   105.13sample/s
Class cow      Iteration 120  120.82sample/s
Class cow      Iteration 160  128.84sample/s
Class cow      Iteration 200  135.44sample/s
Class cow acc = 0.8036
Evaluating class dog: 10/18
Class dog      Iteration 40   109.08sample/s
Class dog      Iteration 80   131.02sample/s
Class dog      Iteration 120  130.90sample/s
Class dog      Iteration 160  129.30sample/s
Class dog      Iteration 200  132.50sample/s
Class dog acc = 0.7792
Evaluating class horse: 11/18
Class horse    Iteration 40   108.36sample/s
Class horse    Iteration 80   129.83sample/s
Class horse    Iteration 120  127.46sample/s
Class horse    Iteration 160  131.02sample/s
Class horse    Iteration 200  131.02sample/s
Class horse acc = 0.7389
Evaluating class motorbike: 12/18
Class motorbike Iteration 40   101.63sample/s
Class motorbike Iteration 80   126.03sample/s
Class motorbike Iteration 120  119.06sample/s
Class motorbike Iteration 160  129.34sample/s
Class motorbike Iteration 200  138.42sample/s
Class motorbike acc = 0.8017
Evaluating class person: 13/18
Class person   Iteration 40   108.61sample/s
Class person   Iteration 80   126.57sample/s
Class person   Iteration 120  120.28sample/s
Class person   Iteration 160  123.64sample/s
Class person   Iteration 200  159.27sample/s
Class person acc = 0.7014
Evaluating class pottedplant: 14/18
Class pottedplant Iteration 40   87.91sample/s
Class pottedplant Iteration 80   108.81sample/s
Class pottedplant Iteration 120  112.05sample/s
Class pottedplant Iteration 160  112.90sample/s
Class pottedplant Iteration 200  126.25sample/s
Class pottedplant acc = 0.9926
Evaluating class sheep: 15/18
Class sheep    Iteration 40   90.68sample/s
Class sheep    Iteration 80   99.07sample/s
Class sheep    Iteration 120  110.64sample/s
Class sheep    Iteration 160  121.84sample/s
Class sheep    Iteration 200  132.11sample/s
Class sheep acc = 0.7701
Evaluating class train: 16/18
Class train    Iteration 40   98.77sample/s
Class train    Iteration 80   121.43sample/s
Class train    Iteration 120  122.37sample/s
Class train    Iteration 160  118.79sample/s
Class train    Iteration 200  148.35sample/s
Class train acc = 0.9659
Evaluating class tvmonitor: 17/18
Class tvmonitor Iteration 40   113.88sample/s
Class tvmonitor Iteration 80   90.38sample/s
Class tvmonitor Iteration 120  74.82sample/s
Class tvmonitor Iteration 160  72.78sample/s
Class tvmonitor Iteration 200  74.82sample/s
Class tvmonitor acc = 0.9928
Evaluation complete in 2m 36s
Matching accuracy
aeroplane = 0.6966
bicycle = 0.6388
bird = 0.9056
boat = 0.8017
bottle = 0.6601
bus = 0.9815
car = 0.8986
cat = 0.7347
chair = 0.7340
cow = 0.8036
dog = 0.7792
horse = 0.7389
motorbike = 0.8017
person = 0.7014
pottedplant = 0.9926
sheep = 0.7701
train = 0.9659
tvmonitor = 0.9928
average = 0.8110
Epoch 3/6
----------
lr = 1.50e-06, 5.00e-05
Epoch 3/6: 100%|██████████| 2000/2000 [06:48<00:00,  4.89it/s, loss=1.0939, acc=0.9523]
epoch loss: 1.4352518907031044, epoch accuracy: 0.9523307988630954
completed in 408.86s (6.81m)
Start evaluation...
Evaluating class aeroplane: 0/18
Class aeroplane Iteration 40   104.57sample/s
Class aeroplane Iteration 80   120.68sample/s
Class aeroplane Iteration 120  112.57sample/s
Class aeroplane Iteration 160  118.72sample/s
Class aeroplane Iteration 200  126.39sample/s
Class aeroplane acc = 0.7075
Evaluating class bicycle: 1/18
Class bicycle  Iteration 40   100.55sample/s
Class bicycle  Iteration 80   117.58sample/s
Class bicycle  Iteration 120  111.13sample/s
Class bicycle  Iteration 160  121.90sample/s
Class bicycle  Iteration 200  129.49sample/s
Class bicycle acc = 0.6376
Evaluating class bird: 2/18
Class bird     Iteration 40   101.65sample/s
Class bird     Iteration 80   111.82sample/s
Class bird     Iteration 120  120.16sample/s
Class bird     Iteration 160  123.19sample/s
Class bird     Iteration 200  120.44sample/s
Class bird acc = 0.9029
Evaluating class boat: 3/18
Class boat     Iteration 40   91.51sample/s
Class boat     Iteration 80   107.94sample/s
Class boat     Iteration 120  105.69sample/s
Class boat     Iteration 160  118.76sample/s
Class boat     Iteration 200  119.96sample/s
Class boat acc = 0.8158
Evaluating class bottle: 4/18
Class bottle   Iteration 40   100.43sample/s
Class bottle   Iteration 80   118.90sample/s
Class bottle   Iteration 120  121.64sample/s
Class bottle   Iteration 160  125.03sample/s
Class bottle   Iteration 200  123.33sample/s
Class bottle acc = 0.6596
Evaluating class bus: 5/18
Class bus      Iteration 40   95.07sample/s
Class bus      Iteration 80   115.00sample/s
Class bus      Iteration 120  115.37sample/s
Class bus      Iteration 160  113.58sample/s
Class bus      Iteration 200  137.08sample/s
Class bus acc = 0.9834
Evaluating class car: 6/18
Class car      Iteration 40   92.59sample/s
Class car      Iteration 80   112.58sample/s
Class car      Iteration 120  102.99sample/s
Class car      Iteration 160  113.33sample/s
Class car      Iteration 200  133.15sample/s
Class car acc = 0.9032
Evaluating class cat: 7/18
Class cat      Iteration 40   107.66sample/s
Class cat      Iteration 80   135.03sample/s
Class cat      Iteration 120  124.68sample/s
Class cat      Iteration 160  119.64sample/s
Class cat      Iteration 200  124.34sample/s
Class cat acc = 0.7441
Evaluating class chair: 8/18
Class chair    Iteration 40   102.79sample/s
Class chair    Iteration 80   121.65sample/s
Class chair    Iteration 120  117.93sample/s
Class chair    Iteration 160  114.88sample/s
Class chair    Iteration 200  121.58sample/s
Class chair acc = 0.7218
Evaluating class cow: 9/18
Class cow      Iteration 40   95.83sample/s
Class cow      Iteration 80   101.02sample/s
Class cow      Iteration 120  108.66sample/s
Class cow      Iteration 160  120.60sample/s
Class cow      Iteration 200  124.90sample/s
Class cow acc = 0.8216
Evaluating class dog: 10/18
Class dog      Iteration 40   99.31sample/s
Class dog      Iteration 80   116.70sample/s
Class dog      Iteration 120  119.43sample/s
Class dog      Iteration 160  105.16sample/s
Class dog      Iteration 200  115.34sample/s
Class dog acc = 0.8009
Evaluating class horse: 11/18
Class horse    Iteration 40   94.47sample/s
Class horse    Iteration 80   107.47sample/s
Class horse    Iteration 120  113.21sample/s
Class horse    Iteration 160  108.92sample/s
Class horse    Iteration 200  111.07sample/s
Class horse acc = 0.7537
Evaluating class motorbike: 12/18
Class motorbike Iteration 40   89.10sample/s
Class motorbike Iteration 80   106.66sample/s
Class motorbike Iteration 120  110.43sample/s
Class motorbike Iteration 160  115.38sample/s
Class motorbike Iteration 200  117.87sample/s
Class motorbike acc = 0.8072
Evaluating class person: 13/18
Class person   Iteration 40   95.00sample/s
Class person   Iteration 80   114.73sample/s
Class person   Iteration 120  117.10sample/s
Class person   Iteration 160  124.11sample/s
Class person   Iteration 200  148.89sample/s
Class person acc = 0.7185
Evaluating class pottedplant: 14/18
Class pottedplant Iteration 40   90.89sample/s
Class pottedplant Iteration 80   99.43sample/s
Class pottedplant Iteration 120  105.17sample/s
Class pottedplant Iteration 160  108.78sample/s
Class pottedplant Iteration 200  122.73sample/s
Class pottedplant acc = 0.9935
Evaluating class sheep: 15/18
Class sheep    Iteration 40   85.59sample/s
Class sheep    Iteration 80   96.17sample/s
Class sheep    Iteration 120  108.84sample/s
Class sheep    Iteration 160  140.71sample/s
Class sheep    Iteration 200  155.72sample/s
Class sheep acc = 0.7904
Evaluating class train: 16/18
Class train    Iteration 40   83.45sample/s
Class train    Iteration 80   72.04sample/s
Class train    Iteration 120  71.47sample/s
Class train    Iteration 160  75.91sample/s
Class train    Iteration 200  71.75sample/s
Class train acc = 0.9676
Evaluating class tvmonitor: 17/18
Class tvmonitor Iteration 40   70.24sample/s
Class tvmonitor Iteration 80   71.78sample/s
Class tvmonitor Iteration 120  73.31sample/s
Class tvmonitor Iteration 160  71.86sample/s
Class tvmonitor Iteration 200  74.26sample/s
Class tvmonitor acc = 0.9937
Evaluation complete in 2m 51s
Matching accuracy
aeroplane = 0.7075
bicycle = 0.6376
bird = 0.9029
boat = 0.8158
bottle = 0.6596
bus = 0.9834
car = 0.9032
cat = 0.7441
chair = 0.7218
cow = 0.8216
dog = 0.8009
horse = 0.7537
motorbike = 0.8072
person = 0.7185
pottedplant = 0.9935
sheep = 0.7904
train = 0.9676
tvmonitor = 0.9937
average = 0.8179
Epoch 4/6
----------
lr = 1.50e-06, 5.00e-05
Epoch 4/6: 100%|██████████| 2000/2000 [06:50<00:00,  4.87it/s, loss=1.2519, acc=0.9627]
epoch loss: 1.3444900560453534, epoch accuracy: 0.9627458094477904
completed in 410.70s (6.84m)
Start evaluation...
Evaluating class aeroplane: 0/18
Class aeroplane Iteration 40   106.25sample/s
Class aeroplane Iteration 80   118.57sample/s
Class aeroplane Iteration 120  118.67sample/s
Class aeroplane Iteration 160  115.72sample/s
Class aeroplane Iteration 200  134.34sample/s
Class aeroplane acc = 0.7160
Evaluating class bicycle: 1/18
Class bicycle  Iteration 40   105.09sample/s
Class bicycle  Iteration 80   120.63sample/s
Class bicycle  Iteration 120  118.95sample/s
Class bicycle  Iteration 160  130.81sample/s
Class bicycle  Iteration 200  127.93sample/s
Class bicycle acc = 0.6366
Evaluating class bird: 2/18
Class bird     Iteration 40   98.48sample/s
Class bird     Iteration 80   126.16sample/s
Class bird     Iteration 120  125.25sample/s
Class bird     Iteration 160  127.60sample/s
Class bird     Iteration 200  129.06sample/s
Class bird acc = 0.9009
Evaluating class boat: 3/18
Class boat     Iteration 40   92.31sample/s
Class boat     Iteration 80   119.13sample/s
Class boat     Iteration 120  110.77sample/s
Class boat     Iteration 160  129.45sample/s
Class boat     Iteration 200  131.71sample/s
Class boat acc = 0.8019
Evaluating class bottle: 4/18
Class bottle   Iteration 40   106.83sample/s
Class bottle   Iteration 80   131.04sample/s
Class bottle   Iteration 120  117.92sample/s
Class bottle   Iteration 160  129.73sample/s
Class bottle   Iteration 200  125.57sample/s
Class bottle acc = 0.6617
Evaluating class bus: 5/18
Class bus      Iteration 40   98.77sample/s
Class bus      Iteration 80   115.01sample/s
Class bus      Iteration 120  114.97sample/s
Class bus      Iteration 160  119.35sample/s
Class bus      Iteration 200  137.07sample/s
Class bus acc = 0.9815
Evaluating class car: 6/18
Class car      Iteration 40   48.38sample/s
Class car      Iteration 80   113.92sample/s
Class car      Iteration 120  103.30sample/s
Class car      Iteration 160  123.12sample/s
Class car      Iteration 200  134.64sample/s
Class car acc = 0.9021
Evaluating class cat: 7/18
Class cat      Iteration 40   105.05sample/s
Class cat      Iteration 80   121.70sample/s
Class cat      Iteration 120  120.40sample/s
Class cat      Iteration 160  127.94sample/s
Class cat      Iteration 200  122.24sample/s
Class cat acc = 0.7487
Evaluating class chair: 8/18
Class chair    Iteration 40   101.52sample/s
Class chair    Iteration 80   128.31sample/s
Class chair    Iteration 120  128.05sample/s
Class chair    Iteration 160  119.01sample/s
Class chair    Iteration 200  125.00sample/s
Class chair acc = 0.7347
Evaluating class cow: 9/18
Class cow      Iteration 40   105.79sample/s
Class cow      Iteration 80   103.90sample/s
Class cow      Iteration 120  117.83sample/s
Class cow      Iteration 160  123.66sample/s
Class cow      Iteration 200  134.96sample/s
Class cow acc = 0.8273
Evaluating class dog: 10/18
Class dog      Iteration 40   105.95sample/s
Class dog      Iteration 80   125.87sample/s
Class dog      Iteration 120  122.67sample/s
Class dog      Iteration 160  126.17sample/s
Class dog      Iteration 200  124.08sample/s
Class dog acc = 0.8025
Evaluating class horse: 11/18
Class horse    Iteration 40   103.09sample/s
Class horse    Iteration 80   118.40sample/s
Class horse    Iteration 120  126.59sample/s
Class horse    Iteration 160  118.95sample/s
Class horse    Iteration 200  121.70sample/s
Class horse acc = 0.7361
Evaluating class motorbike: 12/18
Class motorbike Iteration 40   95.77sample/s
Class motorbike Iteration 80   104.95sample/s
Class motorbike Iteration 120  120.49sample/s
Class motorbike Iteration 160  118.82sample/s
Class motorbike Iteration 200  127.15sample/s
Class motorbike acc = 0.8068
Evaluating class person: 13/18
Class person   Iteration 40   96.98sample/s
Class person   Iteration 80   112.71sample/s
Class person   Iteration 120  105.96sample/s
Class person   Iteration 160  112.77sample/s
Class person   Iteration 200  130.48sample/s
Class person acc = 0.7070
Evaluating class pottedplant: 14/18
Class pottedplant Iteration 40   86.44sample/s
Class pottedplant Iteration 80   110.63sample/s
Class pottedplant Iteration 120  128.76sample/s
Class pottedplant Iteration 160  132.07sample/s
Class pottedplant Iteration 200  69.68sample/s
Class pottedplant acc = 0.9976
Evaluating class sheep: 15/18
Class sheep    Iteration 40   53.67sample/s
Class sheep    Iteration 80   56.91sample/s
Class sheep    Iteration 120  67.51sample/s
Class sheep    Iteration 160  80.76sample/s
Class sheep    Iteration 200  71.98sample/s
Class sheep acc = 0.7955
Evaluating class train: 16/18
Class train    Iteration 40   61.89sample/s
Class train    Iteration 80   71.73sample/s
Class train    Iteration 120  70.28sample/s
Class train    Iteration 160  77.46sample/s
Class train    Iteration 200  69.71sample/s
Class train acc = 0.9656
Evaluating class tvmonitor: 17/18
Class tvmonitor Iteration 40   60.56sample/s
Class tvmonitor Iteration 80   68.54sample/s
Class tvmonitor Iteration 120  70.21sample/s
Class tvmonitor Iteration 160  78.86sample/s
Class tvmonitor Iteration 200  71.07sample/s
Class tvmonitor acc = 0.9933
Evaluation complete in 2m 57s
Matching accuracy
aeroplane = 0.7160
bicycle = 0.6366
bird = 0.9009
boat = 0.8019
bottle = 0.6617
bus = 0.9815
car = 0.9021
cat = 0.7487
chair = 0.7347
cow = 0.8273
dog = 0.8025
horse = 0.7361
motorbike = 0.8068
person = 0.7070
pottedplant = 0.9976
sheep = 0.7955
train = 0.9656
tvmonitor = 0.9933
average = 0.8175
Epoch 5/6
----------
lr = 1.50e-07, 5.00e-06
Epoch 5/6: 100%|██████████| 2000/2000 [06:45<00:00,  4.93it/s, loss=1.0084, acc=0.9613]
epoch loss: 1.3165080248573795, epoch accuracy: 0.9612787553679096
completed in 405.30s (6.75m)
Start evaluation...
Evaluating class aeroplane: 0/18
Class aeroplane Iteration 40   80.82sample/s
Class aeroplane Iteration 80   86.23sample/s
Class aeroplane Iteration 120  85.09sample/s
Class aeroplane Iteration 160  90.01sample/s
Class aeroplane Iteration 200  89.88sample/s
Class aeroplane acc = 0.7139
Evaluating class bicycle: 1/18
Class bicycle  Iteration 40   82.70sample/s
Class bicycle  Iteration 80   87.38sample/s
Class bicycle  Iteration 120  89.01sample/s
Class bicycle  Iteration 160  91.08sample/s
Class bicycle  Iteration 200  100.03sample/s
Class bicycle acc = 0.6408
Evaluating class bird: 2/18
Class bird     Iteration 40   80.47sample/s
Class bird     Iteration 80   86.56sample/s
Class bird     Iteration 120  91.02sample/s
Class bird     Iteration 160  92.43sample/s
Class bird     Iteration 200  89.66sample/s
Class bird acc = 0.9022
Evaluating class boat: 3/18
Class boat     Iteration 40   73.51sample/s
Class boat     Iteration 80   85.29sample/s
Class boat     Iteration 120  85.01sample/s
Class boat     Iteration 160  93.77sample/s
Class boat     Iteration 200  98.63sample/s
Class boat acc = 0.8115
Evaluating class bottle: 4/18
Class bottle   Iteration 40   82.47sample/s
Class bottle   Iteration 80   85.44sample/s
Class bottle   Iteration 120  89.23sample/s
Class bottle   Iteration 160  86.85sample/s
Class bottle   Iteration 200  86.40sample/s
Class bottle acc = 0.6626
Evaluating class bus: 5/18
Class bus      Iteration 40   70.97sample/s
Class bus      Iteration 80   83.87sample/s
Class bus      Iteration 120  89.33sample/s
Class bus      Iteration 160  79.33sample/s
Class bus      Iteration 200  95.83sample/s
Class bus acc = 0.9825
Evaluating class car: 6/18
Class car      Iteration 40   73.40sample/s
Class car      Iteration 80   81.40sample/s
Class car      Iteration 120  78.75sample/s
Class car      Iteration 160  88.78sample/s
Class car      Iteration 200  97.86sample/s
Class car acc = 0.9052
Evaluating class cat: 7/18
Class cat      Iteration 40   81.89sample/s
Class cat      Iteration 80   90.05sample/s
Class cat      Iteration 120  93.16sample/s
Class cat      Iteration 160  87.76sample/s
Class cat      Iteration 200  88.68sample/s
Class cat acc = 0.7524
Evaluating class chair: 8/18
Class chair    Iteration 40   77.21sample/s
Class chair    Iteration 80   84.66sample/s
Class chair    Iteration 120  88.63sample/s
Class chair    Iteration 160  84.95sample/s
Class chair    Iteration 200  90.97sample/s
Class chair acc = 0.7338
Evaluating class cow: 9/18
Class cow      Iteration 40   80.19sample/s
Class cow      Iteration 80   72.30sample/s
Class cow      Iteration 120  78.52sample/s
Class cow      Iteration 160  91.19sample/s
Class cow      Iteration 200  95.94sample/s
Class cow acc = 0.8217
Evaluating class dog: 10/18
Class dog      Iteration 40   84.49sample/s
Class dog      Iteration 80   102.16sample/s
Class dog      Iteration 120  125.85sample/s
Class dog      Iteration 160  98.13sample/s
Class dog      Iteration 200  59.89sample/s
Class dog acc = 0.8052
Evaluating class horse: 11/18
Class horse    Iteration 40   50.62sample/s
Class horse    Iteration 80   58.32sample/s
Class horse    Iteration 120  57.54sample/s
Class horse    Iteration 160  64.01sample/s
Class horse    Iteration 200  57.71sample/s
Class horse acc = 0.7429
Evaluating class motorbike: 12/18
Class motorbike Iteration 40   49.28sample/s
Class motorbike Iteration 80   56.78sample/s
Class motorbike Iteration 120  54.28sample/s
Class motorbike Iteration 160  65.43sample/s
Class motorbike Iteration 200  59.05sample/s
Class motorbike acc = 0.8086
Evaluating class person: 13/18
Class person   Iteration 40   51.26sample/s
Class person   Iteration 80   52.98sample/s
Class person   Iteration 120  51.21sample/s
Class person   Iteration 160  58.27sample/s
Class person   Iteration 200  60.80sample/s
Class person acc = 0.7207
Evaluating class pottedplant: 14/18
Class pottedplant Iteration 40   49.44sample/s
Class pottedplant Iteration 80   44.63sample/s
Class pottedplant Iteration 120  41.29sample/s
Class pottedplant Iteration 160  45.93sample/s
Class pottedplant Iteration 200  42.91sample/s
Class pottedplant acc = 0.9972
Evaluating class sheep: 15/18
Class sheep    Iteration 40   36.60sample/s
Class sheep    Iteration 80   37.02sample/s
Class sheep    Iteration 120  43.69sample/s
Class sheep    Iteration 160  43.66sample/s
Class sheep    Iteration 200  44.20sample/s
Class sheep acc = 0.7922
Evaluating class train: 16/18
Class train    Iteration 40   43.30sample/s
Class train    Iteration 80   44.60sample/s
Class train    Iteration 120  46.77sample/s
Class train    Iteration 160  43.14sample/s
Class train    Iteration 200  44.02sample/s
Class train acc = 0.9679
Evaluating class tvmonitor: 17/18
Class tvmonitor Iteration 40   41.53sample/s
Class tvmonitor Iteration 80   46.01sample/s
Class tvmonitor Iteration 120  45.78sample/s
Class tvmonitor Iteration 160  46.87sample/s
Class tvmonitor Iteration 200  46.32sample/s
Class tvmonitor acc = 0.9933
Evaluation complete in 4m 34s
Matching accuracy
aeroplane = 0.7139
bicycle = 0.6408
bird = 0.9022
boat = 0.8115
bottle = 0.6626
bus = 0.9825
car = 0.9052
cat = 0.7524
chair = 0.7338
cow = 0.8217
dog = 0.8052
horse = 0.7429
motorbike = 0.8086
person = 0.7207
pottedplant = 0.9972
sheep = 0.7922
train = 0.9679
tvmonitor = 0.9933
average = 0.8197
Epoch 6/6
----------
lr = 1.50e-07, 5.00e-06
Epoch 6/6: 100%|██████████| 2000/2000 [06:48<00:00,  4.90it/s, loss=1.6044, acc=0.9649]
epoch loss: 1.317712565886788, epoch accuracy: 0.9649389353123357
completed in 408.39s (6.81m)
Start evaluation...
Evaluating class aeroplane: 0/18
Class aeroplane Iteration 40   77.53sample/s
Class aeroplane Iteration 80   87.40sample/s
Class aeroplane Iteration 120  90.89sample/s
Class aeroplane Iteration 160  86.64sample/s
Class aeroplane Iteration 200  100.15sample/s
Class aeroplane acc = 0.7158
Evaluating class bicycle: 1/18
Class bicycle  Iteration 40   80.79sample/s
Class bicycle  Iteration 80   91.82sample/s
Class bicycle  Iteration 120  92.09sample/s
Class bicycle  Iteration 160  95.46sample/s
Class bicycle  Iteration 200  92.52sample/s
Class bicycle acc = 0.6364
Evaluating class bird: 2/18
Class bird     Iteration 40   82.73sample/s
Class bird     Iteration 80   80.82sample/s
Class bird     Iteration 120  84.22sample/s
Class bird     Iteration 160  87.68sample/s
Class bird     Iteration 200  85.03sample/s
Class bird acc = 0.9020
Evaluating class boat: 3/18
Class boat     Iteration 40   78.04sample/s
Class boat     Iteration 80   85.01sample/s
Class boat     Iteration 120  78.86sample/s
Class boat     Iteration 160  84.87sample/s
Class boat     Iteration 200  97.66sample/s
Class boat acc = 0.8127
Evaluating class bottle: 4/18
Class bottle   Iteration 40   83.87sample/s
Class bottle   Iteration 80   84.27sample/s
Class bottle   Iteration 120  91.00sample/s
Class bottle   Iteration 160  86.77sample/s
Class bottle   Iteration 200  86.69sample/s
Class bottle acc = 0.6628
Evaluating class bus: 5/18
Class bus      Iteration 40   71.41sample/s
Class bus      Iteration 80   83.33sample/s
Class bus      Iteration 120  86.66sample/s
Class bus      Iteration 160  85.12sample/s
Class bus      Iteration 200  94.16sample/s
Class bus acc = 0.9836
Evaluating class car: 6/18
Class car      Iteration 40   70.46sample/s
Class car      Iteration 80   80.11sample/s
Class car      Iteration 120  73.79sample/s
Class car      Iteration 160  83.68sample/s
Class car      Iteration 200  89.75sample/s
Class car acc = 0.9038
Evaluating class cat: 7/18
Class cat      Iteration 40   78.92sample/s
Class cat      Iteration 80   82.91sample/s
Class cat      Iteration 120  88.60sample/s
Class cat      Iteration 160  90.74sample/s
Class cat      Iteration 200  90.68sample/s
Class cat acc = 0.7554
Evaluating class chair: 8/18
Class chair    Iteration 40   74.37sample/s
Class chair    Iteration 80   82.61sample/s
Class chair    Iteration 120  83.65sample/s
Class chair    Iteration 160  76.85sample/s
Class chair    Iteration 200  88.78sample/s
Class chair acc = 0.7384
Evaluating class cow: 9/18
Class cow      Iteration 40   72.26sample/s
Class cow      Iteration 80   64.39sample/s
Class cow      Iteration 120  75.39sample/s
Class cow      Iteration 160  84.67sample/s
Class cow      Iteration 200  92.61sample/s
Class cow acc = 0.8183
Evaluating class dog: 10/18
Class dog      Iteration 40   78.00sample/s
Class dog      Iteration 80   87.69sample/s
Class dog      Iteration 120  85.56sample/s
Class dog      Iteration 160  87.81sample/s
Class dog      Iteration 200  86.73sample/s
Class dog acc = 0.8035
Evaluating class horse: 11/18
Class horse    Iteration 40   76.45sample/s
Class horse    Iteration 80   86.40sample/s
Class horse    Iteration 120  88.00sample/s
Class horse    Iteration 160  85.48sample/s
Class horse    Iteration 200  87.62sample/s
Class horse acc = 0.7458
Evaluating class motorbike: 12/18
Class motorbike Iteration 40   75.43sample/s
Class motorbike Iteration 80   86.89sample/s
Class motorbike Iteration 120  83.03sample/s
Class motorbike Iteration 160  86.56sample/s
Class motorbike Iteration 200  81.50sample/s
Class motorbike acc = 0.8092
Evaluating class person: 13/18
Class person   Iteration 40   76.19sample/s
Class person   Iteration 80   80.09sample/s
Class person   Iteration 120  74.50sample/s
Class person   Iteration 160  82.83sample/s
Class person   Iteration 200  90.00sample/s
Class person acc = 0.7185
Evaluating class pottedplant: 14/18
Class pottedplant Iteration 40   58.62sample/s
Class pottedplant Iteration 80   71.74sample/s
Class pottedplant Iteration 120  72.16sample/s
Class pottedplant Iteration 160  76.26sample/s
Class pottedplant Iteration 200  79.21sample/s
Class pottedplant acc = 0.9972
Evaluating class sheep: 15/18
Class sheep    Iteration 40   65.56sample/s
Class sheep    Iteration 80   67.36sample/s
Class sheep    Iteration 120  72.06sample/s
Class sheep    Iteration 160  89.84sample/s
Class sheep    Iteration 200  117.57sample/s
Class sheep acc = 0.7923
Evaluating class train: 16/18
Class train    Iteration 40   64.24sample/s
Class train    Iteration 80   55.37sample/s
Class train    Iteration 120  56.94sample/s
Class train    Iteration 160  56.18sample/s
Class train    Iteration 200  58.11sample/s
Class train acc = 0.9675
Evaluating class tvmonitor: 17/18
Class tvmonitor Iteration 40   51.77sample/s
Class tvmonitor Iteration 80   56.43sample/s
Class tvmonitor Iteration 120  55.85sample/s
Class tvmonitor Iteration 160  56.99sample/s
Class tvmonitor Iteration 200  56.24sample/s
Class tvmonitor acc = 0.9939
Evaluation complete in 3m 50s
Matching accuracy
aeroplane = 0.7158
bicycle = 0.6364
bird = 0.9020
boat = 0.8127
bottle = 0.6628
bus = 0.9836
car = 0.9038
cat = 0.7554
chair = 0.7384
cow = 0.8183
dog = 0.8035
horse = 0.7458
motorbike = 0.8092
person = 0.7185
pottedplant = 0.9972
sheep = 0.7923
train = 0.9675
tvmonitor = 0.9939
average = 0.8198
[1;34mwandb[0m: 
[1;34mwandb[0m: You can sync this run to the cloud by running:
[1;34mwandb[0m: [1mwandb sync /scratch/hpc-prf-llmrout/hpcabpo/nmt/wandb/wandb/offline-run-20260916_104433-pnb04w2i[0m
[1;34mwandb[0m: Find logs at: [1;35m../../../../../../scratch/hpc-prf-llmrout/hpcabpo/nmt/wandb/wandb/offline-run-20260916_104433-pnb04w2i/logs[0m
