CPU_SET_HEX_STR_SIZE: 257, Size of mstr: 257
cpu-bind=MASK - gpu1016, task  0  0 [1462930]: mask |--------|--------|--------|--------|--------|--------|--------|--------|--------|--------|--------|--------||||--------|BBBBBBBB|--------|--------|--------|--------|--------|--------|--------|--------|BBBBBBBB|--------| set
job=3039601 node=gpu1016 gpu=NVIDIA H100 config=/scratch/hpc-prf-llmrout/hpcabpo/nmt/runs/configs/spline_seed3.json wandb=offline
backbone=vgg16 image_size=256 conv=spline model_dir=/scratch/hpc-prf-llmrout/hpcabpo/nmt/runs/spair_vgg16/spline_seed3
{
    "BACKBONE": "vgg16",
    "BACKBONE_DIR": "/scratch/hpc-prf-llmrout/hpcabpo/nmt/checkpoints",
    "BATCH_SIZE": 5,
    "CACHE_PATH": "data/cache",
    "DATASET_NAME": "SPair71k",
    "EVAL": {
        "SAMPLES": 1000,
        "difficulty_params": {},
        "num_graphs_in_matching_instance": 2
    },
    "IMAGE_SIZE": 256,
    "Matching_TF": {
        "activation": "relu",
        "batch_norm": true,
        "d_model": 648,
        "nGPT_mlp_hidden_mult": 6,
        "n_decoder": 4,
        "n_encoder": 4,
        "n_head": 12,
        "n_lap_EigVec": 8,
        "pos_encoding": false
    },
    "NORM_MEANS": [
        0.485,
        0.456,
        0.406
    ],
    "NORM_STD": [
        0.229,
        0.224,
        0.225
    ],
    "RANDOM_SEED": 3,
    "SPLINE_CNN": {
        "aggr": "max",
        "conv": "spline",
        "degrees": [
            5,
            4
        ],
        "dim": 2,
        "init": "spline",
        "init_noise": 0.001,
        "input_features": 1024,
        "kernel_size": 5,
        "num_bases": 0,
        "output_features": 648,
        "poly": "chebyshev",
        "pyg_init": true,
        "rational_basis": "product",
        "safe": "B",
        "vp": false
    },
    "SPair": {
        "CLASSES": [
            "aeroplane",
            "bicycle",
            "bird",
            "boat",
            "boat",
            "bottle",
            "bus",
            "car",
            "cat",
            "chair",
            "cow",
            "dog",
            "horse",
            "motorbike",
            "person",
            "pottedplant",
            "sheep",
            "train",
            "tvmonitor"
        ],
        "ROOT_DIR": "/pc2/groups/hpc-prf-llmrout/hpcabpo/rational-basis-cnn/data/SPair-71k",
        "size": "large"
    },
    "STATISTIC_STEP": 1,
    "TRACK_GRAD_NORM": false,
    "TRAIN": {
        "EPOCH_ITERS": 2000,
        "LR": 0.0005,
        "_comment_epochs": "lr_schedule long_halving5 defines 12 epochs; max_epochs stops after 7. NMT trains ~11 epochs per day, so 7 epochs is ~15.3 h. Both LR drops (epochs 2 and 5) still happen.",
        "clip_norm": 0,
        "cutmix_beta": 1.0,
        "cutmix_prob": 0.3,
        "difficulty_params": {},
        "layer_loss_param": 0.3,
        "lr_schedule": "long_halving5",
        "max_epochs": 7,
        "mixup_alpha": 0.8,
        "mixup_prob": 0.3,
        "num_graphs_in_matching_instance": 2,
        "random_erasing_prob": 0.3,
        "temperature": 0.1,
        "weight_decay": 0
    },
    "USE_SYNTHETIC": false,
    "VOC2011": {
        "CLASSES": [
            "aeroplane",
            "bicycle",
            "bird",
            "boat",
            "bottle",
            "bus",
            "car",
            "cat",
            "chair",
            "cow",
            "diningtable",
            "dog",
            "horse",
            "motorbike",
            "person",
            "pottedplant",
            "sheep",
            "sofa",
            "train",
            "tvmonitor"
        ],
        "KPT_ANNO_DIR": "/data/cat/ws/tosa098h-abtin_NormMatchTrans/data/downloaded/PascalVOC/annotations/",
        "ROOT_DIR": "/data/cat/ws/tosa098h-abtin_NormMatchTrans/data/downloaded/PascalVOC/VOC2011/",
        "SET_SPLIT": "/data/cat/ws/tosa098h-abtin_NormMatchTrans/data/split/voc2011_pairs.npz"
    },
    "WILLOW": {
        "CLASSES": [
            "Car",
            "Duck",
            "Face",
            "Motorbike",
            "Winebottle"
        ],
        "KPT_LEN": 10,
        "ROOT_DIR": "./data/downloaded/WILLOW/WILLOW-ObjectClass",
        "TRAIN_NUM": 20,
        "TRAIN_OFFSET": 0
    },
    "_generated_by": "slurm/make_config.py spline 3",
    "combine_classes": false,
    "default_json": "experiments/voc_basic.json",
    "eval_sampling": "intersection",
    "evaluate_only": false,
    "exclude_willow_classes": false,
    "keep_last_checkpoint_only": true,
    "log_dir": "runs/",
    "model_dir": "/scratch/hpc-prf-llmrout/hpcabpo/nmt/runs/spair_vgg16/spline_seed3",
    "save_checkpoint": true,
    "train_sampling": "intersection",
    "visualization_params": {
        "produce_pdf": false,
        "reduced_vis": true
    },
    "visualize": false,
    "warmstart_path": null
}
wandb: Tracking run with wandb version 0.30.0
wandb: W&B syncing is set to `offline` in this directory. Run `wandb online` or set WANDB_MODE=online to enable cloud syncing.
wandb: Run data is saved locally in /scratch/hpc-prf-llmrout/hpcabpo/nmt/wandb/wandb/offline-run-20260916_104058-p940u8iz
wandb: View this run in the terminal with `wandb leet`
No difficulty parameters for trn-set. Using all available data.
Number of annotation pairs matching the difficulty params in trn-set: {'aeroplane': 2924, 'bicycle': 2946, 'bird': 3080, 'boat': 2936, 'bottle': 2448, 'bus': 2708, 'car': 2960, 'cat': 3306, 'chair': 3060, 'cow': 3118, 'dog': 3192, 'horse': 3136, 'motorbike': 3180, 'person': 3066, 'pottedplant': 2446, 'sheep': 3140, 'train': 2752, 'tvmonitor': 2942}
TRUE EPOCHS:  False
10000
Initializing trn-set. Randomly sampling 10000 examples.
/pc2/groups/hpc-prf-llmrout/hpcabpo/nmt/conda/envs/nmt/lib/python3.12/site-packages/albumentations/core/composition.py:331: UserWarning: Got processor for keypoints, but no transform to process it.
  self._set_keys()
No difficulty parameters for test-set. Using all available data.
Number of annotation pairs matching the difficulty params in test-set: {'aeroplane': 690, 'bicycle': 650, 'bird': 702, 'boat': 702, 'bottle': 870, 'bus': 644, 'car': 564, 'cat': 600, 'chair': 646, 'cow': 640, 'dog': 600, 'horse': 600, 'motorbike': 702, 'person': 650, 'pottedplant': 862, 'sheep': 664, 'train': 756, 'tvmonitor': 692}
TRUE EPOCHS:  False
1000
Initializing test-set. Randomly sampling 1000 examples.
/pc2/groups/hpc-prf-llmrout/hpcabpo/nmt/conda/envs/nmt/lib/python3.12/site-packages/torchvision/models/_utils.py:208: UserWarning: The parameter 'pretrained' is deprecated since 0.13 and may be removed in the future, please use 'weights' instead.
  warnings.warn(
/pc2/groups/hpc-prf-llmrout/hpcabpo/nmt/conda/envs/nmt/lib/python3.12/site-packages/torchvision/models/_utils.py:223: UserWarning: Arguments other than a weight enum or `None` for 'weights' are deprecated since 0.13 and may be removed in the future. The current behavior is equivalent to passing `weights=VGG16_Weights.IMAGENET1K_V1`. You can also use `weights=VGG16_Weights.DEFAULT` to get the most up-to-date weights.
  warnings.warn(msg)
stopping after 7 epochs (cfg.TRAIN.max_epochs; schedule 'long_halving5' defines 12)
Start training...
NMT model on device: cuda:0
Epoch 0/6
----------
lr = 1.50e-05, 5.00e-04
Epoch 0/6:   0%|          | 0/2000 [00:00<?, ?it/s]/pc2/groups/hpc-prf-llmrout/hpcabpo/nmt/conda/envs/nmt/lib/python3.12/site-packages/torch_geometric/utils/_scatter.py:91: UserWarning: The usage of `scatter(reduce='max')` can be accelerated via the 'torch-scatter' package, but it was not found
  warnings.warn(
[rank0]:[W916 10:41:02.994970478 reducer.cpp:1528] Warning: find_unused_parameters=True was specified in DDP constructor, but did not find any unused parameters in the forward pass. This flag results in an extra traversal of the autograd graph every iteration,  which can adversely affect performance. If your model indeed never has any unused parameters in the forward pass, consider turning this flag off. Note that this warning may be a false positive if your model has flow control causing later iterations to have unused parameters. (function operator())
Epoch 0/6: 100%|██████████| 2000/2000 [06:47<00:00,  4.91it/s, loss=1.4220, acc=0.7879]
epoch loss: 2.8459813296198844, epoch accuracy: 0.7878836017040941
completed in 407.32s (6.79m)
Start evaluation...
Evaluating class aeroplane: 0/18
Class aeroplane Iteration 40   122.88sample/s
Class aeroplane Iteration 80   151.70sample/s
Class aeroplane Iteration 120  152.20sample/s
Class aeroplane Iteration 160  158.10sample/s
Class aeroplane Iteration 200  174.03sample/s
Class aeroplane acc = 0.6376
Evaluating class bicycle: 1/18
Class bicycle  Iteration 40   124.19sample/s
Class bicycle  Iteration 80   155.52sample/s
Class bicycle  Iteration 120  152.38sample/s
Class bicycle  Iteration 160  165.35sample/s
Class bicycle  Iteration 200  175.07sample/s
Class bicycle acc = 0.6019
Evaluating class bird: 2/18
Class bird     Iteration 40   123.13sample/s
Class bird     Iteration 80   157.41sample/s
Class bird     Iteration 120  171.75sample/s
Class bird     Iteration 160  172.86sample/s
Class bird     Iteration 200  164.14sample/s
Class bird acc = 0.8908
Evaluating class boat: 3/18
Class boat     Iteration 40   117.38sample/s
Class boat     Iteration 80   155.36sample/s
Class boat     Iteration 120  147.71sample/s
Class boat     Iteration 160  170.57sample/s
Class boat     Iteration 200  174.18sample/s
Class boat acc = 0.7651
Evaluating class bottle: 4/18
Class bottle   Iteration 40   122.24sample/s
Class bottle   Iteration 80   159.81sample/s
Class bottle   Iteration 120  156.43sample/s
Class bottle   Iteration 160  154.97sample/s
Class bottle   Iteration 200  168.25sample/s
Class bottle acc = 0.6624
Evaluating class bus: 5/18
Class bus      Iteration 40   121.47sample/s
Class bus      Iteration 80   152.31sample/s
Class bus      Iteration 120  145.02sample/s
Class bus      Iteration 160  156.24sample/s
Class bus      Iteration 200  179.49sample/s
Class bus acc = 0.9640
Evaluating class car: 6/18
Class car      Iteration 40   116.12sample/s
Class car      Iteration 80   140.36sample/s
Class car      Iteration 120  135.30sample/s
Class car      Iteration 160  148.34sample/s
Class car      Iteration 200  174.66sample/s
Class car acc = 0.8636
Evaluating class cat: 7/18
Class cat      Iteration 40   128.23sample/s
Class cat      Iteration 80   158.10sample/s
Class cat      Iteration 120  165.76sample/s
Class cat      Iteration 160  161.71sample/s
Class cat      Iteration 200  167.64sample/s
Class cat acc = 0.7272
Evaluating class chair: 8/18
Class chair    Iteration 40   126.10sample/s
Class chair    Iteration 80   155.88sample/s
Class chair    Iteration 120  165.39sample/s
Class chair    Iteration 160  167.21sample/s
Class chair    Iteration 200  165.78sample/s
Class chair acc = 0.6911
Evaluating class cow: 9/18
Class cow      Iteration 40   120.28sample/s
Class cow      Iteration 80   135.46sample/s
Class cow      Iteration 120  157.79sample/s
Class cow      Iteration 160  164.49sample/s
Class cow      Iteration 200  186.13sample/s
Class cow acc = 0.8093
Evaluating class dog: 10/18
Class dog      Iteration 40   126.31sample/s
Class dog      Iteration 80   161.96sample/s
Class dog      Iteration 120  164.41sample/s
Class dog      Iteration 160  167.62sample/s
Class dog      Iteration 200  167.02sample/s
Class dog acc = 0.7339
Evaluating class horse: 11/18
Class horse    Iteration 40   124.76sample/s
Class horse    Iteration 80   154.53sample/s
Class horse    Iteration 120  168.42sample/s
Class horse    Iteration 160  169.50sample/s
Class horse    Iteration 200  167.66sample/s
Class horse acc = 0.7171
Evaluating class motorbike: 12/18
Class motorbike Iteration 40   118.44sample/s
Class motorbike Iteration 80   162.75sample/s
Class motorbike Iteration 120  167.37sample/s
Class motorbike Iteration 160  167.09sample/s
Class motorbike Iteration 200  175.95sample/s
Class motorbike acc = 0.7868
Evaluating class person: 13/18
Class person   Iteration 40   124.13sample/s
Class person   Iteration 80   158.89sample/s
Class person   Iteration 120  144.70sample/s
Class person   Iteration 160  157.05sample/s
Class person   Iteration 200  187.12sample/s
Class person acc = 0.6941
Evaluating class pottedplant: 14/18
Class pottedplant Iteration 40   112.08sample/s
Class pottedplant Iteration 80   140.10sample/s
Class pottedplant Iteration 120  143.60sample/s
Class pottedplant Iteration 160  147.86sample/s
Class pottedplant Iteration 200  169.53sample/s
Class pottedplant acc = 0.9950
Evaluating class sheep: 15/18
Class sheep    Iteration 40   112.38sample/s
Class sheep    Iteration 80   132.67sample/s
Class sheep    Iteration 120  152.24sample/s
Class sheep    Iteration 160  149.14sample/s
Class sheep    Iteration 200  170.44sample/s
Class sheep acc = 0.8019
Evaluating class train: 16/18
Class train    Iteration 40   131.14sample/s
Class train    Iteration 80   166.44sample/s
Class train    Iteration 120  168.51sample/s
Class train    Iteration 160  172.39sample/s
Class train    Iteration 200  168.54sample/s
Class train acc = 0.9742
Evaluating class tvmonitor: 17/18
Class tvmonitor Iteration 40   126.21sample/s
Class tvmonitor Iteration 80   160.39sample/s
Class tvmonitor Iteration 120  159.29sample/s
Class tvmonitor Iteration 160  169.91sample/s
Class tvmonitor Iteration 200  171.90sample/s
Class tvmonitor acc = 0.9910
Evaluation complete in 2m 0s
Matching accuracy
aeroplane = 0.6376
bicycle = 0.6019
bird = 0.8908
boat = 0.7651
bottle = 0.6624
bus = 0.9640
car = 0.8636
cat = 0.7272
chair = 0.6911
cow = 0.8093
dog = 0.7339
horse = 0.7171
motorbike = 0.7868
person = 0.6941
pottedplant = 0.9950
sheep = 0.8019
train = 0.9742
tvmonitor = 0.9910
average = 0.7948
Epoch 1/6
----------
lr = 1.50e-05, 5.00e-04
Epoch 1/6: 100%|██████████| 2000/2000 [06:46<00:00,  4.92it/s, loss=2.8741, acc=0.9061]
epoch loss: 1.8407535949852318, epoch accuracy: 0.906084656084656
completed in 406.22s (6.77m)
Start evaluation...
Evaluating class aeroplane: 0/18
Class aeroplane Iteration 40   128.30sample/s
Class aeroplane Iteration 80   156.46sample/s
Class aeroplane Iteration 120  160.75sample/s
Class aeroplane Iteration 160  156.52sample/s
Class aeroplane Iteration 200  168.04sample/s
Class aeroplane acc = 0.6722
Evaluating class bicycle: 1/18
Class bicycle  Iteration 40   125.08sample/s
Class bicycle  Iteration 80   156.16sample/s
Class bicycle  Iteration 120  157.60sample/s
Class bicycle  Iteration 160  160.63sample/s
Class bicycle  Iteration 200  169.52sample/s
Class bicycle acc = 0.6124
Evaluating class bird: 2/18
Class bird     Iteration 40   118.97sample/s
Class bird     Iteration 80   151.09sample/s
Class bird     Iteration 120  152.17sample/s
Class bird     Iteration 160  148.01sample/s
Class bird     Iteration 200  145.75sample/s
Class bird acc = 0.8973
Evaluating class boat: 3/18
Class boat     Iteration 40   112.45sample/s
Class boat     Iteration 80   142.07sample/s
Class boat     Iteration 120  130.70sample/s
Class boat     Iteration 160  159.35sample/s
Class boat     Iteration 200  158.44sample/s
Class boat acc = 0.7672
Evaluating class bottle: 4/18
Class bottle   Iteration 40   113.02sample/s
Class bottle   Iteration 80   157.11sample/s
Class bottle   Iteration 120  154.75sample/s
Class bottle   Iteration 160  153.97sample/s
Class bottle   Iteration 200  152.02sample/s
Class bottle acc = 0.6717
Evaluating class bus: 5/18
Class bus      Iteration 40   125.07sample/s
Class bus      Iteration 80   148.76sample/s
Class bus      Iteration 120  147.44sample/s
Class bus      Iteration 160  149.63sample/s
Class bus      Iteration 200  172.23sample/s
Class bus acc = 0.9659
Evaluating class car: 6/18
Class car      Iteration 40   116.62sample/s
Class car      Iteration 80   139.67sample/s
Class car      Iteration 120  139.29sample/s
Class car      Iteration 160  165.15sample/s
Class car      Iteration 200  171.31sample/s
Class car acc = 0.8803
Evaluating class cat: 7/18
Class cat      Iteration 40   126.89sample/s
Class cat      Iteration 80   163.45sample/s
Class cat      Iteration 120  167.35sample/s
Class cat      Iteration 160  166.69sample/s
Class cat      Iteration 200  166.83sample/s
Class cat acc = 0.7388
Evaluating class chair: 8/18
Class chair    Iteration 40   122.56sample/s
Class chair    Iteration 80   166.51sample/s
Class chair    Iteration 120  160.10sample/s
Class chair    Iteration 160  160.02sample/s
Class chair    Iteration 200  172.16sample/s
Class chair acc = 0.7010
Evaluating class cow: 9/18
Class cow      Iteration 40   123.26sample/s
Class cow      Iteration 80   142.54sample/s
Class cow      Iteration 120  151.13sample/s
Class cow      Iteration 160  170.09sample/s
Class cow      Iteration 200  181.21sample/s
Class cow acc = 0.8230
Evaluating class dog: 10/18
Class dog      Iteration 40   130.56sample/s
Class dog      Iteration 80   167.92sample/s
Class dog      Iteration 120  167.52sample/s
Class dog      Iteration 160  168.95sample/s
Class dog      Iteration 200  169.90sample/s
Class dog acc = 0.7778
Evaluating class horse: 11/18
Class horse    Iteration 40   128.56sample/s
Class horse    Iteration 80   163.58sample/s
Class horse    Iteration 120  156.54sample/s
Class horse    Iteration 160  165.34sample/s
Class horse    Iteration 200  166.46sample/s
Class horse acc = 0.7075
Evaluating class motorbike: 12/18
Class motorbike Iteration 40   125.27sample/s
Class motorbike Iteration 80   161.82sample/s
Class motorbike Iteration 120  165.63sample/s
Class motorbike Iteration 160  167.76sample/s
Class motorbike Iteration 200  172.66sample/s
Class motorbike acc = 0.7683
Evaluating class person: 13/18
Class person   Iteration 40   124.28sample/s
Class person   Iteration 80   166.52sample/s
Class person   Iteration 120  156.33sample/s
Class person   Iteration 160  153.59sample/s
Class person   Iteration 200  175.28sample/s
Class person acc = 0.6617
Evaluating class pottedplant: 14/18
Class pottedplant Iteration 40   112.31sample/s
Class pottedplant Iteration 80   147.12sample/s
Class pottedplant Iteration 120  146.28sample/s
Class pottedplant Iteration 160  153.01sample/s
Class pottedplant Iteration 200  169.11sample/s
Class pottedplant acc = 0.9972
Evaluating class sheep: 15/18
Class sheep    Iteration 40   113.48sample/s
Class sheep    Iteration 80   133.73sample/s
Class sheep    Iteration 120  154.96sample/s
Class sheep    Iteration 160  159.60sample/s
Class sheep    Iteration 200  174.35sample/s
Class sheep acc = 0.7744
Evaluating class train: 16/18
Class train    Iteration 40   128.80sample/s
Class train    Iteration 80   170.51sample/s
Class train    Iteration 120  167.78sample/s
Class train    Iteration 160  166.05sample/s
Class train    Iteration 200  171.16sample/s
Class train acc = 0.9702
Evaluating class tvmonitor: 17/18
Class tvmonitor Iteration 40   127.87sample/s
Class tvmonitor Iteration 80   162.85sample/s
Class tvmonitor Iteration 120  169.28sample/s
Class tvmonitor Iteration 160  153.60sample/s
Class tvmonitor Iteration 200  172.22sample/s
Class tvmonitor acc = 0.9970
Evaluation complete in 2m 1s
Matching accuracy
aeroplane = 0.6722
bicycle = 0.6124
bird = 0.8973
boat = 0.7672
bottle = 0.6717
bus = 0.9659
car = 0.8803
cat = 0.7388
chair = 0.7010
cow = 0.8230
dog = 0.7778
horse = 0.7075
motorbike = 0.7683
person = 0.6617
pottedplant = 0.9972
sheep = 0.7744
train = 0.9702
tvmonitor = 0.9970
average = 0.7991
Epoch 2/6
----------
lr = 1.50e-06, 5.00e-05
Epoch 2/6: 100%|██████████| 2000/2000 [06:45<00:00,  4.93it/s, loss=1.7374, acc=0.9476]
epoch loss: 1.5090369173036888, epoch accuracy: 0.9475654891343481
completed in 405.88s (6.76m)
Start evaluation...
Evaluating class aeroplane: 0/18
Class aeroplane Iteration 40   123.41sample/s
Class aeroplane Iteration 80   145.04sample/s
Class aeroplane Iteration 120  150.54sample/s
Class aeroplane Iteration 160  151.56sample/s
Class aeroplane Iteration 200  167.83sample/s
Class aeroplane acc = 0.7004
Evaluating class bicycle: 1/18
Class bicycle  Iteration 40   119.11sample/s
Class bicycle  Iteration 80   145.25sample/s
Class bicycle  Iteration 120  150.79sample/s
Class bicycle  Iteration 160  141.75sample/s
Class bicycle  Iteration 200  174.43sample/s
Class bicycle acc = 0.6334
Evaluating class bird: 2/18
Class bird     Iteration 40   120.97sample/s
Class bird     Iteration 80   157.73sample/s
Class bird     Iteration 120  158.71sample/s
Class bird     Iteration 160  150.79sample/s
Class bird     Iteration 200  153.08sample/s
Class bird acc = 0.8989
Evaluating class boat: 3/18
Class boat     Iteration 40   113.87sample/s
Class boat     Iteration 80   144.60sample/s
Class boat     Iteration 120  139.31sample/s
Class boat     Iteration 160  161.70sample/s
Class boat     Iteration 200  162.02sample/s
Class boat acc = 0.7856
Evaluating class bottle: 4/18
Class bottle   Iteration 40   120.54sample/s
Class bottle   Iteration 80   158.89sample/s
Class bottle   Iteration 120  149.87sample/s
Class bottle   Iteration 160  153.54sample/s
Class bottle   Iteration 200  154.19sample/s
Class bottle acc = 0.6729
Evaluating class bus: 5/18
Class bus      Iteration 40   114.61sample/s
Class bus      Iteration 80   146.32sample/s
Class bus      Iteration 120  149.87sample/s
Class bus      Iteration 160  146.91sample/s
Class bus      Iteration 200  158.89sample/s
Class bus acc = 0.9775
Evaluating class car: 6/18
Class car      Iteration 40   113.76sample/s
Class car      Iteration 80   136.71sample/s
Class car      Iteration 120  130.41sample/s
Class car      Iteration 160  159.20sample/s
Class car      Iteration 200  166.33sample/s
Class car acc = 0.9030
Evaluating class cat: 7/18
Class cat      Iteration 40   127.69sample/s
Class cat      Iteration 80   155.69sample/s
Class cat      Iteration 120  153.91sample/s
Class cat      Iteration 160  154.39sample/s
Class cat      Iteration 200  155.40sample/s
Class cat acc = 0.7446
Evaluating class chair: 8/18
Class chair    Iteration 40   118.77sample/s
Class chair    Iteration 80   152.45sample/s
Class chair    Iteration 120  158.84sample/s
Class chair    Iteration 160  150.02sample/s
Class chair    Iteration 200  158.09sample/s
Class chair acc = 0.7338
Evaluating class cow: 9/18
Class cow      Iteration 40   118.54sample/s
Class cow      Iteration 80   128.83sample/s
Class cow      Iteration 120  149.97sample/s
Class cow      Iteration 160  157.17sample/s
Class cow      Iteration 200  165.20sample/s
Class cow acc = 0.8321
Evaluating class dog: 10/18
Class dog      Iteration 40   125.50sample/s
Class dog      Iteration 80   145.86sample/s
Class dog      Iteration 120  158.64sample/s
Class dog      Iteration 160  159.58sample/s
Class dog      Iteration 200  159.29sample/s
Class dog acc = 0.7952
Evaluating class horse: 11/18
Class horse    Iteration 40   125.57sample/s
Class horse    Iteration 80   155.09sample/s
Class horse    Iteration 120  164.34sample/s
Class horse    Iteration 160  164.09sample/s
Class horse    Iteration 200  156.06sample/s
Class horse acc = 0.7228
Evaluating class motorbike: 12/18
Class motorbike Iteration 40   122.93sample/s
Class motorbike Iteration 80   160.58sample/s
Class motorbike Iteration 120  164.22sample/s
Class motorbike Iteration 160  158.44sample/s
Class motorbike Iteration 200  168.67sample/s
Class motorbike acc = 0.7971
Evaluating class person: 13/18
Class person   Iteration 40   124.24sample/s
Class person   Iteration 80   147.21sample/s
Class person   Iteration 120  144.88sample/s
Class person   Iteration 160  150.14sample/s
Class person   Iteration 200  178.61sample/s
Class person acc = 0.7098
Evaluating class pottedplant: 14/18
Class pottedplant Iteration 40   111.33sample/s
Class pottedplant Iteration 80   136.17sample/s
Class pottedplant Iteration 120  128.04sample/s
Class pottedplant Iteration 160  145.61sample/s
Class pottedplant Iteration 200  158.29sample/s
Class pottedplant acc = 0.9997
Evaluating class sheep: 15/18
Class sheep    Iteration 40   102.47sample/s
Class sheep    Iteration 80   145.44sample/s
Class sheep    Iteration 120  137.09sample/s
Class sheep    Iteration 160  158.57sample/s
Class sheep    Iteration 200  185.48sample/s
Class sheep acc = 0.7749
Evaluating class train: 16/18
Class train    Iteration 40   125.28sample/s
Class train    Iteration 80   161.91sample/s
Class train    Iteration 120  158.61sample/s
Class train    Iteration 160  163.35sample/s
Class train    Iteration 200  154.25sample/s
Class train acc = 0.9768
Evaluating class tvmonitor: 17/18
Class tvmonitor Iteration 40   125.50sample/s
Class tvmonitor Iteration 80   158.57sample/s
Class tvmonitor Iteration 120  159.04sample/s
Class tvmonitor Iteration 160  161.60sample/s
Class tvmonitor Iteration 200  167.72sample/s
Class tvmonitor acc = 0.9962
Evaluation complete in 2m 5s
Matching accuracy
aeroplane = 0.7004
bicycle = 0.6334
bird = 0.8989
boat = 0.7856
bottle = 0.6729
bus = 0.9775
car = 0.9030
cat = 0.7446
chair = 0.7338
cow = 0.8321
dog = 0.7952
horse = 0.7228
motorbike = 0.7971
person = 0.7098
pottedplant = 0.9997
sheep = 0.7749
train = 0.9768
tvmonitor = 0.9962
average = 0.8142
Epoch 3/6
----------
lr = 1.50e-06, 5.00e-05
Epoch 3/6: 100%|██████████| 2000/2000 [06:50<00:00,  4.88it/s, loss=1.2247, acc=0.9599]
epoch loss: 1.3616079501099885, epoch accuracy: 0.9598969724876252
completed in 410.23s (6.84m)
Start evaluation...
Evaluating class aeroplane: 0/18
Class aeroplane Iteration 40   102.90sample/s
Class aeroplane Iteration 80   118.48sample/s
Class aeroplane Iteration 120  123.25sample/s
Class aeroplane Iteration 160  122.81sample/s
Class aeroplane Iteration 200  137.03sample/s
Class aeroplane acc = 0.7108
Evaluating class bicycle: 1/18
Class bicycle  Iteration 40   104.95sample/s
Class bicycle  Iteration 80   123.67sample/s
Class bicycle  Iteration 120  118.79sample/s
Class bicycle  Iteration 160  119.55sample/s
Class bicycle  Iteration 200  128.68sample/s
Class bicycle acc = 0.6303
Evaluating class bird: 2/18
Class bird     Iteration 40   106.40sample/s
Class bird     Iteration 80   117.72sample/s
Class bird     Iteration 120  128.38sample/s
Class bird     Iteration 160  127.79sample/s
Class bird     Iteration 200  126.95sample/s
Class bird acc = 0.9112
Evaluating class boat: 3/18
Class boat     Iteration 40   98.13sample/s
Class boat     Iteration 80   121.30sample/s
Class boat     Iteration 120  107.38sample/s
Class boat     Iteration 160  124.16sample/s
Class boat     Iteration 200  133.59sample/s
Class boat acc = 0.7941
Evaluating class bottle: 4/18
Class bottle   Iteration 40   106.29sample/s
Class bottle   Iteration 80   121.34sample/s
Class bottle   Iteration 120  121.80sample/s
Class bottle   Iteration 160  116.58sample/s
Class bottle   Iteration 200  120.47sample/s
Class bottle acc = 0.6649
Evaluating class bus: 5/18
Class bus      Iteration 40   96.02sample/s
Class bus      Iteration 80   113.80sample/s
Class bus      Iteration 120  116.48sample/s
Class bus      Iteration 160  115.25sample/s
Class bus      Iteration 200  131.67sample/s
Class bus acc = 0.9809
Evaluating class car: 6/18
Class car      Iteration 40   90.35sample/s
Class car      Iteration 80   117.73sample/s
Class car      Iteration 120  111.77sample/s
Class car      Iteration 160  127.84sample/s
Class car      Iteration 200  130.08sample/s
Class car acc = 0.9054
Evaluating class cat: 7/18
Class cat      Iteration 40   104.82sample/s
Class cat      Iteration 80   120.78sample/s
Class cat      Iteration 120  125.75sample/s
Class cat      Iteration 160  122.95sample/s
Class cat      Iteration 200  125.86sample/s
Class cat acc = 0.7466
Evaluating class chair: 8/18
Class chair    Iteration 40   100.48sample/s
Class chair    Iteration 80   121.30sample/s
Class chair    Iteration 120  119.01sample/s
Class chair    Iteration 160  123.88sample/s
Class chair    Iteration 200  126.70sample/s
Class chair acc = 0.7503
Evaluating class cow: 9/18
Class cow      Iteration 40   94.67sample/s
Class cow      Iteration 80   101.75sample/s
Class cow      Iteration 120  118.09sample/s
Class cow      Iteration 160  126.43sample/s
Class cow      Iteration 200  142.11sample/s
Class cow acc = 0.8396
Evaluating class dog: 10/18
Class dog      Iteration 40   105.67sample/s
Class dog      Iteration 80   121.48sample/s
Class dog      Iteration 120  122.26sample/s
Class dog      Iteration 160  116.31sample/s
Class dog      Iteration 200  125.05sample/s
Class dog acc = 0.8015
Evaluating class horse: 11/18
Class horse    Iteration 40   103.00sample/s
Class horse    Iteration 80   116.89sample/s
Class horse    Iteration 120  116.52sample/s
Class horse    Iteration 160  124.05sample/s
Class horse    Iteration 200  119.57sample/s
Class horse acc = 0.7431
Evaluating class motorbike: 12/18
Class motorbike Iteration 40   97.54sample/s
Class motorbike Iteration 80   110.73sample/s
Class motorbike Iteration 120  120.75sample/s
Class motorbike Iteration 160  115.72sample/s
Class motorbike Iteration 200  123.64sample/s
Class motorbike acc = 0.8100
Evaluating class person: 13/18
Class person   Iteration 40   96.55sample/s
Class person   Iteration 80   119.21sample/s
Class person   Iteration 120  117.82sample/s
Class person   Iteration 160  120.75sample/s
Class person   Iteration 200  131.62sample/s
Class person acc = 0.7086
Evaluating class pottedplant: 14/18
Class pottedplant Iteration 40   85.37sample/s
Class pottedplant Iteration 80   102.59sample/s
Class pottedplant Iteration 120  105.36sample/s
Class pottedplant Iteration 160  107.81sample/s
Class pottedplant Iteration 200  122.29sample/s
Class pottedplant acc = 0.9976
Evaluating class sheep: 15/18
Class sheep    Iteration 40   85.84sample/s
Class sheep    Iteration 80   93.07sample/s
Class sheep    Iteration 120  101.91sample/s
Class sheep    Iteration 160  113.92sample/s
Class sheep    Iteration 200  124.87sample/s
Class sheep acc = 0.7738
Evaluating class train: 16/18
Class train    Iteration 40   102.16sample/s
Class train    Iteration 80   120.25sample/s
Class train    Iteration 120  119.82sample/s
Class train    Iteration 160  125.20sample/s
Class train    Iteration 200  120.41sample/s
Class train acc = 0.9827
Evaluating class tvmonitor: 17/18
Class tvmonitor Iteration 40   100.06sample/s
Class tvmonitor Iteration 80   124.42sample/s
Class tvmonitor Iteration 120  123.45sample/s
Class tvmonitor Iteration 160  126.06sample/s
Class tvmonitor Iteration 200  122.81sample/s
Class tvmonitor acc = 0.9946
Evaluation complete in 2m 37s
Matching accuracy
aeroplane = 0.7108
bicycle = 0.6303
bird = 0.9112
boat = 0.7941
bottle = 0.6649
bus = 0.9809
car = 0.9054
cat = 0.7466
chair = 0.7503
cow = 0.8396
dog = 0.8015
horse = 0.7431
motorbike = 0.8100
person = 0.7086
pottedplant = 0.9976
sheep = 0.7738
train = 0.9827
tvmonitor = 0.9946
average = 0.8192
Epoch 4/6
----------
lr = 1.50e-06, 5.00e-05
Epoch 4/6: 100%|██████████| 2000/2000 [06:52<00:00,  4.85it/s, loss=1.4612, acc=0.9669]
epoch loss: 1.3197983967913314, epoch accuracy: 0.9668633746998756
completed in 412.35s (6.87m)
Start evaluation...
Evaluating class aeroplane: 0/18
Class aeroplane Iteration 40   88.86sample/s
Class aeroplane Iteration 80   94.08sample/s
Class aeroplane Iteration 120  94.48sample/s
Class aeroplane Iteration 160  87.18sample/s
Class aeroplane Iteration 200  100.35sample/s
Class aeroplane acc = 0.7161
Evaluating class bicycle: 1/18
Class bicycle  Iteration 40   87.38sample/s
Class bicycle  Iteration 80   91.92sample/s
Class bicycle  Iteration 120  90.77sample/s
Class bicycle  Iteration 160  99.86sample/s
Class bicycle  Iteration 200  98.98sample/s
Class bicycle acc = 0.6398
Evaluating class bird: 2/18
Class bird     Iteration 40   88.21sample/s
Class bird     Iteration 80   92.90sample/s
Class bird     Iteration 120  95.55sample/s
Class bird     Iteration 160  96.24sample/s
Class bird     Iteration 200  90.07sample/s
Class bird acc = 0.9069
Evaluating class boat: 3/18
Class boat     Iteration 40   78.39sample/s
Class boat     Iteration 80   87.93sample/s
Class boat     Iteration 120  83.23sample/s
Class boat     Iteration 160  96.98sample/s
Class boat     Iteration 200  99.00sample/s
Class boat acc = 0.7976
Evaluating class bottle: 4/18
Class bottle   Iteration 40   81.20sample/s
Class bottle   Iteration 80   93.20sample/s
Class bottle   Iteration 120  91.74sample/s
Class bottle   Iteration 160  99.30sample/s
Class bottle   Iteration 200  92.16sample/s
Class bottle acc = 0.6706
Evaluating class bus: 5/18
Class bus      Iteration 40   75.86sample/s
Class bus      Iteration 80   90.44sample/s
Class bus      Iteration 120  92.21sample/s
Class bus      Iteration 160  89.76sample/s
Class bus      Iteration 200  102.16sample/s
Class bus acc = 0.9787
Evaluating class car: 6/18
Class car      Iteration 40   74.43sample/s
Class car      Iteration 80   88.67sample/s
Class car      Iteration 120  75.24sample/s
Class car      Iteration 160  85.16sample/s
Class car      Iteration 200  102.17sample/s
Class car acc = 0.9144
Evaluating class cat: 7/18
Class cat      Iteration 40   86.49sample/s
Class cat      Iteration 80   93.01sample/s
Class cat      Iteration 120  87.56sample/s
Class cat      Iteration 160  93.86sample/s
Class cat      Iteration 200  99.19sample/s
Class cat acc = 0.7562
Evaluating class chair: 8/18
Class chair    Iteration 40   87.29sample/s
Class chair    Iteration 80   85.57sample/s
Class chair    Iteration 120  95.07sample/s
Class chair    Iteration 160  85.15sample/s
Class chair    Iteration 200  97.75sample/s
Class chair acc = 0.7388
Evaluating class cow: 9/18
Class cow      Iteration 40   81.91sample/s
Class cow      Iteration 80   76.85sample/s
Class cow      Iteration 120  85.90sample/s
Class cow      Iteration 160  91.62sample/s
Class cow      Iteration 200  99.26sample/s
Class cow acc = 0.8362
Evaluating class dog: 10/18
Class dog      Iteration 40   82.67sample/s
Class dog      Iteration 80   97.53sample/s
Class dog      Iteration 120  95.34sample/s
Class dog      Iteration 160  93.15sample/s
Class dog      Iteration 200  100.25sample/s
Class dog acc = 0.8036
Evaluating class horse: 11/18
Class horse    Iteration 40   85.61sample/s
Class horse    Iteration 80   94.05sample/s
Class horse    Iteration 120  98.75sample/s
Class horse    Iteration 160  98.73sample/s
Class horse    Iteration 200  98.10sample/s
Class horse acc = 0.7228
Evaluating class motorbike: 12/18
Class motorbike Iteration 40   77.69sample/s
Class motorbike Iteration 80   92.73sample/s
Class motorbike Iteration 120  115.08sample/s
Class motorbike Iteration 160  119.87sample/s
Class motorbike Iteration 200  83.45sample/s
Class motorbike acc = 0.8058
Evaluating class person: 13/18
Class person   Iteration 40   50.38sample/s
Class person   Iteration 80   53.80sample/s
Class person   Iteration 120  50.00sample/s
Class person   Iteration 160  55.76sample/s
Class person   Iteration 200  75.40sample/s
Class person acc = 0.6958
Evaluating class pottedplant: 14/18
Class pottedplant Iteration 40   43.35sample/s
Class pottedplant Iteration 80   50.14sample/s
Class pottedplant Iteration 120  53.97sample/s
Class pottedplant Iteration 160  60.39sample/s
Class pottedplant Iteration 200  57.95sample/s
Class pottedplant acc = 0.9997
Evaluating class sheep: 15/18
Class sheep    Iteration 40   43.53sample/s
Class sheep    Iteration 80   46.41sample/s
Class sheep    Iteration 120  54.22sample/s
Class sheep    Iteration 160  59.26sample/s
Class sheep    Iteration 200  59.09sample/s
Class sheep acc = 0.7800
Evaluating class train: 16/18
Class train    Iteration 40   54.20sample/s
Class train    Iteration 80   60.26sample/s
Class train    Iteration 120  59.90sample/s
Class train    Iteration 160  66.79sample/s
Class train    Iteration 200  60.49sample/s
Class train acc = 0.9820
Evaluating class tvmonitor: 17/18
Class tvmonitor Iteration 40   52.73sample/s
Class tvmonitor Iteration 80   60.34sample/s
Class tvmonitor Iteration 120  58.47sample/s
Class tvmonitor Iteration 160  65.18sample/s
Class tvmonitor Iteration 200  59.30sample/s
Class tvmonitor acc = 0.9943
Evaluation complete in 3m 54s
Matching accuracy
aeroplane = 0.7161
bicycle = 0.6398
bird = 0.9069
boat = 0.7976
bottle = 0.6706
bus = 0.9787
car = 0.9144
cat = 0.7562
chair = 0.7388
cow = 0.8362
dog = 0.8036
horse = 0.7228
motorbike = 0.8058
person = 0.6958
pottedplant = 0.9997
sheep = 0.7800
train = 0.9820
tvmonitor = 0.9943
average = 0.8188
Epoch 5/6
----------
lr = 1.50e-07, 5.00e-06
Epoch 5/6: 100%|██████████| 2000/2000 [06:53<00:00,  4.83it/s, loss=1.2475, acc=0.9726]
epoch loss: 1.2718174472097308, epoch accuracy: 0.9726398207035059
completed in 413.69s (6.89m)
Start evaluation...
Evaluating class aeroplane: 0/18
Class aeroplane Iteration 40   84.35sample/s
Class aeroplane Iteration 80   92.62sample/s
Class aeroplane Iteration 120  88.71sample/s
Class aeroplane Iteration 160  93.51sample/s
Class aeroplane Iteration 200  97.57sample/s
Class aeroplane acc = 0.7143
Evaluating class bicycle: 1/18
Class bicycle  Iteration 40   83.06sample/s
Class bicycle  Iteration 80   92.56sample/s
Class bicycle  Iteration 120  90.23sample/s
Class bicycle  Iteration 160  93.16sample/s
Class bicycle  Iteration 200  104.19sample/s
Class bicycle acc = 0.6383
Evaluating class bird: 2/18
Class bird     Iteration 40   82.30sample/s
Class bird     Iteration 80   95.06sample/s
Class bird     Iteration 120  100.95sample/s
Class bird     Iteration 160  100.62sample/s
Class bird     Iteration 200  95.32sample/s
Class bird acc = 0.9073
Evaluating class boat: 3/18
Class boat     Iteration 40   79.40sample/s
Class boat     Iteration 80   95.72sample/s
Class boat     Iteration 120  85.52sample/s
Class boat     Iteration 160  98.25sample/s
Class boat     Iteration 200  104.84sample/s
Class boat acc = 0.7966
Evaluating class bottle: 4/18
Class bottle   Iteration 40   86.27sample/s
Class bottle   Iteration 80   90.04sample/s
Class bottle   Iteration 120  93.66sample/s
Class bottle   Iteration 160  99.71sample/s
Class bottle   Iteration 200  96.10sample/s
Class bottle acc = 0.6698
Evaluating class bus: 5/18
Class bus      Iteration 40   79.97sample/s
Class bus      Iteration 80   91.47sample/s
Class bus      Iteration 120  97.25sample/s
Class bus      Iteration 160  91.02sample/s
Class bus      Iteration 200  110.70sample/s
Class bus acc = 0.9792
Evaluating class car: 6/18
Class car      Iteration 40   83.72sample/s
Class car      Iteration 80   88.79sample/s
Class car      Iteration 120  82.19sample/s
Class car      Iteration 160  101.10sample/s
Class car      Iteration 200  104.41sample/s
Class car acc = 0.9128
Evaluating class cat: 7/18
Class cat      Iteration 40   87.34sample/s
Class cat      Iteration 80   94.63sample/s
Class cat      Iteration 120  85.11sample/s
Class cat      Iteration 160  99.26sample/s
Class cat      Iteration 200  93.67sample/s
Class cat acc = 0.7584
Evaluating class chair: 8/18
Class chair    Iteration 40   79.78sample/s
Class chair    Iteration 80   89.45sample/s
Class chair    Iteration 120  90.82sample/s
Class chair    Iteration 160  85.00sample/s
Class chair    Iteration 200  105.76sample/s
Class chair acc = 0.7409
Evaluating class cow: 9/18
Class cow      Iteration 40   83.64sample/s
Class cow      Iteration 80   81.93sample/s
Class cow      Iteration 120  92.95sample/s
Class cow      Iteration 160  97.67sample/s
Class cow      Iteration 200  112.94sample/s
Class cow acc = 0.8343
Evaluating class dog: 10/18
Class dog      Iteration 40   87.93sample/s
Class dog      Iteration 80   97.34sample/s
Class dog      Iteration 120  94.87sample/s
Class dog      Iteration 160  92.82sample/s
Class dog      Iteration 200  96.98sample/s
Class dog acc = 0.8044
Evaluating class horse: 11/18
Class horse    Iteration 40   81.04sample/s
Class horse    Iteration 80   97.02sample/s
Class horse    Iteration 120  95.01sample/s
Class horse    Iteration 160  97.86sample/s
Class horse    Iteration 200  94.10sample/s
Class horse acc = 0.7243
Evaluating class motorbike: 12/18
Class motorbike Iteration 40   78.48sample/s
Class motorbike Iteration 80   91.88sample/s
Class motorbike Iteration 120  94.52sample/s
Class motorbike Iteration 160  97.53sample/s
Class motorbike Iteration 200  94.88sample/s
Class motorbike acc = 0.8100
Evaluating class person: 13/18
Class person   Iteration 40   80.92sample/s
Class person   Iteration 80   91.50sample/s
Class person   Iteration 120  80.60sample/s
Class person   Iteration 160  90.49sample/s
Class person   Iteration 200  104.89sample/s
Class person acc = 0.6958
Evaluating class pottedplant: 14/18
Class pottedplant Iteration 40   71.63sample/s
Class pottedplant Iteration 80   84.28sample/s
Class pottedplant Iteration 120  84.53sample/s
Class pottedplant Iteration 160  87.66sample/s
Class pottedplant Iteration 200  98.58sample/s
Class pottedplant acc = 0.9997
Evaluating class sheep: 15/18
Class sheep    Iteration 40   70.37sample/s
Class sheep    Iteration 80   76.76sample/s
Class sheep    Iteration 120  84.11sample/s
Class sheep    Iteration 160  86.71sample/s
Class sheep    Iteration 200  97.50sample/s
Class sheep acc = 0.7820
Evaluating class train: 16/18
Class train    Iteration 40   85.06sample/s
Class train    Iteration 80   90.32sample/s
Class train    Iteration 120  92.01sample/s
Class train    Iteration 160  94.62sample/s
Class train    Iteration 200  94.29sample/s
Class train acc = 0.9842
Evaluating class tvmonitor: 17/18
Class tvmonitor Iteration 40   87.41sample/s
Class tvmonitor Iteration 80   92.17sample/s
Class tvmonitor Iteration 120  90.03sample/s
Class tvmonitor Iteration 160  89.46sample/s
Class tvmonitor Iteration 200  97.96sample/s
Class tvmonitor acc = 0.9935
Evaluation complete in 3m 19s
Matching accuracy
aeroplane = 0.7143
bicycle = 0.6383
bird = 0.9073
boat = 0.7966
bottle = 0.6698
bus = 0.9792
car = 0.9128
cat = 0.7584
chair = 0.7409
cow = 0.8343
dog = 0.8044
horse = 0.7243
motorbike = 0.8100
person = 0.6958
pottedplant = 0.9997
sheep = 0.7820
train = 0.9842
tvmonitor = 0.9935
average = 0.8192
Epoch 6/6
----------
lr = 1.50e-07, 5.00e-06
Epoch 6/6: 100%|██████████| 2000/2000 [06:54<00:00,  4.82it/s, loss=1.2145, acc=0.9711]
epoch loss: 1.2670501810126007, epoch accuracy: 0.9710960906630386
completed in 414.63s (6.91m)
Start evaluation...
Evaluating class aeroplane: 0/18
Class aeroplane Iteration 40   57.40sample/s
Class aeroplane Iteration 80   80.05sample/s
Class aeroplane Iteration 120  74.19sample/s
Class aeroplane Iteration 160  78.96sample/s
Class aeroplane Iteration 200  84.91sample/s
Class aeroplane acc = 0.7161
Evaluating class bicycle: 1/18
Class bicycle  Iteration 40   81.21sample/s
Class bicycle  Iteration 80   88.83sample/s
Class bicycle  Iteration 120  86.20sample/s
Class bicycle  Iteration 160  94.71sample/s
Class bicycle  Iteration 200  99.59sample/s
Class bicycle acc = 0.6368
Evaluating class bird: 2/18
Class bird     Iteration 40   82.96sample/s
Class bird     Iteration 80   91.73sample/s
Class bird     Iteration 120  90.03sample/s
Class bird     Iteration 160  89.64sample/s
Class bird     Iteration 200  89.46sample/s
Class bird acc = 0.9056
Evaluating class boat: 3/18
Class boat     Iteration 40   76.42sample/s
Class boat     Iteration 80   77.16sample/s
Class boat     Iteration 120  78.18sample/s
Class boat     Iteration 160  96.30sample/s
Class boat     Iteration 200  93.23sample/s
Class boat acc = 0.7968
Evaluating class bottle: 4/18
Class bottle   Iteration 40   78.82sample/s
Class bottle   Iteration 80   85.15sample/s
Class bottle   Iteration 120  93.04sample/s
Class bottle   Iteration 160  87.07sample/s
Class bottle   Iteration 200  81.35sample/s
Class bottle acc = 0.6677
Evaluating class bus: 5/18
Class bus      Iteration 40   76.33sample/s
Class bus      Iteration 80   85.95sample/s
Class bus      Iteration 120  79.30sample/s
Class bus      Iteration 160  73.19sample/s
Class bus      Iteration 200  89.03sample/s
Class bus acc = 0.9804
Evaluating class car: 6/18
Class car      Iteration 40   65.14sample/s
Class car      Iteration 80   72.48sample/s
Class car      Iteration 120  69.56sample/s
Class car      Iteration 160  86.60sample/s
Class car      Iteration 200  96.19sample/s
Class car acc = 0.9146
Evaluating class cat: 7/18
Class cat      Iteration 40   81.49sample/s
Class cat      Iteration 80   89.21sample/s
Class cat      Iteration 120  84.09sample/s
Class cat      Iteration 160  86.06sample/s
Class cat      Iteration 200  87.54sample/s
Class cat acc = 0.7609
Evaluating class chair: 8/18
Class chair    Iteration 40   77.08sample/s
Class chair    Iteration 80   88.34sample/s
Class chair    Iteration 120  90.53sample/s
Class chair    Iteration 160  81.88sample/s
Class chair    Iteration 200  88.79sample/s
Class chair acc = 0.7415
Evaluating class cow: 9/18
Class cow      Iteration 40   76.18sample/s
Class cow      Iteration 80   67.28sample/s
Class cow      Iteration 120  80.13sample/s
Class cow      Iteration 160  83.39sample/s
Class cow      Iteration 200  93.55sample/s
Class cow acc = 0.8369
Evaluating class dog: 10/18
Class dog      Iteration 40   76.46sample/s
Class dog      Iteration 80   87.66sample/s
Class dog      Iteration 120  81.88sample/s
Class dog      Iteration 160  80.09sample/s
Class dog      Iteration 200  79.34sample/s
Class dog acc = 0.8064
Evaluating class horse: 11/18
Class horse    Iteration 40   76.41sample/s
Class horse    Iteration 80   81.98sample/s
Class horse    Iteration 120  75.18sample/s
Class horse    Iteration 160  80.44sample/s
Class horse    Iteration 200  73.41sample/s
Class horse acc = 0.7290
Evaluating class motorbike: 12/18
Class motorbike Iteration 40   64.79sample/s
Class motorbike Iteration 80   75.64sample/s
Class motorbike Iteration 120  78.80sample/s
Class motorbike Iteration 160  84.04sample/s
Class motorbike Iteration 200  84.83sample/s
Class motorbike acc = 0.8104
Evaluating class person: 13/18
Class person   Iteration 40   74.96sample/s
Class person   Iteration 80   82.38sample/s
Class person   Iteration 120  70.86sample/s
Class person   Iteration 160  75.43sample/s
Class person   Iteration 200  89.02sample/s
Class person acc = 0.6983
Evaluating class pottedplant: 14/18
Class pottedplant Iteration 40   67.10sample/s
Class pottedplant Iteration 80   72.70sample/s
Class pottedplant Iteration 120  76.89sample/s
Class pottedplant Iteration 160  79.42sample/s
Class pottedplant Iteration 200  88.56sample/s
Class pottedplant acc = 0.9997
Evaluating class sheep: 15/18
Class sheep    Iteration 40   68.48sample/s
Class sheep    Iteration 80   66.96sample/s
Class sheep    Iteration 120  73.13sample/s
Class sheep    Iteration 160  78.71sample/s
Class sheep    Iteration 200  78.01sample/s
Class sheep acc = 0.7825
Evaluating class train: 16/18
Class train    Iteration 40   77.66sample/s
Class train    Iteration 80   85.12sample/s
Class train    Iteration 120  85.61sample/s
Class train    Iteration 160  93.42sample/s
Class train    Iteration 200  86.32sample/s
Class train acc = 0.9838
Evaluating class tvmonitor: 17/18
Class tvmonitor Iteration 40   78.90sample/s
Class tvmonitor Iteration 80   91.53sample/s
Class tvmonitor Iteration 120  93.87sample/s
Class tvmonitor Iteration 160  87.28sample/s
Class tvmonitor Iteration 200  91.72sample/s
Class tvmonitor acc = 0.9935
Evaluation complete in 3m 43s
Matching accuracy
aeroplane = 0.7161
bicycle = 0.6368
bird = 0.9056
boat = 0.7968
bottle = 0.6677
bus = 0.9804
car = 0.9146
cat = 0.7609
chair = 0.7415
cow = 0.8369
dog = 0.8064
horse = 0.7290
motorbike = 0.8104
person = 0.6983
pottedplant = 0.9997
sheep = 0.7825
train = 0.9838
tvmonitor = 0.9935
average = 0.8200
[1;34mwandb[0m: 
[1;34mwandb[0m: You can sync this run to the cloud by running:
[1;34mwandb[0m: [1mwandb sync /scratch/hpc-prf-llmrout/hpcabpo/nmt/wandb/wandb/offline-run-20260916_104058-p940u8iz[0m
[1;34mwandb[0m: Find logs at: [1;35m../../../../../../scratch/hpc-prf-llmrout/hpcabpo/nmt/wandb/wandb/offline-run-20260916_104058-p940u8iz/logs[0m
