CPU_SET_HEX_STR_SIZE: 257, Size of mstr: 257
cpu-bind=MASK - gpu1201, task  0  0 [444810]: mask |--------|--------|-------B|--------|-BBBBBBB|--------|--------|--------|--------|--------|--------|BBBBBBBB||||--------|--------|--------|--------|--------|--------|--------|--------|--------|--------|--------|--------| set
job=3039608 node=gpu1201 gpu=NVIDIA H100 config=/scratch/hpc-prf-llmrout/hpcabpo/nmt/runs/configs/spline_k2_seed0.json wandb=offline
backbone=vgg16 image_size=256 conv=spline model_dir=/scratch/hpc-prf-llmrout/hpcabpo/nmt/runs/spair_vgg16/spline_k2_seed0
{
    "BACKBONE": "vgg16",
    "BACKBONE_DIR": "/scratch/hpc-prf-llmrout/hpcabpo/nmt/checkpoints",
    "BATCH_SIZE": 5,
    "CACHE_PATH": "data/cache",
    "DATASET_NAME": "SPair71k",
    "EVAL": {
        "SAMPLES": 1000,
        "difficulty_params": {},
        "num_graphs_in_matching_instance": 2
    },
    "IMAGE_SIZE": 256,
    "Matching_TF": {
        "activation": "relu",
        "batch_norm": true,
        "d_model": 648,
        "nGPT_mlp_hidden_mult": 6,
        "n_decoder": 4,
        "n_encoder": 4,
        "n_head": 12,
        "n_lap_EigVec": 8,
        "pos_encoding": false
    },
    "NORM_MEANS": [
        0.485,
        0.456,
        0.406
    ],
    "NORM_STD": [
        0.229,
        0.224,
        0.225
    ],
    "RANDOM_SEED": 0,
    "SPLINE_CNN": {
        "aggr": "max",
        "conv": "spline",
        "degrees": [
            5,
            4
        ],
        "dim": 2,
        "init": "spline",
        "init_noise": 0.001,
        "input_features": 1024,
        "kernel_size": 2,
        "num_bases": 0,
        "output_features": 648,
        "poly": "chebyshev",
        "pyg_init": true,
        "rational_basis": "product",
        "safe": "B",
        "vp": false
    },
    "SPair": {
        "CLASSES": [
            "aeroplane",
            "bicycle",
            "bird",
            "boat",
            "boat",
            "bottle",
            "bus",
            "car",
            "cat",
            "chair",
            "cow",
            "dog",
            "horse",
            "motorbike",
            "person",
            "pottedplant",
            "sheep",
            "train",
            "tvmonitor"
        ],
        "ROOT_DIR": "/pc2/groups/hpc-prf-llmrout/hpcabpo/rational-basis-cnn/data/SPair-71k",
        "size": "large"
    },
    "STATISTIC_STEP": 1,
    "TRACK_GRAD_NORM": false,
    "TRAIN": {
        "EPOCH_ITERS": 2000,
        "LR": 0.0005,
        "_comment_epochs": "lr_schedule long_halving5 defines 12 epochs; max_epochs stops after 7. NMT trains ~11 epochs per day, so 7 epochs is ~15.3 h. Both LR drops (epochs 2 and 5) still happen.",
        "clip_norm": 0,
        "cutmix_beta": 1.0,
        "cutmix_prob": 0.3,
        "difficulty_params": {},
        "layer_loss_param": 0.3,
        "lr_schedule": "long_halving5",
        "max_epochs": 7,
        "mixup_alpha": 0.8,
        "mixup_prob": 0.3,
        "num_graphs_in_matching_instance": 2,
        "random_erasing_prob": 0.3,
        "temperature": 0.1,
        "weight_decay": 0
    },
    "USE_SYNTHETIC": false,
    "VOC2011": {
        "CLASSES": [
            "aeroplane",
            "bicycle",
            "bird",
            "boat",
            "bottle",
            "bus",
            "car",
            "cat",
            "chair",
            "cow",
            "diningtable",
            "dog",
            "horse",
            "motorbike",
            "person",
            "pottedplant",
            "sheep",
            "sofa",
            "train",
            "tvmonitor"
        ],
        "KPT_ANNO_DIR": "/data/cat/ws/tosa098h-abtin_NormMatchTrans/data/downloaded/PascalVOC/annotations/",
        "ROOT_DIR": "/data/cat/ws/tosa098h-abtin_NormMatchTrans/data/downloaded/PascalVOC/VOC2011/",
        "SET_SPLIT": "/data/cat/ws/tosa098h-abtin_NormMatchTrans/data/split/voc2011_pairs.npz"
    },
    "WILLOW": {
        "CLASSES": [
            "Car",
            "Duck",
            "Face",
            "Motorbike",
            "Winebottle"
        ],
        "KPT_LEN": 10,
        "ROOT_DIR": "./data/downloaded/WILLOW/WILLOW-ObjectClass",
        "TRAIN_NUM": 20,
        "TRAIN_OFFSET": 0
    },
    "_generated_by": "slurm/make_config.py spline_k2 0",
    "combine_classes": false,
    "default_json": "experiments/voc_basic.json",
    "eval_sampling": "intersection",
    "evaluate_only": false,
    "exclude_willow_classes": false,
    "keep_last_checkpoint_only": true,
    "log_dir": "runs/",
    "model_dir": "/scratch/hpc-prf-llmrout/hpcabpo/nmt/runs/spair_vgg16/spline_k2_seed0",
    "save_checkpoint": true,
    "train_sampling": "intersection",
    "visualization_params": {
        "produce_pdf": false,
        "reduced_vis": true
    },
    "visualize": false,
    "warmstart_path": null
}
wandb: Tracking run with wandb version 0.30.0
wandb: W&B syncing is set to `offline` in this directory. Run `wandb online` or set WANDB_MODE=online to enable cloud syncing.
wandb: Run data is saved locally in /scratch/hpc-prf-llmrout/hpcabpo/nmt/wandb/wandb/offline-run-20260916_104728-6yq2s2kb
wandb: View this run in the terminal with `wandb leet`
No difficulty parameters for trn-set. Using all available data.
Number of annotation pairs matching the difficulty params in trn-set: {'aeroplane': 2924, 'bicycle': 2946, 'bird': 3080, 'boat': 2936, 'bottle': 2448, 'bus': 2708, 'car': 2960, 'cat': 3306, 'chair': 3060, 'cow': 3118, 'dog': 3192, 'horse': 3136, 'motorbike': 3180, 'person': 3066, 'pottedplant': 2446, 'sheep': 3140, 'train': 2752, 'tvmonitor': 2942}
TRUE EPOCHS:  False
10000
Initializing trn-set. Randomly sampling 10000 examples.
/pc2/groups/hpc-prf-llmrout/hpcabpo/nmt/conda/envs/nmt/lib/python3.12/site-packages/albumentations/core/composition.py:331: UserWarning: Got processor for keypoints, but no transform to process it.
  self._set_keys()
No difficulty parameters for test-set. Using all available data.
Number of annotation pairs matching the difficulty params in test-set: {'aeroplane': 690, 'bicycle': 650, 'bird': 702, 'boat': 702, 'bottle': 870, 'bus': 644, 'car': 564, 'cat': 600, 'chair': 646, 'cow': 640, 'dog': 600, 'horse': 600, 'motorbike': 702, 'person': 650, 'pottedplant': 862, 'sheep': 664, 'train': 756, 'tvmonitor': 692}
TRUE EPOCHS:  False
1000
Initializing test-set. Randomly sampling 1000 examples.
/pc2/groups/hpc-prf-llmrout/hpcabpo/nmt/conda/envs/nmt/lib/python3.12/site-packages/torchvision/models/_utils.py:208: UserWarning: The parameter 'pretrained' is deprecated since 0.13 and may be removed in the future, please use 'weights' instead.
  warnings.warn(
/pc2/groups/hpc-prf-llmrout/hpcabpo/nmt/conda/envs/nmt/lib/python3.12/site-packages/torchvision/models/_utils.py:223: UserWarning: Arguments other than a weight enum or `None` for 'weights' are deprecated since 0.13 and may be removed in the future. The current behavior is equivalent to passing `weights=VGG16_Weights.IMAGENET1K_V1`. You can also use `weights=VGG16_Weights.DEFAULT` to get the most up-to-date weights.
  warnings.warn(msg)
stopping after 7 epochs (cfg.TRAIN.max_epochs; schedule 'long_halving5' defines 12)
Start training...
NMT model on device: cuda:0
Epoch 0/6
----------
lr = 1.50e-05, 5.00e-04
Epoch 0/6:   0%|          | 0/2000 [00:00<?, ?it/s]/pc2/groups/hpc-prf-llmrout/hpcabpo/nmt/conda/envs/nmt/lib/python3.12/site-packages/torch_geometric/utils/_scatter.py:91: UserWarning: The usage of `scatter(reduce='max')` can be accelerated via the 'torch-scatter' package, but it was not found
  warnings.warn(
[rank0]:[W916 10:47:31.201030452 reducer.cpp:1528] Warning: find_unused_parameters=True was specified in DDP constructor, but did not find any unused parameters in the forward pass. This flag results in an extra traversal of the autograd graph every iteration,  which can adversely affect performance. If your model indeed never has any unused parameters in the forward pass, consider turning this flag off. Note that this warning may be a false positive if your model has flow control causing later iterations to have unused parameters. (function operator())
Epoch 0/6: 100%|██████████| 2000/2000 [06:38<00:00,  5.02it/s, loss=3.0744, acc=0.6883]
epoch loss: 3.5236976836919784, epoch accuracy: 0.6883348821001277
completed in 398.19s (6.64m)
Start evaluation...
Evaluating class aeroplane: 0/18
Class aeroplane Iteration 40   106.94sample/s
Class aeroplane Iteration 80   137.63sample/s
Class aeroplane Iteration 120  129.70sample/s
Class aeroplane Iteration 160  133.57sample/s
Class aeroplane Iteration 200  143.44sample/s
Class aeroplane acc = 0.6113
Evaluating class bicycle: 1/18
Class bicycle  Iteration 40   109.02sample/s
Class bicycle  Iteration 80   136.55sample/s
Class bicycle  Iteration 120  134.43sample/s
Class bicycle  Iteration 160  131.82sample/s
Class bicycle  Iteration 200  135.91sample/s
Class bicycle acc = 0.4983
Evaluating class bird: 2/18
Class bird     Iteration 40   109.35sample/s
Class bird     Iteration 80   127.19sample/s
Class bird     Iteration 120  129.64sample/s
Class bird     Iteration 160  124.27sample/s
Class bird     Iteration 200  140.14sample/s
Class bird acc = 0.8449
Evaluating class boat: 3/18
Class boat     Iteration 40   107.98sample/s
Class boat     Iteration 80   123.49sample/s
Class boat     Iteration 120  116.61sample/s
Class boat     Iteration 160  121.33sample/s
Class boat     Iteration 200  142.85sample/s
Class boat acc = 0.6628
Evaluating class bottle: 4/18
Class bottle   Iteration 40   109.44sample/s
Class bottle   Iteration 80   124.80sample/s
Class bottle   Iteration 120  126.68sample/s
Class bottle   Iteration 160  126.62sample/s
Class bottle   Iteration 200  128.96sample/s
Class bottle acc = 0.6406
Evaluating class bus: 5/18
Class bus      Iteration 40   99.11sample/s
Class bus      Iteration 80   119.94sample/s
Class bus      Iteration 120  131.79sample/s
Class bus      Iteration 160  126.71sample/s
Class bus      Iteration 200  123.64sample/s
Class bus acc = 0.9236
Evaluating class car: 6/18
Class car      Iteration 40   93.39sample/s
Class car      Iteration 80   112.12sample/s
Class car      Iteration 120  126.09sample/s
Class car      Iteration 160  108.82sample/s
Class car      Iteration 200  135.24sample/s
Class car acc = 0.8270
Evaluating class cat: 7/18
Class cat      Iteration 40   112.38sample/s
Class cat      Iteration 80   126.28sample/s
Class cat      Iteration 120  126.87sample/s
Class cat      Iteration 160  129.89sample/s
Class cat      Iteration 200  138.52sample/s
Class cat acc = 0.6822
Evaluating class chair: 8/18
Class chair    Iteration 40   110.75sample/s
Class chair    Iteration 80   122.41sample/s
Class chair    Iteration 120  119.77sample/s
Class chair    Iteration 160  132.78sample/s
Class chair    Iteration 200  127.01sample/s
Class chair acc = 0.5888
Evaluating class cow: 9/18
Class cow      Iteration 40   103.73sample/s
Class cow      Iteration 80   119.37sample/s
Class cow      Iteration 120  114.44sample/s
Class cow      Iteration 160  124.40sample/s
Class cow      Iteration 200  137.60sample/s
Class cow acc = 0.7441
Evaluating class dog: 10/18
Class dog      Iteration 40   116.76sample/s
Class dog      Iteration 80   134.55sample/s
Class dog      Iteration 120  135.63sample/s
Class dog      Iteration 160  133.84sample/s
Class dog      Iteration 200  131.20sample/s
Class dog acc = 0.6821
Evaluating class horse: 11/18
Class horse    Iteration 40   111.86sample/s
Class horse    Iteration 80   132.81sample/s
Class horse    Iteration 120  135.00sample/s
Class horse    Iteration 160  137.20sample/s
Class horse    Iteration 200  137.82sample/s
Class horse acc = 0.6090
Evaluating class motorbike: 12/18
Class motorbike Iteration 40   109.02sample/s
Class motorbike Iteration 80   128.41sample/s
Class motorbike Iteration 120  123.63sample/s
Class motorbike Iteration 160  131.48sample/s
Class motorbike Iteration 200  133.20sample/s
Class motorbike acc = 0.7010
Evaluating class person: 13/18
Class person   Iteration 40   107.80sample/s
Class person   Iteration 80   121.32sample/s
Class person   Iteration 120  126.50sample/s
Class person   Iteration 160  121.24sample/s
Class person   Iteration 200  155.08sample/s
Class person acc = 0.5907
Evaluating class pottedplant: 14/18
Class pottedplant Iteration 40   92.47sample/s
Class pottedplant Iteration 80   113.03sample/s
Class pottedplant Iteration 120  115.62sample/s
Class pottedplant Iteration 160  116.63sample/s
Class pottedplant Iteration 200  134.44sample/s
Class pottedplant acc = 0.8599
Evaluating class sheep: 15/18
Class sheep    Iteration 40   95.14sample/s
Class sheep    Iteration 80   107.81sample/s
Class sheep    Iteration 120  126.23sample/s
Class sheep    Iteration 160  107.21sample/s
Class sheep    Iteration 200  127.72sample/s
Class sheep acc = 0.6023
Evaluating class train: 16/18
Class train    Iteration 40   112.84sample/s
Class train    Iteration 80   124.35sample/s
Class train    Iteration 120  132.20sample/s
Class train    Iteration 160  131.42sample/s
Class train    Iteration 200  131.42sample/s
Class train acc = 0.8648
Evaluating class tvmonitor: 17/18
Class tvmonitor Iteration 40   103.44sample/s
Class tvmonitor Iteration 80   122.73sample/s
Class tvmonitor Iteration 120  132.22sample/s
Class tvmonitor Iteration 160  133.14sample/s
Class tvmonitor Iteration 200  135.09sample/s
Class tvmonitor acc = 0.9853
Evaluation complete in 2m 28s
Matching accuracy
aeroplane = 0.6113
bicycle = 0.4983
bird = 0.8449
boat = 0.6628
bottle = 0.6406
bus = 0.9236
car = 0.8270
cat = 0.6822
chair = 0.5888
cow = 0.7441
dog = 0.6821
horse = 0.6090
motorbike = 0.7010
person = 0.5907
pottedplant = 0.8599
sheep = 0.6023
train = 0.8648
tvmonitor = 0.9853
average = 0.7177
Epoch 1/6
----------
lr = 1.50e-05, 5.00e-04
Epoch 1/6: 100%|██████████| 2000/2000 [06:35<00:00,  5.06it/s, loss=2.4164, acc=0.8454]
epoch loss: 2.3692263677120207, epoch accuracy: 0.845399231886768
completed in 395.31s (6.59m)
Start evaluation...
Evaluating class aeroplane: 0/18
Class aeroplane Iteration 40   55.91sample/s
Class aeroplane Iteration 80   87.71sample/s
Class aeroplane Iteration 120  75.17sample/s
Class aeroplane Iteration 160  114.27sample/s
Class aeroplane Iteration 200  126.61sample/s
Class aeroplane acc = 0.6353
Evaluating class bicycle: 1/18
Class bicycle  Iteration 40   98.25sample/s
Class bicycle  Iteration 80   115.83sample/s
Class bicycle  Iteration 120  116.19sample/s
Class bicycle  Iteration 160  117.14sample/s
Class bicycle  Iteration 200  128.26sample/s
Class bicycle acc = 0.5448
Evaluating class bird: 2/18
Class bird     Iteration 40   105.39sample/s
Class bird     Iteration 80   118.53sample/s
Class bird     Iteration 120  118.02sample/s
Class bird     Iteration 160  123.60sample/s
Class bird     Iteration 200  133.81sample/s
Class bird acc = 0.8646
Evaluating class boat: 3/18
Class boat     Iteration 40   96.98sample/s
Class boat     Iteration 80   109.37sample/s
Class boat     Iteration 120  106.01sample/s
Class boat     Iteration 160  121.03sample/s
Class boat     Iteration 200  129.14sample/s
Class boat acc = 0.7542
Evaluating class bottle: 4/18
Class bottle   Iteration 40   98.56sample/s
Class bottle   Iteration 80   115.41sample/s
Class bottle   Iteration 120  119.72sample/s
Class bottle   Iteration 160  117.44sample/s
Class bottle   Iteration 200  120.40sample/s
Class bottle acc = 0.6330
Evaluating class bus: 5/18
Class bus      Iteration 40   92.55sample/s
Class bus      Iteration 80   111.16sample/s
Class bus      Iteration 120  111.86sample/s
Class bus      Iteration 160  119.67sample/s
Class bus      Iteration 200  124.25sample/s
Class bus acc = 0.9412
Evaluating class car: 6/18
Class car      Iteration 40   84.71sample/s
Class car      Iteration 80   102.49sample/s
Class car      Iteration 120  119.58sample/s
Class car      Iteration 160  108.59sample/s
Class car      Iteration 200  121.38sample/s
Class car acc = 0.8451
Evaluating class cat: 7/18
Class cat      Iteration 40   97.66sample/s
Class cat      Iteration 80   119.63sample/s
Class cat      Iteration 120  118.73sample/s
Class cat      Iteration 160  124.92sample/s
Class cat      Iteration 200  120.68sample/s
Class cat acc = 0.6725
Evaluating class chair: 8/18
Class chair    Iteration 40   100.37sample/s
Class chair    Iteration 80   106.84sample/s
Class chair    Iteration 120  116.36sample/s
Class chair    Iteration 160  117.29sample/s
Class chair    Iteration 200  115.88sample/s
Class chair acc = 0.6274
Evaluating class cow: 9/18
Class cow      Iteration 40   95.95sample/s
Class cow      Iteration 80   99.50sample/s
Class cow      Iteration 120  105.11sample/s
Class cow      Iteration 160  116.02sample/s
Class cow      Iteration 200  136.71sample/s
Class cow acc = 0.7557
Evaluating class dog: 10/18
Class dog      Iteration 40   106.05sample/s
Class dog      Iteration 80   120.08sample/s
Class dog      Iteration 120  125.99sample/s
Class dog      Iteration 160  111.46sample/s
Class dog      Iteration 200  116.42sample/s
Class dog acc = 0.6919
Evaluating class horse: 11/18
Class horse    Iteration 40   99.99sample/s
Class horse    Iteration 80   122.84sample/s
Class horse    Iteration 120  114.18sample/s
Class horse    Iteration 160  116.26sample/s
Class horse    Iteration 200  121.79sample/s
Class horse acc = 0.6253
Evaluating class motorbike: 12/18
Class motorbike Iteration 40   90.49sample/s
Class motorbike Iteration 80   111.86sample/s
Class motorbike Iteration 120  119.47sample/s
Class motorbike Iteration 160  116.17sample/s
Class motorbike Iteration 200  116.84sample/s
Class motorbike acc = 0.7325
Evaluating class person: 13/18
Class person   Iteration 40   95.23sample/s
Class person   Iteration 80   119.10sample/s
Class person   Iteration 120  120.09sample/s
Class person   Iteration 160  117.09sample/s
Class person   Iteration 200  142.23sample/s
Class person acc = 0.5890
Evaluating class pottedplant: 14/18
Class pottedplant Iteration 40   94.78sample/s
Class pottedplant Iteration 80   108.38sample/s
Class pottedplant Iteration 120  108.30sample/s
Class pottedplant Iteration 160  113.28sample/s
Class pottedplant Iteration 200  128.67sample/s
Class pottedplant acc = 0.9132
Evaluating class sheep: 15/18
Class sheep    Iteration 40   88.55sample/s
Class sheep    Iteration 80   101.68sample/s
Class sheep    Iteration 120  123.51sample/s
Class sheep    Iteration 160  113.21sample/s
Class sheep    Iteration 200  125.78sample/s
Class sheep acc = 0.6776
Evaluating class train: 16/18
Class train    Iteration 40   107.23sample/s
Class train    Iteration 80   127.83sample/s
Class train    Iteration 120  121.76sample/s
Class train    Iteration 160  125.08sample/s
Class train    Iteration 200  123.65sample/s
Class train acc = 0.8653
Evaluating class tvmonitor: 17/18
Class tvmonitor Iteration 40   108.63sample/s
Class tvmonitor Iteration 80   124.38sample/s
Class tvmonitor Iteration 120  118.57sample/s
Class tvmonitor Iteration 160  125.15sample/s
Class tvmonitor Iteration 200  125.09sample/s
Class tvmonitor acc = 0.9859
Evaluation complete in 2m 43s
Matching accuracy
aeroplane = 0.6353
bicycle = 0.5448
bird = 0.8646
boat = 0.7542
bottle = 0.6330
bus = 0.9412
car = 0.8451
cat = 0.6725
chair = 0.6274
cow = 0.7557
dog = 0.6919
horse = 0.6253
motorbike = 0.7325
person = 0.5890
pottedplant = 0.9132
sheep = 0.6776
train = 0.8653
tvmonitor = 0.9859
average = 0.7419
Epoch 2/6
----------
lr = 1.50e-06, 5.00e-05
Epoch 2/6: 100%|██████████| 2000/2000 [06:35<00:00,  5.05it/s, loss=1.0750, acc=0.9014]
epoch loss: 1.8868003740496933, epoch accuracy: 0.9014329135909683
completed in 395.76s (6.60m)
Start evaluation...
Evaluating class aeroplane: 0/18
Class aeroplane Iteration 40   58.72sample/s
Class aeroplane Iteration 80   74.03sample/s
Class aeroplane Iteration 120  69.89sample/s
Class aeroplane Iteration 160  100.08sample/s
Class aeroplane Iteration 200  84.48sample/s
Class aeroplane acc = 0.6653
Evaluating class bicycle: 1/18
Class bicycle  Iteration 40   103.99sample/s
Class bicycle  Iteration 80   121.15sample/s
Class bicycle  Iteration 120  120.58sample/s
Class bicycle  Iteration 160  119.30sample/s
Class bicycle  Iteration 200  115.54sample/s
Class bicycle acc = 0.5825
Evaluating class bird: 2/18
Class bird     Iteration 40   102.98sample/s
Class bird     Iteration 80   120.82sample/s
Class bird     Iteration 120  115.56sample/s
Class bird     Iteration 160  115.71sample/s
Class bird     Iteration 200  126.41sample/s
Class bird acc = 0.8676
Evaluating class boat: 3/18
Class boat     Iteration 40   94.14sample/s
Class boat     Iteration 80   114.23sample/s
Class boat     Iteration 120  113.79sample/s
Class boat     Iteration 160  118.02sample/s
Class boat     Iteration 200  126.52sample/s
Class boat acc = 0.7757
Evaluating class bottle: 4/18
Class bottle   Iteration 40   101.87sample/s
Class bottle   Iteration 80   116.58sample/s
Class bottle   Iteration 120  122.34sample/s
Class bottle   Iteration 160  121.88sample/s
Class bottle   Iteration 200  123.38sample/s
Class bottle acc = 0.6247
Evaluating class bus: 5/18
Class bus      Iteration 40   96.56sample/s
Class bus      Iteration 80   115.53sample/s
Class bus      Iteration 120  131.48sample/s
Class bus      Iteration 160  118.43sample/s
Class bus      Iteration 200  133.26sample/s
Class bus acc = 0.9659
Evaluating class car: 6/18
Class car      Iteration 40   89.36sample/s
Class car      Iteration 80   114.31sample/s
Class car      Iteration 120  119.44sample/s
Class car      Iteration 160  116.20sample/s
Class car      Iteration 200  125.37sample/s
Class car acc = 0.8660
Evaluating class cat: 7/18
Class cat      Iteration 40   98.25sample/s
Class cat      Iteration 80   122.27sample/s
Class cat      Iteration 120  119.26sample/s
Class cat      Iteration 160  120.65sample/s
Class cat      Iteration 200  123.80sample/s
Class cat acc = 0.6862
Evaluating class chair: 8/18
Class chair    Iteration 40   102.52sample/s
Class chair    Iteration 80   119.65sample/s
Class chair    Iteration 120  115.95sample/s
Class chair    Iteration 160  118.83sample/s
Class chair    Iteration 200  120.14sample/s
Class chair acc = 0.6502
Evaluating class cow: 9/18
Class cow      Iteration 40   99.10sample/s
Class cow      Iteration 80   107.57sample/s
Class cow      Iteration 120  104.08sample/s
Class cow      Iteration 160  124.25sample/s
Class cow      Iteration 200  135.85sample/s
Class cow acc = 0.7805
Evaluating class dog: 10/18
Class dog      Iteration 40   97.98sample/s
Class dog      Iteration 80   128.02sample/s
Class dog      Iteration 120  122.48sample/s
Class dog      Iteration 160  120.17sample/s
Class dog      Iteration 200  120.38sample/s
Class dog acc = 0.7227
Evaluating class horse: 11/18
Class horse    Iteration 40   99.40sample/s
Class horse    Iteration 80   114.39sample/s
Class horse    Iteration 120  115.63sample/s
Class horse    Iteration 160  117.89sample/s
Class horse    Iteration 200  122.12sample/s
Class horse acc = 0.6518
Evaluating class motorbike: 12/18
Class motorbike Iteration 40   98.52sample/s
Class motorbike Iteration 80   113.71sample/s
Class motorbike Iteration 120  122.80sample/s
Class motorbike Iteration 160  121.44sample/s
Class motorbike Iteration 200  125.30sample/s
Class motorbike acc = 0.7573
Evaluating class person: 13/18
Class person   Iteration 40   109.57sample/s
Class person   Iteration 80   122.66sample/s
Class person   Iteration 120  116.26sample/s
Class person   Iteration 160  124.10sample/s
Class person   Iteration 200  147.29sample/s
Class person acc = 0.6232
Evaluating class pottedplant: 14/18
Class pottedplant Iteration 40   95.47sample/s
Class pottedplant Iteration 80   107.88sample/s
Class pottedplant Iteration 120  108.17sample/s
Class pottedplant Iteration 160  115.28sample/s
Class pottedplant Iteration 200  129.02sample/s
Class pottedplant acc = 0.9518
Evaluating class sheep: 15/18
Class sheep    Iteration 40   90.34sample/s
Class sheep    Iteration 80   99.49sample/s
Class sheep    Iteration 120  111.65sample/s
Class sheep    Iteration 160  109.43sample/s
Class sheep    Iteration 200  122.15sample/s
Class sheep acc = 0.7327
Evaluating class train: 16/18
Class train    Iteration 40   104.30sample/s
Class train    Iteration 80   117.21sample/s
Class train    Iteration 120  121.45sample/s
Class train    Iteration 160  125.75sample/s
Class train    Iteration 200  112.47sample/s
Class train acc = 0.9182
Evaluating class tvmonitor: 17/18
Class tvmonitor Iteration 40   106.05sample/s
Class tvmonitor Iteration 80   124.10sample/s
Class tvmonitor Iteration 120  125.47sample/s
Class tvmonitor Iteration 160  124.98sample/s
Class tvmonitor Iteration 200  130.15sample/s
Class tvmonitor acc = 0.9895
Evaluation complete in 2m 42s
Matching accuracy
aeroplane = 0.6653
bicycle = 0.5825
bird = 0.8676
boat = 0.7757
bottle = 0.6247
bus = 0.9659
car = 0.8660
cat = 0.6862
chair = 0.6502
cow = 0.7805
dog = 0.7227
horse = 0.6518
motorbike = 0.7573
person = 0.6232
pottedplant = 0.9518
sheep = 0.7327
train = 0.9182
tvmonitor = 0.9895
average = 0.7673
Epoch 3/6
----------
lr = 1.50e-06, 5.00e-05
Epoch 3/6: 100%|██████████| 2000/2000 [06:40<00:00,  4.99it/s, loss=1.6912, acc=0.9179]
epoch loss: 1.7402377263084055, epoch accuracy: 0.9179255951517963
completed in 400.83s (6.68m)
Start evaluation...
Evaluating class aeroplane: 0/18
Class aeroplane Iteration 40   57.56sample/s
Class aeroplane Iteration 80   70.33sample/s
Class aeroplane Iteration 120  73.42sample/s
Class aeroplane Iteration 160  71.66sample/s
Class aeroplane Iteration 200  83.91sample/s
Class aeroplane acc = 0.6779
Evaluating class bicycle: 1/18
Class bicycle  Iteration 40   61.83sample/s
Class bicycle  Iteration 80   73.52sample/s
Class bicycle  Iteration 120  69.02sample/s
Class bicycle  Iteration 160  73.18sample/s
Class bicycle  Iteration 200  97.16sample/s
Class bicycle acc = 0.5783
Evaluating class bird: 2/18
Class bird     Iteration 40   83.58sample/s
Class bird     Iteration 80   110.78sample/s
Class bird     Iteration 120  121.12sample/s
Class bird     Iteration 160  113.91sample/s
Class bird     Iteration 200  123.64sample/s
Class bird acc = 0.8731
Evaluating class boat: 3/18
Class boat     Iteration 40   104.73sample/s
Class boat     Iteration 80   116.63sample/s
Class boat     Iteration 120  106.16sample/s
Class boat     Iteration 160  113.55sample/s
Class boat     Iteration 200  133.10sample/s
Class boat acc = 0.7753
Evaluating class bottle: 4/18
Class bottle   Iteration 40   104.65sample/s
Class bottle   Iteration 80   119.56sample/s
Class bottle   Iteration 120  121.37sample/s
Class bottle   Iteration 160  120.13sample/s
Class bottle   Iteration 200  116.81sample/s
Class bottle acc = 0.6310
Evaluating class bus: 5/18
Class bus      Iteration 40   88.91sample/s
Class bus      Iteration 80   113.89sample/s
Class bus      Iteration 120  124.00sample/s
Class bus      Iteration 160  114.82sample/s
Class bus      Iteration 200  121.65sample/s
Class bus acc = 0.9679
Evaluating class car: 6/18
Class car      Iteration 40   84.30sample/s
Class car      Iteration 80   111.89sample/s
Class car      Iteration 120  114.42sample/s
Class car      Iteration 160  101.33sample/s
Class car      Iteration 200  123.41sample/s
Class car acc = 0.8709
Evaluating class cat: 7/18
Class cat      Iteration 40   100.28sample/s
Class cat      Iteration 80   113.97sample/s
Class cat      Iteration 120  112.91sample/s
Class cat      Iteration 160  116.59sample/s
Class cat      Iteration 200  113.91sample/s
Class cat acc = 0.6868
Evaluating class chair: 8/18
Class chair    Iteration 40   94.86sample/s
Class chair    Iteration 80   109.22sample/s
Class chair    Iteration 120  109.32sample/s
Class chair    Iteration 160  116.94sample/s
Class chair    Iteration 200  113.63sample/s
Class chair acc = 0.6829
Evaluating class cow: 9/18
Class cow      Iteration 40   92.66sample/s
Class cow      Iteration 80   97.22sample/s
Class cow      Iteration 120  106.27sample/s
Class cow      Iteration 160  118.70sample/s
Class cow      Iteration 200  129.03sample/s
Class cow acc = 0.7822
Evaluating class dog: 10/18
Class dog      Iteration 40   102.55sample/s
Class dog      Iteration 80   115.25sample/s
Class dog      Iteration 120  116.54sample/s
Class dog      Iteration 160  119.91sample/s
Class dog      Iteration 200  117.25sample/s
Class dog acc = 0.7324
Evaluating class horse: 11/18
Class horse    Iteration 40   103.55sample/s
Class horse    Iteration 80   122.18sample/s
Class horse    Iteration 120  126.12sample/s
Class horse    Iteration 160  122.14sample/s
Class horse    Iteration 200  123.44sample/s
Class horse acc = 0.6663
Evaluating class motorbike: 12/18
Class motorbike Iteration 40   103.96sample/s
Class motorbike Iteration 80   122.98sample/s
Class motorbike Iteration 120  122.51sample/s
Class motorbike Iteration 160  122.05sample/s
Class motorbike Iteration 200  120.59sample/s
Class motorbike acc = 0.7627
Evaluating class person: 13/18
Class person   Iteration 40   105.34sample/s
Class person   Iteration 80   121.37sample/s
Class person   Iteration 120  112.13sample/s
Class person   Iteration 160  122.55sample/s
Class person   Iteration 200  144.47sample/s
Class person acc = 0.6148
Evaluating class pottedplant: 14/18
Class pottedplant Iteration 40   93.10sample/s
Class pottedplant Iteration 80   105.29sample/s
Class pottedplant Iteration 120  107.21sample/s
Class pottedplant Iteration 160  107.07sample/s
Class pottedplant Iteration 200  122.69sample/s
Class pottedplant acc = 0.9732
Evaluating class sheep: 15/18
Class sheep    Iteration 40   90.13sample/s
Class sheep    Iteration 80   103.12sample/s
Class sheep    Iteration 120  116.91sample/s
Class sheep    Iteration 160  105.22sample/s
Class sheep    Iteration 200  120.62sample/s
Class sheep acc = 0.7347
Evaluating class train: 16/18
Class train    Iteration 40   101.21sample/s
Class train    Iteration 80   123.67sample/s
Class train    Iteration 120  113.04sample/s
Class train    Iteration 160  141.44sample/s
Class train    Iteration 200  121.45sample/s
Class train acc = 0.9317
Evaluating class tvmonitor: 17/18
Class tvmonitor Iteration 40   104.02sample/s
Class tvmonitor Iteration 80   122.62sample/s
Class tvmonitor Iteration 120  125.62sample/s
Class tvmonitor Iteration 160  121.74sample/s
Class tvmonitor Iteration 200  123.57sample/s
Class tvmonitor acc = 0.9896
Evaluation complete in 2m 51s
Matching accuracy
aeroplane = 0.6779
bicycle = 0.5783
bird = 0.8731
boat = 0.7753
bottle = 0.6310
bus = 0.9679
car = 0.8709
cat = 0.6868
chair = 0.6829
cow = 0.7822
dog = 0.7324
horse = 0.6663
motorbike = 0.7627
person = 0.6148
pottedplant = 0.9732
sheep = 0.7347
train = 0.9317
tvmonitor = 0.9896
average = 0.7740
Epoch 4/6
----------
lr = 1.50e-06, 5.00e-05
Epoch 4/6: 100%|██████████| 2000/2000 [06:35<00:00,  5.05it/s, loss=1.4229, acc=0.9328]
epoch loss: 1.6265892658811063, epoch accuracy: 0.9328015435342903
completed in 395.81s (6.60m)
Start evaluation...
Evaluating class aeroplane: 0/18
Class aeroplane Iteration 40   63.20sample/s
Class aeroplane Iteration 80   77.92sample/s
Class aeroplane Iteration 120  67.78sample/s
Class aeroplane Iteration 160  72.59sample/s
Class aeroplane Iteration 200  77.82sample/s
Class aeroplane acc = 0.6770
Evaluating class bicycle: 1/18
Class bicycle  Iteration 40   62.83sample/s
Class bicycle  Iteration 80   86.24sample/s
Class bicycle  Iteration 120  66.68sample/s
Class bicycle  Iteration 160  71.03sample/s
Class bicycle  Iteration 200  71.31sample/s
Class bicycle acc = 0.5958
Evaluating class bird: 2/18
Class bird     Iteration 40   59.58sample/s
Class bird     Iteration 80   71.75sample/s
Class bird     Iteration 120  70.44sample/s
Class bird     Iteration 160  68.24sample/s
Class bird     Iteration 200  71.33sample/s
Class bird acc = 0.8755
Evaluating class boat: 3/18
Class boat     Iteration 40   58.16sample/s
Class boat     Iteration 80   85.43sample/s
Class boat     Iteration 120  82.30sample/s
Class boat     Iteration 160  114.86sample/s
Class boat     Iteration 200  120.53sample/s
Class boat acc = 0.7841
Evaluating class bottle: 4/18
Class bottle   Iteration 40   99.30sample/s
Class bottle   Iteration 80   116.77sample/s
Class bottle   Iteration 120  122.07sample/s
Class bottle   Iteration 160  109.82sample/s
Class bottle   Iteration 200  118.31sample/s
Class bottle acc = 0.6302
Evaluating class bus: 5/18
Class bus      Iteration 40   93.28sample/s
Class bus      Iteration 80   112.69sample/s
Class bus      Iteration 120  115.69sample/s
Class bus      Iteration 160  114.35sample/s
Class bus      Iteration 200  127.46sample/s
Class bus acc = 0.9676
Evaluating class car: 6/18
Class car      Iteration 40   90.06sample/s
Class car      Iteration 80   103.27sample/s
Class car      Iteration 120  120.70sample/s
Class car      Iteration 160  106.96sample/s
Class car      Iteration 200  118.12sample/s
Class car acc = 0.8774
Evaluating class cat: 7/18
Class cat      Iteration 40   100.88sample/s
Class cat      Iteration 80   127.08sample/s
Class cat      Iteration 120  120.92sample/s
Class cat      Iteration 160  124.02sample/s
Class cat      Iteration 200  118.07sample/s
Class cat acc = 0.6934
Evaluating class chair: 8/18
Class chair    Iteration 40   99.74sample/s
Class chair    Iteration 80   117.63sample/s
Class chair    Iteration 120  114.81sample/s
Class chair    Iteration 160  117.03sample/s
Class chair    Iteration 200  112.50sample/s
Class chair acc = 0.6960
Evaluating class cow: 9/18
Class cow      Iteration 40   100.79sample/s
Class cow      Iteration 80   107.71sample/s
Class cow      Iteration 120  102.38sample/s
Class cow      Iteration 160  121.10sample/s
Class cow      Iteration 200  138.95sample/s
Class cow acc = 0.7918
Evaluating class dog: 10/18
Class dog      Iteration 40   104.27sample/s
Class dog      Iteration 80   120.36sample/s
Class dog      Iteration 120  119.61sample/s
Class dog      Iteration 160  121.67sample/s
Class dog      Iteration 200  117.14sample/s
Class dog acc = 0.7367
Evaluating class horse: 11/18
Class horse    Iteration 40   104.78sample/s
Class horse    Iteration 80   120.05sample/s
Class horse    Iteration 120  123.07sample/s
Class horse    Iteration 160  120.03sample/s
Class horse    Iteration 200  123.84sample/s
Class horse acc = 0.6625
Evaluating class motorbike: 12/18
Class motorbike Iteration 40   100.72sample/s
Class motorbike Iteration 80   115.15sample/s
Class motorbike Iteration 120  128.94sample/s
Class motorbike Iteration 160  129.11sample/s
Class motorbike Iteration 200  128.04sample/s
Class motorbike acc = 0.7653
Evaluating class person: 13/18
Class person   Iteration 40   104.95sample/s
Class person   Iteration 80   111.76sample/s
Class person   Iteration 120  115.98sample/s
Class person   Iteration 160  118.89sample/s
Class person   Iteration 200  138.69sample/s
Class person acc = 0.6266
Evaluating class pottedplant: 14/18
Class pottedplant Iteration 40   91.63sample/s
Class pottedplant Iteration 80   105.78sample/s
Class pottedplant Iteration 120  113.35sample/s
Class pottedplant Iteration 160  111.70sample/s
Class pottedplant Iteration 200  133.29sample/s
Class pottedplant acc = 0.9751
Evaluating class sheep: 15/18
Class sheep    Iteration 40   88.09sample/s
Class sheep    Iteration 80   101.32sample/s
Class sheep    Iteration 120  121.41sample/s
Class sheep    Iteration 160  107.10sample/s
Class sheep    Iteration 200  119.13sample/s
Class sheep acc = 0.7296
Evaluating class train: 16/18
Class train    Iteration 40   96.44sample/s
Class train    Iteration 80   112.75sample/s
Class train    Iteration 120  121.17sample/s
Class train    Iteration 160  122.59sample/s
Class train    Iteration 200  120.87sample/s
Class train acc = 0.9370
Evaluating class tvmonitor: 17/18
Class tvmonitor Iteration 40   105.98sample/s
Class tvmonitor Iteration 80   122.48sample/s
Class tvmonitor Iteration 120  123.88sample/s
Class tvmonitor Iteration 160  122.21sample/s
Class tvmonitor Iteration 200  127.63sample/s
Class tvmonitor acc = 0.9891
Evaluation complete in 2m 58s
Matching accuracy
aeroplane = 0.6770
bicycle = 0.5958
bird = 0.8755
boat = 0.7841
bottle = 0.6302
bus = 0.9676
car = 0.8774
cat = 0.6934
chair = 0.6960
cow = 0.7918
dog = 0.7367
horse = 0.6625
motorbike = 0.7653
person = 0.6266
pottedplant = 0.9751
sheep = 0.7296
train = 0.9370
tvmonitor = 0.9891
average = 0.7784
Epoch 5/6
----------
lr = 1.50e-07, 5.00e-06
Epoch 5/6: 100%|██████████| 2000/2000 [06:38<00:00,  5.02it/s, loss=0.5348, acc=0.9348]
epoch loss: 1.596486850535497, epoch accuracy: 0.9348485286048459
completed in 398.29s (6.64m)
Start evaluation...
Evaluating class aeroplane: 0/18
Class aeroplane Iteration 40   48.13sample/s
Class aeroplane Iteration 80   59.67sample/s
Class aeroplane Iteration 120  55.70sample/s
Class aeroplane Iteration 160  57.23sample/s
Class aeroplane Iteration 200  60.83sample/s
Class aeroplane acc = 0.6840
Evaluating class bicycle: 1/18
Class bicycle  Iteration 40   50.33sample/s
Class bicycle  Iteration 80   61.32sample/s
Class bicycle  Iteration 120  55.66sample/s
Class bicycle  Iteration 160  56.81sample/s
Class bicycle  Iteration 200  58.66sample/s
Class bicycle acc = 0.5974
Evaluating class bird: 2/18
Class bird     Iteration 40   51.99sample/s
Class bird     Iteration 80   61.35sample/s
Class bird     Iteration 120  55.39sample/s
Class bird     Iteration 160  56.26sample/s
Class bird     Iteration 200  55.76sample/s
Class bird acc = 0.8787
Evaluating class boat: 3/18
Class boat     Iteration 40   48.93sample/s
Class boat     Iteration 80   66.85sample/s
Class boat     Iteration 120  56.21sample/s
Class boat     Iteration 160  46.32sample/s
Class boat     Iteration 200  47.03sample/s
Class boat acc = 0.7823
Evaluating class bottle: 4/18
Class bottle   Iteration 40   42.80sample/s
Class bottle   Iteration 80   51.24sample/s
Class bottle   Iteration 120  49.35sample/s
Class bottle   Iteration 160  46.49sample/s
Class bottle   Iteration 200  45.96sample/s
Class bottle acc = 0.6332
Evaluating class bus: 5/18
Class bus      Iteration 40   37.65sample/s
Class bus      Iteration 80   43.59sample/s
Class bus      Iteration 120  52.02sample/s
Class bus      Iteration 160  43.10sample/s
Class bus      Iteration 200  45.88sample/s
Class bus acc = 0.9683
Evaluating class car: 6/18
Class car      Iteration 40   33.90sample/s
Class car      Iteration 80   39.30sample/s
Class car      Iteration 120  47.92sample/s
Class car      Iteration 160  41.78sample/s
Class car      Iteration 200  45.82sample/s
Class car acc = 0.8816
Evaluating class cat: 7/18
Class cat      Iteration 40   41.41sample/s
Class cat      Iteration 80   48.34sample/s
Class cat      Iteration 120  51.16sample/s
Class cat      Iteration 160  52.85sample/s
Class cat      Iteration 200  52.44sample/s
Class cat acc = 0.6959
Evaluating class chair: 8/18
Class chair    Iteration 40   46.22sample/s
Class chair    Iteration 80   51.38sample/s
Class chair    Iteration 120  55.07sample/s
Class chair    Iteration 160  50.15sample/s
Class chair    Iteration 200  50.62sample/s
Class chair acc = 0.6933
Evaluating class cow: 9/18
Class cow      Iteration 40   41.40sample/s
Class cow      Iteration 80   42.30sample/s
Class cow      Iteration 120  50.72sample/s
Class cow      Iteration 160  51.03sample/s
Class cow      Iteration 200  55.00sample/s
Class cow acc = 0.7920
Evaluating class dog: 10/18
Class dog      Iteration 40   49.11sample/s
Class dog      Iteration 80   54.39sample/s
Class dog      Iteration 120  61.68sample/s
Class dog      Iteration 160  59.94sample/s
Class dog      Iteration 200  53.30sample/s
Class dog acc = 0.7386
Evaluating class horse: 11/18
Class horse    Iteration 40   47.20sample/s
Class horse    Iteration 80   53.49sample/s
Class horse    Iteration 120  54.05sample/s
Class horse    Iteration 160  56.33sample/s
Class horse    Iteration 200  55.09sample/s
Class horse acc = 0.6595
Evaluating class motorbike: 12/18
Class motorbike Iteration 40   45.62sample/s
Class motorbike Iteration 80   47.53sample/s
Class motorbike Iteration 120  55.37sample/s
Class motorbike Iteration 160  60.99sample/s
Class motorbike Iteration 200  53.19sample/s
Class motorbike acc = 0.7722
Evaluating class person: 13/18
Class person   Iteration 40   49.51sample/s
Class person   Iteration 80   53.54sample/s
Class person   Iteration 120  53.65sample/s
Class person   Iteration 160  57.18sample/s
Class person   Iteration 200  61.02sample/s
Class person acc = 0.6283
Evaluating class pottedplant: 14/18
Class pottedplant Iteration 40   42.21sample/s
Class pottedplant Iteration 80   46.16sample/s
Class pottedplant Iteration 120  54.34sample/s
Class pottedplant Iteration 160  49.63sample/s
Class pottedplant Iteration 200  52.01sample/s
Class pottedplant acc = 0.9737
Evaluating class sheep: 15/18
Class sheep    Iteration 40   39.86sample/s
Class sheep    Iteration 80   43.83sample/s
Class sheep    Iteration 120  52.33sample/s
Class sheep    Iteration 160  51.86sample/s
Class sheep    Iteration 200  51.27sample/s
Class sheep acc = 0.7321
Evaluating class train: 16/18
Class train    Iteration 40   51.53sample/s
Class train    Iteration 80   64.85sample/s
Class train    Iteration 120  55.13sample/s
Class train    Iteration 160  58.01sample/s
Class train    Iteration 200  58.67sample/s
Class train acc = 0.9403
Evaluating class tvmonitor: 17/18
Class tvmonitor Iteration 40   49.94sample/s
Class tvmonitor Iteration 80   65.13sample/s
Class tvmonitor Iteration 120  54.19sample/s
Class tvmonitor Iteration 160  57.03sample/s
Class tvmonitor Iteration 200  53.23sample/s
Class tvmonitor acc = 0.9898
Evaluation complete in 5m 55s
Matching accuracy
aeroplane = 0.6840
bicycle = 0.5974
bird = 0.8787
boat = 0.7823
bottle = 0.6332
bus = 0.9683
car = 0.8816
cat = 0.6959
chair = 0.6933
cow = 0.7920
dog = 0.7386
horse = 0.6595
motorbike = 0.7722
person = 0.6283
pottedplant = 0.9737
sheep = 0.7321
train = 0.9403
tvmonitor = 0.9898
average = 0.7801
Epoch 6/6
----------
lr = 1.50e-07, 5.00e-06
Epoch 6/6: 100%|██████████| 2000/2000 [06:39<00:00,  5.01it/s, loss=3.0101, acc=0.9390]
epoch loss: 1.5552446935549378, epoch accuracy: 0.9389698539733997
completed in 399.28s (6.65m)
Start evaluation...
Evaluating class aeroplane: 0/18
Class aeroplane Iteration 40   46.66sample/s
Class aeroplane Iteration 80   55.09sample/s
Class aeroplane Iteration 120  54.57sample/s
Class aeroplane Iteration 160  58.06sample/s
Class aeroplane Iteration 200  61.34sample/s
Class aeroplane acc = 0.6852
Evaluating class bicycle: 1/18
Class bicycle  Iteration 40   48.18sample/s
Class bicycle  Iteration 80   56.77sample/s
Class bicycle  Iteration 120  54.12sample/s
Class bicycle  Iteration 160  55.25sample/s
Class bicycle  Iteration 200  79.46sample/s
Class bicycle acc = 0.5988
Evaluating class bird: 2/18
Class bird     Iteration 40   89.07sample/s
Class bird     Iteration 80   115.25sample/s
Class bird     Iteration 120  120.26sample/s
Class bird     Iteration 160  116.25sample/s
Class bird     Iteration 200  118.78sample/s
Class bird acc = 0.8797
Evaluating class boat: 3/18
Class boat     Iteration 40   101.27sample/s
Class boat     Iteration 80   108.20sample/s
Class boat     Iteration 120  102.11sample/s
Class boat     Iteration 160  112.66sample/s
Class boat     Iteration 200  125.16sample/s
Class boat acc = 0.7835
Evaluating class bottle: 4/18
Class bottle   Iteration 40   101.16sample/s
Class bottle   Iteration 80   110.14sample/s
Class bottle   Iteration 120  119.22sample/s
Class bottle   Iteration 160  115.53sample/s
Class bottle   Iteration 200  116.66sample/s
Class bottle acc = 0.6338
Evaluating class bus: 5/18
Class bus      Iteration 40   90.83sample/s
Class bus      Iteration 80   108.40sample/s
Class bus      Iteration 120  132.00sample/s
Class bus      Iteration 160  136.22sample/s
Class bus      Iteration 200  145.91sample/s
Class bus acc = 0.9682
Evaluating class car: 6/18
Class car      Iteration 40   56.70sample/s
Class car      Iteration 80   61.00sample/s
Class car      Iteration 120  68.12sample/s
Class car      Iteration 160  65.20sample/s
Class car      Iteration 200  79.79sample/s
Class car acc = 0.8813
Evaluating class cat: 7/18
Class cat      Iteration 40   64.72sample/s
Class cat      Iteration 80   71.78sample/s
Class cat      Iteration 120  69.73sample/s
Class cat      Iteration 160  67.54sample/s
Class cat      Iteration 200  72.42sample/s
Class cat acc = 0.6953
Evaluating class chair: 8/18
Class chair    Iteration 40   59.35sample/s
Class chair    Iteration 80   66.73sample/s
Class chair    Iteration 120  67.48sample/s
Class chair    Iteration 160  64.75sample/s
Class chair    Iteration 200  74.10sample/s
Class chair acc = 0.7003
Evaluating class cow: 9/18
Class cow      Iteration 40   58.38sample/s
Class cow      Iteration 80   60.19sample/s
Class cow      Iteration 120  58.64sample/s
Class cow      Iteration 160  66.71sample/s
Class cow      Iteration 200  68.87sample/s
Class cow acc = 0.7921
Evaluating class dog: 10/18
Class dog      Iteration 40   52.44sample/s
Class dog      Iteration 80   56.30sample/s
Class dog      Iteration 120  54.60sample/s
Class dog      Iteration 160  54.84sample/s
Class dog      Iteration 200  58.22sample/s
Class dog acc = 0.7401
Evaluating class horse: 11/18
Class horse    Iteration 40   50.46sample/s
Class horse    Iteration 80   56.82sample/s
Class horse    Iteration 120  59.11sample/s
Class horse    Iteration 160  58.42sample/s
Class horse    Iteration 200  59.08sample/s
Class horse acc = 0.6586
Evaluating class motorbike: 12/18
Class motorbike Iteration 40   56.33sample/s
Class motorbike Iteration 80   57.38sample/s
Class motorbike Iteration 120  57.82sample/s
Class motorbike Iteration 160  58.61sample/s
Class motorbike Iteration 200  55.03sample/s
Class motorbike acc = 0.7714
Evaluating class person: 13/18
Class person   Iteration 40   62.75sample/s
Class person   Iteration 80   55.69sample/s
Class person   Iteration 120  53.61sample/s
Class person   Iteration 160  53.51sample/s
Class person   Iteration 200  60.83sample/s
Class person acc = 0.6332
Evaluating class pottedplant: 14/18
Class pottedplant Iteration 40   43.20sample/s
Class pottedplant Iteration 80   47.16sample/s
Class pottedplant Iteration 120  48.87sample/s
Class pottedplant Iteration 160  48.87sample/s
Class pottedplant Iteration 200  61.22sample/s
Class pottedplant acc = 0.9739
Evaluating class sheep: 15/18
Class sheep    Iteration 40   42.16sample/s
Class sheep    Iteration 80   46.61sample/s
Class sheep    Iteration 120  55.10sample/s
Class sheep    Iteration 160  53.77sample/s
Class sheep    Iteration 200  64.81sample/s
Class sheep acc = 0.7352
Evaluating class train: 16/18
Class train    Iteration 40   52.30sample/s
Class train    Iteration 80   57.45sample/s
Class train    Iteration 120  57.02sample/s
Class train    Iteration 160  56.28sample/s
Class train    Iteration 200  58.47sample/s
Class train acc = 0.9400
Evaluating class tvmonitor: 17/18
Class tvmonitor Iteration 40   49.22sample/s
Class tvmonitor Iteration 80   53.31sample/s
Class tvmonitor Iteration 120  56.45sample/s
Class tvmonitor Iteration 160  55.97sample/s
Class tvmonitor Iteration 200  56.50sample/s
Class tvmonitor acc = 0.9900
Evaluation complete in 4m 40s
Matching accuracy
aeroplane = 0.6852
bicycle = 0.5988
bird = 0.8797
boat = 0.7835
bottle = 0.6338
bus = 0.9682
car = 0.8813
cat = 0.6953
chair = 0.7003
cow = 0.7921
dog = 0.7401
horse = 0.6586
motorbike = 0.7714
person = 0.6332
pottedplant = 0.9739
sheep = 0.7352
train = 0.9400
tvmonitor = 0.9900
average = 0.7811
[1;34mwandb[0m: 
[1;34mwandb[0m: You can sync this run to the cloud by running:
[1;34mwandb[0m: [1mwandb sync /scratch/hpc-prf-llmrout/hpcabpo/nmt/wandb/wandb/offline-run-20260916_104728-6yq2s2kb[0m
[1;34mwandb[0m: Find logs at: [1;35m../../../../../../scratch/hpc-prf-llmrout/hpcabpo/nmt/wandb/wandb/offline-run-20260916_104728-6yq2s2kb/logs[0m
