job=local node=rema gpu=NVIDIA GeForce RTX 4070 Ti SUPER config=ncars_spline seed=0 epochs=30
/home/pswoboda/repo/rational-splinecnn/experiments/ncaltech101.py:125: UserWarning: The given NumPy array is not writable, and PyTorch does not support non-writable tensors. This means writing to this tensor will result in undefined behavior. You may want to copy the array to protect its data or make it writable before converting it to a tensor. This type of warning will be suppressed for the rest of this program. (Triggered internally at /pytorch/torch/csrc/utils/tensor_numpy.cpp:213.)
  return (torch.from_numpy(np.ascontiguousarray(pos)).to(device),
ncars: 2 classes, 13880 train / 1542 val / 8607 test samples, 10000 events each
/home/pswoboda/repo/rational-splinecnn/experiments/ncaltech101.py:140: DeprecationWarning: 'torch-cluster' is deprecated and no longer maintained. All functionality has been migrated to 'pyg-lib>=0.7.0' (https://github.com/pyg-team/pyg-lib).
  import torch_cluster  # noqa: F401
radius graph: cluster
GraphRes(
  (conv1): BSplineConv(1, 8, dim=3, kernel_size=[2, 2, 2])
  (norm1): BatchNorm(8, eps=1e-05, momentum=0.1, affine=True, bias=True, track_running_stats=True)
  (conv2): BSplineConv(8, 16, dim=3, kernel_size=[2, 2, 2])
  (norm2): BatchNorm(16, eps=1e-05, momentum=0.1, affine=True, bias=True, track_running_stats=True)
  (conv3): BSplineConv(16, 16, dim=3, kernel_size=[2, 2, 2])
  (norm3): BatchNorm(16, eps=1e-05, momentum=0.1, affine=True, bias=True, track_running_stats=True)
  (conv4): BSplineConv(16, 16, dim=3, kernel_size=[2, 2, 2])
  (norm4): BatchNorm(16, eps=1e-05, momentum=0.1, affine=True, bias=True, track_running_stats=True)
  (conv5): BSplineConv(16, 32, dim=3, kernel_size=[2, 2, 2])
  (norm5): BatchNorm(32, eps=1e-05, momentum=0.1, affine=True, bias=True, track_running_stats=True)
  (pool5): MaxPooling()
  (conv6): BSplineConv(32, 32, dim=3, kernel_size=[2, 2, 2])
  (norm6): BatchNorm(32, eps=1e-05, momentum=0.1, affine=True, bias=True, track_running_stats=True)
  (conv7): BSplineConv(32, 32, dim=3, kernel_size=[2, 2, 2])
  (norm7): BatchNorm(32, eps=1e-05, momentum=0.1, affine=True, bias=True, track_running_stats=True)
  (pool7): MaxPoolingX()
  (fc): Linear(in_features=512, out_features=2, bias=False)
)
26992 parameters (25664 in convolutions)
wandb: Currently logged in as: pswoboda to https://api.wandb.ai. Use `wandb login --relogin` to force relogin
wandb: setting up run qmlqcqpv
wandb: Tracking run with wandb version 0.23.1
wandb: Run data is saved locally in /home/pswoboda/repo/rational-splinecnn/wandb/wandb/run-20260918_141953-qmlqcqpv
wandb: Run `wandb offline` to turn off syncing.
wandb: Syncing run ncars_ncars_spline_seed0
wandb: ⭐️ View project at https://wandb.ai/pswoboda/rational-splinecnn
wandb: 🚀 View run at https://wandb.ai/pswoboda/rational-splinecnn/runs/qmlqcqpv
/home/pswoboda/.venv/lib/python3.11/site-packages/torch_geometric/utils/_scatter.py:91: UserWarning: The usage of `scatter(reduce='max')` can be accelerated via the 'torch-scatter' package, but it was not found
  warnings.warn(
Epoch: 001, Loss: 0.3530, Train: 85.55, Val: 88.46, Test: 80.71, Time: 332s, Mem: 12.1GB, LR: 1e-03
Epoch: 002, Loss: 0.2502, Train: 90.27, Val: 89.95, Test: 81.77, Time: 332s, Mem: 12.1GB, LR: 1e-03
Epoch: 003, Loss: 0.2118, Train: 91.70, Val: 90.73, Test: 83.10, Time: 332s, Mem: 12.2GB, LR: 1e-03
Epoch: 004, Loss: 0.1848, Train: 92.87, Val: 89.17, Test: 80.76, Time: 332s, Mem: 12.2GB, LR: 1e-03
Epoch: 005, Loss: 0.1707, Train: 93.48, Val: 91.25, Test: 82.86, Time: 332s, Mem: 12.2GB, LR: 1e-03
Epoch: 006, Loss: 0.1564, Train: 93.93, Val: 91.50, Test: 82.27, Time: 332s, Mem: 12.2GB, LR: 1e-03
Epoch: 007, Loss: 0.1404, Train: 94.57, Val: 88.52, Test: 80.55, Time: 332s, Mem: 12.2GB, LR: 1e-03
Epoch: 008, Loss: 0.1289, Train: 95.22, Val: 93.58, Test: 85.23, Time: 332s, Mem: 12.2GB, LR: 1e-03
Epoch: 009, Loss: 0.1219, Train: 95.32, Val: 94.68, Test: 85.49, Time: 332s, Mem: 12.2GB, LR: 1e-03
Epoch: 010, Loss: 0.1136, Train: 95.71, Val: 94.55, Test: 87.20, Time: 332s, Mem: 12.2GB, LR: 1e-03
Epoch: 011, Loss: 0.1117, Train: 95.63, Val: 93.77, Test: 84.99, Time: 332s, Mem: 12.2GB, LR: 1e-03
Epoch: 012, Loss: 0.1019, Train: 96.04, Val: 93.45, Test: 86.19, Time: 332s, Mem: 12.2GB, LR: 1e-03
Epoch: 013, Loss: 0.0965, Train: 96.24, Val: 94.29, Test: 86.70, Time: 332s, Mem: 12.2GB, LR: 1e-03
Epoch: 014, Loss: 0.0954, Train: 96.30, Val: 94.68, Test: 85.96, Time: 332s, Mem: 12.2GB, LR: 1e-03
Epoch: 015, Loss: 0.0873, Train: 96.64, Val: 93.90, Test: 85.56, Time: 332s, Mem: 12.2GB, LR: 1e-03
Epoch: 016, Loss: 0.0872, Train: 96.66, Val: 94.88, Test: 85.90, Time: 332s, Mem: 12.2GB, LR: 1e-03
Epoch: 017, Loss: 0.0786, Train: 97.07, Val: 91.57, Test: 84.41, Time: 332s, Mem: 12.2GB, LR: 1e-03
Epoch: 018, Loss: 0.0737, Train: 97.15, Val: 94.68, Test: 85.06, Time: 331s, Mem: 12.2GB, LR: 1e-03
Epoch: 019, Loss: 0.0738, Train: 97.23, Val: 94.29, Test: 85.96, Time: 332s, Mem: 12.2GB, LR: 1e-03
Epoch: 020, Loss: 0.0673, Train: 97.56, Val: 95.78, Test: 87.12, Time: 332s, Mem: 12.2GB, LR: 1e-04
Epoch: 021, Loss: 0.0446, Train: 98.50, Val: 95.85, Test: 87.55, Time: 332s, Mem: 12.2GB, LR: 1e-04
Epoch: 022, Loss: 0.0380, Train: 98.74, Val: 96.24, Test: 87.64, Time: 332s, Mem: 12.2GB, LR: 1e-04
Epoch: 023, Loss: 0.0358, Train: 98.85, Val: 95.78, Test: 87.38, Time: 332s, Mem: 12.2GB, LR: 1e-04
Epoch: 024, Loss: 0.0354, Train: 98.90, Val: 96.11, Test: 87.28, Time: 332s, Mem: 12.2GB, LR: 1e-04
Epoch: 025, Loss: 0.0341, Train: 98.92, Val: 95.72, Test: 87.65, Time: 332s, Mem: 12.2GB, LR: 1e-04
Epoch: 026, Loss: 0.0323, Train: 99.03, Val: 95.98, Test: 87.57, Time: 332s, Mem: 12.2GB, LR: 1e-04
Epoch: 027, Loss: 0.0321, Train: 98.96, Val: 95.78, Test: 87.52, Time: 332s, Mem: 12.2GB, LR: 1e-04
Epoch: 028, Loss: 0.0320, Train: 99.06, Val: 95.78, Test: 87.57, Time: 332s, Mem: 12.2GB, LR: 1e-04
Epoch: 029, Loss: 0.0298, Train: 99.14, Val: 95.33, Test: 87.56, Time: 332s, Mem: 12.2GB, LR: 1e-04
Epoch: 030, Loss: 0.0292, Train: 99.24, Val: 95.85, Test: 87.55, Time: 332s, Mem: 12.2GB, LR: 1e-04
Best val 96.24 at epoch 22 (30 epochs trained)
Final test accuracy: 87.55 (best 87.64)
wandb: updating run metadata
wandb: uploading output.log; uploading wandb-summary.json
wandb: uploading history steps 28-29, summary, console lines 31-33
wandb: 
wandb: Run history:
wandb: epoch_time █▄▄▄▄▃▃▃▃▄▄▃▄▄▄▄▄▁▄▄▄▃▄▄▃▄▃▃▃▄
wandb:       loss █▆▅▄▄▄▃▃▃▃▃▃▂▂▂▂▂▂▂▂▁▁▁▁▁▁▁▁▁▁
wandb:         lr ███████████████████▁▁▁▁▁▁▁▁▁▁▁
wandb:   test_acc ▁▂▄▁▃▃▁▆▆█▅▇▇▆▆▆▅▅▆▇██████████
wandb:  train_acc ▁▃▄▅▅▅▆▆▆▆▆▆▆▆▇▇▇▇▇▇██████████
wandb:    val_acc ▁▂▃▂▄▄▁▆▇▆▆▅▆▇▆▇▄▇▆█████████▇█
wandb: 
wandb: Run summary:
wandb:       best_epoch 22
wandb:     best_val_acc 96.23865
wandb:      conv_params 25664
wandb:       epoch_time 331.82271
wandb:   final_test_acc 87.54502
wandb:             loss 0.02915
wandb:               lr 0.0001
wandb:       num_params 26992
wandb:         test_acc 87.54502
wandb: test_at_best_val 87.63797
wandb:               +2 ...
wandb: 
wandb: 🚀 View run ncars_ncars_spline_seed0 at: https://wandb.ai/pswoboda/rational-splinecnn/runs/qmlqcqpv
wandb: ⭐️ View project at: https://wandb.ai/pswoboda/rational-splinecnn
wandb: Synced 5 W&B file(s), 0 media file(s), 0 artifact file(s) and 0 other file(s)
wandb: Find logs at: ./wandb/wandb/run-20260918_141953-qmlqcqpv/logs
DONE
