/home/pswoboda/repo/rational-splinecnn/experiments/ncaltech101.py:125: UserWarning: The given NumPy array is not writable, and PyTorch does not support non-writable tensors. This means writing to this tensor will result in undefined behavior. You may want to copy the array to protect its data or make it writable before converting it to a tensor. This type of warning will be suppressed for the rest of this program. (Triggered internally at /pytorch/torch/csrc/utils/tensor_numpy.cpp:213.)
  return (torch.from_numpy(np.ascontiguousarray(pos)).to(device),
ncars: 2 classes, 13880 train / 1542 val / 8607 test samples, 10000 events each
/home/pswoboda/repo/rational-splinecnn/experiments/ncaltech101.py:140: DeprecationWarning: 'torch-cluster' is deprecated and no longer maintained. All functionality has been migrated to 'pyg-lib>=0.7.0' (https://github.com/pyg-team/pyg-lib).
  import torch_cluster  # noqa: F401
radius graph: cluster
GraphRes(
  (conv1): BSplineConv(1, 8, dim=3, kernel_size=[2, 2, 2])
  (norm1): BatchNorm(8, eps=1e-05, momentum=0.1, affine=True, bias=True, track_running_stats=True)
  (conv2): BSplineConv(8, 16, dim=3, kernel_size=[2, 2, 2])
  (norm2): BatchNorm(16, eps=1e-05, momentum=0.1, affine=True, bias=True, track_running_stats=True)
  (conv3): BSplineConv(16, 16, dim=3, kernel_size=[2, 2, 2])
  (norm3): BatchNorm(16, eps=1e-05, momentum=0.1, affine=True, bias=True, track_running_stats=True)
  (conv4): BSplineConv(16, 16, dim=3, kernel_size=[2, 2, 2])
  (norm4): BatchNorm(16, eps=1e-05, momentum=0.1, affine=True, bias=True, track_running_stats=True)
  (conv5): BSplineConv(16, 32, dim=3, kernel_size=[2, 2, 2])
  (norm5): BatchNorm(32, eps=1e-05, momentum=0.1, affine=True, bias=True, track_running_stats=True)
  (pool5): MaxPooling()
  (conv6): BSplineConv(32, 32, dim=3, kernel_size=[2, 2, 2])
  (norm6): BatchNorm(32, eps=1e-05, momentum=0.1, affine=True, bias=True, track_running_stats=True)
  (conv7): BSplineConv(32, 32, dim=3, kernel_size=[2, 2, 2])
  (norm7): BatchNorm(32, eps=1e-05, momentum=0.1, affine=True, bias=True, track_running_stats=True)
  (pool7): MaxPoolingX()
  (fc): Linear(in_features=512, out_features=2, bias=False)
)
26992 parameters (25664 in convolutions)
wandb: Currently logged in as: pswoboda to https://api.wandb.ai. Use `wandb login --relogin` to force relogin
wandb: setting up run ulrobzz0
wandb: Tracking run with wandb version 0.23.1
wandb: Run data is saved locally in /home/pswoboda/repo/rational-splinecnn/wandb/wandb/run-20260919_100357-ulrobzz0
wandb: Run `wandb offline` to turn off syncing.
wandb: Syncing run ncars_ncars_spline_max_seed0
wandb: ⭐️ View project at https://wandb.ai/pswoboda/rational-splinecnn
wandb: 🚀 View run at https://wandb.ai/pswoboda/rational-splinecnn/runs/ulrobzz0
/home/pswoboda/.venv/lib/python3.11/site-packages/torch_geometric/utils/_scatter.py:91: UserWarning: The usage of `scatter(reduce='max')` can be accelerated via the 'torch-scatter' package, but it was not found
  warnings.warn(
Epoch: 001, Loss: 0.3147, Train: 86.54, Val: 92.93, Test: 84.68, Time: 196s, Mem: 28.5GB, LR: 1e-03
Epoch: 002, Loss: 0.1731, Train: 93.52, Val: 95.59, Test: 87.29, Time: 196s, Mem: 28.5GB, LR: 1e-03
Epoch: 003, Loss: 0.1363, Train: 94.88, Val: 95.01, Test: 87.78, Time: 196s, Mem: 28.6GB, LR: 1e-03
Epoch: 004, Loss: 0.1148, Train: 95.76, Val: 94.55, Test: 85.79, Time: 196s, Mem: 28.6GB, LR: 1e-03
Epoch: 005, Loss: 0.1071, Train: 95.89, Val: 91.76, Test: 83.85, Time: 196s, Mem: 28.6GB, LR: 1e-03
Epoch: 006, Loss: 0.0843, Train: 96.92, Val: 96.17, Test: 87.58, Time: 196s, Mem: 28.6GB, LR: 1e-03
Epoch: 007, Loss: 0.0754, Train: 97.28, Val: 95.91, Test: 87.48, Time: 197s, Mem: 28.6GB, LR: 1e-03
Epoch: 008, Loss: 0.0681, Train: 97.63, Val: 95.33, Test: 88.08, Time: 196s, Mem: 28.6GB, LR: 1e-03
Epoch: 009, Loss: 0.0624, Train: 97.72, Val: 96.17, Test: 89.69, Time: 198s, Mem: 28.6GB, LR: 1e-03
Epoch: 010, Loss: 0.0536, Train: 98.00, Val: 96.63, Test: 89.24, Time: 198s, Mem: 28.6GB, LR: 1e-03
Epoch: 011, Loss: 0.0508, Train: 98.08, Val: 96.11, Test: 88.24, Time: 197s, Mem: 28.6GB, LR: 1e-03
Epoch: 012, Loss: 0.0423, Train: 98.57, Val: 97.08, Test: 89.80, Time: 197s, Mem: 28.6GB, LR: 1e-03
Epoch: 013, Loss: 0.0415, Train: 98.53, Val: 96.89, Test: 89.03, Time: 196s, Mem: 28.6GB, LR: 1e-03
Epoch: 014, Loss: 0.0306, Train: 98.90, Val: 94.94, Test: 88.36, Time: 197s, Mem: 28.6GB, LR: 1e-03
Epoch: 015, Loss: 0.0393, Train: 98.60, Val: 96.43, Test: 89.30, Time: 196s, Mem: 28.6GB, LR: 1e-03
Epoch: 016, Loss: 0.0240, Train: 99.24, Val: 97.08, Test: 88.72, Time: 198s, Mem: 28.6GB, LR: 1e-03
Epoch: 017, Loss: 0.0310, Train: 98.93, Val: 96.69, Test: 89.36, Time: 196s, Mem: 28.6GB, LR: 1e-03
Epoch: 018, Loss: 0.0315, Train: 98.93, Val: 96.30, Test: 89.11, Time: 197s, Mem: 28.6GB, LR: 1e-03
Epoch: 019, Loss: 0.0192, Train: 99.37, Val: 97.15, Test: 88.94, Time: 197s, Mem: 28.6GB, LR: 1e-03
Epoch: 020, Loss: 0.0254, Train: 99.07, Val: 95.85, Test: 87.44, Time: 198s, Mem: 28.6GB, LR: 1e-04
Epoch: 021, Loss: 0.0135, Train: 99.63, Val: 97.28, Test: 89.64, Time: 197s, Mem: 28.6GB, LR: 1e-04
Epoch: 022, Loss: 0.0089, Train: 99.82, Val: 97.34, Test: 90.00, Time: 196s, Mem: 28.6GB, LR: 1e-04
Epoch: 023, Loss: 0.0067, Train: 99.91, Val: 97.15, Test: 89.83, Time: 196s, Mem: 28.6GB, LR: 1e-04
Epoch: 024, Loss: 0.0058, Train: 99.90, Val: 97.47, Test: 90.08, Time: 196s, Mem: 28.6GB, LR: 1e-04
Epoch: 025, Loss: 0.0059, Train: 99.91, Val: 97.34, Test: 90.02, Time: 196s, Mem: 28.6GB, LR: 1e-04
Epoch: 026, Loss: 0.0041, Train: 99.97, Val: 97.54, Test: 89.96, Time: 196s, Mem: 28.6GB, LR: 1e-04
Epoch: 027, Loss: 0.0043, Train: 99.98, Val: 97.28, Test: 89.90, Time: 198s, Mem: 28.6GB, LR: 1e-04
Epoch: 028, Loss: 0.0037, Train: 99.98, Val: 97.41, Test: 89.90, Time: 197s, Mem: 28.6GB, LR: 1e-04
Epoch: 029, Loss: 0.0033, Train: 100.00, Val: 97.34, Test: 89.79, Time: 196s, Mem: 28.6GB, LR: 1e-04
Epoch: 030, Loss: 0.0033, Train: 99.99, Val: 97.28, Test: 89.95, Time: 197s, Mem: 28.6GB, LR: 1e-04
Best val 97.54 at epoch 26 (30 epochs trained)
Final test accuracy: 89.95 (best 89.96)
wandb: updating run metadata
wandb: uploading history steps 28-29, summary, console lines 31-33
wandb: 
wandb: Run history:
wandb: epoch_time ▁▃▁▁▁▁▄▃██▄▅▃▄▃▇▂▄▆▇▄▃▃▃▃▂▇▄▃▄
wandb:       loss █▅▄▄▃▃▃▂▂▂▂▂▂▂▂▁▂▂▁▁▁▁▁▁▁▁▁▁▁▁
wandb:         lr ███████████████████▁▁▁▁▁▁▁▁▁▁▁
wandb:   test_acc ▂▅▅▃▁▅▅▆█▇▆█▇▆▇▆▇▇▇▅██████████
wandb:  train_acc ▁▅▅▆▆▆▇▇▇▇▇▇▇▇▇█▇▇████████████
wandb:    val_acc ▂▆▅▄▁▆▆▅▆▇▆▇▇▅▇▇▇▇█▆██████████
wandb: 
wandb: Run summary:
wandb:       best_epoch 26
wandb:     best_val_acc 97.53567
wandb:      conv_params 25664
wandb:       epoch_time 196.6445
wandb:   final_test_acc 89.95004
wandb:             loss 0.00329
wandb:               lr 0.0001
wandb:       num_params 26992
wandb:         test_acc 89.95004
wandb: test_at_best_val 89.96166
wandb:               +2 ...
wandb: 
wandb: 🚀 View run ncars_ncars_spline_max_seed0 at: https://wandb.ai/pswoboda/rational-splinecnn/runs/ulrobzz0
wandb: ⭐️ View project at: https://wandb.ai/pswoboda/rational-splinecnn
wandb: Synced 5 W&B file(s), 0 media file(s), 0 artifact file(s) and 0 other file(s)
wandb: Find logs at: ./wandb/wandb/run-20260919_100357-ulrobzz0/logs
DONE
