job=local node=rema gpu=NVIDIA GeForce RTX 4070 Ti SUPER config=ncars_mv_K8 seed=1 epochs=30
/home/pswoboda/repo/rational-splinecnn/experiments/ncaltech101.py:125: UserWarning: The given NumPy array is not writable, and PyTorch does not support non-writable tensors. This means writing to this tensor will result in undefined behavior. You may want to copy the array to protect its data or make it writable before converting it to a tensor. This type of warning will be suppressed for the rest of this program. (Triggered internally at /pytorch/torch/csrc/utils/tensor_numpy.cpp:213.)
  return (torch.from_numpy(np.ascontiguousarray(pos)).to(device),
ncars: 2 classes, 13880 train / 1542 val / 8607 test samples, 10000 events each
/home/pswoboda/repo/rational-splinecnn/experiments/ncaltech101.py:140: DeprecationWarning: 'torch-cluster' is deprecated and no longer maintained. All functionality has been migrated to 'pyg-lib>=0.7.0' (https://github.com/pyg-team/pyg-lib).
  import torch_cluster  # noqa: F401
radius graph: cluster
basis implementation: triton
GraphRes(
  (conv1): RationalConv(1, 8, dim=3, kernel_size=[2, 2, 2], vp=True, basis=MultivariateRationalBasis(dim=3, kernel_size=[2, 2, 2], num_bases=8, degrees=(8, 6), safe=B, poly=chebyshev, init=pca))
  (norm1): BatchNorm(8, eps=1e-05, momentum=0.1, affine=True, bias=True, track_running_stats=True)
  (conv2): RationalConv(8, 16, dim=3, kernel_size=[2, 2, 2], vp=True, basis=MultivariateRationalBasis(dim=3, kernel_size=[2, 2, 2], num_bases=8, degrees=(8, 6), safe=B, poly=chebyshev, init=pca))
  (norm2): BatchNorm(16, eps=1e-05, momentum=0.1, affine=True, bias=True, track_running_stats=True)
  (conv3): RationalConv(16, 16, dim=3, kernel_size=[2, 2, 2], vp=True, basis=MultivariateRationalBasis(dim=3, kernel_size=[2, 2, 2], num_bases=8, degrees=(8, 6), safe=B, poly=chebyshev, init=pca))
  (norm3): BatchNorm(16, eps=1e-05, momentum=0.1, affine=True, bias=True, track_running_stats=True)
  (conv4): RationalConv(16, 16, dim=3, kernel_size=[2, 2, 2], vp=True, basis=MultivariateRationalBasis(dim=3, kernel_size=[2, 2, 2], num_bases=8, degrees=(8, 6), safe=B, poly=chebyshev, init=pca))
  (norm4): BatchNorm(16, eps=1e-05, momentum=0.1, affine=True, bias=True, track_running_stats=True)
  (conv5): RationalConv(16, 32, dim=3, kernel_size=[2, 2, 2], vp=True, basis=MultivariateRationalBasis(dim=3, kernel_size=[2, 2, 2], num_bases=8, degrees=(8, 6), safe=B, poly=chebyshev, init=pca))
  (norm5): BatchNorm(32, eps=1e-05, momentum=0.1, affine=True, bias=True, track_running_stats=True)
  (pool5): MaxPooling()
  (conv6): RationalConv(32, 32, dim=3, kernel_size=[2, 2, 2], vp=True, basis=MultivariateRationalBasis(dim=3, kernel_size=[2, 2, 2], num_bases=8, degrees=(8, 6), safe=B, poly=chebyshev, init=pca))
  (norm6): BatchNorm(32, eps=1e-05, momentum=0.1, affine=True, bias=True, track_running_stats=True)
  (conv7): RationalConv(32, 32, dim=3, kernel_size=[2, 2, 2], vp=True, basis=MultivariateRationalBasis(dim=3, kernel_size=[2, 2, 2], num_bases=8, degrees=(8, 6), safe=B, poly=chebyshev, init=pca))
  (norm7): BatchNorm(32, eps=1e-05, momentum=0.1, affine=True, bias=True, track_running_stats=True)
  (pool7): MaxPoolingX()
  (fc): Linear(in_features=512, out_features=2, bias=False)
)
40880 parameters (39552 in convolutions)
wandb: Currently logged in as: pswoboda to https://api.wandb.ai. Use `wandb login --relogin` to force relogin
wandb: setting up run 8nfxe2bi
wandb: Tracking run with wandb version 0.23.1
wandb: Run data is saved locally in /home/pswoboda/repo/rational-splinecnn/wandb/wandb/run-20260919_045653-8nfxe2bi
wandb: Run `wandb offline` to turn off syncing.
wandb: Syncing run ncars_ncars_mv_K8_seed1
wandb: ⭐️ View project at https://wandb.ai/pswoboda/rational-splinecnn
wandb: 🚀 View run at https://wandb.ai/pswoboda/rational-splinecnn/runs/8nfxe2bi
/home/pswoboda/.venv/lib/python3.11/site-packages/torch_geometric/utils/_scatter.py:91: UserWarning: The usage of `scatter(reduce='max')` can be accelerated via the 'torch-scatter' package, but it was not found
  warnings.warn(
Epoch: 001, Loss: 0.2979, Train: 87.70, Val: 92.09, Test: 85.70, Time: 403s, Mem: 12.6GB, LR: 1e-03
Epoch: 002, Loss: 0.1845, Train: 93.10, Val: 93.51, Test: 85.36, Time: 398s, Mem: 12.6GB, LR: 1e-03
Epoch: 003, Loss: 0.1420, Train: 94.74, Val: 95.27, Test: 88.76, Time: 398s, Mem: 12.6GB, LR: 1e-03
Epoch: 004, Loss: 0.1217, Train: 95.47, Val: 95.07, Test: 88.63, Time: 398s, Mem: 12.6GB, LR: 1e-03
Epoch: 005, Loss: 0.0961, Train: 96.53, Val: 94.88, Test: 89.16, Time: 398s, Mem: 12.6GB, LR: 1e-03
Epoch: 006, Loss: 0.0834, Train: 97.23, Val: 95.46, Test: 87.97, Time: 398s, Mem: 12.6GB, LR: 1e-03
Epoch: 007, Loss: 0.0726, Train: 97.36, Val: 95.85, Test: 89.30, Time: 398s, Mem: 12.6GB, LR: 1e-03
Epoch: 008, Loss: 0.0653, Train: 97.74, Val: 95.72, Test: 88.25, Time: 398s, Mem: 12.6GB, LR: 1e-03
Epoch: 009, Loss: 0.0547, Train: 98.12, Val: 95.46, Test: 89.62, Time: 398s, Mem: 12.6GB, LR: 1e-03
Epoch: 010, Loss: 0.0444, Train: 98.44, Val: 96.50, Test: 89.83, Time: 398s, Mem: 12.7GB, LR: 1e-03
Epoch: 011, Loss: 0.0474, Train: 98.39, Val: 95.53, Test: 87.96, Time: 398s, Mem: 12.7GB, LR: 1e-03
Epoch: 012, Loss: 0.0367, Train: 98.71, Val: 96.63, Test: 88.82, Time: 398s, Mem: 12.7GB, LR: 1e-03
Epoch: 013, Loss: 0.0313, Train: 98.88, Val: 95.46, Test: 88.89, Time: 398s, Mem: 12.7GB, LR: 1e-03
Epoch: 014, Loss: 0.0283, Train: 99.05, Val: 96.04, Test: 89.56, Time: 398s, Mem: 12.7GB, LR: 1e-03
Epoch: 015, Loss: 0.0299, Train: 98.87, Val: 96.89, Test: 89.75, Time: 398s, Mem: 12.7GB, LR: 1e-03
Epoch: 016, Loss: 0.0178, Train: 99.41, Val: 96.50, Test: 89.16, Time: 398s, Mem: 12.7GB, LR: 1e-03
Epoch: 017, Loss: 0.0197, Train: 99.37, Val: 96.50, Test: 89.66, Time: 398s, Mem: 12.7GB, LR: 1e-03
Epoch: 018, Loss: 0.0184, Train: 99.40, Val: 96.11, Test: 88.79, Time: 398s, Mem: 12.7GB, LR: 1e-03
Epoch: 019, Loss: 0.0251, Train: 99.08, Val: 96.63, Test: 89.54, Time: 398s, Mem: 12.7GB, LR: 1e-03
Epoch: 020, Loss: 0.0181, Train: 99.32, Val: 95.46, Test: 87.96, Time: 398s, Mem: 12.7GB, LR: 1e-04
Epoch: 021, Loss: 0.0109, Train: 99.68, Val: 96.89, Test: 90.19, Time: 398s, Mem: 12.7GB, LR: 1e-04
Epoch: 022, Loss: 0.0056, Train: 99.92, Val: 97.08, Test: 90.37, Time: 398s, Mem: 12.7GB, LR: 1e-04
Epoch: 023, Loss: 0.0052, Train: 99.88, Val: 97.08, Test: 90.37, Time: 398s, Mem: 12.7GB, LR: 1e-04
Epoch: 024, Loss: 0.0043, Train: 99.97, Val: 97.21, Test: 90.40, Time: 398s, Mem: 12.7GB, LR: 1e-04
Epoch: 025, Loss: 0.0036, Train: 99.97, Val: 97.21, Test: 90.53, Time: 398s, Mem: 12.7GB, LR: 1e-04
Epoch: 026, Loss: 0.0035, Train: 99.94, Val: 97.15, Test: 90.35, Time: 398s, Mem: 12.7GB, LR: 1e-04
Epoch: 027, Loss: 0.0029, Train: 99.98, Val: 97.28, Test: 90.38, Time: 398s, Mem: 12.7GB, LR: 1e-04
Epoch: 028, Loss: 0.0026, Train: 99.99, Val: 97.28, Test: 90.15, Time: 398s, Mem: 12.7GB, LR: 1e-04
Epoch: 029, Loss: 0.0024, Train: 99.99, Val: 97.34, Test: 90.51, Time: 398s, Mem: 12.7GB, LR: 1e-04
Epoch: 030, Loss: 0.0020, Train: 100.00, Val: 97.28, Test: 90.48, Time: 398s, Mem: 12.7GB, LR: 1e-04
Best val 97.34 at epoch 29 (30 epochs trained)
Final test accuracy: 90.48 (best 90.51)
wandb: updating run metadata
wandb: uploading output.log; uploading wandb-summary.json
wandb: uploading history steps 28-29, summary, console lines 31-33
wandb: 
wandb: Run history:
wandb: epoch_time █▁▁▁▁▁▁▁▁▁▁▁▁▂▁▁▁▁▁▁▁▁▁▁▁▁▁▁▁▁
wandb:       loss █▅▄▄▃▃▃▂▂▂▂▂▂▂▂▁▁▁▂▁▁▁▁▁▁▁▁▁▁▁
wandb:         lr ███████████████████▁▁▁▁▁▁▁▁▁▁▁
wandb:   test_acc ▁▁▆▅▆▅▆▅▇▇▅▆▆▇▇▆▇▆▇▅███████▇██
wandb:  train_acc ▁▄▅▅▆▆▆▇▇▇▇▇▇▇▇███▇███████████
wandb:    val_acc ▁▃▅▅▅▅▆▆▅▇▆▇▅▆▇▇▇▆▇▅▇█████████
wandb: 
wandb: Run summary:
wandb:       best_epoch 29
wandb:     best_val_acc 97.34112
wandb:      conv_params 39552
wandb:       epoch_time 397.81688
wandb:   final_test_acc 90.48449
wandb:             loss 0.00204
wandb:               lr 0.0001
wandb:       num_params 40880
wandb:         test_acc 90.48449
wandb: test_at_best_val 90.50773
wandb:               +2 ...
wandb: 
wandb: 🚀 View run ncars_ncars_mv_K8_seed1 at: https://wandb.ai/pswoboda/rational-splinecnn/runs/8nfxe2bi
wandb: ⭐️ View project at: https://wandb.ai/pswoboda/rational-splinecnn
wandb: Synced 5 W&B file(s), 0 media file(s), 0 artifact file(s) and 0 other file(s)
wandb: Find logs at: ./wandb/wandb/run-20260919_045653-8nfxe2bi/logs
DONE
