/home/pswoboda/repo/rational-splinecnn/experiments/ncaltech101.py:125: UserWarning: The given NumPy array is not writable, and PyTorch does not support non-writable tensors. This means writing to this tensor will result in undefined behavior. You may want to copy the array to protect its data or make it writable before converting it to a tensor. This type of warning will be suppressed for the rest of this program. (Triggered internally at /pytorch/torch/csrc/utils/tensor_numpy.cpp:213.)
  return (torch.from_numpy(np.ascontiguousarray(pos)).to(device),
ncars: 2 classes, 13880 train / 1542 val / 8607 test samples, 10000 events each
/home/pswoboda/repo/rational-splinecnn/experiments/ncaltech101.py:140: DeprecationWarning: 'torch-cluster' is deprecated and no longer maintained. All functionality has been migrated to 'pyg-lib>=0.7.0' (https://github.com/pyg-team/pyg-lib).
  import torch_cluster  # noqa: F401
radius graph: cluster
GraphRes(
  (conv1): BSplineConv(1, 8, dim=3, kernel_size=[2, 2, 2])
  (norm1): BatchNorm(8, eps=1e-05, momentum=0.1, affine=True, bias=True, track_running_stats=True)
  (conv2): BSplineConv(8, 16, dim=3, kernel_size=[2, 2, 2])
  (norm2): BatchNorm(16, eps=1e-05, momentum=0.1, affine=True, bias=True, track_running_stats=True)
  (conv3): BSplineConv(16, 16, dim=3, kernel_size=[2, 2, 2])
  (norm3): BatchNorm(16, eps=1e-05, momentum=0.1, affine=True, bias=True, track_running_stats=True)
  (conv4): BSplineConv(16, 16, dim=3, kernel_size=[2, 2, 2])
  (norm4): BatchNorm(16, eps=1e-05, momentum=0.1, affine=True, bias=True, track_running_stats=True)
  (conv5): BSplineConv(16, 32, dim=3, kernel_size=[2, 2, 2])
  (norm5): BatchNorm(32, eps=1e-05, momentum=0.1, affine=True, bias=True, track_running_stats=True)
  (pool5): MaxPooling()
  (conv6): BSplineConv(32, 32, dim=3, kernel_size=[2, 2, 2])
  (norm6): BatchNorm(32, eps=1e-05, momentum=0.1, affine=True, bias=True, track_running_stats=True)
  (conv7): BSplineConv(32, 32, dim=3, kernel_size=[2, 2, 2])
  (norm7): BatchNorm(32, eps=1e-05, momentum=0.1, affine=True, bias=True, track_running_stats=True)
  (pool7): MaxPoolingX()
  (fc): Linear(in_features=512, out_features=2, bias=False)
)
26992 parameters (25664 in convolutions)
wandb: Currently logged in as: pswoboda to https://api.wandb.ai. Use `wandb login --relogin` to force relogin
wandb: setting up run cxrv2g7h
wandb: Tracking run with wandb version 0.23.1
wandb: Run data is saved locally in /home/pswoboda/repo/rational-splinecnn/wandb/wandb/run-20260919_102540-cxrv2g7h
wandb: Run `wandb offline` to turn off syncing.
wandb: Syncing run ncars_ncars_spline_max_seed1
wandb: ⭐️ View project at https://wandb.ai/pswoboda/rational-splinecnn
wandb: 🚀 View run at https://wandb.ai/pswoboda/rational-splinecnn/runs/cxrv2g7h
/home/pswoboda/.venv/lib/python3.11/site-packages/torch_geometric/utils/_scatter.py:91: UserWarning: The usage of `scatter(reduce='max')` can be accelerated via the 'torch-scatter' package, but it was not found
  warnings.warn(
Epoch: 001, Loss: 0.3192, Train: 86.65, Val: 91.37, Test: 82.27, Time: 194s, Mem: 28.5GB, LR: 1e-03
Epoch: 002, Loss: 0.1868, Train: 92.74, Val: 94.03, Test: 84.63, Time: 194s, Mem: 28.5GB, LR: 1e-03
Epoch: 003, Loss: 0.1386, Train: 94.76, Val: 94.62, Test: 86.86, Time: 195s, Mem: 28.5GB, LR: 1e-03
Epoch: 004, Loss: 0.1182, Train: 95.66, Val: 94.68, Test: 86.10, Time: 195s, Mem: 28.5GB, LR: 1e-03
Epoch: 005, Loss: 0.1005, Train: 96.30, Val: 95.20, Test: 87.85, Time: 195s, Mem: 28.5GB, LR: 1e-03
Epoch: 006, Loss: 0.0876, Train: 96.92, Val: 95.14, Test: 87.34, Time: 195s, Mem: 28.5GB, LR: 1e-03
Epoch: 007, Loss: 0.0778, Train: 97.12, Val: 95.20, Test: 87.23, Time: 195s, Mem: 28.5GB, LR: 1e-03
Epoch: 008, Loss: 0.0744, Train: 97.32, Val: 96.63, Test: 87.89, Time: 195s, Mem: 28.5GB, LR: 1e-03
Epoch: 009, Loss: 0.0603, Train: 97.81, Val: 95.78, Test: 88.16, Time: 195s, Mem: 28.5GB, LR: 1e-03
Epoch: 010, Loss: 0.0563, Train: 98.00, Val: 94.55, Test: 87.67, Time: 196s, Mem: 28.6GB, LR: 1e-03
Epoch: 011, Loss: 0.0538, Train: 98.06, Val: 97.21, Test: 88.40, Time: 195s, Mem: 28.6GB, LR: 1e-03
Epoch: 012, Loss: 0.0436, Train: 98.47, Val: 96.50, Test: 87.82, Time: 195s, Mem: 28.6GB, LR: 1e-03
Epoch: 013, Loss: 0.0427, Train: 98.49, Val: 94.75, Test: 86.02, Time: 195s, Mem: 28.6GB, LR: 1e-03
Epoch: 014, Loss: 0.0431, Train: 98.34, Val: 96.50, Test: 88.67, Time: 195s, Mem: 28.6GB, LR: 1e-03
Epoch: 015, Loss: 0.0364, Train: 98.74, Val: 97.34, Test: 88.88, Time: 195s, Mem: 28.6GB, LR: 1e-03
Epoch: 016, Loss: 0.0340, Train: 98.83, Val: 96.56, Test: 88.61, Time: 195s, Mem: 28.6GB, LR: 1e-03
Epoch: 017, Loss: 0.0276, Train: 99.06, Val: 97.08, Test: 89.75, Time: 195s, Mem: 28.6GB, LR: 1e-03
Epoch: 018, Loss: 0.0304, Train: 98.88, Val: 95.98, Test: 88.87, Time: 195s, Mem: 28.6GB, LR: 1e-03
Epoch: 019, Loss: 0.0284, Train: 98.93, Val: 95.91, Test: 88.72, Time: 194s, Mem: 28.6GB, LR: 1e-03
Epoch: 020, Loss: 0.0193, Train: 99.32, Val: 97.21, Test: 88.85, Time: 195s, Mem: 28.6GB, LR: 1e-04
Epoch: 021, Loss: 0.0092, Train: 99.77, Val: 97.41, Test: 89.39, Time: 194s, Mem: 28.6GB, LR: 1e-04
Epoch: 022, Loss: 0.0068, Train: 99.92, Val: 97.60, Test: 89.54, Time: 195s, Mem: 28.6GB, LR: 1e-04
Epoch: 023, Loss: 0.0057, Train: 99.94, Val: 97.60, Test: 89.72, Time: 196s, Mem: 28.6GB, LR: 1e-04
Epoch: 024, Loss: 0.0055, Train: 99.95, Val: 97.41, Test: 89.42, Time: 195s, Mem: 28.6GB, LR: 1e-04
Epoch: 025, Loss: 0.0052, Train: 99.96, Val: 97.34, Test: 89.56, Time: 194s, Mem: 28.6GB, LR: 1e-04
Epoch: 026, Loss: 0.0049, Train: 99.95, Val: 97.67, Test: 89.75, Time: 195s, Mem: 28.6GB, LR: 1e-04
Epoch: 027, Loss: 0.0039, Train: 99.96, Val: 97.54, Test: 89.69, Time: 195s, Mem: 28.6GB, LR: 1e-04
Epoch: 028, Loss: 0.0031, Train: 99.99, Val: 97.28, Test: 89.73, Time: 195s, Mem: 28.6GB, LR: 1e-04
Epoch: 029, Loss: 0.0034, Train: 99.97, Val: 97.54, Test: 89.76, Time: 194s, Mem: 28.6GB, LR: 1e-04
Epoch: 030, Loss: 0.0028, Train: 100.00, Val: 97.47, Test: 89.50, Time: 194s, Mem: 28.6GB, LR: 1e-04
Best val 97.67 at epoch 26 (30 epochs trained)
Final test accuracy: 89.50 (best 89.75)
wandb: updating run metadata
wandb: uploading output.log
wandb: uploading config.yaml
wandb: 
wandb: Run history:
wandb: epoch_time ▂▁▄▆▇▆▅▄▅▇▆▅▅▄▅▄▅▄▂▆▂▇█▄▂▅▅▅▁▂
wandb:       loss █▅▄▄▃▃▃▃▂▂▂▂▂▂▂▂▂▂▂▁▁▁▁▁▁▁▁▁▁▁
wandb:         lr ███████████████████▁▁▁▁▁▁▁▁▁▁▁
wandb:   test_acc ▁▃▅▅▆▆▆▆▇▆▇▆▅▇▇▇█▇▇▇██████████
wandb:  train_acc ▁▄▅▆▆▆▆▇▇▇▇▇▇▇▇▇█▇▇███████████
wandb:    val_acc ▁▄▅▅▅▅▅▇▆▅▇▇▅▇█▇▇▆▆▇██████████
wandb: 
wandb: Run summary:
wandb:       best_epoch 26
wandb:     best_val_acc 97.66537
wandb:      conv_params 25664
wandb:       epoch_time 194.14133
wandb:   final_test_acc 89.49692
wandb:             loss 0.00281
wandb:               lr 0.0001
wandb:       num_params 26992
wandb:         test_acc 89.49692
wandb: test_at_best_val 89.75253
wandb:               +2 ...
wandb: 
wandb: 🚀 View run ncars_ncars_spline_max_seed1 at: https://wandb.ai/pswoboda/rational-splinecnn/runs/cxrv2g7h
wandb: ⭐️ View project at: https://wandb.ai/pswoboda/rational-splinecnn
wandb: Synced 5 W&B file(s), 0 media file(s), 0 artifact file(s) and 0 other file(s)
wandb: Find logs at: ./wandb/wandb/run-20260919_102540-cxrv2g7h/logs
DONE
