SPair-71k (large layout): 53340 train / 5384 val / 12234 test pairs
DGMC with 3740069 parameters
Epoch: 01, Loss: 1.6406, Acc: 0.74, Time: 7.7s, Eval: 2.6s
split   aerop bicyc bird  boat  bottl bus   car   cat   chair cow   dog   horse motor perso potte sheep train tvmon mean
val     64.9  65.1  82.6  79.6  76.6  85.1  85.9  85.8  59.7  76.1  63.0  72.5  62.0  71.0  93.9  80.5  90.2  94.8  77.2 
test    65.6  50.4  83.8  70.8  64.3  92.7  80.7  68.7  60.0  80.6  70.7  65.3  65.6  67.5  99.1  76.5  89.5  95.7  74.9 
test_kp 59.8  48.9  80.0  66.5  63.9  93.1  81.1  67.9  59.8  78.3  71.8  64.0  65.1  64.5  99.0  73.7  89.3  96.8  73.5 
Epoch: 02, Loss: 0.3411, Acc: 0.97, Time: 7.7s, Eval: 2.2s
split   aerop bicyc bird  boat  bottl bus   car   cat   chair cow   dog   horse motor perso potte sheep train tvmon mean
val     65.2  61.1  82.8  77.0  76.1  82.5  88.1  85.6  54.7  76.3  61.1  71.7  62.7  74.6  86.5  80.3  90.4  95.3  76.2 
test    62.4  45.9  81.7  66.7  64.0  92.2  80.2  68.3  59.2  79.2  69.7  63.6  65.9  65.4  96.2  73.3  88.0  93.4  73.1 
test_kp 56.4  45.9  78.1  61.7  63.5  92.3  80.0  67.4  57.3  76.7  71.8  61.8  65.6  62.7  95.7  71.0  87.8  94.8  71.7 
Epoch: 03, Loss: 0.1208, Acc: 1.00, Time: 7.0s, Eval: 2.0s
split   aerop bicyc bird  boat  bottl bus   car   cat   chair cow   dog   horse motor perso potte sheep train tvmon mean
val     64.1  62.9  85.2  71.4  75.2  80.0  82.9  82.6  55.6  73.6  62.7  69.7  63.7  71.9  84.0  80.3  88.6  95.8  75.0 
test    63.0  48.0  81.0  65.5  64.6  93.0  79.3  67.2  56.0  78.5  70.6  61.7  63.5  63.8  93.6  72.4  87.9  93.8  72.4 
test_kp 57.1  47.0  77.8  60.2  63.8  93.0  79.0  66.5  54.3  75.8  73.4  59.9  63.4  60.7  93.0  68.7  87.6  95.1  70.9 
Epoch: 04, Loss: 0.0654, Acc: 1.00, Time: 7.1s, Eval: 1.9s
split   aerop bicyc bird  boat  bottl bus   car   cat   chair cow   dog   horse motor perso potte sheep train tvmon mean
val     62.4  61.6  86.1  75.6  75.6  82.2  87.0  78.3  54.9  75.2  63.3  69.2  64.0  68.0  85.1  81.0  87.9  95.2  75.1 
test    63.9  51.3  82.8  67.2  65.6  91.5  79.1  65.1  57.2  78.4  69.7  62.3  62.4  64.7  96.9  69.2  88.3  94.0  72.8 
test_kp 58.5  50.0  80.2  62.6  64.1  92.1  80.0  64.2  56.2  75.8  72.3  60.8  62.8  62.3  96.1  67.4  87.6  95.0  71.6 
Epoch: 05, Loss: 0.0457, Acc: 1.00, Time: 6.9s, Eval: 2.0s
split   aerop bicyc bird  boat  bottl bus   car   cat   chair cow   dog   horse motor perso potte sheep train tvmon mean
val     63.9  58.7  84.0  74.2  74.2  80.3  87.5  84.8  55.0  75.5  62.1  69.5  63.8  68.0  83.0  78.1  83.7  94.9  74.5 
test    60.1  46.5  80.3  65.5  64.8  91.4  79.5  64.9  54.5  76.2  70.6  61.2  62.4  64.4  95.7  70.7  88.0  94.4  71.7 
test_kp 54.3  44.7  77.2  60.4  63.5  92.2  79.2  64.1  52.4  73.6  72.6  59.2  62.3  61.8  95.1  67.2  87.5  95.4  70.1 
Epoch: 06, Loss: 0.0376, Acc: 1.00, Time: 7.0s, Eval: 1.9s
split   aerop bicyc bird  boat  bottl bus   car   cat   chair cow   dog   horse motor perso potte sheep train tvmon mean
val     65.0  61.1  82.4  73.9  74.3  81.3  86.4  78.8  55.7  72.2  61.1  67.4  62.7  67.3  84.7  80.4  81.1  95.2  73.9 
test    62.6  49.1  79.9  65.1  66.7  89.5  78.6  65.1  55.5  77.5  69.2  61.0  63.2  64.5  95.4  70.2  86.6  93.4  71.8 
test_kp 56.7  47.9  76.3  60.5  64.5  89.6  78.6  64.4  54.6  74.7  71.1  58.8  63.2  60.7  94.8  67.8  85.9  94.3  70.3 
Epoch: 07, Loss: 0.0329, Acc: 1.00, Time: 6.9s, Eval: 2.1s
split   aerop bicyc bird  boat  bottl bus   car   cat   chair cow   dog   horse motor perso potte sheep train tvmon mean
val     63.9  60.3  86.8  73.4  74.3  80.4  84.2  81.1  52.8  70.6  62.4  66.7  65.7  66.1  83.7  79.9  85.7  96.0  74.1 
test    62.8  51.9  79.7  65.3  66.9  91.5  79.2  65.5  58.4  77.0  71.2  60.4  61.4  63.4  95.6  73.4  88.5  93.7  72.6 
test_kp 57.3  50.1  77.0  60.7  64.8  92.1  79.8  64.6  56.1  75.2  73.6  58.2  60.8  60.5  94.9  70.1  87.7  94.5  71.0 
Epoch: 08, Loss: 0.0254, Acc: 1.00, Time: 7.0s, Eval: 2.1s
split   aerop bicyc bird  boat  bottl bus   car   cat   chair cow   dog   horse motor perso potte sheep train tvmon mean
val     66.5  56.6  83.4  72.9  72.0  78.7  87.3  80.3  54.8  74.0  62.3  68.5  62.1  66.7  83.2  79.3  83.1  95.2  73.7 
test    61.6  49.9  81.1  64.3  66.2  91.1  78.6  65.1  55.2  76.1  71.3  62.5  62.6  61.1  95.2  68.9  88.6  94.3  71.9 
test_kp 56.3  48.2  77.9  59.4  64.7  92.0  77.8  64.5  53.1  73.5  73.3  60.4  62.6  58.0  94.8  65.9  88.0  95.3  70.3 
Epoch: 09, Loss: 0.0196, Acc: 1.00, Time: 7.1s, Eval: 1.9s
split   aerop bicyc bird  boat  bottl bus   car   cat   chair cow   dog   horse motor perso potte sheep train tvmon mean
val     65.2  59.3  84.7  72.6  74.6  79.0  86.5  81.2  54.6  75.0  61.8  67.1  62.6  65.8  85.0  79.7  84.1  94.5  74.1 
test    63.3  50.0  81.8  63.7  66.0  91.1  77.7  66.9  56.3  74.7  71.4  61.8  63.0  64.5  96.3  69.6  88.6  94.4  72.3 
test_kp 57.6  48.0  78.8  58.8  64.3  91.9  77.5  66.0  54.1  72.8  73.7  59.9  63.1  61.7  95.8  66.7  87.9  95.4  70.8 
Epoch: 10, Loss: 0.0177, Acc: 1.00, Time: 7.1s, Eval: 1.9s
split   aerop bicyc bird  boat  bottl bus   car   cat   chair cow   dog   horse motor perso potte sheep train tvmon mean
val     64.9  56.7  86.0  72.7  75.5  80.5  87.0  78.1  52.3  74.2  61.8  70.2  63.2  66.7  85.9  79.4  80.5  94.6  73.9 
test    61.0  50.2  81.0  64.3  64.2  90.9  76.7  66.4  55.6  73.4  71.4  62.1  63.7  62.6  96.0  69.8  87.5  93.7  71.7 
test_kp 55.3  48.1  77.9  58.9  63.5  91.8  75.9  65.6  53.1  71.4  73.0  60.1  62.8  59.2  95.3  66.7  86.7  94.5  70.0 
Epoch: 11, Loss: 0.0181, Acc: 1.00, Time: 7.0s, Eval: 2.0s
split   aerop bicyc bird  boat  bottl bus   car   cat   chair cow   dog   horse motor perso potte sheep train tvmon mean
val     65.3  54.3  85.2  76.5  73.4  79.7  87.9  82.2  54.8  72.4  61.9  68.5  61.6  67.2  86.8  79.7  82.7  94.1  74.1 
test    62.4  48.2  79.7  63.2  65.7  91.2  77.6  64.8  56.6  75.2  71.9  58.2  63.4  62.2  96.6  71.3  87.7  94.1  71.7 
test_kp 56.7  46.6  76.3  57.9  64.0  91.9  77.0  64.1  54.4  73.1  73.3  56.8  63.0  59.4  95.9  67.6  86.8  95.2  70.0 
Epoch: 12, Loss: 0.0141, Acc: 1.00, Time: 6.9s, Eval: 2.2s
split   aerop bicyc bird  boat  bottl bus   car   cat   chair cow   dog   horse motor perso potte sheep train tvmon mean
val     64.8  59.1  85.8  72.5  73.7  79.7  85.9  82.8  51.2  71.6  61.3  69.1  63.5  65.9  87.5  79.0  86.1  93.8  74.1 
test    61.5  48.9  80.4  63.6  65.8  91.5  77.6  64.0  51.9  75.2  71.5  58.8  61.6  62.2  95.2  71.5  86.2  93.4  71.1 
test_kp 55.7  47.1  77.1  58.1  64.4  92.0  76.9  63.0  50.4  72.5  73.3  57.0  60.7  59.0  94.3  68.4  85.6  94.4  69.5 
Epoch: 13, Loss: 0.0142, Acc: 1.00, Time: 7.0s, Eval: 2.0s
split   aerop bicyc bird  boat  bottl bus   car   cat   chair cow   dog   horse motor perso potte sheep train tvmon mean
val     65.5  59.9  85.3  70.4  75.0  79.7  87.2  80.4  52.2  71.6  60.2  67.5  65.7  66.5  86.3  76.9  85.6  93.8  73.9 
test    62.1  48.3  79.3  63.3  67.2  90.1  77.1  62.6  57.0  76.1  69.5  58.4  63.6  61.7  96.4  70.7  85.8  93.3  71.2 
test_kp 56.8  46.8  75.9  58.4  65.5  91.0  77.6  61.8  55.0  73.9  71.2  57.0  63.3  59.2  95.7  66.3  84.9  94.4  69.7 
Epoch: 14, Loss: 0.0227, Acc: 1.00, Time: 7.0s, Eval: 2.0s
split   aerop bicyc bird  boat  bottl bus   car   cat   chair cow   dog   horse motor perso potte sheep train tvmon mean
val     66.8  57.4  86.1  73.8  73.8  80.2  89.8  80.7  51.3  73.2  60.2  68.2  62.5  65.4  81.3  78.9  82.7  94.2  73.7 
test    64.4  49.5  78.2  64.4  66.0  90.8  79.5  63.0  56.3  76.7  71.7  60.2  62.9  63.4  96.4  70.4  84.8  93.2  71.8 
test_kp 58.3  47.7  74.9  58.7  64.1  92.2  79.4  62.4  54.1  74.9  73.7  58.5  63.0  61.2  96.5  66.9  84.1  94.2  70.3 
Epoch: 15, Loss: 0.0140, Acc: 1.00, Time: 7.2s, Eval: 2.0s
split   aerop bicyc bird  boat  bottl bus   car   cat   chair cow   dog   horse motor perso potte sheep train tvmon mean
val     65.4  60.0  84.3  74.0  74.4  80.7  89.1  82.1  52.0  71.4  62.6  66.8  62.7  65.3  85.3  77.8  81.7  95.1  73.9 
test    63.3  49.7  78.7  63.6  66.1  89.6  79.3  65.0  53.4  75.0  69.8  59.8  61.0  60.8  94.8  69.1  84.3  94.8  71.0 
test_kp 57.3  48.1  75.4  57.3  64.4  90.6  78.0  64.3  51.6  72.8  71.7  58.2  60.6  58.6  94.3  65.8  83.5  95.3  69.3 
Final test accuracy: 71.00 (best 74.86, at best val epoch 1: 74.86)
Final test keypoint accuracy: 69.32
DONE
