SPair-71k (large layout): 53340 train / 5384 val / 12234 test pairs
DGMC with 3740069 parameters
Epoch: 01, Loss: 1.9452, Acc: 0.69, Time: 7.7s, Eval: 2.7s
split   aerop bicyc bird  boat  bottl bus   car   cat   chair cow   dog   horse motor perso potte sheep train tvmon mean
val     60.0  64.3  85.7  74.8  78.7  82.0  83.4  82.0  58.8  75.2  62.7  71.5  62.4  70.3  90.0  80.0  85.0  95.9  75.7 
test    64.2  46.0  85.2  67.1  69.4  89.3  77.1  68.4  59.5  78.3  69.8  64.6  62.6  69.6  96.8  71.7  84.0  95.5  73.3 
test_kp 58.1  45.9  81.9  62.4  67.4  89.9  77.4  67.6  58.9  76.3  71.0  63.1  62.4  66.4  96.3  67.6  83.4  96.4  71.8 
Epoch: 02, Loss: 0.5662, Acc: 0.94, Time: 7.6s, Eval: 2.1s
split   aerop bicyc bird  boat  bottl bus   car   cat   chair cow   dog   horse motor perso potte sheep train tvmon mean
val     63.0  60.0  82.7  73.4  77.1  82.2  83.5  79.1  61.0  71.4  61.4  68.1  62.4  68.2  87.5  78.3  81.7  93.5  74.1 
test    64.2  46.2  81.6  65.7  66.1  90.1  76.2  67.8  56.7  76.7  69.4  63.1  65.3  65.3  94.6  66.9  82.9  94.3  71.8 
test_kp 58.1  46.1  77.9  59.4  64.7  90.0  76.1  66.9  55.0  74.1  70.7  62.3  64.4  62.1  93.5  64.4  82.1  95.7  70.2 
Epoch: 03, Loss: 0.2426, Acc: 0.99, Time: 6.9s, Eval: 1.9s
split   aerop bicyc bird  boat  bottl bus   car   cat   chair cow   dog   horse motor perso potte sheep train tvmon mean
val     60.7  57.4  79.7  71.4  77.0  81.3  85.2  77.1  57.6  71.4  59.6  69.9  61.1  69.2  86.8  77.4  78.3  92.6  73.0 
test    62.6  49.2  79.8  62.5  67.2  89.6  77.4  65.2  56.1  75.5  65.3  61.1  61.6  66.0  93.8  66.1  82.5  93.9  70.9 
test_kp 56.8  48.8  76.1  55.8  65.6  89.8  76.6  64.6  52.9  73.1  67.2  60.1  61.3  62.6  92.8  62.3  81.9  94.9  69.1 
Epoch: 04, Loss: 0.1369, Acc: 1.00, Time: 6.9s, Eval: 1.9s
split   aerop bicyc bird  boat  bottl bus   car   cat   chair cow   dog   horse motor perso potte sheep train tvmon mean
val     60.6  55.1  81.5  70.0  75.0  78.0  83.5  78.0  54.9  72.3  59.8  66.7  58.4  66.9  82.7  77.8  77.8  93.9  71.8 
test    63.1  46.0  79.8  63.9  66.1  87.9  75.0  64.8  54.3  74.7  66.2  59.9  62.1  63.6  92.8  66.8  82.4  93.1  70.1 
test_kp 57.4  45.6  76.1  56.9  64.4  87.3  74.3  63.9  50.7  72.5  67.7  59.2  61.2  59.9  92.3  61.6  81.8  93.9  68.1 
Epoch: 05, Loss: 0.0913, Acc: 1.00, Time: 7.0s, Eval: 1.9s
split   aerop bicyc bird  boat  bottl bus   car   cat   chair cow   dog   horse motor perso potte sheep train tvmon mean
val     59.4  55.8  84.8  69.3  74.8  81.2  82.9  78.5  56.8  70.9  57.8  67.9  58.6  67.7  82.2  76.2  75.8  92.2  71.8 
test    64.0  49.0  78.8  64.0  67.3  89.9  75.2  67.0  52.7  73.3  69.0  60.6  60.0  64.8  91.8  65.0  83.1  92.5  70.4 
test_kp 58.1  48.0  75.7  57.2  65.6  89.4  74.8  66.0  50.4  70.8  70.5  59.5  58.9  60.7  91.7  60.3  82.6  93.4  68.5 
Epoch: 06, Loss: 0.0679, Acc: 1.00, Time: 7.0s, Eval: 2.0s
split   aerop bicyc bird  boat  bottl bus   car   cat   chair cow   dog   horse motor perso potte sheep train tvmon mean
val     59.4  52.6  79.5  69.6  76.1  78.6  84.5  79.7  57.1  72.1  57.1  66.3  62.2  68.1  82.6  76.2  73.8  92.5  71.5 
test    62.6  44.6  78.9  64.8  67.3  90.1  75.4  67.5  54.5  71.1  67.1  59.1  60.6  62.2  93.3  62.5  79.1  92.4  69.6 
test_kp 57.2  42.6  75.5  57.7  65.1  89.9  74.1  66.5  50.1  68.5  68.8  57.7  58.9  58.3  93.2  59.1  78.9  93.3  67.5 
Epoch: 07, Loss: 0.0532, Acc: 1.00, Time: 7.1s, Eval: 2.0s
split   aerop bicyc bird  boat  bottl bus   car   cat   chair cow   dog   horse motor perso potte sheep train tvmon mean
val     59.3  52.9  84.2  69.3  75.5  77.2  83.1  79.0  59.2  73.2  58.9  65.8  58.7  67.4  82.5  78.1  76.9  93.5  71.9 
test    62.6  46.2  77.5  63.4  66.4  89.5  75.7  64.7  55.4  70.9  66.8  59.3  60.3  59.7  92.4  63.1  79.0  92.8  69.2 
test_kp 57.1  45.3  74.2  56.1  64.6  88.7  74.8  63.9  52.0  68.3  68.7  58.6  59.7  56.4  91.8  60.0  78.7  94.2  67.4 
Epoch: 08, Loss: 0.0405, Acc: 1.00, Time: 7.0s, Eval: 1.9s
split   aerop bicyc bird  boat  bottl bus   car   cat   chair cow   dog   horse motor perso potte sheep train tvmon mean
val     57.9  54.8  81.2  67.3  74.7  77.6  84.1  77.5  58.4  73.5  55.4  67.1  59.3  68.6  85.0  78.6  74.9  91.7  71.5 
test    62.2  45.9  79.7  63.1  67.3  88.1  78.6  66.8  53.4  71.2  67.7  59.2  63.3  61.3  93.1  62.3  80.5  92.2  69.8 
test_kp 56.5  44.7  76.2  56.3  65.4  87.2  77.3  66.0  49.4  68.4  69.5  58.0  62.8  57.2  92.5  59.6  80.1  93.4  67.8 
Epoch: 09, Loss: 0.0364, Acc: 1.00, Time: 7.0s, Eval: 2.0s
split   aerop bicyc bird  boat  bottl bus   car   cat   chair cow   dog   horse motor perso potte sheep train tvmon mean
val     61.6  50.5  82.0  65.9  75.6  76.2  83.2  79.3  57.0  71.7  56.6  64.9  62.3  69.7  83.4  75.2  75.5  92.0  71.2 
test    62.1  45.4  81.3  63.2  66.5  89.3  75.9  64.8  54.2  71.7  68.4  61.8  63.8  60.6  92.1  65.8  78.4  94.0  70.0 
test_kp 57.1  44.2  77.7  56.5  64.8  88.6  74.9  64.1  50.4  69.1  70.1  60.7  62.6  56.6  91.1  61.5  78.1  94.8  67.9 
Epoch: 10, Loss: 0.0292, Acc: 1.00, Time: 7.1s, Eval: 2.0s
split   aerop bicyc bird  boat  bottl bus   car   cat   chair cow   dog   horse motor perso potte sheep train tvmon mean
val     59.6  50.9  81.4  67.4  76.1  75.4  82.9  78.8  55.6  71.8  56.5  65.4  60.6  68.1  83.4  78.7  74.4  91.3  71.0 
test    60.6  44.0  77.6  61.1  66.7  87.7  77.7  64.3  54.7  71.2  66.5  59.5  59.8  58.2  91.9  64.4  78.1  93.3  68.7 
test_kp 55.3  43.3  73.8  54.5  64.7  86.7  76.9  63.5  51.1  68.6  68.6  58.2  59.0  54.0  90.9  60.5  77.4  94.0  66.7 
Epoch: 11, Loss: 0.0243, Acc: 1.00, Time: 7.0s, Eval: 1.9s
split   aerop bicyc bird  boat  bottl bus   car   cat   chair cow   dog   horse motor perso potte sheep train tvmon mean
val     60.9  54.3  83.7  68.4  75.4  74.4  82.8  77.5  58.3  71.1  54.3  65.6  62.1  67.4  85.2  79.1  76.7  90.7  71.5 
test    62.2  43.8  75.2  63.3  66.9  89.1  78.2  65.4  53.0  71.8  65.7  60.9  63.7  60.9  92.4  62.4  79.6  92.1  69.3 
test_kp 57.1  43.0  72.7  56.4  65.2  89.1  77.6  64.5  49.4  69.0  67.8  59.8  62.7  56.6  92.3  58.7  79.0  93.5  67.5 
Epoch: 12, Loss: 0.0206, Acc: 1.00, Time: 7.1s, Eval: 2.0s
split   aerop bicyc bird  boat  bottl bus   car   cat   chair cow   dog   horse motor perso potte sheep train tvmon mean
val     59.9  51.9  80.9  69.5  75.9  77.3  82.9  79.3  57.0  72.1  56.0  63.8  62.9  67.8  86.0  78.7  76.0  90.0  71.5 
test    62.7  45.6  76.5  61.8  66.8  88.9  77.2  65.1  52.6  70.9  65.0  60.3  64.7  59.5  94.3  63.8  79.8  93.8  69.4 
test_kp 57.3  44.9  73.6  54.9  65.3  88.6  76.6  64.5  49.0  68.2  67.2  59.1  64.1  55.0  93.5  59.4  79.7  94.9  67.5 
Epoch: 13, Loss: 0.0197, Acc: 1.00, Time: 7.0s, Eval: 1.9s
split   aerop bicyc bird  boat  bottl bus   car   cat   chair cow   dog   horse motor perso potte sheep train tvmon mean
val     59.8  55.8  81.1  69.1  76.9  77.0  84.9  77.3  54.2  70.1  54.8  63.0  59.3  65.7  85.1  76.4  76.5  90.4  71.0 
test    64.2  41.7  75.2  60.8  65.8  87.3  76.1  63.8  50.6  69.1  65.5  58.3  63.9  59.8  93.5  63.0  79.9  94.9  68.5 
test_kp 58.2  40.6  73.0  54.1  64.4  86.2  75.7  63.2  47.2  67.0  67.2  57.0  63.8  56.2  92.2  58.8  79.6  95.7  66.7 
Epoch: 14, Loss: 0.0162, Acc: 1.00, Time: 7.0s, Eval: 2.0s
split   aerop bicyc bird  boat  bottl bus   car   cat   chair cow   dog   horse motor perso potte sheep train tvmon mean
val     59.7  53.4  81.5  67.4  76.5  76.8  84.9  76.4  52.3  69.8  52.8  63.3  60.0  65.6  82.5  77.1  77.3  90.8  70.4 
test    62.7  42.4  73.5  60.1  65.7  87.7  78.1  64.3  51.5  68.9  65.3  56.0  63.5  58.6  93.0  62.3  80.5  93.8  68.2 
test_kp 57.1  41.0  71.3  53.1  64.6  86.6  76.6  63.8  47.7  65.9  66.9  54.5  62.6  54.7  93.0  58.8  79.9  94.3  66.2 
Epoch: 15, Loss: 0.0158, Acc: 1.00, Time: 7.2s, Eval: 2.0s
split   aerop bicyc bird  boat  bottl bus   car   cat   chair cow   dog   horse motor perso potte sheep train tvmon mean
val     58.5  53.6  84.3  67.4  76.5  78.3  84.3  78.6  52.4  70.7  54.8  65.0  60.9  67.4  83.6  77.1  78.4  91.3  71.3 
test    61.5  42.9  76.5  62.1  66.9  87.3  76.2  64.8  53.6  69.6  65.7  58.6  63.2  58.8  92.1  62.0  80.5  93.6  68.7 
test_kp 55.4  40.9  73.4  55.7  65.0  86.5  75.0  64.0  49.3  67.3  67.1  57.2  62.7  55.0  91.2  57.9  80.0  94.8  66.6 
Final test accuracy: 68.66 (best 73.27, at best val epoch 1: 73.27)
Final test keypoint accuracy: 66.58
DONE
