SPair-71k (large layout): 53340 train / 5384 val / 12234 test pairs
DGMC with 3740069 parameters
Epoch: 01, Loss: 1.6645, Acc: 0.74, Time: 7.7s, Eval: 2.7s
split   aerop bicyc bird  boat  bottl bus   car   cat   chair cow   dog   horse motor perso potte sheep train tvmon mean
val     62.8  63.6  88.0  75.5  77.2  82.8  85.7  79.5  60.9  76.3  65.2  70.5  69.0  71.1  94.0  83.0  92.2  93.9  77.3 
test    63.2  48.2  84.7  69.8  66.8  91.1  79.3  67.2  65.7  79.0  69.7  63.3  69.4  70.3  97.4  73.9  88.3  97.1  74.7 
test_kp 56.5  47.5  81.5  65.7  65.1  91.4  80.4  66.4  66.1  76.8  71.3  62.1  68.5  67.8  97.0  70.2  87.8  98.0  73.3 
Epoch: 02, Loss: 0.3386, Acc: 0.98, Time: 7.8s, Eval: 2.1s
split   aerop bicyc bird  boat  bottl bus   car   cat   chair cow   dog   horse motor perso potte sheep train tvmon mean
val     62.9  62.6  82.6  74.0  78.1  81.0  84.2  79.2  59.2  74.5  59.7  67.7  64.4  64.0  92.4  82.1  89.9  92.0  75.0 
test    61.9  47.2  83.7  66.6  65.9  93.1  76.5  66.7  61.6  77.9  70.2  61.0  69.0  62.4  96.6  72.3  85.8  96.7  73.1 
test_kp 56.1  45.1  80.4  62.1  64.0  93.7  77.9  65.8  59.7  76.5  71.7  59.3  68.4  60.8  95.6  69.4  85.9  97.7  71.7 
Epoch: 03, Loss: 0.1165, Acc: 1.00, Time: 7.1s, Eval: 1.9s
split   aerop bicyc bird  boat  bottl bus   car   cat   chair cow   dog   horse motor perso potte sheep train tvmon mean
val     62.8  59.0  85.8  71.1  77.2  80.2  83.8  79.7  60.6  74.4  62.2  66.8  63.2  67.9  90.0  78.9  87.7  92.2  74.6 
test    62.3  45.2  83.2  66.5  66.4  92.7  77.5  66.3  60.5  77.0  67.3  59.6  69.4  62.9  97.5  72.0  86.4  95.5  72.7 
test_kp 56.0  43.7  80.3  61.3  64.3  93.5  78.4  65.5  58.7  75.6  69.3  58.1  68.5  60.7  97.1  67.7  86.0  96.6  71.2 
Epoch: 04, Loss: 0.0637, Acc: 1.00, Time: 7.1s, Eval: 2.0s
split   aerop bicyc bird  boat  bottl bus   car   cat   chair cow   dog   horse motor perso potte sheep train tvmon mean
val     63.3  61.2  83.0  72.2  76.5  81.7  82.6  76.0  56.6  72.7  58.8  68.7  65.4  66.3  87.9  83.2  85.2  92.5  74.1 
test    63.2  45.4  80.0  64.1  66.6  91.8  76.4  65.6  57.5  75.6  66.2  62.3  68.9  61.7  95.5  69.7  85.9  94.0  71.7 
test_kp 56.9  43.8  77.2  58.8  64.6  92.5  77.0  64.7  55.2  73.7  68.0  60.8  68.2  59.4  95.2  66.6  85.8  95.5  70.2 
Epoch: 05, Loss: 0.0432, Acc: 1.00, Time: 7.1s, Eval: 2.0s
split   aerop bicyc bird  boat  bottl bus   car   cat   chair cow   dog   horse motor perso potte sheep train tvmon mean
val     63.2  61.2  83.6  69.1  77.1  79.2  84.5  80.0  58.5  76.1  58.1  68.8  62.7  67.7  88.7  82.1  86.9  91.8  74.4 
test    62.4  47.5  81.6  65.3  67.7  91.3  77.2  66.4  61.4  75.5  66.6  59.2  69.4  61.4  95.0  69.9  85.5  94.4  72.1 
test_kp 56.3  46.0  78.7  59.9  65.8  92.0  77.4  65.4  56.9  73.4  68.6  57.8  68.9  59.5  94.1  64.9  85.3  95.8  70.4 
Epoch: 06, Loss: 0.0326, Acc: 1.00, Time: 7.0s, Eval: 2.0s
split   aerop bicyc bird  boat  bottl bus   car   cat   chair cow   dog   horse motor perso potte sheep train tvmon mean
val     63.8  60.4  82.6  70.9  77.8  81.5  82.6  79.0  57.8  74.0  59.4  68.2  66.3  67.0  89.8  83.6  86.7  91.3  74.6 
test    65.0  47.6  79.6  65.6  66.4  92.7  77.3  65.3  60.2  76.7  67.7  59.7  72.3  62.2  95.5  71.4  85.7  93.8  72.5 
test_kp 58.4  45.4  76.7  59.8  64.5  93.4  77.8  64.5  57.4  74.7  69.3  58.5  71.9  60.4  94.7  66.4  85.6  94.7  70.8 
Epoch: 07, Loss: 0.0278, Acc: 1.00, Time: 7.0s, Eval: 1.9s
split   aerop bicyc bird  boat  bottl bus   car   cat   chair cow   dog   horse motor perso potte sheep train tvmon mean
val     63.5  61.7  81.9  72.3  76.8  79.6  81.4  79.0  58.1  74.0  61.6  66.6  63.0  63.9  88.3  83.2  85.1  91.9  74.0 
test    64.2  46.0  80.5  64.2  68.0  92.0  75.7  65.9  59.2  77.1  68.9  61.8  68.9  60.5  95.9  71.6  86.2  93.1  72.2 
test_kp 57.7  44.6  77.7  58.7  65.8  92.4  76.1  65.1  55.7  75.3  70.8  60.0  68.4  58.5  95.2  66.4  86.0  94.3  70.5 
Epoch: 08, Loss: 0.0233, Acc: 1.00, Time: 7.2s, Eval: 1.9s
split   aerop bicyc bird  boat  bottl bus   car   cat   chair cow   dog   horse motor perso potte sheep train tvmon mean
val     64.2  61.3  82.2  71.5  75.9  78.4  82.7  78.8  59.6  75.5  60.9  68.7  61.6  66.1  89.1  83.9  84.4  91.8  74.3 
test    61.5  44.2  80.8  64.8  67.3  92.3  77.4  67.6  58.2  75.3  69.3  59.8  69.3  59.2  97.2  72.4  86.1  94.3  72.1 
test_kp 55.6  42.3  77.6  60.3  65.5  93.2  77.1  66.7  56.1  73.5  71.4  58.8  69.0  57.5  96.6  67.7  85.4  95.6  70.6 
Epoch: 09, Loss: 0.0226, Acc: 1.00, Time: 7.1s, Eval: 2.0s
split   aerop bicyc bird  boat  bottl bus   car   cat   chair cow   dog   horse motor perso potte sheep train tvmon mean
val     62.0  56.8  82.9  70.9  75.8  78.6  82.0  79.1  60.5  74.1  58.5  68.1  60.2  67.7  89.6  84.5  83.9  92.2  73.8 
test    60.8  42.7  77.4  62.1  68.4  92.0  76.8  66.7  56.7  75.3  68.5  60.8  67.8  59.9  95.0  69.6  82.4  93.8  70.9 
test_kp 54.4  42.1  75.1  57.1  66.5  92.8  76.1  65.8  54.4  72.9  70.4  59.8  67.6  57.5  94.0  65.0  84.1  95.0  69.5 
Epoch: 10, Loss: 0.0204, Acc: 1.00, Time: 7.0s, Eval: 2.0s
split   aerop bicyc bird  boat  bottl bus   car   cat   chair cow   dog   horse motor perso potte sheep train tvmon mean
val     64.4  56.6  82.5  72.3  78.0  80.2  82.2  76.7  58.0  75.6  58.3  68.2  61.9  67.0  89.9  84.6  86.0  92.2  74.2 
test    63.4  45.6  79.2  66.5  67.7  92.3  79.4  66.0  57.8  74.9  67.8  59.7  68.5  60.6  94.8  70.0  83.6  94.3  71.8 
test_kp 57.3  44.7  77.1  61.3  65.4  93.3  79.2  65.2  55.6  73.4  70.0  58.5  68.7  57.9  93.8  65.7  84.0  95.4  70.4 
Epoch: 11, Loss: 0.0165, Acc: 1.00, Time: 7.1s, Eval: 2.1s
split   aerop bicyc bird  boat  bottl bus   car   cat   chair cow   dog   horse motor perso potte sheep train tvmon mean
val     63.6  61.9  82.4  71.4  77.2  79.9  84.6  78.7  58.9  73.5  60.5  68.0  67.3  68.2  91.3  86.3  86.4  92.5  75.1 
test    62.9  46.9  79.2  66.6  68.2  91.7  78.4  66.1  59.7  74.8  68.0  59.5  69.5  61.0  95.5  70.8  84.9  93.0  72.0 
test_kp 56.4  45.2  76.6  62.1  66.0  92.6  78.2  65.2  57.1  73.1  69.9  58.1  68.5  58.9  94.9  65.9  84.5  94.7  70.4 
Epoch: 12, Loss: 0.0156, Acc: 1.00, Time: 7.1s, Eval: 2.0s
split   aerop bicyc bird  boat  bottl bus   car   cat   chair cow   dog   horse motor perso potte sheep train tvmon mean
val     63.2  61.4  81.3  68.5  75.4  81.1  83.8  77.4  56.6  74.3  58.4  66.3  66.0  67.3  90.7  83.1  85.1  92.1  74.0 
test    62.0  47.8  79.9  65.0  69.4  92.3  78.2  67.8  57.3  72.7  67.3  60.6  71.4  61.5  95.0  68.6  84.8  94.1  72.0 
test_kp 56.1  46.8  76.6  60.2  67.2  93.2  78.1  66.7  55.3  71.5  69.2  59.2  70.9  58.6  94.0  64.7  84.7  95.7  70.5 
Epoch: 13, Loss: 0.0142, Acc: 1.00, Time: 7.3s, Eval: 2.0s
split   aerop bicyc bird  boat  bottl bus   car   cat   chair cow   dog   horse motor perso potte sheep train tvmon mean
val     63.1  60.3  83.0  71.5  76.8  80.1  82.9  79.2  56.4  73.9  57.3  66.2  67.6  66.5  92.1  84.6  85.2  91.9  74.4 
test    62.1  44.5  82.9  67.2  66.8  90.7  77.6  66.5  59.8  73.9  68.7  60.8  68.4  61.0  96.2  70.7  85.0  94.8  72.1 
test_kp 56.2  43.9  80.0  62.3  64.8  91.8  77.6  65.4  57.1  72.5  70.5  59.5  68.2  58.8  95.5  66.8  84.7  96.4  70.7 
Epoch: 14, Loss: 0.0118, Acc: 1.00, Time: 7.1s, Eval: 1.9s
split   aerop bicyc bird  boat  bottl bus   car   cat   chair cow   dog   horse motor perso potte sheep train tvmon mean
val     61.9  62.4  83.9  72.3  76.9  81.9  85.6  77.7  56.8  73.3  57.9  67.1  64.2  65.4  89.1  81.3  84.2  92.6  74.1 
test    63.4  45.7  79.7  65.8  67.2  91.6  76.7  67.8  56.0  73.5  67.9  60.3  68.6  62.4  96.7  69.2  85.6  94.4  71.8 
test_kp 56.9  44.7  76.7  60.8  65.2  92.2  76.2  66.6  53.7  71.6  69.6  58.4  67.9  60.1  96.2  65.2  85.7  96.0  70.2 
Epoch: 15, Loss: 0.0110, Acc: 1.00, Time: 7.5s, Eval: 2.1s
split   aerop bicyc bird  boat  bottl bus   car   cat   chair cow   dog   horse motor perso potte sheep train tvmon mean
val     62.5  58.5  83.9  73.7  77.8  81.8  84.7  81.0  58.0  69.0  57.0  65.7  63.2  63.2  87.5  83.5  84.5  92.5  73.8 
test    61.3  45.1  79.4  64.4  66.9  90.6  76.9  67.0  54.4  73.6  67.7  60.1  67.7  61.3  97.1  68.3  84.0  95.0  71.2 
test_kp 55.5  44.2  76.6  59.1  65.1  91.1  76.7  66.2  53.0  71.9  69.1  58.6  66.1  58.8  97.0  64.2  84.2  96.5  69.7 
Final test accuracy: 71.17 (best 74.68, at best val epoch 1: 74.68)
Final test keypoint accuracy: 69.67
DONE
