SPair-71k (large layout): 53340 train / 5384 val / 12234 test pairs
DGMC with 1936529 parameters
Epoch: 01, Loss: 1.5490, Acc: 0.76, Time: 7.7s, Eval: 3.1s
split   aerop bicyc bird  boat  bottl bus   car   cat   chair cow   dog   horse motor perso potte sheep train tvmon mean
val     60.3  63.8  86.5  69.0  77.0  84.5  85.3  85.4  56.4  77.2  64.1  69.3  69.2  69.0  87.1  83.5  84.7  93.3  75.9 
test    66.0  52.9  84.1  67.6  65.3  91.9  77.1  67.6  61.4  77.7  69.7  62.8  62.9  69.9  97.5  72.3  86.0  96.9  73.9 
test_kp 60.2  51.4  80.9  61.2  63.7  92.0  76.8  66.9  60.7  75.1  70.8  61.7  62.6  67.3  97.1  69.1  85.5  98.0  72.3 
Epoch: 02, Loss: 0.2853, Acc: 0.98, Time: 6.5s, Eval: 2.2s
split   aerop bicyc bird  boat  bottl bus   car   cat   chair cow   dog   horse motor perso potte sheep train tvmon mean
val     62.5  64.2  82.5  69.4  75.1  82.0  83.9  83.7  52.0  75.7  60.4  68.1  67.1  68.7  87.7  80.6  84.1  95.1  74.6 
test    64.6  48.4  82.2  66.1  65.4  90.8  75.5  67.1  58.0  75.3  70.4  58.5  68.7  61.9  95.5  72.7  85.3  96.3  72.4 
test_kp 59.0  47.1  79.0  60.0  63.3  91.5  75.8  66.2  56.8  72.9  72.1  57.1  66.5  58.8  95.1  69.6  84.6  97.3  70.7 
Epoch: 03, Loss: 0.0997, Acc: 1.00, Time: 6.6s, Eval: 2.0s
split   aerop bicyc bird  boat  bottl bus   car   cat   chair cow   dog   horse motor perso potte sheep train tvmon mean
val     61.3  63.5  83.3  67.5  76.6  80.8  87.4  80.3  54.5  77.3  61.2  67.8  66.8  66.3  85.2  79.7  83.4  95.7  74.4 
test    64.7  49.6  82.5  61.3  66.0  90.9  74.9  67.2  58.1  71.5  68.8  57.4  66.0  61.4  95.3  71.0  84.3  96.3  71.5 
test_kp 58.5  48.1  79.0  54.6  64.0  92.1  76.4  66.3  56.5  69.0  70.2  55.9  64.8  58.2  94.4  66.3  83.7  97.5  69.8 
Epoch: 04, Loss: 0.0518, Acc: 1.00, Time: 7.6s, Eval: 2.0s
split   aerop bicyc bird  boat  bottl bus   car   cat   chair cow   dog   horse motor perso potte sheep train tvmon mean
val     62.2  62.2  81.1  66.4  75.3  83.9  87.0  84.0  54.7  75.2  60.7  64.2  68.3  67.6  84.8  79.1  83.9  95.1  74.2 
test    64.4  48.8  83.0  61.9  65.7  90.3  75.5  69.2  58.0  72.6  67.7  57.8  68.7  64.1  95.2  71.9  85.2  95.8  72.0 
test_kp 58.6  46.9  79.7  54.8  63.9  90.8  76.4  68.1  56.9  70.7  69.5  56.5  67.1  60.2  94.4  65.9  84.8  97.1  70.1 
Epoch: 05, Loss: 0.0367, Acc: 1.00, Time: 6.6s, Eval: 2.0s
split   aerop bicyc bird  boat  bottl bus   car   cat   chair cow   dog   horse motor perso potte sheep train tvmon mean
val     61.6  63.0  83.1  67.3  76.7  79.4  87.3  83.3  56.3  74.6  57.9  65.1  64.6  69.0  87.9  78.5  83.5  93.5  74.0 
test    63.4  51.9  81.5  60.2  66.0  90.1  75.9  67.8  56.4  71.8  66.5  58.0  68.7  60.7  95.6  71.6  86.3  96.1  71.6 
test_kp 57.7  51.2  78.3  53.8  64.0  90.5  77.5  66.8  54.6  69.3  67.9  56.8  66.8  58.1  94.8  67.0  86.2  97.2  69.9 
Epoch: 06, Loss: 0.0293, Acc: 1.00, Time: 6.5s, Eval: 1.9s
split   aerop bicyc bird  boat  bottl bus   car   cat   chair cow   dog   horse motor perso potte sheep train tvmon mean
val     61.9  63.2  84.0  66.8  76.2  80.3  89.2  83.0  54.9  73.7  58.5  67.0  67.2  68.1  85.4  82.5  84.8  92.6  74.4 
test    63.9  49.4  80.8  61.0  64.4  89.3  76.8  68.0  57.5  71.6  66.6  55.4  66.6  58.9  95.4  69.7  84.2  94.6  70.8 
test_kp 58.0  48.4  76.8  55.1  62.8  90.2  77.4  67.2  56.0  68.8  68.2  54.0  65.5  56.1  94.5  65.1  83.8  95.4  69.1 
Epoch: 07, Loss: 0.0227, Acc: 1.00, Time: 6.6s, Eval: 1.9s
split   aerop bicyc bird  boat  bottl bus   car   cat   chair cow   dog   horse motor perso potte sheep train tvmon mean
val     61.1  57.3  83.4  66.1  76.6  81.7  86.9  80.0  55.1  73.1  59.6  64.6  64.6  65.6  86.2  81.1  82.4  92.5  73.2 
test    63.4  49.7  80.0  59.5  65.6  89.9  76.3  68.9  55.6  71.8  66.9  57.3  68.2  59.2  95.8  69.6  84.9  95.5  71.0 
test_kp 57.0  48.2  76.6  53.4  63.6  89.9  76.8  68.2  53.8  69.5  68.3  56.1  67.2  55.7  94.5  64.0  84.3  96.5  69.1 
Epoch: 08, Loss: 0.0191, Acc: 1.00, Time: 6.7s, Eval: 2.0s
split   aerop bicyc bird  boat  bottl bus   car   cat   chair cow   dog   horse motor perso potte sheep train tvmon mean
val     61.8  60.3  85.1  67.2  74.9  80.2  87.5  79.8  55.8  73.8  57.7  62.6  63.9  66.6  84.5  77.2  82.9  93.7  73.1 
test    61.8  51.0  81.5  60.3  64.9  89.2  78.7  68.8  54.8  72.1  66.7  57.9  66.1  57.6  95.2  68.8  82.8  96.1  70.8 
test_kp 55.6  49.1  78.3  54.0  62.9  89.8  79.1  67.9  52.8  69.8  68.4  56.6  65.1  55.3  94.2  63.8  82.5  97.2  69.0 
Epoch: 09, Loss: 0.0144, Acc: 1.00, Time: 6.6s, Eval: 1.9s
split   aerop bicyc bird  boat  bottl bus   car   cat   chair cow   dog   horse motor perso potte sheep train tvmon mean
val     61.6  58.0  83.2  65.6  74.2  81.5  87.1  80.9  54.7  74.8  59.8  63.9  63.9  67.8  82.6  80.5  83.2  95.3  73.3 
test    64.4  48.6  82.8  61.8  64.9  89.5  77.4  69.1  57.6  70.6  67.5  58.3  68.9  58.2  95.0  70.5  83.4  96.6  71.4 
test_kp 58.3  47.5  79.1  56.1  62.9  90.3  77.2  68.0  55.4  68.8  69.0  57.8  67.9  55.7  93.9  65.7  82.9  97.5  69.7 
Epoch: 10, Loss: 0.0139, Acc: 1.00, Time: 6.5s, Eval: 1.9s
split   aerop bicyc bird  boat  bottl bus   car   cat   chair cow   dog   horse motor perso potte sheep train tvmon mean
val     62.0  55.8  84.0  64.6  75.7  80.6  87.7  81.5  53.4  77.4  59.4  63.7  64.9  68.3  83.9  81.5  82.2  92.4  73.3 
test    63.5  49.4  83.2  62.2  65.9  90.3  75.0  69.6  55.5  69.8  67.9  58.0  68.7  59.1  94.1  70.4  80.5  95.7  71.0 
test_kp 57.8  48.2  80.1  55.8  63.6  90.5  76.0  68.5  53.0  67.8  69.8  56.9  67.6  56.2  92.7  66.5  80.3  96.9  69.3 
Epoch: 11, Loss: 0.0107, Acc: 1.00, Time: 6.7s, Eval: 1.9s
split   aerop bicyc bird  boat  bottl bus   car   cat   chair cow   dog   horse motor perso potte sheep train tvmon mean
val     61.1  57.5  84.3  67.7  75.8  79.6  85.9  79.7  51.4  75.2  58.7  64.6  65.1  68.3  86.0  80.5  86.1  95.2  73.5 
test    63.1  50.7  82.1  62.0  65.8  88.7  77.1  68.8  57.9  70.1  67.0  60.4  67.2  58.5  95.4  69.3  84.8  96.1  71.4 
test_kp 56.8  49.2  78.9  56.2  63.6  88.9  78.0  67.8  56.0  68.3  68.3  59.0  66.1  55.6  94.4  64.2  84.5  97.4  69.6 
Epoch: 12, Loss: 0.0108, Acc: 1.00, Time: 6.5s, Eval: 2.0s
split   aerop bicyc bird  boat  bottl bus   car   cat   chair cow   dog   horse motor perso potte sheep train tvmon mean
val     61.7  57.8  82.5  68.4  75.8  78.2  87.6  81.6  53.6  73.9  58.7  64.2  61.0  62.8  85.8  77.0  83.4  94.2  72.7 
test    64.1  49.1  81.3  59.8  64.4  89.0  75.9  67.3  55.3  69.2  67.1  55.8  65.4  55.9  93.0  67.9  81.3  94.8  69.8 
test_kp 58.3  47.6  78.1  53.5  62.1  89.1  76.1  66.2  53.8  68.0  68.7  54.9  64.8  52.8  91.2  63.0  81.3  95.4  68.1 
Epoch: 13, Loss: 0.0115, Acc: 1.00, Time: 6.7s, Eval: 1.9s
split   aerop bicyc bird  boat  bottl bus   car   cat   chair cow   dog   horse motor perso potte sheep train tvmon mean
val     62.2  56.1  84.1  65.4  77.3  79.9  86.0  82.8  55.8  74.1  58.2  62.7  60.1  68.9  85.4  78.6  85.5  94.8  73.2 
test    64.7  48.4  82.3  61.3  65.5  90.2  76.2  69.8  55.0  70.9  68.0  57.4  66.5  58.3  93.3  68.1  83.8  95.3  70.8 
test_kp 59.3  47.9  79.1  54.7  63.2  89.8  76.1  69.0  53.5  68.5  69.7  56.1  65.8  55.1  92.4  62.5  83.9  96.3  69.0 
Epoch: 14, Loss: 0.0112, Acc: 1.00, Time: 6.6s, Eval: 2.0s
split   aerop bicyc bird  boat  bottl bus   car   cat   chair cow   dog   horse motor perso potte sheep train tvmon mean
val     62.9  56.5  85.1  66.6  76.7  79.4  87.6  81.0  53.7  74.8  57.6  64.4  60.4  65.9  84.2  81.0  81.3  93.3  72.9 
test    62.9  48.6  82.5  61.2  64.4  89.1  75.4  67.6  53.8  71.4  67.5  57.7  66.1  58.0  95.6  67.8  81.9  94.7  70.3 
test_kp 57.4  48.7  79.2  54.4  62.5  89.0  75.9  66.8  51.2  68.9  69.2  56.5  65.6  54.7  94.6  63.3  81.8  95.8  68.6 
Epoch: 15, Loss: 0.0082, Acc: 1.00, Time: 6.4s, Eval: 1.9s
split   aerop bicyc bird  boat  bottl bus   car   cat   chair cow   dog   horse motor perso potte sheep train tvmon mean
val     62.0  60.0  83.3  66.7  77.1  78.5  86.3  81.6  53.7  73.7  58.7  62.7  59.9  67.3  86.9  80.8  83.6  92.6  73.1 
test    62.8  48.2  84.0  61.9  65.1  89.8  76.8  69.6  54.7  72.9  68.2  59.3  65.2  59.4  95.7  67.2  83.6  96.2  71.2 
test_kp 57.3  47.4  80.7  55.5  63.0  89.7  77.3  68.6  53.0  70.9  69.4  58.0  64.5  55.2  94.9  62.7  83.2  97.1  69.4 
Final test accuracy: 71.16 (best 73.85, at best val epoch 1: 73.85)
Final test keypoint accuracy: 69.37
DONE
