SPair-71k (large layout): 53340 train / 5384 val / 12234 test pairs
DGMC with 1936529 parameters
Epoch: 01, Loss: 1.5440, Acc: 0.76, Time: 7.3s, Eval: 2.8s
split   aerop bicyc bird  boat  bottl bus   car   cat   chair cow   dog   horse motor perso potte sheep train tvmon mean
val     65.3  63.0  88.8  72.5  77.1  79.7  83.3  80.8  57.8  78.0  63.3  69.6  73.1  74.1  91.4  82.6  87.1  94.9  76.8 
test    68.8  50.0  84.9  67.8  64.8  89.5  81.5  68.7  64.5  78.2  69.3  65.6  72.2  66.7  97.5  75.2  87.5  95.6  74.9 
test_kp 62.6  50.1  82.0  63.6  62.8  89.4  81.2  67.6  62.7  75.2  70.6  64.4  71.0  64.2  97.0  72.4  86.8  96.7  73.3 
Epoch: 02, Loss: 0.2607, Acc: 0.98, Time: 6.7s, Eval: 2.0s
split   aerop bicyc bird  boat  bottl bus   car   cat   chair cow   dog   horse motor perso potte sheep train tvmon mean
val     64.6  60.7  89.0  68.4  76.4  77.6  81.8  78.3  55.5  76.8  59.6  69.9  74.7  69.6  86.8  81.4  87.0  94.2  75.1 
test    66.0  48.1  81.0  66.1  62.7  90.5  80.4  67.6  60.8  74.8  71.5  60.8  69.3  60.6  93.3  72.5  85.3  94.8  72.6 
test_kp 60.4  48.2  77.4  61.2  61.7  89.7  78.6  67.0  58.1  72.8  73.0  59.8  68.3  58.4  91.9  68.9  84.6  96.2  70.9 
Epoch: 03, Loss: 0.0826, Acc: 1.00, Time: 6.5s, Eval: 1.9s
split   aerop bicyc bird  boat  bottl bus   car   cat   chair cow   dog   horse motor perso potte sheep train tvmon mean
val     63.5  61.3  84.3  66.3  74.6  79.2  82.3  81.9  58.0  76.0  56.4  68.9  71.2  64.8  87.6  79.2  85.7  95.0  74.2 
test    65.5  48.2  79.9  61.5  62.5  90.3  79.8  68.7  61.7  76.0  68.1  61.9  67.1  60.4  94.5  69.4  86.1  93.5  72.0 
test_kp 60.3  47.9  76.2  56.3  61.4  90.1  79.1  67.8  59.2  72.7  69.8  60.3  66.2  58.0  93.3  65.2  85.5  94.8  70.2 
Epoch: 04, Loss: 0.0469, Acc: 1.00, Time: 6.6s, Eval: 1.9s
split   aerop bicyc bird  boat  bottl bus   car   cat   chair cow   dog   horse motor perso potte sheep train tvmon mean
val     66.4  60.3  86.5  67.0  76.0  79.0  84.8  80.1  55.3  70.8  59.9  68.8  73.1  67.8  83.8  78.9  84.7  94.1  74.3 
test    66.2  50.6  78.7  63.6  62.4  89.9  79.5  68.2  55.8  75.2  68.7  61.6  68.2  62.4  94.9  69.1  84.4  94.9  71.9 
test_kp 60.7  51.0  75.6  57.9  61.4  89.9  78.2  67.5  53.8  72.1  70.2  59.5  67.6  60.1  93.6  65.1  83.8  96.0  70.2 
Epoch: 05, Loss: 0.0319, Acc: 1.00, Time: 6.4s, Eval: 2.1s
split   aerop bicyc bird  boat  bottl bus   car   cat   chair cow   dog   horse motor perso potte sheep train tvmon mean
val     64.0  59.9  87.4  64.5  76.0  76.9  80.3  80.1  54.4  69.7  58.7  66.8  68.5  66.8  84.0  78.3  85.0  94.8  73.1 
test    65.2  47.3  80.2  62.2  61.0  90.2  79.7  67.2  56.8  75.2  69.0  61.1  65.8  60.0  93.6  67.5  84.0  95.0  71.2 
test_kp 59.5  47.2  76.6  55.8  60.8  89.4  78.5  66.3  53.7  71.6  70.1  59.3  64.9  56.7  92.4  63.6  83.6  96.3  69.2 
Epoch: 06, Loss: 0.0273, Acc: 1.00, Time: 6.6s, Eval: 2.2s
split   aerop bicyc bird  boat  bottl bus   car   cat   chair cow   dog   horse motor perso potte sheep train tvmon mean
val     63.5  61.5  86.8  66.8  73.8  75.7  82.4  78.9  52.8  73.3  58.7  66.6  68.5  66.9  87.2  81.4  85.7  93.7  73.6 
test    64.9  45.8  82.1  63.0  64.0  89.3  80.3  67.8  56.9  75.2  69.5  62.3  68.5  61.4  94.4  68.2  83.4  94.4  71.7 
test_kp 59.5  45.5  79.0  57.7  62.6  88.9  79.2  66.8  54.0  72.5  70.7  60.2  67.6  58.9  93.4  64.2  82.6  96.0  70.0 
Epoch: 07, Loss: 0.0243, Acc: 1.00, Time: 6.5s, Eval: 1.9s
split   aerop bicyc bird  boat  bottl bus   car   cat   chair cow   dog   horse motor perso potte sheep train tvmon mean
val     63.8  59.6  86.6  66.7  74.5  77.6  81.2  80.6  55.8  71.6  58.9  66.5  68.3  66.8  85.7  81.6  83.2  95.2  73.6 
test    64.3  48.9  81.5  61.5  61.7  89.3  78.5  66.2  61.4  74.6  68.8  60.1  66.0  60.8  94.9  66.8  85.7  96.0  71.5 
test_kp 58.6  48.5  77.8  55.5  61.2  89.2  77.6  65.2  57.5  71.9  70.0  57.9  65.0  57.4  93.9  62.8  84.8  97.3  69.6 
Epoch: 08, Loss: 0.0182, Acc: 1.00, Time: 6.4s, Eval: 1.9s
split   aerop bicyc bird  boat  bottl bus   car   cat   chair cow   dog   horse motor perso potte sheep train tvmon mean
val     65.2  59.4  86.3  64.9  76.3  77.7  81.7  78.7  56.0  72.2  59.8  65.5  71.7  66.6  86.2  79.3  87.5  93.6  73.8 
test    64.1  49.4  80.7  59.6  61.6  89.2  79.9  67.9  57.3  74.5  66.7  59.5  66.7  60.9  93.7  65.9  86.3  95.0  71.1 
test_kp 58.7  48.8  77.0  53.1  61.1  89.5  79.7  67.1  54.2  72.1  67.9  58.0  66.3  58.3  92.7  62.8  85.7  96.2  69.4 
Epoch: 09, Loss: 0.0161, Acc: 1.00, Time: 6.4s, Eval: 2.1s
split   aerop bicyc bird  boat  bottl bus   car   cat   chair cow   dog   horse motor perso potte sheep train tvmon mean
val     64.5  60.9  87.3  65.3  75.9  77.3  82.6  77.6  53.7  71.6  60.0  65.0  69.6  67.0  85.2  80.6  86.1  94.0  73.6 
test    63.6  49.4  79.5  62.8  62.6  88.6  78.6  68.4  57.3  75.8  68.2  60.2  66.5  62.4  93.6  66.7  84.6  94.1  71.3 
test_kp 58.3  49.4  75.9  57.1  62.1  88.9  78.0  67.7  54.4  73.7  69.2  58.2  65.0  59.9  92.6  62.9  83.9  95.2  69.6 
Epoch: 10, Loss: 0.0134, Acc: 1.00, Time: 6.5s, Eval: 2.2s
split   aerop bicyc bird  boat  bottl bus   car   cat   chair cow   dog   horse motor perso potte sheep train tvmon mean
val     64.3  61.5  87.3  67.5  76.2  77.4  83.4  77.4  53.9  71.5  57.2  65.4  69.0  65.3  84.6  81.0  85.8  93.7  73.5 
test    64.2  48.8  80.9  62.3  63.4  90.7  80.6  67.7  58.8  75.4  67.4  62.0  64.8  60.7  95.1  67.7  86.2  94.5  71.7 
test_kp 59.4  49.2  77.5  56.4  62.8  90.4  80.1  66.7  56.2  73.1  68.7  59.5  63.8  57.8  94.2  63.9  85.6  95.9  70.1 
Epoch: 11, Loss: 0.0122, Acc: 1.00, Time: 6.4s, Eval: 2.0s
split   aerop bicyc bird  boat  bottl bus   car   cat   chair cow   dog   horse motor perso potte sheep train tvmon mean
val     64.0  59.9  88.2  64.3  77.3  77.5  79.6  79.5  54.8  72.4  58.7  67.1  69.0  65.6  84.6  83.4  81.2  93.0  73.3 
test    64.4  48.4  81.5  62.3  62.7  89.7  78.7  68.6  56.9  74.3  66.5  61.1  68.5  62.3  95.1  68.0  86.0  94.2  71.6 
test_kp 59.3  48.6  77.4  55.8  62.2  89.4  77.9  67.7  54.4  71.3  67.6  59.1  66.6  59.5  94.2  62.9  85.6  95.2  69.7 
Epoch: 12, Loss: 0.0108, Acc: 1.00, Time: 6.5s, Eval: 1.9s
split   aerop bicyc bird  boat  bottl bus   car   cat   chair cow   dog   horse motor perso potte sheep train tvmon mean
val     66.5  61.5  86.0  67.9  77.0  78.5  83.0  77.2  53.4  75.9  56.0  66.7  71.0  64.6  84.7  81.7  83.4  95.6  73.9 
test    64.3  50.5  80.1  62.7  63.4  91.0  80.3  68.2  57.1  75.3  70.6  61.3  65.8  62.8  96.2  67.4  84.4  94.7  72.0 
test_kp 58.9  50.2  76.4  56.8  63.1  90.7  79.1  67.3  54.7  72.2  71.6  59.4  64.9  59.9  95.3  62.9  84.3  96.4  70.2 
Epoch: 13, Loss: 0.0147, Acc: 1.00, Time: 6.6s, Eval: 2.0s
split   aerop bicyc bird  boat  bottl bus   car   cat   chair cow   dog   horse motor perso potte sheep train tvmon mean
val     67.6  60.6  86.3  64.0  73.6  79.1  83.6  78.5  51.9  69.4  59.0  67.1  70.3  64.3  88.9  81.9  87.6  94.3  73.8 
test    64.1  48.3  80.5  60.4  63.7  90.7  80.8  70.0  55.6  74.1  70.1  61.5  66.0  61.3  95.0  66.3  85.6  95.4  71.6 
test_kp 58.4  49.0  77.4  54.0  62.9  90.2  80.0  69.0  52.7  71.3  71.3  59.7  65.2  58.7  94.1  61.3  85.5  97.0  69.9 
Epoch: 14, Loss: 0.0090, Acc: 1.00, Time: 6.5s, Eval: 1.9s
split   aerop bicyc bird  boat  bottl bus   car   cat   chair cow   dog   horse motor perso potte sheep train tvmon mean
val     66.1  59.3  86.7  65.6  73.0  75.9  84.8  79.9  54.7  69.8  57.9  66.5  69.1  67.2  86.2  80.1  86.0  93.0  73.4 
test    64.2  49.2  81.7  59.8  63.6  90.9  80.5  68.4  55.8  73.4  69.5  61.2  69.9  60.1  94.5  66.8  86.4  95.8  71.8 
test_kp 58.6  49.0  78.4  52.7  63.0  90.4  79.8  67.1  53.3  71.0  70.2  59.6  68.8  57.5  93.4  62.0  85.9  97.0  69.9 
Epoch: 15, Loss: 0.0075, Acc: 1.00, Time: 6.5s, Eval: 2.0s
split   aerop bicyc bird  boat  bottl bus   car   cat   chair cow   dog   horse motor perso potte sheep train tvmon mean
val     64.9  59.8  86.0  65.4  73.1  75.7  83.8  77.3  48.6  72.1  58.4  65.1  68.5  65.1  84.7  80.5  85.9  92.7  72.6 
test    65.3  49.7  81.5  59.6  64.0  90.6  78.5  67.8  54.7  74.1  70.7  60.0  69.1  61.7  93.0  67.8  84.2  95.6  71.6 
test_kp 60.3  50.1  77.8  52.5  63.5  90.4  77.9  66.5  50.9  71.4  71.6  58.2  68.2  58.4  92.1  62.4  84.7  97.0  69.7 
Final test accuracy: 71.55 (best 74.90, at best val epoch 1: 74.90)
Final test keypoint accuracy: 69.66
DONE
