SPair-71k (large layout): 53340 train / 5384 val / 12234 test pairs
DGMC with 3739553 parameters
Epoch: 01, Loss: 1.4976, Acc: 0.77, Time: 11.4s, Eval: 3.3s
split   aerop bicyc bird  boat  bottl bus   car   cat   chair cow   dog   horse motor perso potte sheep train tvmon mean
val     60.6  65.3  88.1  76.2  74.7  86.4  87.1  83.6  63.7  79.4  64.7  76.3  76.9  71.9  97.7  84.6  94.0  93.0  79.1 
test    64.1  54.6  86.0  75.3  69.1  94.7  83.2  74.3  66.3  80.6  72.7  69.1  70.5  68.9  99.0  75.9  91.8  99.0  77.5 
test_kp 58.4  53.2  82.9  72.3  66.8  94.0  83.5  73.3  67.2  77.6  74.2  68.2  71.3  65.9  99.2  72.7  92.0  99.0  76.2 
Epoch: 02, Loss: 0.2936, Acc: 0.98, Time: 9.8s, Eval: 2.3s
split   aerop bicyc bird  boat  bottl bus   car   cat   chair cow   dog   horse motor perso potte sheep train tvmon mean
val     62.0  67.8  86.8  73.1  76.7  86.7  85.6  78.8  60.5  78.4  63.9  74.4  71.7  72.9  95.1  84.8  94.5  94.1  78.2 
test    66.6  54.3  86.8  73.2  68.3  93.7  81.3  73.9  64.6  80.4  72.9  65.4  72.9  67.5  97.6  77.4  90.6  98.8  77.0 
test_kp 60.9  53.2  84.2  69.5  66.3  92.9  82.0  72.7  63.2  77.9  75.3  64.3  71.9  64.7  98.1  74.2  90.9  98.8  75.6 
Epoch: 03, Loss: 0.1120, Acc: 1.00, Time: 9.8s, Eval: 2.4s
split   aerop bicyc bird  boat  bottl bus   car   cat   chair cow   dog   horse motor perso potte sheep train tvmon mean
val     65.1  63.3  86.8  76.2  75.3  86.5  87.6  80.8  55.4  78.1  66.0  73.4  71.4  74.8  94.6  84.9  93.1  94.2  78.2 
test    66.1  53.1  85.8  74.4  67.0  91.6  83.1  71.6  62.7  80.3  73.9  67.2  68.0  66.8  96.4  71.2  90.2  98.7  76.0 
test_kp 60.1  51.8  83.2  71.1  65.6  91.5  83.9  70.7  61.4  78.3  76.0  65.7  67.3  63.3  96.9  69.2  90.2  98.9  74.7 
Epoch: 04, Loss: 0.0691, Acc: 1.00, Time: 9.8s, Eval: 2.4s
split   aerop bicyc bird  boat  bottl bus   car   cat   chair cow   dog   horse motor perso potte sheep train tvmon mean
val     64.3  63.8  86.8  72.4  75.3  85.7  86.9  78.4  56.8  78.5  66.2  72.1  69.2  72.7  94.1  84.0  93.0  94.4  77.5 
test    64.9  50.8  84.7  74.3  67.6  92.3  81.7  71.2  64.2  78.9  74.3  64.7  69.1  67.5  97.3  74.4  90.7  98.5  76.0 
test_kp 59.9  48.9  82.3  70.2  65.7  91.8  83.4  70.3  62.5  77.3  77.0  63.1  68.7  64.3  97.6  71.4  90.7  98.7  74.7 
Epoch: 05, Loss: 0.0497, Acc: 1.00, Time: 10.0s, Eval: 2.4s
split   aerop bicyc bird  boat  bottl bus   car   cat   chair cow   dog   horse motor perso potte sheep train tvmon mean
val     63.1  66.2  83.5  72.1  74.8  87.3  86.7  80.8  56.4  77.1  65.8  72.4  67.0  74.8  94.6  83.2  93.7  95.7  77.5 
test    66.8  52.3  85.3  73.0  67.3  92.8  82.6  70.9  65.9  79.9  74.8  63.3  68.4  67.0  96.3  73.7  89.8  98.3  76.0 
test_kp 60.8  51.2  82.9  69.3  65.4  92.6  83.9  70.2  63.8  77.8  76.8  62.0  68.0  64.0  96.8  70.6  89.9  98.5  74.7 
Epoch: 06, Loss: 0.0385, Acc: 1.00, Time: 9.8s, Eval: 2.3s
split   aerop bicyc bird  boat  bottl bus   car   cat   chair cow   dog   horse motor perso potte sheep train tvmon mean
val     64.4  64.8  86.0  74.9  74.7  86.1  87.4  81.0  55.5  75.5  65.3  72.3  70.0  73.8  94.2  84.7  92.9  97.3  77.8 
test    64.9  52.4  85.8  73.2  66.9  93.1  83.9  71.2  62.8  78.2  75.5  62.6  71.5  68.7  96.0  72.9  91.0  98.7  76.1 
test_kp 59.1  51.3  83.5  69.6  65.3  92.9  85.2  70.3  61.1  76.8  77.5  61.4  70.5  65.5  96.6  69.1  91.0  98.8  74.7 
Epoch: 07, Loss: 0.0334, Acc: 1.00, Time: 9.8s, Eval: 2.3s
split   aerop bicyc bird  boat  bottl bus   car   cat   chair cow   dog   horse motor perso potte sheep train tvmon mean
val     64.9  64.3  86.6  73.1  75.7  88.1  88.0  79.1  56.6  75.2  67.0  71.8  73.1  75.2  92.8  82.6  92.8  96.2  77.9 
test    64.8  51.0  85.1  74.0  65.7  92.3  85.3  70.2  62.8  78.8  71.2  65.4  70.2  66.3  94.9  73.2  91.6  98.2  75.6 
test_kp 58.9  50.1  82.7  70.2  64.5  92.3  85.9  69.1  61.0  76.6  73.4  64.0  69.8  63.7  95.6  69.1  91.6  98.3  74.3 
Epoch: 08, Loss: 0.0334, Acc: 1.00, Time: 9.8s, Eval: 2.6s
split   aerop bicyc bird  boat  bottl bus   car   cat   chair cow   dog   horse motor perso potte sheep train tvmon mean
val     64.2  63.5  84.9  76.4  76.2  87.7  86.6  82.9  57.3  77.9  63.4  71.5  69.8  74.6  91.9  81.8  92.3  94.0  77.6 
test    64.2  50.2  84.9  72.4  65.7  93.0  83.5  71.3  64.5  77.4  73.8  64.7  66.9  65.7  96.8  71.8  88.7  98.3  75.2 
test_kp 58.7  49.8  82.5  68.5  64.3  92.9  83.7  70.4  63.1  75.8  76.0  63.2  67.3  62.3  96.8  69.1  88.3  98.4  74.0 
Epoch: 09, Loss: 0.0243, Acc: 1.00, Time: 9.9s, Eval: 2.3s
split   aerop bicyc bird  boat  bottl bus   car   cat   chair cow   dog   horse motor perso potte sheep train tvmon mean
val     65.4  63.3  85.3  75.3  75.6  85.2  86.1  82.1  57.8  74.9  66.8  71.8  70.9  74.1  91.3  82.8  91.5  94.3  77.5 
test    65.4  52.1  84.6  70.6  64.4  93.2  82.3  70.1  65.2  78.6  73.2  62.7  70.4  67.2  94.9  73.5  89.7  98.9  75.4 
test_kp 59.9  51.8  82.2  65.8  64.0  93.4  82.6  69.4  62.9  76.5  75.2  61.4  70.7  63.6  95.8  69.9  89.6  99.1  74.1 
Epoch: 10, Loss: 0.0212, Acc: 1.00, Time: 9.8s, Eval: 2.3s
split   aerop bicyc bird  boat  bottl bus   car   cat   chair cow   dog   horse motor perso potte sheep train tvmon mean
val     65.1  67.8  84.1  72.5  77.3  85.1  87.7  80.3  56.5  75.4  66.6  72.2  66.2  75.3  91.3  80.9  93.0  96.1  77.4 
test    62.9  52.0  85.4  71.5  67.6  92.5  81.9  69.7  64.4  79.2  73.1  65.3  71.3  65.3  97.1  72.3  89.7  98.4  75.5 
test_kp 57.3  52.3  82.8  67.9  65.9  93.0  82.6  68.6  62.1  77.3  75.3  64.2  70.9  62.9  97.3  69.0  89.7  98.9  74.3 
Epoch: 11, Loss: 0.0214, Acc: 1.00, Time: 9.9s, Eval: 2.4s
split   aerop bicyc bird  boat  bottl bus   car   cat   chair cow   dog   horse motor perso potte sheep train tvmon mean
val     64.0  64.8  84.1  75.5  77.2  87.9  87.3  79.6  58.0  73.6  66.2  72.2  67.7  73.8  92.9  78.7  91.7  96.6  77.3 
test    62.6  50.1  84.9  72.8  66.6  92.4  83.5  69.3  65.5  79.3  73.2  65.3  73.3  67.0  97.2  73.8  89.2  98.2  75.8 
test_kp 57.3  48.7  82.3  69.3  65.2  92.8  84.3  68.3  63.0  77.1  75.5  64.1  73.3  63.8  97.4  70.9  89.9  98.5  74.5 
Epoch: 12, Loss: 0.0212, Acc: 1.00, Time: 9.9s, Eval: 2.3s
split   aerop bicyc bird  boat  bottl bus   car   cat   chair cow   dog   horse motor perso potte sheep train tvmon mean
val     64.5  65.5  82.3  75.6  76.2  84.3  88.2  77.8  56.9  73.8  63.3  69.6  69.9  71.2  94.2  81.4  91.5  96.1  76.8 
test    62.8  50.7  83.2  70.9  66.7  93.2  83.2  70.7  61.3  80.3  72.4  66.3  69.8  66.2  95.9  70.0  90.2  98.6  75.1 
test_kp 58.2  50.2  81.1  66.9  65.4  93.6  84.7  69.8  59.3  78.0  74.9  64.8  70.3  62.6  96.2  66.5  90.1  98.9  74.0 
Epoch: 13, Loss: 0.0151, Acc: 1.00, Time: 9.7s, Eval: 2.4s
split   aerop bicyc bird  boat  bottl bus   car   cat   chair cow   dog   horse motor perso potte sheep train tvmon mean
val     63.5  64.0  85.0  74.7  76.8  86.3  85.7  78.4  59.2  78.7  66.1  71.0  67.4  72.4  93.1  81.7  93.6  94.2  77.3 
test    62.8  51.5  84.4  71.5  67.1  93.2  83.8  72.5  62.2  79.3  71.2  63.8  70.8  68.0  95.6  73.1  89.1  98.3  75.4 
test_kp 58.2  50.7  81.8  67.3  66.1  92.9  85.1  71.3  60.3  77.4  73.5  62.7  71.0  64.1  95.6  69.2  89.0  98.3  74.1 
Epoch: 14, Loss: 0.0159, Acc: 1.00, Time: 9.7s, Eval: 2.3s
split   aerop bicyc bird  boat  bottl bus   car   cat   chair cow   dog   horse motor perso potte sheep train tvmon mean
val     64.4  63.1  82.9  75.8  77.2  86.1  87.6  80.0  56.4  74.4  64.1  70.8  68.1  72.6  92.6  82.8  91.6  95.2  77.0 
test    63.2  48.6  84.8  70.3  66.7  92.8  83.4  71.3  61.8  79.6  71.1  65.1  70.9  65.0  96.1  72.5  88.2  98.3  75.0 
test_kp 58.4  47.7  82.2  66.4  65.8  92.9  84.3  70.6  59.9  78.0  73.2  63.8  70.6  61.8  95.9  67.9  88.4  98.5  73.7 
Epoch: 15, Loss: 0.0178, Acc: 1.00, Time: 10.0s, Eval: 2.6s
split   aerop bicyc bird  boat  bottl bus   car   cat   chair cow   dog   horse motor perso potte sheep train tvmon mean
val     65.0  64.0  83.7  74.9  77.1  84.8  83.9  78.8  59.1  72.8  64.5  69.8  70.1  72.9  93.2  81.2  91.4  93.0  76.7 
test    62.3  49.8  83.5  70.1  67.4  92.4  82.8  71.8  61.8  79.1  71.9  62.3  69.4  65.3  95.2  69.4  89.2  97.8  74.5 
test_kp 58.3  48.3  81.0  66.3  65.8  92.9  84.2  71.2  60.1  76.9  73.8  61.2  68.8  62.4  95.5  65.9  88.8  98.2  73.3 
Final test accuracy: 74.53 (best 77.50, at best val epoch 1: 77.50)
Final test keypoint accuracy: 73.32
DONE
