SPair-71k (large layout): 53340 train / 5384 val / 12234 test pairs
DGMC with 1935873 parameters
Epoch: 01, Loss: 1.3931, Acc: 0.78, Time: 10.2s, Eval: 3.3s
split   aerop bicyc bird  boat  bottl bus   car   cat   chair cow   dog   horse motor perso potte sheep train tvmon mean
val     67.7  69.2  87.7  76.8  77.5  84.7  86.9  89.1  65.8  76.6  65.9  74.7  72.9  73.5  95.6  86.6  93.1  96.2  80.0 
test    64.9  53.6  86.5  74.8  68.2  91.7  85.9  69.8  66.5  81.8  76.4  65.3  75.6  73.6  98.0  76.8  93.7  98.7  77.9 
test_kp 59.8  52.8  83.1  71.0  66.7  91.5  85.8  69.0  65.1  79.2  77.9  63.9  75.0  70.9  98.4  72.8  93.3  99.1  76.4 
Epoch: 02, Loss: 0.2564, Acc: 0.98, Time: 9.6s, Eval: 2.4s
split   aerop bicyc bird  boat  bottl bus   car   cat   chair cow   dog   horse motor perso potte sheep train tvmon mean
val     68.0  69.1  85.1  74.4  78.9  82.7  87.1  87.5  63.0  71.9  65.9  73.1  72.4  76.4  95.1  79.7  92.6  98.7  79.0 
test    63.8  52.7  86.0  69.8  67.3  91.3  83.2  69.8  60.0  80.4  74.0  62.9  72.8  70.4  97.1  73.2  92.5  99.3  75.9 
test_kp 58.8  51.0  82.6  65.2  66.3  91.5  84.0  68.7  60.1  77.2  76.1  61.5  72.2  68.2  97.9  71.5  91.9  99.6  74.7 
Epoch: 03, Loss: 0.0951, Acc: 1.00, Time: 9.5s, Eval: 2.4s
split   aerop bicyc bird  boat  bottl bus   car   cat   chair cow   dog   horse motor perso potte sheep train tvmon mean
val     68.3  70.1  87.1  74.5  77.8  84.1  87.2  87.6  61.4  74.0  64.1  72.1  70.3  74.7  96.2  80.4  93.3  98.2  79.0 
test    63.3  52.0  84.4  68.3  67.5  92.6  82.1  69.3  61.7  80.7  74.5  65.8  71.5  69.4  99.0  73.4  92.4  99.2  76.0 
test_kp 58.6  51.3  80.7  64.2  66.2  92.9  82.2  68.4  60.6  78.0  76.4  64.2  71.2  66.3  99.1  71.7  91.7  99.6  74.6 
Epoch: 04, Loss: 0.0542, Acc: 1.00, Time: 9.5s, Eval: 2.4s
split   aerop bicyc bird  boat  bottl bus   car   cat   chair cow   dog   horse motor perso potte sheep train tvmon mean
val     65.5  64.0  88.7  74.2  78.0  80.4  87.3  86.8  60.9  73.6  64.8  72.3  69.4  71.2  92.5  80.6  92.7  97.9  77.8 
test    63.6  50.1  84.0  67.5  66.2  92.7  83.4  70.1  58.7  79.3  74.4  66.1  69.4  68.6  97.7  70.0  90.6  99.3  75.1 
test_kp 59.3  49.1  80.5  62.6  65.4  93.4  83.2  69.2  57.6  76.5  76.2  64.3  69.9  64.7  97.9  68.2  89.9  99.7  73.7 
Epoch: 05, Loss: 0.0396, Acc: 1.00, Time: 9.5s, Eval: 2.4s
split   aerop bicyc bird  boat  bottl bus   car   cat   chair cow   dog   horse motor perso potte sheep train tvmon mean
val     66.9  66.7  87.6  73.9  77.5  83.3  87.1  82.7  62.9  72.2  63.3  70.8  71.1  75.3  95.3  83.1  91.5  96.9  78.2 
test    63.2  52.3  84.8  65.7  66.4  92.2  83.6  69.2  59.6  80.5  74.2  64.0  71.6  70.2  98.6  69.2  91.0  99.4  75.3 
test_kp 58.6  51.0  81.4  60.6  65.1  93.0  83.7  68.4  57.7  77.4  76.2  62.5  71.2  67.3  98.8  66.8  90.1  99.7  73.9 
Epoch: 06, Loss: 0.0311, Acc: 1.00, Time: 9.7s, Eval: 2.4s
split   aerop bicyc bird  boat  bottl bus   car   cat   chair cow   dog   horse motor perso potte sheep train tvmon mean
val     66.8  66.1  87.1  77.5  77.1  84.2  88.4  83.4  59.8  71.1  62.6  72.3  72.0  75.9  91.4  81.7  92.2  97.3  78.2 
test    63.0  54.5  83.0  68.7  65.8  91.5  85.7  69.0  57.1  80.0  75.3  64.0  67.8  68.0  98.1  70.4  92.0  99.2  75.2 
test_kp 58.3  52.5  79.3  64.1  65.1  92.2  85.1  68.1  55.5  77.2  77.4  62.7  68.5  64.2  97.8  67.6  91.3  99.7  73.7 
Epoch: 07, Loss: 0.0251, Acc: 1.00, Time: 9.7s, Eval: 2.4s
split   aerop bicyc bird  boat  bottl bus   car   cat   chair cow   dog   horse motor perso potte sheep train tvmon mean
val     67.0  68.9  87.4  74.4  77.9  83.1  87.4  86.7  60.0  72.6  61.4  72.2  70.3  75.0  92.8  81.4  92.8  97.4  78.3 
test    63.7  53.6  83.9  67.2  67.7  91.8  84.9  67.0  57.9  78.5  76.0  64.2  67.7  68.7  97.7  71.0  91.7  99.2  75.1 
test_kp 59.3  51.6  80.2  62.6  65.9  92.9  85.0  66.1  56.3  76.0  78.0  63.0  67.9  64.7  97.5  67.5  91.2  99.7  73.6 
Epoch: 08, Loss: 0.0231, Acc: 1.00, Time: 9.5s, Eval: 2.4s
split   aerop bicyc bird  boat  bottl bus   car   cat   chair cow   dog   horse motor perso potte sheep train tvmon mean
val     68.3  64.9  88.0  73.8  78.4  82.1  89.7  85.7  57.8  71.2  60.9  70.3  73.4  73.9  92.9  81.8  92.0  97.3  77.9 
test    63.4  52.4  84.3  66.1  68.2  90.9  83.4  68.8  61.6  79.9  74.8  64.8  66.7  67.2  98.5  71.4  90.3  99.0  75.1 
test_kp 58.7  50.0  80.7  61.3  66.2  92.1  83.8  68.2  58.7  76.7  76.7  63.6  65.9  64.0  98.3  68.7  89.8  99.6  73.5 
Epoch: 09, Loss: 0.0204, Acc: 1.00, Time: 9.4s, Eval: 2.5s
split   aerop bicyc bird  boat  bottl bus   car   cat   chair cow   dog   horse motor perso potte sheep train tvmon mean
val     67.9  64.2  87.7  74.8  78.6  82.3  90.2  86.4  59.4  73.9  61.0  72.3  72.6  72.4  90.4  80.8  92.4  97.9  78.1 
test    61.9  52.3  84.0  64.8  67.1  90.9  85.1  67.2  60.9  78.0  74.4  65.5  71.4  68.0  98.3  69.6  92.1  98.6  75.0 
test_kp 58.1  50.6  80.7  60.2  65.4  91.8  85.7  66.4  58.4  75.3  77.2  64.1  70.9  65.1  97.9  66.6  91.2  99.4  73.6 
Epoch: 10, Loss: 0.0150, Acc: 1.00, Time: 9.6s, Eval: 2.4s
split   aerop bicyc bird  boat  bottl bus   car   cat   chair cow   dog   horse motor perso potte sheep train tvmon mean
val     64.7  66.6  86.2  75.0  76.9  83.1  89.3  85.0  60.4  72.0  61.5  72.2  71.4  71.4  94.0  80.4  92.5  98.7  77.8 
test    63.9  53.1  83.6  65.0  66.7  90.9  84.5  68.9  63.6  80.0  74.8  64.5  67.9  67.3  98.6  68.6  90.7  99.3  75.1 
test_kp 59.7  51.0  80.5  60.6  65.2  92.0  84.3  68.0  61.1  77.2  77.4  63.2  69.1  64.3  98.5  66.4  89.9  99.7  73.8 
Epoch: 11, Loss: 0.0133, Acc: 1.00, Time: 9.3s, Eval: 2.5s
split   aerop bicyc bird  boat  bottl bus   car   cat   chair cow   dog   horse motor perso potte sheep train tvmon mean
val     65.3  63.3  87.5  74.5  77.1  83.1  87.4  86.1  59.5  72.7  62.4  70.7  70.5  72.7  94.4  80.5  89.6  97.3  77.5 
test    64.0  51.1  83.1  65.4  66.9  91.2  83.5  68.8  60.7  78.6  74.2  64.3  67.8  66.1  98.0  70.3  91.0  99.3  74.7 
test_kp 59.7  48.7  80.0  60.7  65.7  92.0  83.9  67.8  59.2  75.6  76.8  63.3  68.9  63.5  97.7  67.0  90.3  99.7  73.4 
Epoch: 12, Loss: 0.0132, Acc: 1.00, Time: 9.4s, Eval: 2.4s
split   aerop bicyc bird  boat  bottl bus   car   cat   chair cow   dog   horse motor perso potte sheep train tvmon mean
val     66.0  63.5  87.6  73.6  78.1  81.7  91.1  82.2  60.3  74.0  62.2  70.1  68.0  72.6  91.6  81.4  90.4  97.7  77.3 
test    62.2  52.5  84.3  65.5  66.1  90.4  83.6  69.8  61.7  77.5  74.1  63.7  70.1  66.6  98.5  68.2  89.6  98.9  74.6 
test_kp 57.9  51.1  81.2  60.8  65.2  90.8  84.2  68.8  58.4  74.9  76.3  62.6  70.1  64.0  98.0  66.3  88.9  99.5  73.3 
Epoch: 13, Loss: 0.0116, Acc: 1.00, Time: 9.5s, Eval: 2.4s
split   aerop bicyc bird  boat  bottl bus   car   cat   chair cow   dog   horse motor perso potte sheep train tvmon mean
val     66.2  62.3  86.4  77.6  77.3  81.2  88.7  86.2  58.5  73.2  62.7  70.4  68.3  73.5  93.6  82.4  88.2  97.8  77.5 
test    64.4  54.1  84.4  67.4  64.5  90.9  85.3  68.4  57.6  78.6  74.2  65.3  71.1  68.1  97.3  69.4  89.2  99.3  75.0 
test_kp 60.3  51.8  80.7  62.2  63.6  91.2  84.7  67.4  54.2  76.1  76.5  63.7  71.0  64.6  96.9  66.7  88.3  99.7  73.3 
Epoch: 14, Loss: 0.0111, Acc: 1.00, Time: 9.5s, Eval: 2.5s
split   aerop bicyc bird  boat  bottl bus   car   cat   chair cow   dog   horse motor perso potte sheep train tvmon mean
val     67.7  62.8  88.7  76.5  78.1  81.9  87.8  83.2  62.1  72.2  62.8  70.2  71.3  73.8  92.5  79.7  89.7  97.6  77.7 
test    64.8  52.5  83.6  67.3  67.7  90.8  85.6  69.1  62.8  76.3  73.0  64.5  70.5  68.0  97.4  67.3  90.3  98.1  75.0 
test_kp 60.7  50.1  80.3  62.2  66.0  91.5  86.1  68.1  60.0  74.4  75.4  63.3  70.2  65.3  96.8  64.0  89.5  99.0  73.5 
Epoch: 15, Loss: 0.0100, Acc: 1.00, Time: 9.6s, Eval: 2.3s
split   aerop bicyc bird  boat  bottl bus   car   cat   chair cow   dog   horse motor perso potte sheep train tvmon mean
val     65.1  65.2  88.9  75.6  77.1  80.0  87.2  86.7  61.4  72.4  64.9  69.7  70.6  73.4  93.9  80.2  92.3  96.8  77.9 
test    64.9  53.8  85.3  66.9  67.4  91.8  84.9  67.6  60.2  79.3  73.5  63.6  68.1  69.0  98.6  68.6  89.5  99.3  75.1 
test_kp 60.7  51.5  82.0  62.3  65.7  92.1  85.2  66.7  57.1  76.4  75.5  62.7  68.0  65.7  98.6  65.7  88.6  99.7  73.6 
Final test accuracy: 75.13 (best 77.88, at best val epoch 1: 77.88)
Final test keypoint accuracy: 73.55
DONE
