SPair-71k (large layout): 53340 train / 5384 val / 12234 test pairs
DGMC with 3739553 parameters
froze 2592 basis-shape parameters (--freeze_basis)
Epoch: 01, Loss: 1.5200, Acc: 0.77, Time: 14.4s, Eval: 4.8s
split   aerop bicyc bird  boat  bottl bus   car   cat   chair cow   dog   horse motor perso potte sheep train tvmon mean
val     61.1  65.8  86.7  75.6  76.9  84.6  87.9  82.7  61.5  77.0  63.4  75.3  72.0  72.2  96.6  86.4  92.6  93.2  78.4 
test    62.1  52.8  84.4  76.8  67.8  94.3  83.2  73.8  68.6  80.4  70.5  68.0  69.9  66.3  98.0  74.0  90.8  99.1  76.7 
test_kp 56.4  50.7  81.0  73.5  65.5  93.3  82.8  72.8  68.0  77.7  72.1  67.0  69.7  64.5  98.4  71.6  90.7  99.4  75.3 
Epoch: 02, Loss: 0.3234, Acc: 0.97, Time: 13.9s, Eval: 4.1s
split   aerop bicyc bird  boat  bottl bus   car   cat   chair cow   dog   horse motor perso potte sheep train tvmon mean
val     62.4  68.7  82.4  76.2  76.5  84.4  88.2  84.2  63.0  76.3  62.8  72.8  71.3  72.2  96.6  87.3  88.2  94.4  78.2 
test    63.8  50.7  83.1  74.2  67.3  93.3  80.5  70.3  64.2  79.4  72.5  64.3  71.9  67.1  99.0  70.7  89.3  98.9  75.6 
test_kp 58.6  50.3  79.4  70.8  65.2  92.5  80.0  69.4  62.3  77.9  74.6  63.3  72.2  64.3  98.8  67.9  89.4  99.0  74.2 
Epoch: 03, Loss: 0.1373, Acc: 1.00, Time: 13.9s, Eval: 4.0s
split   aerop bicyc bird  boat  bottl bus   car   cat   chair cow   dog   horse motor perso potte sheep train tvmon mean
val     63.3  67.5  85.1  75.5  74.8  81.8  86.7  83.2  64.0  76.7  62.3  71.1  69.2  72.6  95.9  86.6  88.1  95.5  77.8 
test    63.5  52.9  82.0  72.7  67.5  92.2  80.3  71.1  61.4  78.9  71.4  65.5  73.2  66.4  97.5  69.1  88.5  98.2  75.1 
test_kp 58.2  51.0  78.4  69.3  66.3  91.8  79.6  70.0  60.0  76.5  73.7  64.0  73.1  63.5  97.7  67.0  88.6  98.1  73.7 
Epoch: 04, Loss: 0.0870, Acc: 1.00, Time: 13.2s, Eval: 3.9s
split   aerop bicyc bird  boat  bottl bus   car   cat   chair cow   dog   horse motor perso potte sheep train tvmon mean
val     63.5  62.7  85.1  73.6  76.4  83.5  87.0  83.0  64.2  75.1  62.8  72.6  71.6  73.6  93.6  86.3  89.5  94.7  77.7 
test    62.1  52.2  84.0  74.1  67.3  93.0  82.0  68.8  64.4  77.8  71.2  63.7  73.9  66.4  99.1  69.6  88.5  98.6  75.4 
test_kp 57.0  50.7  80.9  70.5  65.7  92.4  81.1  68.0  62.8  75.7  73.7  62.3  73.2  63.5  99.2  66.8  88.4  98.7  73.9 
Epoch: 05, Loss: 0.0698, Acc: 1.00, Time: 13.2s, Eval: 4.1s
split   aerop bicyc bird  boat  bottl bus   car   cat   chair cow   dog   horse motor perso potte sheep train tvmon mean
val     62.5  68.8  84.7  77.5  73.8  81.7  87.5  82.1  57.6  76.1  62.5  71.5  72.3  71.9  93.6  85.3  89.1  94.1  77.4 
test    62.9  52.6  84.2  72.3  67.1  93.5  81.3  69.5  62.8  75.2  72.1  65.0  71.1  65.6  97.2  69.4  87.5  96.9  74.8 
test_kp 57.9  51.1  80.9  68.7  65.5  92.5  81.1  68.6  59.6  74.3  74.3  63.5  70.8  62.5  97.6  66.9  88.3  97.5  73.4 
Epoch: 06, Loss: 0.0674, Acc: 1.00, Time: 13.7s, Eval: 4.1s
split   aerop bicyc bird  boat  bottl bus   car   cat   chair cow   dog   horse motor perso potte sheep train tvmon mean
val     63.2  66.3  84.0  75.9  76.4  85.6  86.5  76.9  61.8  73.7  62.8  72.0  70.6  70.2  93.7  85.2  87.9  94.3  77.1 
test    60.9  53.9  83.0  72.9  67.0  93.0  82.3  68.1  61.8  77.2  72.9  64.1  68.8  65.3  96.7  70.5  85.4  95.6  74.4 
test_kp 56.3  51.7  79.7  69.2  65.6  93.0  82.1  67.1  59.6  76.1  75.0  61.9  68.5  62.1  96.4  67.0  86.7  95.8  73.0 
Epoch: 07, Loss: 0.0437, Acc: 1.00, Time: 13.7s, Eval: 4.2s
split   aerop bicyc bird  boat  bottl bus   car   cat   chair cow   dog   horse motor perso potte sheep train tvmon mean
val     63.4  64.6  83.7  77.3  75.9  83.2  86.0  78.8  61.7  71.0  61.9  71.2  73.3  68.1  94.7  86.4  88.5  94.9  76.9 
test    62.4  52.9  84.7  71.1  67.7  90.9  82.2  67.6  60.8  78.8  72.9  64.0  69.6  64.8  96.3  68.3  84.2  96.8  74.2 
test_kp 57.8  51.3  81.1  66.7  65.8  90.8  82.0  66.5  57.5  77.5  74.7  62.3  68.9  61.1  96.4  65.8  85.5  97.1  72.7 
Epoch: 08, Loss: 0.0491, Acc: 1.00, Time: 13.5s, Eval: 4.0s
split   aerop bicyc bird  boat  bottl bus   car   cat   chair cow   dog   horse motor perso potte sheep train tvmon mean
val     63.6  63.6  85.7  77.4  74.9  83.9  86.7  77.6  61.8  72.2  61.2  71.8  68.5  70.9  91.5  81.2  89.9  94.7  76.5 
test    62.7  52.5  82.3  70.9  66.8  91.3  81.6  67.4  62.7  77.8  73.0  61.4  68.9  63.3  97.5  68.6  85.2  98.5  74.0 
test_kp 58.1  50.8  79.3  67.1  64.7  91.3  82.1  66.4  59.4  77.2  75.3  59.7  68.6  61.0  97.3  65.3  86.4  98.8  72.7 
Epoch: 09, Loss: 0.0503, Acc: 1.00, Time: 13.6s, Eval: 4.1s
split   aerop bicyc bird  boat  bottl bus   car   cat   chair cow   dog   horse motor perso potte sheep train tvmon mean
val     63.3  64.2  82.8  73.6  74.2  81.1  88.5  81.9  57.8  73.1  62.1  71.0  69.5  73.3  93.3  82.9  88.4  94.0  76.4 
test    61.9  49.7  81.9  69.6  65.7  92.3  81.9  67.1  59.9  75.4  72.6  62.2  68.8  63.5  95.0  67.6  86.6  96.4  73.2 
test_kp 56.9  47.0  78.7  65.5  64.6  92.0  81.7  66.1  57.8  74.0  74.4  60.6  68.9  60.5  95.0  64.3  87.1  97.1  71.8 
Epoch: 10, Loss: 0.0572, Acc: 1.00, Time: 13.5s, Eval: 4.1s
split   aerop bicyc bird  boat  bottl bus   car   cat   chair cow   dog   horse motor perso potte sheep train tvmon mean
val     61.5  62.7  81.2  74.4  75.5  82.0  86.9  77.0  61.1  76.3  61.8  73.1  70.9  68.2  93.9  85.9  90.3  94.8  76.5 
test    61.9  53.4  83.3  69.6  66.9  91.6  80.0  68.9  61.3  77.3  72.0  63.4  68.1  61.0  97.7  68.8  85.4  97.6  73.8 
test_kp 56.1  52.2  79.8  65.7  64.8  91.9  80.8  67.7  58.0  75.6  74.4  62.0  69.1  57.7  97.0  65.4  86.6  98.1  72.4 
Epoch: 11, Loss: 0.0622, Acc: 1.00, Time: 13.6s, Eval: 4.2s
split   aerop bicyc bird  boat  bottl bus   car   cat   chair cow   dog   horse motor perso potte sheep train tvmon mean
val     62.1  63.7  82.1  79.2  74.2  81.1  86.4  77.7  57.6  72.1  59.9  71.5  71.9  68.3  91.5  82.7  86.5  95.7  75.8 
test    59.2  52.6  82.1  70.6  66.8  92.2  81.5  67.8  60.8  76.9  70.6  63.2  67.8  63.7  96.8  65.7  86.1  97.2  73.4 
test_kp 54.4  51.1  78.9  65.9  65.6  92.2  81.2  66.5  57.7  74.4  72.5  61.3  68.2  59.7  97.2  61.6  85.8  97.6  71.8 
Epoch: 12, Loss: 0.0433, Acc: 1.00, Time: 14.2s, Eval: 4.2s
split   aerop bicyc bird  boat  bottl bus   car   cat   chair cow   dog   horse motor perso potte sheep train tvmon mean
val     62.1  62.5  85.1  73.9  75.3  79.4  86.9  81.1  56.2  73.8  60.0  70.5  69.1  73.3  88.5  82.9  87.2  94.3  75.7 
test    60.0  49.8  84.0  69.5  67.0  92.8  79.7  67.3  60.2  76.3  70.6  64.1  70.7  64.1  93.1  69.5  86.4  97.4  73.5 
test_kp 55.4  48.4  80.4  64.9  65.3  92.1  79.1  66.3  57.4  74.4  73.1  61.9  70.2  60.8  94.6  63.5  86.8  98.2  71.8 
Epoch: 13, Loss: 0.0954, Acc: 1.00, Time: 14.6s, Eval: 4.3s
split   aerop bicyc bird  boat  bottl bus   car   cat   chair cow   dog   horse motor perso potte sheep train tvmon mean
val     60.5  63.7  80.5  75.3  73.2  82.6  86.9  78.0  58.1  70.2  60.6  70.5  65.3  64.9  89.5  80.0  86.2  95.3  74.5 
test    61.7  51.2  80.7  68.5  65.9  89.9  80.4  69.1  58.5  74.1  68.9  60.8  67.3  62.9  91.8  67.4  79.7  96.2  72.0 
test_kp 57.2  49.4  77.7  63.9  64.1  89.5  80.7  68.1  55.7  72.7  70.6  59.1  66.6  59.6  93.6  63.2  81.1  96.9  70.5 
Epoch: 14, Loss: 0.1100, Acc: 1.00, Time: 14.3s, Eval: 4.1s
split   aerop bicyc bird  boat  bottl bus   car   cat   chair cow   dog   horse motor perso potte sheep train tvmon mean
val     61.7  62.3  85.7  75.4  74.0  78.6  83.7  78.0  57.4  70.7  62.2  72.4  71.7  67.7  88.6  82.8  88.8  94.0  75.3 
test    59.4  54.7  81.6  69.6  67.7  90.3  79.6  69.6  61.5  76.0  70.9  60.6  66.3  60.7  96.8  67.8  84.4  95.2  72.9 
test_kp 55.5  54.4  78.3  64.9  65.5  89.9  79.5  68.7  57.5  73.7  72.9  59.8  66.6  57.3  95.9  62.8  84.4  96.7  71.3 
Epoch: 15, Loss: 0.0661, Acc: 1.00, Time: 13.9s, Eval: 3.9s
split   aerop bicyc bird  boat  bottl bus   car   cat   chair cow   dog   horse motor perso potte sheep train tvmon mean
val     62.2  62.3  82.9  73.5  74.8  79.1  87.2  74.1  60.3  71.4  60.4  72.1  69.4  67.2  92.0  83.3  90.5  93.5  75.3 
test    59.2  52.8  80.1  69.6  66.7  91.2  79.7  67.3  62.2  76.8  70.7  60.5  68.0  62.5  95.5  67.7  85.8  95.4  72.9 
test_kp 55.3  51.5  76.9  65.2  64.6  90.4  79.5  66.2  59.9  74.4  72.1  58.8  68.3  58.4  95.0  63.8  85.2  96.6  71.2 
Final test accuracy: 72.87 (best 76.70, at best val epoch 1: 76.70)
Final test keypoint accuracy: 71.23
DONE
