SPair-71k (large layout): 53340 train / 5384 val / 12234 test pairs
DGMC with 3739553 parameters
froze 2592 basis-shape parameters (--freeze_basis)
Epoch: 01, Loss: 1.5137, Acc: 0.77, Time: 9.9s, Eval: 3.1s
split   aerop bicyc bird  boat  bottl bus   car   cat   chair cow   dog   horse motor perso potte sheep train tvmon mean
val     63.9  64.3  86.5  77.4  76.8  84.5  89.5  85.4  63.6  78.6  63.4  73.5  72.2  78.1  95.7  83.6  92.4  96.1  79.2 
test    65.0  49.5  81.8  76.2  69.0  92.8  82.8  74.3  67.5  80.6  70.6  68.8  69.9  71.5  97.6  75.8  91.2  98.9  76.9 
test_kp 59.4  48.4  78.4  72.1  67.0  92.0  81.5  73.2  65.3  78.0  71.8  67.9  70.2  69.0  98.5  72.3  92.9  99.3  75.4 
Epoch: 02, Loss: 0.3095, Acc: 0.98, Time: 9.5s, Eval: 2.5s
split   aerop bicyc bird  boat  bottl bus   car   cat   chair cow   dog   horse motor perso potte sheep train tvmon mean
val     65.4  63.2  85.7  77.7  74.7  87.8  91.0  85.2  61.0  76.0  62.7  75.3  73.3  75.5  94.3  85.8  93.6  95.3  79.1 
test    66.6  47.9  82.8  76.0  67.9  93.0  83.9  71.1  66.3  79.2  69.7  67.0  67.2  68.2  97.9  73.6  90.7  98.8  76.0 
test_kp 61.6  46.2  80.0  72.6  65.9  92.7  84.2  69.9  63.7  77.3  71.4  66.1  67.3  65.7  98.1  71.2  91.4  99.4  74.7 
Epoch: 03, Loss: 0.1408, Acc: 1.00, Time: 9.3s, Eval: 2.4s
split   aerop bicyc bird  boat  bottl bus   car   cat   chair cow   dog   horse motor perso potte sheep train tvmon mean
val     64.1  59.0  85.5  79.0  76.7  83.8  89.3  84.2  60.2  76.6  61.2  75.1  70.7  72.5  93.0  81.1  92.4  93.0  77.6 
test    64.5  49.2  82.4  74.4  68.4  92.3  82.5  70.2  65.9  78.5  68.6  66.3  68.5  67.8  98.3  73.8  88.0  97.5  75.4 
test_kp 59.3  48.3  79.6  69.7  66.4  92.1  83.0  69.0  63.4  76.5  70.9  65.0  68.8  64.9  98.2  70.8  90.5  98.3  74.1 
Epoch: 04, Loss: 0.0922, Acc: 1.00, Time: 9.3s, Eval: 2.4s
split   aerop bicyc bird  boat  bottl bus   car   cat   chair cow   dog   horse motor perso potte sheep train tvmon mean
val     66.0  61.5  83.6  77.2  76.4  84.2  90.3  83.0  60.9  77.0  60.7  73.7  69.5  73.4  86.8  80.6  93.2  94.1  77.4 
test    65.9  50.4  82.4  71.1  66.9  92.5  80.2  70.0  64.5  79.0  69.0  63.7  68.9  66.5  97.7  74.5  89.0  99.1  75.1 
test_kp 61.2  49.3  79.3  67.0  65.1  91.6  79.3  68.5  62.0  76.4  70.6  63.0  68.3  63.0  98.1  71.2  90.8  99.6  73.6 
Epoch: 05, Loss: 0.0733, Acc: 1.00, Time: 9.3s, Eval: 2.4s
split   aerop bicyc bird  boat  bottl bus   car   cat   chair cow   dog   horse motor perso potte sheep train tvmon mean
val     65.6  59.0  86.1  75.3  76.7  84.0  91.0  81.4  57.3  76.6  58.2  70.3  69.0  74.9  87.8  81.9  93.2  94.8  76.8 
test    65.4  47.1  83.4  72.2  67.8  93.6  80.6  70.8  64.5  77.6  69.7  64.3  68.8  66.4  96.7  72.6  89.0  98.3  74.9 
test_kp 61.1  45.7  80.1  68.0  65.8  93.3  79.9  69.4  61.6  75.4  71.6  63.2  68.5  63.5  97.4  69.8  90.9  99.1  73.6 
Epoch: 06, Loss: 0.0554, Acc: 1.00, Time: 9.5s, Eval: 2.4s
split   aerop bicyc bird  boat  bottl bus   car   cat   chair cow   dog   horse motor perso potte sheep train tvmon mean
val     63.3  58.4  84.9  74.9  75.0  83.3  90.0  80.7  57.9  78.1  58.6  72.7  70.5  73.0  86.3  80.2  91.4  93.0  76.2 
test    62.3  46.3  82.7  72.1  66.1  92.8  81.5  69.7  63.2  77.5  68.7  66.6  66.7  65.1  97.0  73.8  89.6  98.2  74.4 
test_kp 57.8  44.5  79.9  68.1  64.1  92.0  80.7  68.3  60.7  76.5  70.4  65.4  67.8  62.6  97.3  69.8  90.0  99.1  73.1 
Epoch: 07, Loss: 0.0589, Acc: 1.00, Time: 9.3s, Eval: 2.4s
split   aerop bicyc bird  boat  bottl bus   car   cat   chair cow   dog   horse motor perso potte sheep train tvmon mean
val     63.5  56.6  82.3  72.6  77.9  83.0  86.2  84.8  58.0  76.2  58.4  72.4  69.3  71.7  92.6  77.7  94.0  92.1  76.1 
test    63.4  45.6  80.5  70.6  66.6  91.8  81.1  67.6  65.7  76.4  67.0  63.8  63.4  64.3  95.9  73.1  88.0  97.7  73.5 
test_kp 59.1  43.6  77.5  66.3  64.6  91.6  81.4  66.2  63.4  75.3  69.0  62.3  63.5  62.8  96.1  70.2  89.6  98.4  72.3 
Epoch: 08, Loss: 0.0635, Acc: 1.00, Time: 9.3s, Eval: 2.4s
split   aerop bicyc bird  boat  bottl bus   car   cat   chair cow   dog   horse motor perso potte sheep train tvmon mean
val     63.9  59.9  84.1  75.8  76.5  85.5  89.9  84.7  54.6  76.3  58.6  73.6  68.5  73.1  91.8  79.9  91.5  96.4  76.9 
test    63.8  47.9  81.9  71.5  66.7  92.9  81.3  69.5  64.3  76.4  69.0  64.2  67.8  62.9  94.2  71.6  90.1  98.6  74.1 
test_kp 59.1  46.8  78.7  66.9  65.0  92.3  80.8  68.1  62.0  74.9  70.6  62.8  66.3  60.1  94.0  67.4  90.6  99.2  72.5 
Epoch: 09, Loss: 0.0588, Acc: 1.00, Time: 9.3s, Eval: 2.4s
split   aerop bicyc bird  boat  bottl bus   car   cat   chair cow   dog   horse motor perso potte sheep train tvmon mean
val     62.7  56.2  83.8  76.2  71.7  82.2  89.9  83.7  54.5  76.6  61.8  72.1  69.5  69.9  84.7  80.3  90.8  92.2  75.5 
test    61.5  47.5  78.8  71.6  66.9  92.4  79.3  66.6  59.8  76.6  67.2  61.6  66.3  62.1  94.2  70.3  90.1  96.6  72.7 
test_kp 57.2  45.6  75.9  67.0  65.1  91.9  79.0  65.3  57.4  74.5  69.1  60.8  66.1  59.1  95.0  65.8  90.6  97.7  71.3 
Epoch: 10, Loss: 0.0634, Acc: 1.00, Time: 9.3s, Eval: 2.4s
split   aerop bicyc bird  boat  bottl bus   car   cat   chair cow   dog   horse motor perso potte sheep train tvmon mean
val     61.4  59.2  82.7  74.7  73.8  82.1  89.5  81.2  55.9  73.8  58.4  72.0  69.3  68.3  89.8  79.5  87.5  94.0  75.2 
test    62.9  47.1  78.4  70.9  67.4  91.6  80.9  67.9  63.5  75.6  68.2  62.5  68.7  61.1  96.3  70.3  88.6  97.3  73.3 
test_kp 57.5  45.6  75.9  66.8  65.5  91.3  80.3  66.3  60.5  73.6  69.1  60.8  68.5  57.9  96.9  66.8  90.0  98.4  71.8 
Epoch: 11, Loss: 0.0488, Acc: 1.00, Time: 9.3s, Eval: 2.6s
split   aerop bicyc bird  boat  bottl bus   car   cat   chair cow   dog   horse motor perso potte sheep train tvmon mean
val     61.1  57.4  83.2  71.7  73.1  84.4  89.6  81.5  53.8  74.1  56.3  70.5  67.7  69.4  86.9  79.9  87.8  93.5  74.6 
test    62.3  47.3  79.8  69.4  66.9  90.3  80.0  68.5  63.9  75.1  67.2  62.9  64.9  61.8  96.0  70.7  88.4  96.4  72.9 
test_kp 57.0  45.7  76.7  64.8  65.0  90.4  80.0  67.2  61.3  73.1  68.5  61.1  64.5  58.1  95.3  66.8  89.4  97.8  71.3 
Epoch: 12, Loss: 0.0492, Acc: 1.00, Time: 9.3s, Eval: 2.4s
split   aerop bicyc bird  boat  bottl bus   car   cat   chair cow   dog   horse motor perso potte sheep train tvmon mean
val     63.2  56.0  82.1  73.7  74.8  85.5  87.9  79.4  59.5  72.0  57.0  69.2  67.7  66.5  88.9  79.2  89.3  93.4  74.7 
test    62.8  47.0  80.0  70.2  67.3  92.1  79.1  67.2  63.8  76.6  67.6  63.2  66.7  60.1  95.6  69.6  89.7  96.5  73.1 
test_kp 57.7  46.4  76.9  65.9  65.9  91.8  78.8  65.9  62.7  73.9  68.6  61.4  67.3  58.4  94.4  66.3  91.0  97.9  71.7 
Epoch: 13, Loss: 0.0757, Acc: 1.00, Time: 9.3s, Eval: 2.4s
split   aerop bicyc bird  boat  bottl bus   car   cat   chair cow   dog   horse motor perso potte sheep train tvmon mean
val     61.7  57.7  83.1  73.9  71.5  81.3  89.4  78.3  55.0  72.8  59.0  70.0  66.4  69.4  86.6  77.1  87.4  92.7  74.1 
test    61.8  44.5  81.3  68.1  67.2  90.5  79.0  67.5  60.6  76.3  67.9  60.6  65.6  60.0  95.7  70.2  89.4  94.4  72.3 
test_kp 56.7  43.5  77.8  62.7  65.7  90.4  78.4  66.3  58.2  73.8  69.0  59.3  65.0  56.2  96.0  66.5  90.3  95.7  70.6 
Epoch: 14, Loss: 0.0844, Acc: 1.00, Time: 9.3s, Eval: 2.4s
split   aerop bicyc bird  boat  bottl bus   car   cat   chair cow   dog   horse motor perso potte sheep train tvmon mean
val     59.1  58.9  81.1  71.3  70.5  84.1  90.0  84.0  53.1  71.4  58.8  70.6  65.7  67.2  82.9  77.4  88.7  92.5  73.7 
test    64.3  49.6  80.4  68.9  68.4  90.3  79.4  69.1  61.7  78.3  70.4  62.2  61.0  59.8  93.9  70.8  89.1  95.2  72.9 
test_kp 59.3  48.8  77.3  63.9  66.5  90.7  78.6  67.8  59.2  76.0  71.9  60.6  60.9  56.3  92.9  67.6  90.2  96.4  71.4 
Epoch: 15, Loss: 0.0552, Acc: 1.00, Time: 9.3s, Eval: 2.4s
split   aerop bicyc bird  boat  bottl bus   car   cat   chair cow   dog   horse motor perso potte sheep train tvmon mean
val     61.3  58.7  81.4  71.8  69.7  83.8  88.7  80.9  55.4  71.1  59.5  71.6  69.8  69.8  84.5  80.9  86.9  91.3  74.3 
test    62.2  48.8  80.2  70.5  66.7  92.6  78.4  66.3  61.8  77.2  70.3  62.6  67.8  63.0  96.2  69.9  86.9  94.6  73.1 
test_kp 57.2  47.6  77.8  65.7  65.5  91.8  77.8  64.8  59.0  75.0  71.4  61.1  67.7  60.0  95.5  65.5  88.7  96.2  71.6 
Final test accuracy: 73.10 (best 76.87, at best val epoch 1: 76.87)
Final test keypoint accuracy: 71.55
DONE
