SPair-71k (large layout): 53340 train / 5384 val / 12234 test pairs
DGMC with 853665 parameters
Epoch: 01, Loss: 3.0737, Acc: 0.51, Time: 7.4s, Eval: 2.8s
split   aerop bicyc bird  boat  bottl bus   car   cat   chair cow   dog   horse motor perso potte sheep train tvmon mean
val     58.4  60.8  86.4  59.5  72.2  69.2  77.7  80.0  49.0  68.1  57.8  64.3  67.3  60.6  70.7  79.4  78.7  92.6  69.6 
test    63.0  42.6  79.1  58.3  63.4  79.2  65.2  68.0  50.4  69.7  65.0  62.4  58.4  59.9  84.3  66.2  76.7  91.6  66.8 
test_kp 56.0  42.3  75.4  50.7  62.4  76.5  61.9  66.7  48.6  67.0  64.4  59.9  55.2  57.5  83.5  61.1  77.0  92.3  64.4 
Epoch: 02, Loss: 1.2024, Acc: 0.85, Time: 6.6s, Eval: 2.1s
split   aerop bicyc bird  boat  bottl bus   car   cat   chair cow   dog   horse motor perso potte sheep train tvmon mean
val     60.7  53.0  83.4  61.2  69.4  74.8  79.9  77.0  51.4  72.1  57.1  63.1  65.6  64.0  69.4  79.2  77.5  91.1  69.4 
test    63.6  43.4  79.3  60.5  61.6  84.4  68.6  67.9  48.2  69.5  66.5  62.3  63.3  54.7  84.6  64.7  73.5  90.4  67.0 
test_kp 57.1  43.2  76.1  52.9  61.2  82.3  65.3  66.8  46.7  68.0  66.8  59.9  60.6  52.3  84.2  61.4  74.0  90.9  65.0 
Epoch: 03, Loss: 0.6402, Acc: 0.94, Time: 6.5s, Eval: 2.0s
split   aerop bicyc bird  boat  bottl bus   car   cat   chair cow   dog   horse motor perso potte sheep train tvmon mean
val     57.6  51.1  82.5  61.6  66.7  72.2  76.8  76.5  46.8  66.9  52.9  56.2  62.7  59.4  65.9  78.0  74.6  90.5  66.6 
test    62.2  37.7  72.9  55.4  58.9  81.7  68.3  67.0  45.6  64.7  66.4  57.7  61.9  51.5  81.7  62.5  67.8  88.1  64.0 
test_kp 55.4  37.1  69.3  47.4  58.7  79.1  64.8  66.3  42.8  64.0  66.5  55.5  60.1  48.9  80.3  58.1  67.6  88.4  61.7 
Epoch: 04, Loss: 0.3567, Acc: 0.98, Time: 6.7s, Eval: 2.1s
split   aerop bicyc bird  boat  bottl bus   car   cat   chair cow   dog   horse motor perso potte sheep train tvmon mean
val     57.1  52.0  81.8  60.6  67.0  69.3  74.5  74.8  46.7  65.9  53.4  53.7  61.2  54.1  63.7  77.6  70.7  88.9  65.2 
test    62.2  40.7  70.7  53.2  58.7  83.6  67.0  64.6  44.3  64.3  66.1  54.6  63.7  50.4  79.5  59.3  65.5  86.6  63.1 
test_kp 55.6  39.3  66.8  45.2  58.2  80.8  63.0  63.9  41.3  63.8  66.8  51.9  60.6  47.6  78.1  55.1  65.0  87.0  60.6 
Epoch: 05, Loss: 0.2172, Acc: 0.99, Time: 6.7s, Eval: 2.0s
split   aerop bicyc bird  boat  bottl bus   car   cat   chair cow   dog   horse motor perso potte sheep train tvmon mean
val     55.4  51.8  82.5  58.5  64.3  67.3  72.7  74.3  44.4  65.2  56.3  51.5  59.8  53.4  61.7  76.2  66.1  87.2  63.8 
test    60.8  38.4  67.6  53.1  57.2  81.7  65.0  64.3  41.5  61.4  63.1  53.2  62.2  51.1  78.5  57.3  62.4  87.3  61.5 
test_kp 54.3  36.2  64.4  44.3  57.0  78.4  60.9  63.6  38.1  61.0  63.7  50.6  59.6  47.6  77.3  51.8  62.3  87.2  58.8 
Epoch: 06, Loss: 0.1471, Acc: 1.00, Time: 6.6s, Eval: 2.0s
split   aerop bicyc bird  boat  bottl bus   car   cat   chair cow   dog   horse motor perso potte sheep train tvmon mean
val     56.2  53.5  83.7  61.6  62.8  67.0  70.1  72.6  42.2  64.5  53.8  51.7  63.1  53.3  66.1  76.5  66.2  85.8  63.9 
test    60.7  37.9  68.8  53.8  57.6  82.6  64.7  63.7  41.2  62.4  62.9  53.4  62.6  49.3  79.5  57.2  63.2  87.1  61.6 
test_kp 54.0  36.2  65.1  45.7  56.8  80.0  61.0  62.9  37.9  61.8  63.6  50.7  60.1  46.1  77.5  52.1  62.6  87.0  58.9 
Epoch: 07, Loss: 0.1058, Acc: 1.00, Time: 6.5s, Eval: 2.0s
split   aerop bicyc bird  boat  bottl bus   car   cat   chair cow   dog   horse motor perso potte sheep train tvmon mean
val     56.7  53.4  81.8  60.5  63.6  67.7  65.7  72.6  42.4  64.5  55.8  53.2  62.9  56.1  63.1  76.0  67.6  87.2  63.9 
test    61.3  37.9  68.7  51.3  57.8  82.8  63.5  61.2  41.4  61.1  62.2  54.4  62.2  48.6  80.7  56.9  62.6  87.4  61.2 
test_kp 54.2  36.1  64.8  43.4  57.1  80.2  59.8  60.6  39.1  60.5  63.2  51.8  59.4  45.2  78.3  51.9  61.2  87.4  58.6 
Epoch: 08, Loss: 0.0818, Acc: 1.00, Time: 6.6s, Eval: 2.1s
split   aerop bicyc bird  boat  bottl bus   car   cat   chair cow   dog   horse motor perso potte sheep train tvmon mean
val     56.6  50.8  80.6  59.5  62.7  65.5  71.9  73.1  40.8  66.2  56.5  51.3  60.1  55.4  63.2  74.1  63.1  84.1  63.1 
test    61.3  37.7  65.2  51.2  55.6  79.8  64.7  63.7  39.9  60.2  63.1  51.4  59.8  47.9  77.8  57.3  61.6  86.0  60.2 
test_kp 54.8  35.8  61.7  42.4  55.5  77.0  60.7  62.9  36.3  59.4  63.3  49.0  57.4  44.6  75.1  51.7  60.8  85.6  57.5 
Epoch: 09, Loss: 0.0661, Acc: 1.00, Time: 6.5s, Eval: 2.1s
split   aerop bicyc bird  boat  bottl bus   car   cat   chair cow   dog   horse motor perso potte sheep train tvmon mean
val     56.3  49.1  80.3  60.3  60.3  68.6  68.2  71.8  39.3  62.6  55.0  49.2  57.8  56.1  65.5  75.7  64.6  85.1  62.5 
test    60.6  37.6  67.4  50.8  57.0  79.6  63.3  60.9  41.8  58.8  62.0  53.7  60.3  47.4  76.8  57.9  61.4  85.3  60.1 
test_kp 53.9  35.3  64.0  42.4  56.6  77.5  59.1  60.3  37.7  58.2  62.2  50.7  58.8  44.4  74.1  52.6  59.9  84.7  57.4 
Epoch: 10, Loss: 0.0528, Acc: 1.00, Time: 6.5s, Eval: 2.0s
split   aerop bicyc bird  boat  bottl bus   car   cat   chair cow   dog   horse motor perso potte sheep train tvmon mean
val     56.1  50.3  79.8  60.8  60.9  66.0  63.6  70.7  40.3  64.2  54.7  48.9  59.2  55.9  62.9  74.2  63.6  85.0  62.0 
test    60.9  37.3  66.8  50.9  57.2  80.9  64.5  62.6  41.3  59.7  62.2  52.4  62.1  49.4  76.9  57.0  58.6  85.4  60.3 
test_kp 53.8  34.8  63.6  41.8  56.5  77.6  61.2  61.9  36.6  58.7  62.8  50.3  60.4  45.9  74.2  51.2  57.5  84.7  57.4 
Epoch: 11, Loss: 0.0463, Acc: 1.00, Time: 6.6s, Eval: 2.1s
split   aerop bicyc bird  boat  bottl bus   car   cat   chair cow   dog   horse motor perso potte sheep train tvmon mean
val     55.5  52.4  79.5  59.9  59.2  68.1  67.1  71.0  39.4  62.2  56.2  52.2  60.2  56.7  62.2  74.0  64.9  84.4  62.5 
test    59.5  38.2  64.2  49.5  57.9  80.8  62.5  63.0  38.8  57.8  62.1  50.1  60.8  47.3  75.3  57.5  60.2  84.5  59.4 
test_kp 53.0  35.9  61.0  40.1  57.0  78.1  58.7  62.3  35.4  57.0  62.6  48.1  58.8  43.8  71.9  51.1  59.1  83.7  56.5 
Epoch: 12, Loss: 0.0408, Acc: 1.00, Time: 6.5s, Eval: 2.0s
split   aerop bicyc bird  boat  bottl bus   car   cat   chair cow   dog   horse motor perso potte sheep train tvmon mean
val     56.1  52.4  76.7  59.7  60.2  67.5  65.6  72.3  37.6  59.8  52.0  49.1  60.0  55.5  62.4  73.4  61.4  84.2  61.4 
test    60.8  39.2  62.5  48.9  57.5  80.3  64.9  62.8  38.6  58.1  61.5  50.9  60.0  47.0  78.5  58.1  58.8  85.2  59.6 
test_kp 54.1  36.6  59.3  40.2  56.9  76.6  61.8  61.9  35.0  57.5  61.9  48.6  57.8  43.8  75.6  52.7  57.4  84.5  56.8 
Epoch: 13, Loss: 0.0413, Acc: 1.00, Time: 6.5s, Eval: 2.0s
split   aerop bicyc bird  boat  bottl bus   car   cat   chair cow   dog   horse motor perso potte sheep train tvmon mean
val     57.3  51.8  78.4  61.2  62.1  67.0  67.6  70.3  41.0  64.3  53.9  50.8  61.0  54.7  61.9  73.8  65.6  83.0  62.5 
test    59.1  37.8  66.8  50.1  57.8  81.1  61.8  62.1  40.7  59.4  63.8  53.9  62.6  46.1  78.8  57.8  62.3  85.0  60.4 
test_kp 52.9  35.8  62.9  41.2  57.2  78.0  57.8  61.3  37.1  57.9  64.3  51.4  61.0  43.2  76.0  52.2  61.4  84.5  57.6 
Epoch: 14, Loss: 0.0364, Acc: 1.00, Time: 6.5s, Eval: 2.0s
split   aerop bicyc bird  boat  bottl bus   car   cat   chair cow   dog   horse motor perso potte sheep train tvmon mean
val     55.8  53.2  78.4  60.1  61.0  68.5  63.9  74.5  43.5  60.7  52.8  49.6  61.2  51.1  63.0  70.6  64.0  82.9  61.9 
test    60.3  38.9  66.1  51.7  56.6  79.7  64.3  61.3  39.5  59.4  60.4  52.7  62.0  47.0  79.5  57.2  60.5  84.0  60.1 
test_kp 54.4  36.4  62.3  43.1  55.9  76.1  61.0  60.5  35.4  58.4  60.9  50.4  60.6  44.1  76.5  52.2  58.8  83.0  57.2 
Epoch: 15, Loss: 0.0311, Acc: 1.00, Time: 6.7s, Eval: 2.1s
split   aerop bicyc bird  boat  bottl bus   car   cat   chair cow   dog   horse motor perso potte sheep train tvmon mean
val     55.8  52.6  78.1  59.3  59.6  69.2  64.0  74.0  37.9  61.2  53.3  50.9  58.0  55.4  63.4  73.1  65.2  82.1  61.8 
test    59.7  38.8  65.0  51.4  55.6  81.1  62.7  62.2  41.4  57.8  62.0  52.5  59.2  49.4  78.4  56.7  60.0  83.4  59.8 
test_kp 53.6  36.3  61.7  42.5  55.2  77.5  60.0  61.2  37.1  57.1  62.5  50.5  56.7  46.3  75.3  50.7  58.4  83.0  57.0 
Final test accuracy: 59.85 (best 67.04, at best val epoch 1: 66.84)
Final test keypoint accuracy: 56.98
DONE
