SPair-71k (large layout): 53340 train / 5384 val / 12234 test pairs
DGMC with 853665 parameters
Epoch: 01, Loss: 2.9477, Acc: 0.54, Time: 7.5s, Eval: 3.1s
split   aerop bicyc bird  boat  bottl bus   car   cat   chair cow   dog   horse motor perso potte sheep train tvmon mean
val     61.4  58.7  81.6  68.6  71.2  74.1  75.5  78.4  50.1  71.3  60.5  65.2  71.0  61.3  74.3  74.8  80.3  93.7  70.7 
test    63.5  44.2  82.2  61.4  63.9  83.5  73.1  69.4  58.2  73.0  65.6  65.8  71.8  59.1  90.7  67.1  80.7  94.3  70.4 
test_kp 56.7  43.2  78.9  55.5  62.2  82.4  72.0  68.6  56.1  69.1  66.2  64.0  69.0  56.5  91.0  62.1  81.1  94.5  68.3 
Epoch: 02, Loss: 1.1938, Acc: 0.86, Time: 6.6s, Eval: 2.0s
split   aerop bicyc bird  boat  bottl bus   car   cat   chair cow   dog   horse motor perso potte sheep train tvmon mean
val     60.1  56.2  79.8  66.0  73.1  72.6  76.9  76.2  47.9  72.1  59.5  62.4  67.5  58.1  78.7  75.7  78.8  93.7  69.7 
test    64.5  45.7  83.0  59.2  64.3  82.3  69.7  70.0  57.8  73.7  66.9  62.5  69.2  56.1  93.1  69.5  76.5  95.9  70.0 
test_kp 57.7  45.0  79.7  52.8  62.7  80.8  67.1  69.3  54.4  71.7  67.9  60.9  67.1  53.9  93.2  65.5  77.5  96.4  68.0 
Epoch: 03, Loss: 0.6257, Acc: 0.94, Time: 6.5s, Eval: 2.0s
split   aerop bicyc bird  boat  bottl bus   car   cat   chair cow   dog   horse motor perso potte sheep train tvmon mean
val     58.8  52.0  77.8  62.4  72.1  70.1  73.9  74.4  45.0  70.5  56.4  59.8  65.9  55.7  74.1  76.8  75.3  89.5  67.2 
test    63.5  44.1  79.5  57.4  62.2  79.8  67.3  68.4  50.6  69.1  65.3  60.0  68.5  54.2  87.4  65.2  72.1  92.4  67.1 
test_kp 56.4  43.4  76.1  49.2  60.9  77.2  63.9  67.7  47.8  67.7  66.0  58.1  65.4  51.1  87.5  61.2  72.3  93.0  64.7 
Epoch: 04, Loss: 0.3465, Acc: 0.98, Time: 6.6s, Eval: 2.1s
split   aerop bicyc bird  boat  bottl bus   car   cat   chair cow   dog   horse motor perso potte sheep train tvmon mean
val     57.3  49.5  77.7  63.9  64.8  69.9  71.9  74.4  46.6  69.1  53.2  56.4  62.4  52.7  70.6  77.6  70.3  89.3  65.4 
test    60.4  40.4  77.4  55.4  62.7  79.8  67.6  66.5  48.6  66.6  62.8  57.6  66.5  49.7  85.7  62.9  66.4  90.9  64.9 
test_kp 53.6  40.0  74.3  46.7  61.1  76.5  64.5  65.8  44.2  64.7  64.0  55.8  62.9  46.5  85.5  57.6  66.9  91.1  62.3 
Epoch: 05, Loss: 0.2135, Acc: 0.99, Time: 6.7s, Eval: 2.0s
split   aerop bicyc bird  boat  bottl bus   car   cat   chair cow   dog   horse motor perso potte sheep train tvmon mean
val     56.4  49.7  78.0  61.3  68.4  65.0  68.3  73.4  46.7  67.6  49.9  57.7  61.4  52.3  69.6  75.5  69.1  87.5  64.3 
test    60.6  38.0  77.3  52.9  63.4  77.3  65.6  68.2  46.7  64.6  61.5  55.2  64.2  50.6  81.6  62.2  63.0  90.7  63.5 
test_kp 54.5  37.5  73.6  44.1  61.6  73.5  62.2  67.5  41.8  62.5  62.4  53.9  61.4  47.1  81.0  56.6  63.7  90.6  60.9 
Epoch: 06, Loss: 0.1436, Acc: 1.00, Time: 6.6s, Eval: 2.0s
split   aerop bicyc bird  boat  bottl bus   car   cat   chair cow   dog   horse motor perso potte sheep train tvmon mean
val     55.1  50.4  74.0  60.8  67.5  64.3  69.7  73.9  41.0  68.4  50.7  55.8  61.4  52.5  66.8  78.0  69.5  86.3  63.7 
test    59.8  38.5  73.5  53.2  60.9  75.9  64.7  67.1  49.3  64.0  60.0  54.5  61.4  50.7  82.7  60.6  61.3  87.3  62.5 
test_kp 53.8  37.7  70.6  44.7  59.3  72.6  61.4  66.3  44.8  62.3  61.2  53.1  58.3  46.2  82.2  55.2  62.7  86.8  60.0 
Epoch: 07, Loss: 0.1071, Acc: 1.00, Time: 6.6s, Eval: 2.0s
split   aerop bicyc bird  boat  bottl bus   car   cat   chair cow   dog   horse motor perso potte sheep train tvmon mean
val     57.1  49.2  75.3  61.0  64.6  65.7  71.0  73.2  42.4  66.8  49.9  54.2  58.9  51.7  67.2  76.1  66.4  86.2  63.2 
test    60.5  38.4  73.5  51.8  61.4  76.6  66.3  64.9  47.3  62.0  59.4  55.3  63.6  51.0  79.6  59.6  60.2  87.9  62.2 
test_kp 54.4  38.0  70.2  43.0  59.6  72.7  63.5  64.3  43.2  60.1  60.4  53.6  60.4  46.4  79.5  54.0  60.5  87.2  59.5 
Epoch: 08, Loss: 0.0861, Acc: 1.00, Time: 6.6s, Eval: 2.3s
split   aerop bicyc bird  boat  bottl bus   car   cat   chair cow   dog   horse motor perso potte sheep train tvmon mean
val     56.7  47.1  74.1  63.2  66.9  65.9  71.2  73.9  41.4  66.9  50.3  55.1  58.2  53.1  67.5  76.4  66.2  84.6  63.3 
test    60.5  37.8  71.7  52.0  61.4  78.2  65.1  65.2  47.1  61.3  59.1  54.4  60.4  48.2  80.5  60.7  60.6  87.5  61.8 
test_kp 54.1  37.0  68.6  43.1  59.7  74.7  62.6  64.3  42.7  60.2  60.3  52.6  57.5  44.0  79.8  54.7  60.9  86.8  59.1 
Epoch: 09, Loss: 0.0699, Acc: 1.00, Time: 6.6s, Eval: 2.0s
split   aerop bicyc bird  boat  bottl bus   car   cat   chair cow   dog   horse motor perso potte sheep train tvmon mean
val     55.5  47.7  72.9  60.3  65.3  65.7  69.7  73.0  38.0  65.5  49.1  56.9  63.6  49.1  66.9  76.3  65.7  83.1  62.5 
test    59.7  39.9  72.8  52.3  61.7  75.3  63.9  63.6  49.9  64.9  57.1  54.4  58.8  46.6  80.2  61.4  60.5  87.3  61.7 
test_kp 53.9  39.0  69.3  43.7  60.4  71.6  61.2  62.9  45.4  62.6  58.8  52.5  56.2  42.1  79.8  55.7  60.8  86.8  59.0 
Epoch: 10, Loss: 0.0632, Acc: 1.00, Time: 6.7s, Eval: 2.0s
split   aerop bicyc bird  boat  bottl bus   car   cat   chair cow   dog   horse motor perso potte sheep train tvmon mean
val     56.6  48.3  71.4  59.1  67.8  65.3  69.7  73.4  36.4  67.5  49.6  54.3  57.1  55.2  63.9  75.5  65.6  84.1  62.3 
test    59.2  39.1  70.6  52.0  60.7  75.2  64.4  65.4  46.3  62.3  55.8  55.3  60.9  51.2  77.1  60.6  59.7  86.4  61.2 
test_kp 53.2  38.6  66.9  43.4  59.3  71.0  61.3  64.7  41.3  60.1  57.3  53.1  57.7  46.3  77.0  54.4  59.3  86.1  58.4 
Epoch: 11, Loss: 0.0526, Acc: 1.00, Time: 6.5s, Eval: 2.1s
split   aerop bicyc bird  boat  bottl bus   car   cat   chair cow   dog   horse motor perso potte sheep train tvmon mean
val     54.7  49.5  73.4  60.1  66.5  66.6  71.5  69.4  37.2  66.3  52.1  56.2  57.3  56.7  63.8  74.2  63.9  83.8  62.4 
test    60.0  39.5  70.9  51.5  58.4  75.1  65.5  63.9  48.4  59.5  59.4  55.3  58.6  50.2  78.6  59.6  60.1  85.5  61.1 
test_kp 53.1  38.2  67.6  43.1  57.4  69.9  62.7  63.1  43.3  57.9  60.3  53.5  56.2  45.6  79.0  53.7  60.4  84.9  58.3 
Epoch: 12, Loss: 0.0429, Acc: 1.00, Time: 6.6s, Eval: 2.0s
split   aerop bicyc bird  boat  bottl bus   car   cat   chair cow   dog   horse motor perso potte sheep train tvmon mean
val     55.6  48.4  72.2  58.7  60.8  66.3  70.8  74.6  34.8  65.2  52.6  56.6  56.9  51.6  62.7  73.4  61.9  82.2  61.4 
test    58.5  38.5  71.6  50.4  61.2  75.1  64.4  63.1  47.0  62.5  58.2  55.1  59.7  48.4  77.6  59.8  59.6  84.2  60.8 
test_kp 52.2  38.0  67.6  41.7  59.4  70.6  61.6  62.4  41.8  60.8  59.8  53.0  56.7  43.5  77.0  53.1  59.6  83.5  57.9 
Epoch: 13, Loss: 0.0403, Acc: 1.00, Time: 6.5s, Eval: 2.0s
split   aerop bicyc bird  boat  bottl bus   car   cat   chair cow   dog   horse motor perso potte sheep train tvmon mean
val     56.6  48.5  72.4  58.9  64.3  66.5  69.4  76.0  36.3  63.2  52.5  58.0  56.5  51.8  65.4  73.7  61.7  82.6  61.9 
test    58.1  39.5  71.0  52.3  60.6  74.4  63.5  63.1  45.8  61.4  59.3  54.9  59.3  50.5  77.5  58.8  60.4  85.0  60.9 
test_kp 52.2  37.6  67.6  43.4  58.7  70.6  60.4  62.5  40.0  60.2  60.2  52.9  56.1  45.8  77.4  51.9  60.0  84.8  57.9 
Epoch: 14, Loss: 0.0370, Acc: 1.00, Time: 6.5s, Eval: 2.0s
split   aerop bicyc bird  boat  bottl bus   car   cat   chair cow   dog   horse motor perso potte sheep train tvmon mean
val     55.0  49.9  71.1  59.2  64.2  67.3  69.7  71.9  35.3  63.7  50.3  56.0  60.5  52.7  63.9  73.3  61.4  83.1  61.6 
test    56.9  39.3  72.3  52.1  58.7  74.6  64.2  62.3  46.4  59.4  59.6  54.8  60.6  51.6  79.5  60.7  61.2  83.9  61.0 
test_kp 51.1  37.3  69.0  43.2  58.2  70.8  61.0  61.7  41.6  57.7  60.6  52.9  57.1  47.4  78.8  53.3  61.2  83.7  58.2 
Epoch: 15, Loss: 0.0390, Acc: 1.00, Time: 6.7s, Eval: 2.3s
split   aerop bicyc bird  boat  bottl bus   car   cat   chair cow   dog   horse motor perso potte sheep train tvmon mean
val     54.7  48.9  72.2  59.4  65.4  65.8  71.1  73.4  38.2  62.9  52.2  56.9  57.9  52.3  64.4  72.2  62.7  84.2  61.9 
test    59.1  39.9  72.2  51.5  57.2  75.2  62.7  64.4  49.3  59.8  58.0  54.7  58.4  50.6  79.0  59.1  59.5  84.8  60.9 
test_kp 53.1  38.6  68.3  43.5  56.6  70.7  59.7  63.9  43.7  58.2  59.4  52.4  55.5  45.5  77.7  52.0  59.3  84.6  57.9 
Final test accuracy: 60.86 (best 70.41, at best val epoch 1: 70.41)
Final test keypoint accuracy: 57.93
DONE
