SPair-71k (large layout): 53340 train / 5384 val / 12234 test pairs
DGMC with 3739553 parameters
Epoch: 01, Loss: 1.4756, Acc: 0.78, Time: 10.9s, Eval: 3.2s
split   aerop bicyc bird  boat  bottl bus   car   cat   chair cow   dog   horse motor perso potte sheep train tvmon mean
val     64.1  70.0  84.9  76.5  78.3  88.6  87.6  86.5  64.1  76.1  64.4  75.1  75.3  76.8  93.7  81.8  95.8  92.4  79.6 
test    64.7  56.5  85.8  75.4  68.7  94.5  84.3  72.3  64.9  80.5  73.2  69.8  72.7  72.4  99.1  77.5  93.3  99.6  78.1 
test_kp 59.1  55.8  82.3  71.7  66.5  93.7  84.2  71.4  64.6  78.3  74.9  69.1  72.1  70.4  99.2  72.7  94.2  99.9  76.7 
Epoch: 02, Loss: 0.2709, Acc: 0.98, Time: 9.8s, Eval: 2.4s
split   aerop bicyc bird  boat  bottl bus   car   cat   chair cow   dog   horse motor perso potte sheep train tvmon mean
val     65.7  66.7  86.9  79.8  79.8  92.8  87.3  85.4  65.0  78.3  63.0  71.8  76.8  74.9  91.1  82.0  95.4  92.4  79.7 
test    66.4  53.9  83.9  73.4  67.8  95.3  84.6  71.4  63.6  80.6  72.5  65.8  71.8  70.2  96.0  76.2  94.0  99.4  77.1 
test_kp 60.9  53.8  80.8  69.0  66.4  95.0  84.5  70.5  62.2  78.8  74.3  65.4  70.8  67.9  96.5  71.8  95.4  99.7  75.7 
Epoch: 03, Loss: 0.1022, Acc: 1.00, Time: 9.7s, Eval: 2.3s
split   aerop bicyc bird  boat  bottl bus   car   cat   chair cow   dog   horse motor perso potte sheep train tvmon mean
val     63.6  67.4  86.6  81.4  77.1  89.9  90.7  81.8  60.4  75.7  61.3  70.5  75.4  72.1  89.7  82.0  95.2  94.0  78.6 
test    65.2  50.8  83.9  73.2  66.8  95.5  84.2  69.7  65.5  81.8  71.3  66.9  69.3  70.6  94.7  73.1  92.1  99.2  76.3 
test_kp 60.8  51.1  80.3  69.0  64.9  95.6  83.7  68.9  63.6  79.2  72.7  66.3  68.1  68.2  96.4  71.5  92.6  99.6  75.1 
Epoch: 04, Loss: 0.0632, Acc: 1.00, Time: 9.8s, Eval: 2.4s
split   aerop bicyc bird  boat  bottl bus   car   cat   chair cow   dog   horse motor perso potte sheep train tvmon mean
val     65.0  63.2  87.1  81.3  78.2  91.7  88.8  82.8  62.7  76.8  61.4  69.6  77.0  71.6  93.5  81.7  95.3  94.7  79.0 
test    64.6  51.7  86.0  75.2  67.3  96.1  83.4  71.0  65.4  82.1  71.5  66.6  70.8  71.8  97.2  73.1  91.5  99.6  76.9 
test_kp 60.1  51.4  83.1  71.3  65.2  96.2  83.1  70.1  63.4  79.7  73.9  66.0  70.0  69.5  97.3  70.6  92.0  99.9  75.7 
Epoch: 05, Loss: 0.0478, Acc: 1.00, Time: 9.9s, Eval: 2.3s
split   aerop bicyc bird  boat  bottl bus   car   cat   chair cow   dog   horse motor perso potte sheep train tvmon mean
val     64.9  68.6  85.7  79.8  78.2  88.3  86.8  83.4  61.0  76.4  60.7  71.2  73.7  74.7  91.6  82.4  95.2  93.6  78.7 
test    65.3  52.6  84.5  74.5  67.6  96.5  83.7  71.1  65.6  80.5  72.0  66.5  70.8  71.2  95.0  71.9  92.8  99.3  76.8 
test_kp 60.8  52.5  80.7  70.8  65.6  96.7  84.4  70.3  63.7  78.0  74.2  65.8  70.0  68.8  96.1  68.8  93.5  99.7  75.6 
Epoch: 06, Loss: 0.0346, Acc: 1.00, Time: 9.9s, Eval: 2.3s
split   aerop bicyc bird  boat  bottl bus   car   cat   chair cow   dog   horse motor perso potte sheep train tvmon mean
val     65.0  66.0  86.3  80.3  78.3  89.5  89.1  81.9  60.2  74.8  60.2  72.1  73.3  73.3  92.7  80.6  92.4  92.2  78.2 
test    65.7  50.7  83.7  72.7  67.4  95.7  83.6  70.7  65.5  80.7  72.6  67.4  70.8  70.2  95.3  71.8  90.7  99.6  76.4 
test_kp 61.2  51.0  80.0  69.3  65.4  95.8  83.4  70.0  62.7  78.2  74.4  66.1  70.0  68.0  95.5  68.9  91.3  99.8  75.1 
Epoch: 07, Loss: 0.0326, Acc: 1.00, Time: 9.7s, Eval: 2.4s
split   aerop bicyc bird  boat  bottl bus   car   cat   chair cow   dog   horse motor perso potte sheep train tvmon mean
val     63.8  67.2  86.8  80.9  78.1  90.1  87.1  81.1  62.5  74.8  60.1  69.9  72.9  72.3  91.5  80.6  96.4  92.0  78.2 
test    64.8  52.1  84.5  75.5  66.6  95.6  83.2  70.4  62.4  80.2  72.0  65.0  71.0  69.1  94.4  73.6  89.8  99.2  76.1 
test_kp 60.3  51.1  81.2  71.2  64.8  95.4  83.4  69.9  60.5  77.6  74.0  63.6  70.5  66.5  95.4  70.9  90.4  99.8  74.8 
Epoch: 08, Loss: 0.0345, Acc: 1.00, Time: 9.8s, Eval: 2.3s
split   aerop bicyc bird  boat  bottl bus   car   cat   chair cow   dog   horse motor perso potte sheep train tvmon mean
val     67.4  64.5  88.3  80.9  79.7  90.7  87.1  79.5  61.4  73.0  63.0  72.3  73.7  75.7  88.9  80.3  91.6  92.4  78.3 
test    67.4  51.9  84.6  73.2  66.9  95.8  82.6  70.9  61.8  81.1  72.8  66.8  70.6  70.7  94.4  72.3  89.7  99.2  76.3 
test_kp 63.0  51.6  81.3  68.7  64.9  95.7  83.2  70.4  60.5  79.5  74.0  66.2  69.8  68.3  95.0  70.1  90.3  99.6  75.1 
Epoch: 09, Loss: 0.0253, Acc: 1.00, Time: 9.7s, Eval: 2.4s
split   aerop bicyc bird  boat  bottl bus   car   cat   chair cow   dog   horse motor perso potte sheep train tvmon mean
val     66.5  65.3  86.6  81.7  79.3  88.0  85.7  80.4  63.0  72.6  62.3  69.7  70.7  74.1  93.1  81.0  92.3  93.5  78.1 
test    66.5  47.7  85.2  72.5  67.4  95.0  81.6  69.9  63.6  79.4  72.4  65.1  71.0  66.8  96.2  69.6  89.9  99.1  75.5 
test_kp 61.8  47.1  81.6  68.6  65.5  95.4  82.4  69.1  62.0  77.8  74.0  64.2  70.5  64.3  95.7  67.0  90.3  99.4  74.3 
Epoch: 10, Loss: 0.0239, Acc: 1.00, Time: 9.7s, Eval: 2.3s
split   aerop bicyc bird  boat  bottl bus   car   cat   chair cow   dog   horse motor perso potte sheep train tvmon mean
val     66.5  64.2  87.3  78.2  77.5  87.1  87.0  79.3  62.3  75.0  59.6  68.9  76.4  73.3  89.3  81.5  95.1  93.3  77.9 
test    66.8  51.4  85.2  72.6  66.4  94.2  81.7  69.1  65.6  80.5  72.3  63.3  75.0  69.8  97.0  72.8  90.8  98.6  76.3 
test_kp 62.0  50.4  81.3  68.5  64.5  94.6  83.1  68.3  63.9  79.0  73.6  62.5  74.5  66.9  97.3  69.0  91.3  99.4  75.0 
Epoch: 11, Loss: 0.0223, Acc: 1.00, Time: 9.7s, Eval: 2.5s
split   aerop bicyc bird  boat  bottl bus   car   cat   chair cow   dog   horse motor perso potte sheep train tvmon mean
val     66.5  64.9  87.8  75.9  80.1  88.5  87.0  81.3  61.2  74.9  62.8  71.1  74.8  73.9  87.2  80.7  92.7  92.9  78.0 
test    66.6  49.1  84.3  71.5  65.6  94.4  82.6  71.0  65.3  80.7  73.9  64.8  73.7  69.3  96.9  71.0  89.8  99.3  76.1 
test_kp 61.8  48.3  80.7  67.1  64.2  95.0  82.5  70.4  62.9  78.7  75.4  63.5  73.0  66.5  97.0  68.0  90.2  99.6  74.7 
Epoch: 12, Loss: 0.0267, Acc: 1.00, Time: 9.7s, Eval: 2.3s
split   aerop bicyc bird  boat  bottl bus   car   cat   chair cow   dog   horse motor perso potte sheep train tvmon mean
val     64.6  66.6  87.6  74.7  77.5  88.4  84.8  81.2  57.2  73.7  63.7  69.7  71.8  72.1  89.4  79.9  94.1  93.5  77.2 
test    66.9  52.1  85.2  70.9  66.2  94.2  81.7  70.7  66.2  81.3  71.7  64.7  73.3  70.9  95.2  71.9  90.8  99.5  76.3 
test_kp 62.6  51.8  81.9  66.9  64.5  95.1  82.6  69.8  63.5  79.5  73.4  63.6  72.9  68.5  96.3  68.3  91.8  99.8  75.2 
Epoch: 13, Loss: 0.0216, Acc: 1.00, Time: 9.7s, Eval: 2.3s
split   aerop bicyc bird  boat  bottl bus   car   cat   chair cow   dog   horse motor perso potte sheep train tvmon mean
val     65.6  65.7  88.3  79.0  77.9  89.1  89.1  79.9  58.1  74.6  61.1  73.0  71.0  73.5  91.9  82.2  94.4  94.1  78.2 
test    67.2  49.0  84.2  70.4  66.7  95.6  81.7  71.9  64.5  81.6  73.0  64.6  69.8  68.4  96.0  73.8  90.2  99.3  76.0 
test_kp 62.4  48.4  80.7  66.2  64.8  96.2  82.4  71.2  61.9  79.7  75.2  63.5  69.2  66.0  96.5  70.4  91.1  99.7  74.8 
Epoch: 14, Loss: 0.0182, Acc: 1.00, Time: 9.7s, Eval: 2.4s
split   aerop bicyc bird  boat  bottl bus   car   cat   chair cow   dog   horse motor perso potte sheep train tvmon mean
val     64.5  69.7  87.3  75.2  78.8  87.1  86.9  82.8  62.3  74.2  61.3  69.7  74.3  74.7  91.3  80.5  93.8  93.5  78.2 
test    65.6  50.4  82.8  69.9  65.3  96.5  84.1  67.9  59.5  79.8  68.6  62.0  72.1  69.9  95.5  70.3  89.2  98.9  74.9 
test_kp 60.7  50.0  79.4  64.4  63.7  96.8  83.4  67.1  57.0  76.8  70.6  61.0  71.9  66.4  95.8  67.2  90.3  99.4  73.4 
Epoch: 15, Loss: 0.0179, Acc: 1.00, Time: 9.8s, Eval: 2.3s
split   aerop bicyc bird  boat  bottl bus   car   cat   chair cow   dog   horse motor perso potte sheep train tvmon mean
val     65.0  69.2  88.6  75.6  77.8  88.8  87.3  79.7  59.9  73.6  62.0  72.2  72.5  72.8  92.5  80.3  92.6  93.5  78.0 
test    66.8  52.1  85.7  72.0  66.1  95.8  82.7  70.0  65.3  79.9  72.3  65.4  71.4  70.1  95.5  73.6  89.8  98.0  76.2 
test_kp 63.3  51.7  82.1  67.3  64.4  96.1  83.4  69.2  62.6  77.5  74.2  64.5  71.0  66.8  95.5  69.2  90.9  98.2  74.9 
Final test accuracy: 76.24 (best 78.06, at best val epoch 2: 77.05)
Final test keypoint accuracy: 74.88
DONE
