SPair-71k (large layout): 53340 train / 5384 val / 12234 test pairs
DGMC with 2657345 parameters
Epoch: 01, Loss: 1.3991, Acc: 0.79, Time: 10.1s, Eval: 3.4s
split   aerop bicyc bird  boat  bottl bus   car   cat   chair cow   dog   horse motor perso potte sheep train tvmon mean
val     63.4  64.8  88.3  81.5  79.8  88.0  84.8  87.5  58.0  79.9  63.8  76.3  73.1  76.6  96.4  86.2  92.6  94.4  79.8 
test    66.1  55.4  84.5  77.0  67.9  94.3  83.1  69.3  66.1  81.8  72.7  66.4  77.4  70.0  98.8  75.6  91.1  99.7  77.6 
test_kp 60.6  55.1  81.8  73.4  67.0  93.7  82.8  68.4  63.7  80.3  74.8  65.4  76.5  67.1  99.0  72.3  90.8  99.7  76.2 
Epoch: 02, Loss: 0.2486, Acc: 0.98, Time: 9.3s, Eval: 2.3s
split   aerop bicyc bird  boat  bottl bus   car   cat   chair cow   dog   horse motor perso potte sheep train tvmon mean
val     63.8  65.6  89.7  75.2  79.6  88.0  87.0  84.8  57.6  82.2  64.4  74.5  72.3  76.3  95.7  83.9  94.1  95.7  79.5 
test    67.3  55.0  86.1  72.6  69.3  93.6  83.8  67.9  65.5  81.5  71.9  64.7  78.0  66.6  98.9  79.0  90.5  99.5  77.3 
test_kp 61.6  54.8  83.0  68.5  67.4  93.2  83.9  66.9  62.6  79.5  74.2  63.5  76.9  65.0  98.8  75.8  90.5  99.8  75.9 
Epoch: 03, Loss: 0.1011, Acc: 1.00, Time: 9.4s, Eval: 2.3s
split   aerop bicyc bird  boat  bottl bus   car   cat   chair cow   dog   horse motor perso potte sheep train tvmon mean
val     66.5  62.4  86.2  74.7  79.3  87.5  88.5  86.8  56.3  78.2  64.5  72.2  75.8  78.9  94.9  83.1  92.4  95.0  79.1 
test    68.1  52.9  86.0  73.4  69.5  93.8  83.8  66.8  64.8  79.2  73.2  65.7  74.6  67.4  98.3  75.4  89.7  99.5  76.8 
test_kp 62.5  52.8  82.8  69.6  67.7  93.7  84.0  65.8  62.3  78.2  75.4  64.2  73.8  64.2  98.0  72.7  90.0  99.7  75.4 
Epoch: 04, Loss: 0.0564, Acc: 1.00, Time: 9.4s, Eval: 2.4s
split   aerop bicyc bird  boat  bottl bus   car   cat   chair cow   dog   horse motor perso potte sheep train tvmon mean
val     66.0  62.3  90.0  75.4  79.2  86.8  88.4  84.5  56.0  78.3  62.8  71.8  74.5  76.7  93.0  85.6  91.7  97.0  78.9 
test    66.4  52.8  84.4  72.8  69.7  93.5  81.6  67.4  65.1  79.6  73.9  64.0  74.9  64.1  97.1  76.9  89.2  98.7  76.2 
test_kp 61.5  52.6  81.1  68.8  68.1  93.6  81.8  66.3  61.5  78.6  76.1  62.4  73.3  62.4  96.6  73.5  89.4  99.0  74.8 
Epoch: 05, Loss: 0.0400, Acc: 1.00, Time: 9.5s, Eval: 2.3s
split   aerop bicyc bird  boat  bottl bus   car   cat   chair cow   dog   horse motor perso potte sheep train tvmon mean
val     65.8  62.9  89.0  74.9  79.6  86.6  86.7  85.6  56.8  76.6  59.8  73.6  72.1  76.0  93.5  84.3  91.7  96.4  78.4 
test    64.8  53.4  86.0  73.9  70.2  93.5  82.6  67.7  64.7  78.9  70.3  62.6  72.6  64.9  97.5  77.4  89.8  99.3  76.1 
test_kp 60.1  52.9  82.5  69.7  68.2  93.8  82.1  66.6  62.1  77.3  72.9  61.5  72.7  63.0  97.5  73.3  90.3  99.6  74.8 
Epoch: 06, Loss: 0.0340, Acc: 1.00, Time: 9.5s, Eval: 2.3s
split   aerop bicyc bird  boat  bottl bus   car   cat   chair cow   dog   horse motor perso potte sheep train tvmon mean
val     62.8  62.6  86.8  75.4  78.7  88.7  87.4  84.6  55.8  76.9  61.6  69.0  72.9  75.5  94.0  83.8  93.5  96.8  78.2 
test    66.0  52.3  84.5  74.6  69.0  93.3  82.9  67.9  64.7  78.8  69.1  63.2  73.1  64.2  95.8  76.1  89.2  98.9  75.8 
test_kp 61.4  52.3  81.2  70.6  67.1  93.5  82.8  66.7  61.7  78.4  71.7  61.6  72.3  62.4  95.2  72.2  89.4  99.1  74.4 
Epoch: 07, Loss: 0.0288, Acc: 1.00, Time: 9.3s, Eval: 2.4s
split   aerop bicyc bird  boat  bottl bus   car   cat   chair cow   dog   horse motor perso potte sheep train tvmon mean
val     64.8  62.5  89.1  73.2  79.0  88.2  86.3  83.0  57.2  72.4  63.5  69.4  72.6  76.0  96.7  84.1  94.2  95.7  78.2 
test    66.8  53.2  85.0  72.5  66.6  93.5  83.1  66.5  66.2  79.9  71.1  62.9  73.7  64.1  96.5  75.2  89.4  99.7  75.9 
test_kp 61.9  52.0  81.5  68.1  65.7  93.8  82.8  65.7  63.6  79.0  73.6  61.4  73.0  62.3  95.8  72.7  89.1  99.8  74.6 
Epoch: 08, Loss: 0.0257, Acc: 1.00, Time: 9.3s, Eval: 2.4s
split   aerop bicyc bird  boat  bottl bus   car   cat   chair cow   dog   horse motor perso potte sheep train tvmon mean
val     64.5  60.8  87.8  74.8  80.5  88.4  86.2  82.9  56.3  75.3  63.1  70.9  73.8  73.4  93.5  83.6  93.7  95.5  78.1 
test    66.3  53.7  85.5  73.1  67.6  93.5  84.0  65.8  66.3  78.8  70.9  62.2  74.8  63.7  95.9  73.5  89.1  99.1  75.8 
test_kp 61.3  52.5  81.7  68.5  66.4  94.0  83.9  64.7  63.7  77.9  73.1  61.4  74.0  62.0  95.3  69.6  88.8  99.6  74.4 
Epoch: 09, Loss: 0.0237, Acc: 1.00, Time: 9.3s, Eval: 2.3s
split   aerop bicyc bird  boat  bottl bus   car   cat   chair cow   dog   horse motor perso potte sheep train tvmon mean
val     62.5  63.2  86.0  73.8  80.6  87.4  85.8  82.5  54.6  73.8  61.6  70.2  70.9  73.6  95.5  84.9  93.5  96.1  77.6 
test    65.9  52.0  85.3  73.3  69.9  93.6  83.4  67.9  65.2  78.9  72.8  63.2  75.5  65.4  96.4  74.0  90.1  99.2  76.2 
test_kp 61.3  50.5  81.8  69.7  68.0  94.2  83.7  67.1  63.0  77.3  75.2  62.4  74.6  63.2  95.9  71.6  90.0  99.6  74.9 
Epoch: 10, Loss: 0.0253, Acc: 1.00, Time: 9.4s, Eval: 2.3s
split   aerop bicyc bird  boat  bottl bus   car   cat   chair cow   dog   horse motor perso potte sheep train tvmon mean
val     63.8  64.4  86.1  74.8  78.7  87.8  87.2  85.9  53.7  74.9  63.4  69.6  69.0  75.8  94.8  84.6  89.8  96.0  77.8 
test    66.5  53.7  84.5  71.5  67.2  93.3  83.3  67.5  62.9  77.5  70.5  63.2  75.9  62.6  96.5  72.5  88.8  99.0  75.4 
test_kp 62.2  53.4  81.4  66.5  65.6  93.8  82.9  66.6  59.9  76.1  72.3  61.7  75.7  60.3  96.0  68.8  88.5  99.5  73.9 
Epoch: 11, Loss: 0.0201, Acc: 1.00, Time: 9.4s, Eval: 2.5s
split   aerop bicyc bird  boat  bottl bus   car   cat   chair cow   dog   horse motor perso potte sheep train tvmon mean
val     65.9  63.9  85.2  74.8  79.1  84.7  85.4  83.8  54.0  76.4  59.9  69.3  69.3  74.1  94.0  84.4  92.2  94.3  77.3 
test    64.9  52.9  85.2  71.7  68.6  93.5  83.4  66.2  63.2  77.3  70.0  64.0  76.8  62.8  96.0  73.1  88.5  99.0  75.4 
test_kp 59.9  52.4  81.6  67.1  66.6  93.5  83.4  65.3  60.5  75.9  72.2  62.3  76.4  60.3  95.4  69.5  88.3  99.6  73.9 
Epoch: 12, Loss: 0.0166, Acc: 1.00, Time: 9.8s, Eval: 2.4s
split   aerop bicyc bird  boat  bottl bus   car   cat   chair cow   dog   horse motor perso potte sheep train tvmon mean
val     64.8  64.8  85.7  76.2  80.4  86.6  85.9  84.0  54.1  74.9  64.8  70.3  68.1  76.4  93.2  86.1  92.4  95.4  78.0 
test    64.1  53.2  85.1  71.3  67.9  91.9  82.7  68.4  63.5  79.7  70.8  63.9  76.2  62.1  95.7  72.5  88.5  99.6  75.4 
test_kp 59.4  52.3  81.5  67.2  66.2  92.2  83.2  67.3  60.3  77.8  72.8  62.2  75.2  59.9  95.3  68.7  88.6  99.9  73.9 
Epoch: 13, Loss: 0.0135, Acc: 1.00, Time: 9.3s, Eval: 2.3s
split   aerop bicyc bird  boat  bottl bus   car   cat   chair cow   dog   horse motor perso potte sheep train tvmon mean
val     62.6  64.0  86.6  74.2  80.6  85.1  87.6  83.4  54.9  74.0  64.2  68.1  70.1  74.1  94.8  82.5  92.3  95.2  77.5 
test    65.7  53.6  84.0  71.0  66.9  91.9  83.8  66.6  62.3  78.2  71.1  64.3  76.9  60.7  96.4  73.8  90.8  99.1  75.4 
test_kp 60.8  52.6  80.7  66.9  65.1  92.1  84.7  65.5  59.4  76.7  73.2  62.9  76.9  59.1  95.9  70.2  90.9  99.6  74.1 
Epoch: 14, Loss: 0.0121, Acc: 1.00, Time: 9.4s, Eval: 2.4s
split   aerop bicyc bird  boat  bottl bus   car   cat   chair cow   dog   horse motor perso potte sheep train tvmon mean
val     66.1  67.0  85.8  72.5  80.4  87.8  88.1  86.9  55.0  76.5  64.7  70.7  70.2  70.8  94.3  83.5  90.6  95.4  78.1 
test    66.5  53.3  84.8  70.5  68.8  92.8  83.6  68.1  61.6  80.2  71.2  64.8  76.6  60.5  97.1  72.9  89.2  99.6  75.7 
test_kp 61.7  52.0  81.5  65.4  66.9  93.0  83.6  67.2  59.1  78.1  72.9  63.1  75.9  58.6  97.2  68.7  89.3  99.9  74.1 
Epoch: 15, Loss: 0.0118, Acc: 1.00, Time: 9.5s, Eval: 2.3s
split   aerop bicyc bird  boat  bottl bus   car   cat   chair cow   dog   horse motor perso potte sheep train tvmon mean
val     66.1  62.4  86.2  74.6  78.9  84.1  86.7  84.4  54.7  75.4  62.2  70.8  69.3  72.1  95.0  80.9  90.9  96.1  77.3 
test    65.5  53.0  85.6  70.9  68.2  92.6  83.4  66.3  62.3  78.4  69.3  62.2  75.0  60.6  98.3  72.5  88.6  99.8  75.1 
test_kp 61.4  51.7  82.4  66.2  66.5  93.1  83.5  65.3  58.9  77.0  71.1  60.8  74.6  58.3  98.1  68.6  88.5  99.9  73.7 
Final test accuracy: 75.15 (best 77.62, at best val epoch 1: 77.62)
Final test keypoint accuracy: 73.67
DONE
