SPair-71k (large layout): 53340 train / 5384 val / 12234 test pairs
DGMC with 6264705 parameters
Epoch: 01, Loss: 1.5080, Acc: 0.78, Time: 11.9s, Eval: 3.5s
split   aerop bicyc bird  boat  bottl bus   car   cat   chair cow   dog   horse motor perso potte sheep train tvmon mean
val     61.5  69.1  86.2  78.1  79.0  87.0  85.9  86.3  65.5  80.0  63.9  73.8  73.4  73.5  95.1  82.6  96.5  93.5  79.5 
test    64.0  55.8  85.2  74.8  67.1  95.1  86.0  73.6  64.8  80.2  72.8  69.2  70.2  69.5  97.5  78.7  92.4  99.7  77.6 
test_kp 58.0  54.5  82.3  71.3  66.1  94.5  85.7  72.6  62.8  76.9  74.3  68.5  69.8  67.0  97.7  74.6  94.3  99.9  76.2 
Epoch: 02, Loss: 0.3041, Acc: 0.98, Time: 10.7s, Eval: 2.4s
split   aerop bicyc bird  boat  bottl bus   car   cat   chair cow   dog   horse motor perso potte sheep train tvmon mean
val     60.2  65.0  85.5  79.5  78.0  87.6  84.6  80.3  61.5  77.3  63.8  71.9  66.3  73.6  94.3  83.3  96.0  92.8  77.9 
test    64.2  50.8  83.6  73.6  67.0  96.1  84.3  74.2  66.0  80.2  74.1  67.1  69.6  66.8  98.5  74.5  90.8  99.3  76.7 
test_kp 59.1  48.6  80.9  70.2  65.4  96.0  84.9  73.5  64.8  77.8  75.6  66.2  68.9  64.9  98.8  71.6  91.5  99.6  75.5 
Epoch: 03, Loss: 0.1333, Acc: 1.00, Time: 10.8s, Eval: 2.5s
split   aerop bicyc bird  boat  bottl bus   car   cat   chair cow   dog   horse motor perso potte sheep train tvmon mean
val     60.3  65.8  85.4  78.5  80.3  88.0  86.1  83.2  62.6  77.2  62.4  72.0  67.6  73.4  95.3  86.3  97.6  93.7  78.6 
test    64.6  52.7  83.0  73.5  67.1  94.4  84.3  73.9  67.9  79.0  73.1  64.5  71.4  66.7  97.2  74.5  92.9  99.2  76.7 
test_kp 59.9  51.1  79.5  70.4  66.4  94.4  84.5  72.7  66.2  76.5  74.1  63.5  71.1  64.7  97.7  72.1  93.5  99.5  75.4 
Epoch: 04, Loss: 0.0890, Acc: 1.00, Time: 10.7s, Eval: 2.5s
split   aerop bicyc bird  boat  bottl bus   car   cat   chair cow   dog   horse motor perso potte sheep train tvmon mean
val     62.5  67.6  86.4  76.8  79.9  86.9  83.2  82.6  58.3  76.8  64.0  71.0  68.8  74.1  93.5  84.3  98.8  92.9  78.2 
test    65.6  51.9  83.4  76.4  66.2  94.1  84.8  74.2  64.5  80.5  73.4  65.0  69.1  66.7  96.0  75.9  91.9  99.5  76.6 
test_kp 61.1  51.2  80.1  73.2  65.4  94.1  85.4  73.3  62.9  78.7  74.0  64.3  68.8  64.4  96.4  72.0  92.2  99.8  75.4 
Epoch: 05, Loss: 0.0617, Acc: 1.00, Time: 11.0s, Eval: 2.5s
split   aerop bicyc bird  boat  bottl bus   car   cat   chair cow   dog   horse motor perso potte sheep train tvmon mean
val     62.6  64.6  86.4  74.0  79.2  87.5  85.3  85.3  59.8  78.2  65.6  70.7  69.4  72.7  95.2  82.2  97.2  92.2  78.2 
test    64.3  53.0  85.4  76.2  66.8  93.5  84.7  74.6  65.1  81.1  72.9  65.0  68.8  66.9  95.3  72.7  92.6  99.0  76.5 
test_kp 59.2  51.5  81.9  72.4  65.6  93.9  85.8  73.7  64.5  78.3  74.2  64.4  68.1  65.3  95.9  69.6  92.7  99.4  75.4 
Epoch: 06, Loss: 0.0519, Acc: 1.00, Time: 10.9s, Eval: 2.4s
split   aerop bicyc bird  boat  bottl bus   car   cat   chair cow   dog   horse motor perso potte sheep train tvmon mean
val     62.4  64.1  84.8  77.4  78.8  86.4  86.9  84.1  60.9  76.6  64.1  71.0  67.5  71.7  95.5  82.1  97.2  93.2  78.0 
test    63.6  51.5  83.7  74.0  65.3  93.2  86.6  72.6  66.0  80.5  74.8  63.2  67.1  66.4  95.8  72.9  91.8  99.3  76.0 
test_kp 59.5  50.8  81.0  70.3  64.8  93.4  86.6  71.7  63.8  78.2  76.4  62.0  67.1  64.3  95.9  69.3  92.5  99.6  74.8 
Epoch: 07, Loss: 0.0451, Acc: 1.00, Time: 10.7s, Eval: 2.4s
split   aerop bicyc bird  boat  bottl bus   car   cat   chair cow   dog   horse motor perso potte sheep train tvmon mean
val     62.9  66.3  85.3  75.5  77.0  85.7  85.0  85.3  60.3  76.1  62.3  71.9  69.7  70.7  94.5  82.9  96.9  92.2  77.8 
test    67.3  49.8  81.6  74.1  67.0  94.4  84.2  71.6  65.7  80.5  71.8  64.8  68.8  66.3  94.7  72.4  90.7  99.1  75.8 
test_kp 62.8  48.5  78.6  69.8  66.0  94.4  84.4  70.6  63.5  78.2  72.8  63.5  68.4  63.8  94.3  67.9  91.2  99.5  74.3 
Epoch: 08, Loss: 0.0386, Acc: 1.00, Time: 10.7s, Eval: 2.6s
split   aerop bicyc bird  boat  bottl bus   car   cat   chair cow   dog   horse motor perso potte sheep train tvmon mean
val     61.7  67.7  85.2  72.2  78.5  86.5  84.3  84.7  60.7  74.3  62.4  68.9  71.1  71.1  92.0  82.6  96.8  91.4  77.3 
test    66.3  51.8  83.4  74.2  65.4  93.0  84.9  72.1  63.3  79.9  73.4  63.0  69.2  62.5  95.5  73.7  91.7  98.9  75.7 
test_kp 62.1  49.7  80.4  69.3  64.8  93.2  85.1  70.9  60.4  76.8  74.6  61.9  69.1  59.8  95.2  68.4  92.3  99.3  74.1 
Epoch: 09, Loss: 0.0299, Acc: 1.00, Time: 10.7s, Eval: 2.5s
split   aerop bicyc bird  boat  bottl bus   car   cat   chair cow   dog   horse motor perso potte sheep train tvmon mean
val     61.1  63.0  83.2  75.5  75.9  86.3  85.3  83.3  60.5  74.7  64.5  69.5  68.7  74.0  92.3  82.7  95.7  91.2  77.1 
test    65.8  48.7  83.7  72.9  65.2  94.1  82.1  71.2  64.2  78.1  73.3  63.8  72.2  66.2  95.5  72.4  91.4  98.5  75.5 
test_kp 61.6  47.5  81.3  69.0  64.0  94.0  83.0  70.0  61.4  76.1  74.1  62.7  72.0  64.4  95.1  68.4  91.8  99.0  74.2 
Epoch: 10, Loss: 0.0257, Acc: 1.00, Time: 10.8s, Eval: 2.5s
split   aerop bicyc bird  boat  bottl bus   car   cat   chair cow   dog   horse motor perso potte sheep train tvmon mean
val     62.8  64.3  83.2  75.9  78.8  86.2  85.3  85.7  57.4  77.4  62.0  69.8  68.9  74.8  90.9  84.6  95.2  91.8  77.5 
test    66.5  50.1  83.5  72.8  66.2  94.3  85.2  72.7  64.5  79.7  72.8  64.1  71.6  64.8  95.2  71.4  90.9  98.5  75.8 
test_kp 61.9  48.4  80.7  68.8  65.0  94.3  85.8  71.7  61.1  77.8  73.3  62.8  71.9  62.6  95.1  68.1  91.4  99.0  74.4 
Epoch: 11, Loss: 0.0267, Acc: 1.00, Time: 10.9s, Eval: 2.5s
split   aerop bicyc bird  boat  bottl bus   car   cat   chair cow   dog   horse motor perso potte sheep train tvmon mean
val     62.3  68.7  84.3  74.6  79.3  87.3  85.5  85.4  59.0  74.0  65.2  67.9  67.6  73.2  93.1  86.4  95.3  89.2  77.7 
test    66.4  50.4  85.5  72.6  66.0  93.6  86.8  70.1  65.1  80.6  74.7  64.9  69.1  62.3  95.9  70.9  90.8  98.3  75.8 
test_kp 62.1  48.8  82.9  69.3  64.8  93.7  87.4  69.4  62.3  78.4  75.5  63.8  68.7  60.3  95.9  67.2  91.2  99.0  74.5 
Epoch: 12, Loss: 0.0233, Acc: 1.00, Time: 10.7s, Eval: 2.5s
split   aerop bicyc bird  boat  bottl bus   car   cat   chair cow   dog   horse motor perso potte sheep train tvmon mean
val     63.9  67.6  82.0  70.8  78.3  86.6  85.9  85.7  57.5  77.7  65.9  70.3  69.6  73.7  90.8  85.4  95.1  90.4  77.6 
test    64.6  50.5  82.8  69.3  66.2  94.3  86.3  71.2  64.1  78.5  74.8  62.3  66.7  64.5  96.8  70.3  90.1  98.8  75.1 
test_kp 60.0  48.8  79.9  65.1  64.6  94.5  85.7  70.1  60.7  76.1  75.5  61.1  67.4  61.8  96.4  65.7  90.5  99.3  73.5 
Epoch: 13, Loss: 0.0248, Acc: 1.00, Time: 10.8s, Eval: 2.4s
split   aerop bicyc bird  boat  bottl bus   car   cat   chair cow   dog   horse motor perso potte sheep train tvmon mean
val     63.7  67.0  85.2  73.0  79.6  85.2  84.8  85.8  57.8  77.3  64.9  69.7  69.0  72.2  90.5  86.3  96.7  92.7  77.9 
test    67.0  50.5  84.5  73.9  66.2  93.3  84.8  70.5  65.2  79.8  75.4  63.4  70.3  67.3  96.3  71.3  90.5  98.5  76.1 
test_kp 62.1  48.9  81.3  70.2  64.7  94.1  85.5  69.7  62.0  77.6  76.0  61.8  70.3  64.3  95.3  67.0  90.9  98.9  74.5 
Epoch: 14, Loss: 0.0203, Acc: 1.00, Time: 10.8s, Eval: 2.5s
split   aerop bicyc bird  boat  bottl bus   car   cat   chair cow   dog   horse motor perso potte sheep train tvmon mean
val     63.7  66.2  81.3  73.8  79.4  86.1  85.9  85.5  58.4  76.4  65.7  69.2  69.2  75.3  90.5  83.3  95.8  92.1  77.7 
test    66.1  50.4  82.6  73.9  65.2  93.5  85.4  71.0  63.2  79.0  74.1  63.5  69.7  66.7  95.7  70.7  91.7  98.5  75.6 
test_kp 61.7  49.2  79.7  70.2  64.1  94.1  85.6  70.1  60.2  76.3  75.0  61.8  70.8  64.1  95.1  67.0  91.7  99.1  74.2 
Epoch: 15, Loss: 0.0160, Acc: 1.00, Time: 10.9s, Eval: 2.6s
split   aerop bicyc bird  boat  bottl bus   car   cat   chair cow   dog   horse motor perso potte sheep train tvmon mean
val     63.4  70.3  82.5  71.4  79.7  85.5  86.0  82.7  55.2  75.2  65.0  70.3  69.5  72.2  93.0  86.0  97.7  93.0  77.7 
test    66.0  50.4  81.3  74.1  66.3  93.0  85.2  69.7  65.5  77.5  72.7  63.9  69.0  65.0  97.0  69.6  91.2  98.3  75.3 
test_kp 61.9  49.5  78.1  70.5  65.0  93.5  86.0  68.7  62.9  75.0  73.9  62.9  69.6  63.2  96.9  66.5  91.2  98.8  74.1 
Final test accuracy: 75.33 (best 77.59, at best val epoch 1: 77.59)
Final test keypoint accuracy: 74.12
DONE
