SPair-71k (large layout): 53340 train / 5384 val / 12234 test pairs
DGMC with 6264705 parameters
Epoch: 01, Loss: 1.5534, Acc: 0.78, Time: 14.8s, Eval: 4.0s
split   aerop bicyc bird  boat  bottl bus   car   cat   chair cow   dog   horse motor perso potte sheep train tvmon mean
val     60.4  70.6  85.5  80.2  77.4  87.3  85.4  84.1  62.0  78.2  66.1  74.9  72.7  72.9  97.5  82.8  96.5  94.7  79.4 
test    64.0  52.0  84.9  73.2  66.0  94.5  81.6  72.3  64.7  83.0  73.6  71.2  72.7  67.4  96.1  79.4  92.6  98.7  77.1 
test_kp 58.8  50.5  82.2  69.8  64.8  92.9  81.8  71.3  63.5  80.6  75.2  69.9  71.0  64.6  97.3  75.3  93.6  99.0  75.7 
Epoch: 02, Loss: 0.3339, Acc: 0.97, Time: 12.2s, Eval: 3.0s
split   aerop bicyc bird  boat  bottl bus   car   cat   chair cow   dog   horse motor perso potte sheep train tvmon mean
val     63.8  68.5  87.4  78.4  77.7  90.0  86.7  82.5  57.9  77.7  65.2  71.4  75.5  72.8  96.5  82.6  97.7  95.8  79.3 
test    67.4  51.8  84.4  72.9  65.0  94.7  82.1  69.5  64.4  80.0  73.7  69.9  68.8  65.3  96.2  78.8  91.7  98.8  76.4 
test_kp 62.5  51.4  81.7  69.5  64.5  93.9  81.9  68.6  63.0  78.5  75.5  68.7  68.4  62.5  97.2  75.4  92.9  99.1  75.3 
Epoch: 03, Loss: 0.1473, Acc: 1.00, Time: 12.2s, Eval: 3.0s
split   aerop bicyc bird  boat  bottl bus   car   cat   chair cow   dog   horse motor perso potte sheep train tvmon mean
val     61.4  67.8  88.0  80.0  78.8  86.2  87.1  80.6  60.6  77.8  67.2  68.7  73.5  74.2  95.9  85.7  95.2  94.2  79.1 
test    68.1  52.0  82.9  71.7  66.6  94.1  82.6  69.9  66.1  80.4  73.2  68.8  68.7  66.6  96.4  77.3  91.7  99.1  76.5 
test_kp 62.3  50.9  80.2  68.5  64.6  94.2  82.6  68.7  64.8  78.8  75.2  67.8  68.5  64.4  96.6  73.9  92.3  99.5  75.2 
Epoch: 04, Loss: 0.0941, Acc: 1.00, Time: 12.2s, Eval: 3.1s
split   aerop bicyc bird  boat  bottl bus   car   cat   chair cow   dog   horse motor perso potte sheep train tvmon mean
val     61.8  59.7  87.2  75.7  78.6  87.1  87.1  84.0  58.6  75.5  64.2  69.6  67.1  72.5  94.5  83.5  96.3  93.8  77.6 
test    67.7  52.7  82.5  72.0  66.2  93.5  80.9  70.1  67.1  80.4  75.5  68.9  68.6  64.9  96.7  74.0  90.8  99.1  76.2 
test_kp 62.5  51.2  79.5  69.0  64.7  93.5  80.7  68.9  64.9  79.0  77.3  67.8  67.5  62.2  97.2  70.7  91.9  99.5  74.9 
Epoch: 05, Loss: 0.0616, Acc: 1.00, Time: 12.4s, Eval: 3.0s
split   aerop bicyc bird  boat  bottl bus   car   cat   chair cow   dog   horse motor perso potte sheep train tvmon mean
val     62.2  62.2  85.6  73.9  79.2  90.0  86.9  79.8  60.5  79.2  64.2  69.0  71.4  71.3  93.0  83.0  97.4  93.2  77.9 
test    67.5  52.1  81.1  71.5  68.1  93.3  81.6  69.8  65.7  81.1  72.5  67.5  67.4  64.9  96.7  74.8  91.2  98.4  75.8 
test_kp 62.0  50.8  78.0  68.4  65.9  93.6  82.0  68.5  64.5  79.4  74.6  66.6  66.3  62.2  97.1  71.3  91.9  98.6  74.5 
Epoch: 06, Loss: 0.0469, Acc: 1.00, Time: 12.2s, Eval: 3.0s
split   aerop bicyc bird  boat  bottl bus   car   cat   chair cow   dog   horse motor perso potte sheep train tvmon mean
val     62.7  65.7  84.6  75.7  77.6  86.7  87.3  84.9  60.2  77.2  65.6  70.6  67.0  70.0  95.4  83.0  95.9  93.5  78.0 
test    67.2  50.5  81.5  70.2  63.7  92.4  82.2  69.2  65.6  81.2  73.2  68.4  67.2  66.3  97.5  72.8  92.2  98.6  75.6 
test_kp 61.6  49.2  78.7  67.4  63.0  92.5  82.7  67.8  63.4  79.4  75.4  67.0  66.5  63.5  97.7  70.1  92.7  98.9  74.3 
Epoch: 07, Loss: 0.0370, Acc: 1.00, Time: 12.3s, Eval: 3.1s
split   aerop bicyc bird  boat  bottl bus   car   cat   chair cow   dog   horse motor perso potte sheep train tvmon mean
val     63.5  65.1  88.3  76.4  77.1  87.1  87.2  84.1  58.8  77.9  64.0  68.2  68.9  69.9  95.1  83.7  96.6  93.5  78.1 
test    66.8  49.3  81.2  71.8  67.2  92.8  81.0  70.7  64.0  81.3  71.4  66.1  68.4  63.8  97.3  73.4  90.4  97.5  75.3 
test_kp 61.0  47.8  78.0  69.3  65.8  92.8  81.4  69.4  62.0  79.9  73.1  64.4  68.0  60.7  97.5  70.1  91.2  97.9  73.9 
Epoch: 08, Loss: 0.0396, Acc: 1.00, Time: 12.2s, Eval: 3.2s
split   aerop bicyc bird  boat  bottl bus   car   cat   chair cow   dog   horse motor perso potte sheep train tvmon mean
val     63.5  64.3  87.8  76.5  77.2  89.9  85.3  82.9  59.4  78.4  62.5  70.2  72.5  68.0  94.9  81.9  96.2  93.3  78.0 
test    68.9  51.8  83.1  72.5  65.6  93.8  80.7  68.8  63.2  80.8  70.8  68.0  69.7  63.6  96.8  73.3  90.5  97.9  75.5 
test_kp 63.8  50.6  79.7  69.8  64.8  94.2  81.5  67.6  61.1  79.6  73.1  66.3  69.3  61.1  97.1  70.1  91.2  97.9  74.4 
Epoch: 09, Loss: 0.0361, Acc: 1.00, Time: 12.2s, Eval: 3.0s
split   aerop bicyc bird  boat  bottl bus   car   cat   chair cow   dog   horse motor perso potte sheep train tvmon mean
val     65.0  61.3  84.4  77.2  75.6  90.0  84.3  82.1  57.5  76.5  63.2  69.0  71.4  69.1  91.2  80.9  94.3  94.2  77.1 
test    67.8  49.6  82.7  72.8  63.9  92.7  81.7  70.4  61.0  80.1  74.3  67.0  68.6  64.4  96.8  73.0  89.9  97.6  75.2 
test_kp 62.4  48.6  79.3  69.2  63.7  92.9  82.0  69.3  59.0  79.0  75.9  65.8  67.8  61.9  96.9  69.6  90.4  97.8  74.0 
Epoch: 10, Loss: 0.0357, Acc: 1.00, Time: 12.2s, Eval: 3.0s
split   aerop bicyc bird  boat  bottl bus   car   cat   chair cow   dog   horse motor perso potte sheep train tvmon mean
val     61.8  58.1  85.7  76.4  76.9  88.2  84.5  82.1  60.7  77.8  63.1  69.2  65.9  71.9  92.8  81.4  96.0  94.6  77.1 
test    64.9  50.6  83.2  75.1  63.0  94.6  81.5  71.3  62.3  79.6  72.7  68.0  67.3  64.3  96.8  74.1  89.9  98.9  75.4 
test_kp 59.8  49.4  79.7  72.2  62.8  95.0  81.9  70.2  59.9  78.1  74.1  66.4  66.4  61.6  96.9  70.4  91.0  99.1  74.2 
Epoch: 11, Loss: 0.0313, Acc: 1.00, Time: 12.2s, Eval: 3.2s
split   aerop bicyc bird  boat  bottl bus   car   cat   chair cow   dog   horse motor perso potte sheep train tvmon mean
val     63.1  63.7  86.7  75.3  76.0  89.4  85.9  81.6  58.0  77.9  62.2  68.4  68.7  71.0  92.9  81.7  94.7  94.4  77.3 
test    67.1  51.0  83.4  71.6  66.6  93.7  81.6  68.0  62.8  79.8  71.2  64.6  65.4  63.1  97.4  71.9  88.3  98.5  74.8 
test_kp 62.1  50.7  80.4  68.2  65.3  94.5  82.3  66.9  60.9  78.6  73.2  63.4  64.4  61.1  97.2  68.6  88.5  98.9  73.6 
Epoch: 12, Loss: 0.0288, Acc: 1.00, Time: 12.1s, Eval: 3.0s
split   aerop bicyc bird  boat  bottl bus   car   cat   chair cow   dog   horse motor perso potte sheep train tvmon mean
val     60.9  65.4  86.9  76.1  76.5  88.2  83.5  84.2  58.9  77.4  62.3  67.5  64.2  70.3  93.3  80.2  95.1  94.5  77.0 
test    66.2  51.0  83.8  73.7  64.5  93.6  82.4  68.3  59.2  80.4  69.9  65.0  66.3  65.6  96.2  72.8  89.7  99.2  74.9 
test_kp 60.4  50.0  80.4  70.3  63.8  94.1  82.2  67.6  57.7  78.5  71.4  63.5  65.7  62.5  95.7  69.7  91.0  99.5  73.6 
Epoch: 13, Loss: 0.0269, Acc: 1.00, Time: 12.3s, Eval: 3.4s
split   aerop bicyc bird  boat  bottl bus   car   cat   chair cow   dog   horse motor perso potte sheep train tvmon mean
val     62.7  61.7  86.4  72.9  77.7  89.2  84.7  84.7  59.8  75.5  61.4  70.5  62.8  68.1  94.3  82.6  93.3  94.5  76.8 
test    66.7  48.0  82.8  70.9  64.7  92.8  80.7  68.8  60.9  78.6  68.5  66.9  65.8  64.0  95.8  73.1  90.5  99.2  74.4 
test_kp 60.6  47.4  79.3  68.7  63.8  93.6  81.2  68.0  57.7  77.9  70.4  65.5  65.1  62.3  94.9  69.5  90.7  99.6  73.1 
Epoch: 14, Loss: 0.0331, Acc: 1.00, Time: 12.2s, Eval: 3.2s
split   aerop bicyc bird  boat  bottl bus   car   cat   chair cow   dog   horse motor perso potte sheep train tvmon mean
val     62.0  60.6  86.3  73.9  79.7  88.9  86.4  81.9  57.3  76.5  64.3  69.4  67.9  69.9  90.6  82.1  94.9  91.9  76.9 
test    66.6  48.9  82.9  70.1  65.7  93.7  83.4  70.3  65.0  80.8  72.8  67.2  67.5  66.5  96.0  70.6  90.2  99.3  75.4 
test_kp 61.8  48.5  79.2  67.3  64.2  94.0  84.1  69.5  62.5  79.7  74.6  65.3  66.9  63.4  95.9  67.8  91.1  99.7  74.2 
Epoch: 15, Loss: 0.0212, Acc: 1.00, Time: 12.3s, Eval: 3.0s
split   aerop bicyc bird  boat  bottl bus   car   cat   chair cow   dog   horse motor perso potte sheep train tvmon mean
val     62.1  63.4  88.5  70.3  78.5  89.3  85.2  84.8  57.9  75.8  63.6  68.6  70.8  68.1  90.4  81.2  94.8  90.3  76.9 
test    65.2  50.1  85.2  71.3  65.8  93.6  81.8  69.2  63.0  82.0  72.3  67.4  67.0  63.2  96.2  71.1  87.8  99.5  75.1 
test_kp 59.4  49.7  82.0  68.2  64.9  94.1  81.9  68.2  60.0  79.6  73.6  65.3  66.3  60.4  96.1  67.7  89.5  99.8  73.7 
Final test accuracy: 75.09 (best 77.11, at best val epoch 1: 77.11)
Final test keypoint accuracy: 73.70
DONE
