SPair-71k (large layout): 53340 train / 5384 val / 12234 test pairs
DGMC with 3739553 parameters
froze 2592 basis-shape parameters (--freeze_basis)
Epoch: 01, Loss: 1.4604, Acc: 0.78, Time: 9.8s, Eval: 3.2s
split   aerop bicyc bird  boat  bottl bus   car   cat   chair cow   dog   horse motor perso potte sheep train tvmon mean
val     64.6  69.1  88.0  83.1  77.3  87.3  87.2  82.8  62.8  77.1  64.9  74.1  74.7  75.3  96.4  81.2  94.6  93.9  79.7 
test    64.5  48.5  85.1  75.0  69.1  94.0  81.8  72.1  68.2  79.1  73.2  68.7  68.4  68.4  97.2  78.4  92.8  99.5  76.9 
test_kp 58.7  46.8  81.9  71.3  67.5  93.8  82.1  71.3  66.7  77.2  74.5  67.9  67.9  66.2  97.7  74.7  93.0  99.8  75.5 
Epoch: 02, Loss: 0.3093, Acc: 0.98, Time: 9.0s, Eval: 2.4s
split   aerop bicyc bird  boat  bottl bus   car   cat   chair cow   dog   horse motor perso potte sheep train tvmon mean
val     64.7  64.8  86.7  78.4  78.4  84.7  85.1  81.3  59.6  80.2  61.3  72.3  68.8  73.7  93.8  79.7  92.4  93.5  77.7 
test    65.8  45.8  83.2  75.0  66.9  94.8  82.5  69.5  66.8  79.1  73.4  66.3  64.7  67.6  97.5  77.4  92.0  99.4  76.0 
test_kp 60.5  45.8  79.8  71.2  65.0  94.4  81.6  68.8  66.0  76.9  75.1  65.0  64.8  65.1  97.5  74.5  92.5  99.7  74.7 
Epoch: 03, Loss: 0.1397, Acc: 1.00, Time: 9.0s, Eval: 2.2s
split   aerop bicyc bird  boat  bottl bus   car   cat   chair cow   dog   horse motor perso potte sheep train tvmon mean
val     63.4  66.5  85.4  76.4  76.2  84.0  87.3  85.4  57.9  76.6  62.3  72.2  72.2  71.8  93.9  77.8  91.9  93.3  77.5 
test    64.4  46.8  83.3  74.2  67.5  93.9  81.5  70.7  68.4  75.9  70.6  66.0  67.4  68.4  95.7  75.5  90.1  99.5  75.5 
test_kp 59.5  47.0  80.2  69.7  66.0  93.1  81.8  69.9  66.6  73.3  72.9  64.9  66.6  65.5  96.2  72.7  90.8  99.8  74.3 
Epoch: 04, Loss: 0.0954, Acc: 1.00, Time: 9.0s, Eval: 2.2s
split   aerop bicyc bird  boat  bottl bus   car   cat   chair cow   dog   horse motor perso potte sheep train tvmon mean
val     64.7  67.2  86.7  78.7  77.0  83.8  88.9  83.0  58.5  75.0  63.4  72.0  72.1  71.6  94.0  80.5  92.4  93.5  77.9 
test    63.7  47.3  82.9  76.1  67.4  94.0  81.1  71.9  66.3  77.3  70.5  64.4  65.8  66.7  97.0  75.6  91.6  99.5  75.5 
test_kp 58.8  47.0  79.8  71.7  65.6  93.5  80.9  70.9  64.9  75.2  72.4  63.1  65.5  63.9  97.5  72.6  92.1  99.8  74.2 
Epoch: 05, Loss: 0.0718, Acc: 1.00, Time: 9.0s, Eval: 2.3s
split   aerop bicyc bird  boat  bottl bus   car   cat   chair cow   dog   horse motor perso potte sheep train tvmon mean
val     65.4  66.5  85.0  76.1  77.4  85.4  86.4  84.0  53.8  73.4  62.1  68.0  72.8  72.8  94.1  79.7  91.4  94.6  77.1 
test    63.8  46.0  81.7  74.6  66.8  93.4  82.0  67.9  66.4  76.9  67.9  64.6  67.2  66.4  96.4  72.6  91.7  98.4  74.7 
test_kp 59.1  44.3  79.0  69.5  64.9  93.1  81.0  67.4  64.3  75.3  69.8  63.2  66.9  63.9  96.0  70.1  92.2  98.8  73.3 
Epoch: 06, Loss: 0.0608, Acc: 1.00, Time: 9.0s, Eval: 2.3s
split   aerop bicyc bird  boat  bottl bus   car   cat   chair cow   dog   horse motor perso potte sheep train tvmon mean
val     64.5  67.7  85.7  75.3  76.8  86.5  88.6  84.7  54.5  73.3  62.3  71.4  72.1  71.9  95.4  78.6  91.4  93.3  77.4 
test    64.1  46.2  80.5  72.9  68.0  93.8  81.4  70.4  64.1  78.1  68.9  63.3  69.0  65.8  97.4  73.1  90.2  98.5  74.8 
test_kp 59.1  45.7  76.9  68.5  66.4  93.6  80.6  69.7  61.0  75.8  70.8  61.8  67.9  63.8  97.2  70.1  91.2  98.9  73.3 
Epoch: 07, Loss: 0.0555, Acc: 1.00, Time: 8.9s, Eval: 2.2s
split   aerop bicyc bird  boat  bottl bus   car   cat   chair cow   dog   horse motor perso potte sheep train tvmon mean
val     65.3  63.0  87.0  76.6  77.6  86.0  86.6  84.8  55.5  74.0  64.7  70.3  69.0  70.4  95.0  81.0  90.7  94.5  77.3 
test    62.6  45.0  81.0  72.8  67.9  92.8  81.4  71.7  63.6  77.6  69.1  63.0  70.4  65.8  97.5  73.7  91.4  99.4  74.8 
test_kp 57.3  44.8  77.9  67.8  65.8  92.7  81.3  70.9  62.0  76.1  70.7  61.3  69.3  63.3  97.0  70.4  92.1  99.6  73.4 
Epoch: 08, Loss: 0.0537, Acc: 1.00, Time: 9.1s, Eval: 2.3s
split   aerop bicyc bird  boat  bottl bus   car   cat   chair cow   dog   horse motor perso potte sheep train tvmon mean
val     63.5  65.2  86.0  75.6  78.2  83.4  87.1  82.6  55.1  72.2  61.3  68.9  72.7  68.8  94.4  76.6  90.4  95.1  76.5 
test    65.3  48.2  80.7  72.7  67.3  92.7  80.8  70.7  62.6  76.1  68.7  61.5  68.7  63.3  95.8  74.1  90.1  99.2  74.4 
test_kp 60.6  46.8  77.3  67.4  65.5  92.5  80.8  69.8  60.2  73.5  70.7  60.0  67.7  60.7  95.5  70.9  90.7  99.5  72.8 
Epoch: 09, Loss: 0.0562, Acc: 1.00, Time: 9.0s, Eval: 2.2s
split   aerop bicyc bird  boat  bottl bus   car   cat   chair cow   dog   horse motor perso potte sheep train tvmon mean
val     63.0  61.7  84.6  79.6  76.6  86.2  84.1  83.3  54.1  73.8  61.8  71.1  68.6  73.4  93.5  78.0  89.4  93.1  76.4 
test    62.9  45.3  82.7  71.2  67.3  93.1  81.6  71.1  64.5  76.7  68.5  63.2  68.1  66.8  95.7  72.0  89.6  99.0  74.4 
test_kp 58.8  44.4  80.0  67.0  65.9  92.6  81.5  70.2  62.5  74.0  69.9  61.9  66.4  64.3  96.1  68.7  90.7  99.3  73.0 
Epoch: 10, Loss: 0.0537, Acc: 1.00, Time: 9.1s, Eval: 2.5s
split   aerop bicyc bird  boat  bottl bus   car   cat   chair cow   dog   horse motor perso potte sheep train tvmon mean
val     63.1  64.8  83.3  73.7  76.8  84.8  85.3  86.7  58.7  74.1  61.4  68.8  67.3  70.4  92.8  78.7  87.9  92.5  76.2 
test    63.5  44.1  80.0  71.1  68.0  93.2  79.3  71.1  66.1  76.1  67.9  62.2  66.1  67.2  94.8  72.0  88.9  99.1  73.9 
test_kp 58.4  43.6  76.6  65.9  66.3  92.7  78.4  70.2  63.7  74.1  69.6  61.1  64.7  63.8  94.3  67.6  89.5  99.4  72.2 
Epoch: 11, Loss: 0.0398, Acc: 1.00, Time: 9.0s, Eval: 2.2s
split   aerop bicyc bird  boat  bottl bus   car   cat   chair cow   dog   horse motor perso potte sheep train tvmon mean
val     61.1  57.3  85.0  74.4  77.2  83.4  82.9  84.8  57.9  73.7  61.4  68.8  69.9  69.1  93.9  79.6  90.4  92.1  75.7 
test    60.9  44.5  82.7  71.2  68.9  92.9  80.2  71.2  64.7  73.7  68.3  64.5  66.6  67.0  97.4  69.6  90.2  99.0  74.1 
test_kp 55.8  43.2  79.3  65.2  67.1  92.5  80.5  70.3  61.9  71.9  70.0  62.8  65.0  63.9  96.9  65.5  90.6  99.4  72.3 
Epoch: 12, Loss: 0.0313, Acc: 1.00, Time: 9.0s, Eval: 2.3s
split   aerop bicyc bird  boat  bottl bus   car   cat   chair cow   dog   horse motor perso potte sheep train tvmon mean
val     60.8  61.1  85.7  73.7  75.9  83.9  83.8  81.9  56.3  72.3  57.5  69.8  65.9  67.1  94.3  78.1  89.4  91.4  74.9 
test    61.1  44.5  80.9  71.9  67.3  92.5  81.5  70.7  64.0  74.0  67.2  62.1  65.1  65.8  97.3  71.1  88.4  98.6  73.6 
test_kp 56.1  44.4  77.8  66.2  65.8  92.2  81.0  69.7  61.9  72.2  69.3  61.1  63.3  62.4  96.9  66.7  89.0  98.9  71.9 
Epoch: 13, Loss: 0.0295, Acc: 1.00, Time: 9.3s, Eval: 2.3s
split   aerop bicyc bird  boat  bottl bus   car   cat   chair cow   dog   horse motor perso potte sheep train tvmon mean
val     63.3  62.4  84.1  74.1  74.5  82.6  83.6  81.7  58.9  70.3  61.7  67.1  63.6  67.0  93.5  79.5  89.6  91.8  75.0 
test    62.5  46.6  81.4  69.9  66.8  91.9  78.7  70.5  62.5  74.7  67.3  62.6  61.3  64.8  96.7  71.9  86.3  97.3  73.0 
test_kp 57.7  46.1  78.4  64.6  65.3  91.1  78.8  69.7  60.3  73.1  69.4  61.6  60.9  62.1  96.3  68.4  86.6  97.7  71.6 
Epoch: 14, Loss: 0.0276, Acc: 1.00, Time: 9.1s, Eval: 2.2s
split   aerop bicyc bird  boat  bottl bus   car   cat   chair cow   dog   horse motor perso potte sheep train tvmon mean
val     62.3  60.8  83.5  73.4  73.5  83.7  85.2  79.8  58.1  72.3  61.4  67.1  68.9  70.5  94.8  78.0  88.5  90.4  75.1 
test    62.0  47.1  80.8  71.7  67.5  91.9  79.6  71.1  65.5  75.3  68.4  63.4  65.4  66.3  97.5  71.8  88.0  98.0  74.0 
test_kp 56.9  45.8  78.1  65.7  65.9  91.0  80.0  70.3  63.0  73.2  70.3  61.5  64.3  63.2  96.8  67.5  88.3  98.4  72.2 
Epoch: 15, Loss: 0.0508, Acc: 1.00, Time: 9.0s, Eval: 2.4s
split   aerop bicyc bird  boat  bottl bus   car   cat   chair cow   dog   horse motor perso potte sheep train tvmon mean
val     63.5  61.6  82.9  69.6  76.5  81.5  85.7  79.3  56.6  73.4  59.7  70.6  66.5  68.6  91.9  79.0  87.6  91.7  74.8 
test    61.8  44.2  81.4  70.5  65.3  91.0  78.9  70.8  66.2  75.3  65.9  62.7  67.6  64.2  96.2  75.0  87.2  98.2  73.5 
test_kp 56.8  43.5  78.3  65.2  63.9  90.4  78.5  70.2  62.6  72.5  67.5  61.2  66.6  61.4  95.7  69.4  87.3  98.6  71.6 
Final test accuracy: 73.46 (best 76.89, at best val epoch 1: 76.89)
Final test keypoint accuracy: 71.63
DONE
