SPair-71k (large layout): 53340 train / 5384 val / 12234 test pairs
DGMC with 3739553 parameters
froze 2592 basis-shape parameters (--freeze_basis)
Epoch: 01, Loss: 1.5157, Acc: 0.77, Time: 14.7s, Eval: 4.9s
split   aerop bicyc bird  boat  bottl bus   car   cat   chair cow   dog   horse motor perso potte sheep train tvmon mean
val     62.0  66.1  85.3  81.7  76.1  85.4  86.3  82.9  58.9  78.5  63.5  74.8  73.4  73.7  91.3  81.3  92.6  93.0  78.2 
test    64.2  51.8  84.7  78.5  65.7  94.7  84.6  74.0  65.3  81.8  71.7  71.0  72.8  68.4  96.8  75.6  93.5  99.6  77.5 
test_kp 58.6  50.9  81.5  74.3  63.9  93.6  84.2  73.1  63.7  79.3  73.1  70.2  72.2  65.2  97.3  72.7  93.5  99.9  76.0 
Epoch: 02, Loss: 0.3214, Acc: 0.97, Time: 13.4s, Eval: 4.1s
split   aerop bicyc bird  boat  bottl bus   car   cat   chair cow   dog   horse motor perso potte sheep train tvmon mean
val     65.1  65.0  86.2  77.0  76.6  86.5  86.8  80.2  61.1  80.4  63.3  73.6  76.6  74.4  94.2  86.1  93.2  94.6  78.9 
test    66.4  52.5  86.1  74.7  68.3  94.0  82.0  71.8  66.4  79.9  72.7  67.7  66.1  66.8  97.3  73.8  92.3  99.2  76.6 
test_kp 61.1  51.1  82.4  71.1  66.6  93.5  81.2  71.0  66.6  77.2  74.4  66.2  66.4  63.2  98.2  71.4  92.8  99.5  75.2 
Epoch: 03, Loss: 0.1449, Acc: 1.00, Time: 13.4s, Eval: 3.7s
split   aerop bicyc bird  boat  bottl bus   car   cat   chair cow   dog   horse motor perso potte sheep train tvmon mean
val     64.4  63.5  86.2  79.9  77.1  86.5  89.4  79.2  57.9  77.8  63.9  71.9  70.8  75.7  88.7  83.7  93.1  95.9  78.1 
test    64.5  50.3  85.0  76.7  67.5  93.6  80.8  71.2  63.9  78.8  71.6  64.9  69.5  65.2  97.5  75.0  90.8  98.6  75.9 
test_kp 59.5  48.5  81.6  72.4  65.8  93.0  80.1  70.3  63.2  76.8  73.6  63.7  67.9  62.1  97.3  71.9  91.2  99.2  74.3 
Epoch: 04, Loss: 0.0906, Acc: 1.00, Time: 13.2s, Eval: 3.8s
split   aerop bicyc bird  boat  bottl bus   car   cat   chair cow   dog   horse motor perso potte sheep train tvmon mean
val     63.0  63.8  84.9  76.5  76.1  85.5  90.9  80.9  58.8  77.1  63.2  72.7  71.8  71.5  92.9  82.2  89.7  93.0  77.5 
test    64.3  52.6  84.5  73.7  67.3  94.0  80.8  70.0  64.6  77.0  74.2  67.7  68.4  63.3  97.6  71.4  88.7  98.5  75.5 
test_kp 58.8  51.1  81.4  69.6  65.5  93.3  80.3  69.1  64.0  74.7  76.2  66.8  67.9  60.3  98.0  68.3  89.4  98.9  74.1 
Epoch: 05, Loss: 0.0823, Acc: 1.00, Time: 12.9s, Eval: 3.9s
split   aerop bicyc bird  boat  bottl bus   car   cat   chair cow   dog   horse motor perso potte sheep train tvmon mean
val     63.9  65.1  85.4  74.9  77.3  85.8  88.0  79.6  58.1  78.8  62.9  72.0  68.3  67.5  92.8  83.9  89.6  92.0  77.0 
test    62.7  50.5  83.1  73.3  66.5  93.4  82.5  68.9  64.6  76.4  72.6  66.8  62.1  65.0  94.0  70.7  90.2  98.5  74.5 
test_kp 58.0  49.1  80.2  69.8  64.8  93.1  82.5  67.9  63.0  74.4  74.5  65.7  62.6  62.0  94.0  68.2  90.4  98.9  73.3 
Epoch: 06, Loss: 0.0851, Acc: 1.00, Time: 13.3s, Eval: 3.9s
split   aerop bicyc bird  boat  bottl bus   car   cat   chair cow   dog   horse motor perso potte sheep train tvmon mean
val     63.0  65.1  88.0  74.4  77.3  80.3  85.7  79.4  61.1  74.1  63.9  75.8  71.4  67.6  91.6  81.2  87.7  92.4  76.7 
test    65.2  50.7  84.7  74.1  66.9  92.0  81.1  68.2  64.6  76.6  73.5  65.7  66.8  62.8  94.9  71.7  88.8  98.6  74.8 
test_kp 59.2  49.8  81.6  70.4  65.8  91.8  81.1  67.2  64.0  73.9  75.1  64.0  67.3  60.3  94.8  68.4  88.6  99.3  73.5 
Epoch: 07, Loss: 0.0890, Acc: 1.00, Time: 12.9s, Eval: 4.1s
split   aerop bicyc bird  boat  bottl bus   car   cat   chair cow   dog   horse motor perso potte sheep train tvmon mean
val     64.2  63.7  85.7  76.7  75.8  84.5  86.3  80.4  61.1  77.5  62.3  69.1  70.8  67.5  89.6  81.7  90.8  93.5  76.7 
test    67.1  51.7  83.2  72.1  66.7  93.9  81.3  69.4  62.4  77.8  72.2  65.8  68.5  60.4  96.3  72.8  88.5  99.0  74.9 
test_kp 61.4  50.2  79.9  68.1  65.2  93.8  81.4  68.3  61.8  75.5  73.6  63.9  69.0  57.3  95.9  69.2  88.9  99.5  73.5 
Epoch: 08, Loss: 0.0579, Acc: 1.00, Time: 12.6s, Eval: 3.6s
split   aerop bicyc bird  boat  bottl bus   car   cat   chair cow   dog   horse motor perso potte sheep train tvmon mean
val     62.7  61.3  87.9  76.9  76.5  85.1  88.1  82.0  61.6  75.4  61.5  72.4  69.9  67.2  90.5  81.7  91.7  93.9  77.0 
test    66.7  50.5  81.4  71.2  65.9  94.9  81.2  69.7  62.2  77.6  72.4  64.1  66.6  62.7  94.7  71.4  89.4  99.1  74.5 
test_kp 61.3  48.5  78.1  66.5  64.7  94.4  81.9  68.7  62.4  74.6  73.9  62.4  66.3  59.5  95.7  68.4  89.3  99.5  73.1 
Epoch: 09, Loss: 0.0596, Acc: 1.00, Time: 13.1s, Eval: 4.1s
split   aerop bicyc bird  boat  bottl bus   car   cat   chair cow   dog   horse motor perso potte sheep train tvmon mean
val     62.2  60.8  86.8  74.9  76.3  84.9  87.9  79.3  61.6  78.4  62.1  72.2  69.5  68.8  87.3  81.3  90.8  91.1  76.5 
test    64.4  50.2  83.0  73.2  65.7  93.4  80.3  70.8  64.1  77.5  71.8  65.0  67.7  62.1  95.9  73.6  90.1  98.7  74.9 
test_kp 59.5  49.1  79.5  69.5  64.2  93.3  81.0  70.0  64.4  75.0  73.5  63.3  67.2  59.8  96.0  69.3  89.9  99.3  73.5 
Epoch: 10, Loss: 0.0609, Acc: 1.00, Time: 13.0s, Eval: 4.2s
split   aerop bicyc bird  boat  bottl bus   car   cat   chair cow   dog   horse motor perso potte sheep train tvmon mean
val     62.1  59.9  87.2  74.8  76.9  86.4  88.7  77.2  56.9  77.1  63.2  71.3  67.6  64.8  91.1  81.0  90.9  93.0  76.1 
test    64.3  50.8  81.5  71.6  65.9  92.2  81.8  71.9  60.1  78.1  72.1  64.4  68.3  64.3  94.3  70.0  89.7  98.4  74.4 
test_kp 59.5  49.1  78.5  68.1  64.1  92.3  82.2  70.9  59.5  76.3  74.3  62.8  67.1  61.7  93.9  65.9  89.6  98.8  73.0 
Epoch: 11, Loss: 0.0573, Acc: 1.00, Time: 12.7s, Eval: 4.2s
split   aerop bicyc bird  boat  bottl bus   car   cat   chair cow   dog   horse motor perso potte sheep train tvmon mean
val     61.7  63.9  85.8  74.0  76.5  86.8  89.8  76.5  56.2  75.6  63.2  71.9  68.2  65.9  90.1  81.5  87.5  91.5  75.9 
test    64.6  51.9  79.2  70.4  64.7  93.2  83.8  70.9  59.6  77.6  71.9  61.7  70.4  62.7  95.6  68.6  90.5  98.0  74.2 
test_kp 59.1  50.5  76.0  66.7  63.3  93.6  84.1  69.9  58.5  74.2  73.6  59.9  70.9  59.3  95.2  64.2  90.5  98.4  72.7 
Epoch: 12, Loss: 0.0392, Acc: 1.00, Time: 12.8s, Eval: 3.9s
split   aerop bicyc bird  boat  bottl bus   car   cat   chair cow   dog   horse motor perso potte sheep train tvmon mean
val     62.5  59.7  87.0  75.0  75.4  85.2  89.5  76.0  59.2  77.0  63.1  72.7  66.6  68.7  89.1  80.2  89.5  92.0  76.0 
test    62.6  48.2  81.1  71.8  65.0  93.1  82.6  70.6  60.5  76.9  71.7  64.1  66.2  63.8  95.5  71.8  88.9  98.5  74.0 
test_kp 58.2  47.4  78.0  67.1  64.2  92.3  82.5  69.7  59.7  74.3  73.3  62.6  66.2  60.8  94.9  67.2  88.9  98.9  72.6 
Epoch: 13, Loss: 0.0442, Acc: 1.00, Time: 12.7s, Eval: 4.0s
split   aerop bicyc bird  boat  bottl bus   car   cat   chair cow   dog   horse motor perso potte sheep train tvmon mean
val     61.7  60.8  88.3  72.9  75.2  85.9  85.5  77.7  57.3  75.3  60.9  69.2  63.8  68.1  85.9  81.2  87.2  91.7  74.9 
test    63.8  49.0  82.3  72.3  63.7  93.0  80.3  69.8  59.8  77.0  71.9  61.6  66.3  62.4  94.0  69.8  87.7  98.2  73.5 
test_kp 58.1  47.9  79.0  68.0  63.1  92.6  80.2  68.8  58.6  74.1  73.1  59.9  65.9  59.2  94.0  65.7  88.5  98.7  72.0 
Epoch: 14, Loss: 0.0588, Acc: 1.00, Time: 13.1s, Eval: 3.8s
split   aerop bicyc bird  boat  bottl bus   car   cat   chair cow   dog   horse motor perso potte sheep train tvmon mean
val     61.9  63.3  87.4  69.6  73.5  84.0  88.0  79.4  60.1  75.6  61.5  68.9  69.8  67.0  88.1  78.3  89.7  90.2  75.3 
test    61.9  50.1  81.5  71.1  61.3  92.6  83.4  70.6  58.1  75.1  69.8  63.7  65.5  61.1  94.9  68.4  88.6  99.2  73.2 
test_kp 56.7  49.5  78.2  66.8  61.4  91.7  83.4  70.0  55.7  71.8  71.5  61.8  64.6  57.8  95.0  64.6  88.5  99.6  71.6 
Epoch: 15, Loss: 0.0507, Acc: 1.00, Time: 13.6s, Eval: 3.9s
split   aerop bicyc bird  boat  bottl bus   car   cat   chair cow   dog   horse motor perso potte sheep train tvmon mean
val     62.8  65.0  87.3  74.6  73.4  85.4  85.6  81.6  59.4  76.0  62.1  72.0  69.6  68.7  88.1  79.4  92.8  91.4  76.4 
test    64.8  52.4  81.6  72.8  62.1  91.3  83.0  71.1  59.0  77.7  70.5  65.3  69.4  63.2  94.1  71.5  89.3  98.9  74.3 
test_kp 59.3  51.2  78.8  69.6  62.3  91.4  83.2  70.2  57.7  74.0  72.1  63.6  67.9  60.4  94.2  67.8  89.3  99.3  72.9 
Final test accuracy: 74.33 (best 77.48, at best val epoch 2: 76.56)
Final test keypoint accuracy: 72.90
DONE
