SPair-71k (large layout): 53340 train / 5384 val / 12234 test pairs
DGMC with 1935873 parameters
froze 1152 basis-shape parameters (--freeze_basis)
Epoch: 01, Loss: 1.4931, Acc: 0.76, Time: 9.3s, Eval: 3.1s
split   aerop bicyc bird  boat  bottl bus   car   cat   chair cow   dog   horse motor perso potte sheep train tvmon mean
val     65.5  69.7  85.6  77.3  79.3  83.9  86.2  83.9  60.6  74.9  65.2  75.7  71.4  71.4  94.2  83.1  91.8  97.3  78.7 
test    62.3  56.6  83.9  74.3  66.3  91.5  82.3  70.6  67.0  83.4  71.7  68.2  71.2  68.6  97.9  74.5  89.9  99.4  76.6 
test_kp 57.7  55.5  81.0  70.6  64.8  91.9  83.0  69.7  65.1  80.3  72.8  66.9  70.1  65.3  97.7  71.9  90.2  99.5  75.2 
Epoch: 02, Loss: 0.3004, Acc: 0.98, Time: 8.5s, Eval: 2.5s
split   aerop bicyc bird  boat  bottl bus   car   cat   chair cow   dog   horse motor perso potte sheep train tvmon mean
val     65.1  61.8  85.4  74.4  77.4  82.1  85.2  83.7  60.8  75.7  65.5  71.2  73.7  75.9  94.9  81.8  90.1  96.2  77.8 
test    62.8  55.7  82.4  70.6  65.3  91.4  80.2  70.1  59.6  80.5  71.4  65.4  70.4  66.4  96.4  70.7  86.9  98.7  74.7 
test_kp 58.2  54.3  78.6  66.3  64.7  91.5  81.0  69.3  58.4  78.2  72.8  63.6  69.0  63.4  96.0  67.4  87.0  98.9  73.3 
Epoch: 03, Loss: 0.1186, Acc: 1.00, Time: 8.6s, Eval: 2.3s
split   aerop bicyc bird  boat  bottl bus   car   cat   chair cow   dog   horse motor perso potte sheep train tvmon mean
val     64.5  59.6  86.6  76.3  79.0  85.8  86.0  83.4  58.8  72.9  63.2  70.6  70.1  73.3  92.4  80.8  90.9  94.5  77.2 
test    62.1  53.4  82.8  70.3  65.3  91.2  81.7  69.1  57.9  77.8  68.8  62.6  69.8  64.9  96.4  67.8  87.4  99.3  73.8 
test_kp 57.0  52.3  79.4  66.5  64.9  91.7  82.0  68.2  56.0  75.5  70.3  60.9  68.9  61.2  96.2  65.3  87.1  99.4  72.4 
Epoch: 04, Loss: 0.0666, Acc: 1.00, Time: 8.5s, Eval: 2.3s
split   aerop bicyc bird  boat  bottl bus   car   cat   chair cow   dog   horse motor perso potte sheep train tvmon mean
val     64.0  64.0  86.3  75.2  77.0  83.2  84.8  83.8  58.7  72.7  64.5  69.4  73.6  73.1  92.6  83.4  90.1  95.0  77.3 
test    61.8  53.1  82.0  69.4  65.0  90.5  81.3  70.0  57.4  77.4  70.5  61.8  69.9  63.8  95.0  69.2  86.2  97.7  73.4 
test_kp 56.9  51.5  78.3  64.9  64.7  90.8  80.8  69.2  54.8  75.5  71.7  60.3  68.4  59.7  95.1  65.5  85.8  98.1  71.8 
Epoch: 05, Loss: 0.0464, Acc: 1.00, Time: 8.5s, Eval: 2.2s
split   aerop bicyc bird  boat  bottl bus   car   cat   chair cow   dog   horse motor perso potte sheep train tvmon mean
val     66.5  62.0  83.9  73.3  77.8  84.9  88.2  85.4  57.5  71.7  64.2  70.0  72.3  71.5  93.3  81.7  89.6  95.3  77.2 
test    62.2  55.1  82.6  67.2  66.0  91.0  81.6  69.7  60.0  77.6  69.8  62.7  69.5  62.1  96.2  67.7  87.9  99.2  73.8 
test_kp 56.6  54.0  78.7  62.2  65.8  92.0  82.6  68.5  56.8  75.6  71.3  61.2  68.2  58.7  95.5  65.0  87.5  99.5  72.2 
Epoch: 06, Loss: 0.0391, Acc: 1.00, Time: 8.5s, Eval: 2.3s
split   aerop bicyc bird  boat  bottl bus   car   cat   chair cow   dog   horse motor perso potte sheep train tvmon mean
val     66.3  61.3  86.8  76.1  77.5  82.7  86.1  82.1  60.0  72.1  61.8  70.0  70.1  74.1  91.8  80.6  89.6  95.6  76.9 
test    61.9  54.0  81.6  68.9  65.4  90.7  82.9  70.2  61.8  78.8  70.7  61.1  71.8  62.3  95.4  67.1  85.4  98.1  73.8 
test_kp 57.1  52.7  77.8  64.3  64.9  91.4  84.2  69.3  58.8  76.5  72.1  59.7  70.6  58.8  95.1  64.8  84.7  98.6  72.3 
Epoch: 07, Loss: 0.0360, Acc: 1.00, Time: 8.6s, Eval: 2.4s
split   aerop bicyc bird  boat  bottl bus   car   cat   chair cow   dog   horse motor perso potte sheep train tvmon mean
val     66.4  62.3  86.6  73.6  78.6  82.7  86.1  84.4  58.3  73.6  64.2  69.1  67.9  75.0  93.5  79.9  91.7  93.6  77.1 
test    61.2  52.2  81.7  67.0  66.9  90.4  83.3  69.5  56.3  77.5  69.3  63.1  70.1  61.0  97.0  66.7  88.2  97.6  73.3 
test_kp 56.2  51.1  78.3  62.2  66.7  91.2  83.2  68.2  54.8  75.3  70.6  61.8  68.7  57.4  96.7  64.6  88.1  98.0  71.8 
Epoch: 08, Loss: 0.0266, Acc: 1.00, Time: 8.8s, Eval: 2.2s
split   aerop bicyc bird  boat  bottl bus   car   cat   chair cow   dog   horse motor perso potte sheep train tvmon mean
val     63.7  59.9  84.5  74.1  78.0  82.4  84.0  83.6  57.3  74.1  61.1  67.3  67.0  74.4  92.5  82.8  89.7  94.7  76.2 
test    61.2  53.0  80.1  65.8  66.0  91.2  80.7  68.6  59.8  76.0  69.6  60.2  68.1  63.6  96.8  67.5  87.6  98.2  73.0 
test_kp 56.2  51.6  77.0  60.8  65.4  91.9  81.2  67.9  58.2  74.2  71.0  59.0  67.6  59.9  96.5  64.0  87.6  98.7  71.6 
Epoch: 09, Loss: 0.0263, Acc: 1.00, Time: 8.6s, Eval: 2.3s
split   aerop bicyc bird  boat  bottl bus   car   cat   chair cow   dog   horse motor perso potte sheep train tvmon mean
val     66.7  60.1  85.2  73.7  74.8  84.6  86.2  81.6  57.0  73.2  61.4  67.0  64.9  71.1  92.9  79.8  89.9  95.7  75.9 
test    62.8  51.7  81.7  67.5  66.5  90.6  80.1  68.3  61.0  75.9  70.8  58.7  68.4  61.3  96.3  70.8  88.0  99.2  73.3 
test_kp 58.1  50.2  78.3  62.4  65.9  91.5  81.0  67.3  60.4  73.9  72.0  57.9  68.3  57.4  95.9  67.4  87.7  99.5  71.9 
Epoch: 10, Loss: 0.0239, Acc: 1.00, Time: 8.5s, Eval: 2.3s
split   aerop bicyc bird  boat  bottl bus   car   cat   chair cow   dog   horse motor perso potte sheep train tvmon mean
val     65.8  59.5  84.4  75.3  77.3  83.9  87.8  82.2  59.0  73.8  62.8  67.9  69.4  70.9  92.3  81.5  90.9  95.5  76.7 
test    63.2  52.6  82.8  69.4  66.2  90.1  81.1  69.5  61.2  76.7  69.8  60.3  69.1  63.6  96.0  67.1  86.6  97.5  73.5 
test_kp 58.3  51.2  79.2  65.0  65.7  91.3  82.2  68.8  58.6  74.6  71.0  58.5  68.1  59.9  95.2  64.0  86.0  97.8  72.0 
Epoch: 11, Loss: 0.0163, Acc: 1.00, Time: 8.5s, Eval: 2.4s
split   aerop bicyc bird  boat  bottl bus   car   cat   chair cow   dog   horse motor perso potte sheep train tvmon mean
val     65.2  59.7  85.8  73.0  76.3  82.4  86.5  82.8  55.5  71.6  62.6  67.6  67.0  71.9  89.9  84.1  89.8  95.1  75.9 
test    63.6  52.9  80.8  67.8  66.4  90.2  82.0  70.0  59.6  76.1  69.5  60.6  69.6  63.7  96.8  68.6  85.8  98.3  73.5 
test_kp 59.2  51.6  77.0  63.6  65.8  91.0  81.9  68.7  57.3  75.1  71.0  59.4  68.6  60.5  96.3  65.5  85.5  98.7  72.0 
Epoch: 12, Loss: 0.0167, Acc: 1.00, Time: 8.6s, Eval: 2.3s
split   aerop bicyc bird  boat  bottl bus   car   cat   chair cow   dog   horse motor perso potte sheep train tvmon mean
val     64.1  61.5  84.0  75.5  75.1  84.9  86.5  82.5  54.8  73.8  63.7  66.9  65.4  71.1  91.6  81.1  89.8  95.9  76.0 
test    62.7  52.3  82.7  66.9  65.5  90.0  81.9  69.6  56.9  77.0  68.9  61.6  68.6  60.9  96.1  69.2  86.7  98.1  73.1 
test_kp 58.0  51.3  79.2  61.9  65.4  90.6  81.5  68.5  55.6  75.6  70.2  60.4  67.5  57.2  95.0  65.3  86.5  98.4  71.6 
Epoch: 13, Loss: 0.0161, Acc: 1.00, Time: 8.5s, Eval: 2.4s
split   aerop bicyc bird  boat  bottl bus   car   cat   chair cow   dog   horse motor perso potte sheep train tvmon mean
val     66.8  61.9  85.0  75.4  74.7  85.3  87.7  82.8  57.9  73.8  62.4  66.6  66.9  71.6  90.7  83.4  89.2  95.0  76.5 
test    63.7  55.1  82.0  67.2  65.7  90.0  83.1  68.5  56.7  75.4  66.9  61.9  67.4  62.2  94.4  67.8  86.3  97.2  72.9 
test_kp 59.0  53.8  78.4  62.6  65.3  90.6  83.5  67.4  54.9  73.8  68.4  60.3  66.5  58.0  93.4  64.9  86.2  97.7  71.4 
Epoch: 14, Loss: 0.0152, Acc: 1.00, Time: 8.6s, Eval: 2.2s
split   aerop bicyc bird  boat  bottl bus   car   cat   chair cow   dog   horse motor perso potte sheep train tvmon mean
val     64.9  64.9  84.7  73.1  74.3  81.6  87.6  78.5  56.0  70.8  60.1  69.6  66.4  70.0  92.0  81.8  86.9  94.5  75.4 
test    63.1  52.6  82.9  68.6  66.5  89.0  81.6  67.6  59.7  75.8  67.2  61.0  66.9  62.5  94.3  68.5  86.1  98.1  72.9 
test_kp 58.9  51.4  79.4  64.2  66.3  89.4  83.1  66.4  57.3  73.8  68.7  59.1  66.4  58.6  93.2  64.4  85.9  98.3  71.4 
Epoch: 15, Loss: 0.0150, Acc: 1.00, Time: 8.6s, Eval: 2.2s
split   aerop bicyc bird  boat  bottl bus   car   cat   chair cow   dog   horse motor perso potte sheep train tvmon mean
val     63.8  60.7  84.2  74.6  76.4  81.4  87.0  82.0  58.9  72.6  60.0  70.2  65.4  69.4  94.6  77.8  87.4  94.8  75.6 
test    62.7  51.9  81.5  67.8  66.6  90.7  84.1  68.4  59.1  74.7  68.2  60.4  66.9  62.0  94.7  64.3  87.6  97.6  72.7 
test_kp 57.6  50.5  78.0  63.1  66.3  91.5  84.3  67.5  57.3  72.6  69.8  59.1  66.6  57.7  93.2  61.6  87.1  98.0  71.2 
Final test accuracy: 72.73 (best 76.65, at best val epoch 1: 76.65)
Final test keypoint accuracy: 71.21
DONE
