SPair-71k (large layout): 53340 train / 5384 val / 12234 test pairs
DGMC with 6264705 parameters
Epoch: 01, Loss: 1.5025, Acc: 0.78, Time: 11.9s, Eval: 3.5s
split   aerop bicyc bird  boat  bottl bus   car   cat   chair cow   dog   horse motor perso potte sheep train tvmon mean
val     60.1  67.8  87.2  75.9  74.9  86.1  86.3  81.3  63.6  77.6  65.5  71.5  72.4  75.3  96.7  81.5  95.2  92.4  78.4 
test    64.3  52.6  84.0  74.7  66.6  93.8  82.2  73.1  66.4  81.2  71.1  67.5  69.9  67.5  95.1  79.6  92.4  99.3  76.7 
test_kp 58.3  50.9  80.8  71.9  65.3  93.1  81.3  71.9  66.5  79.3  72.6  65.8  69.2  65.0  96.5  75.5  92.8  99.7  75.3 
Epoch: 02, Loss: 0.3084, Acc: 0.98, Time: 10.8s, Eval: 2.5s
split   aerop bicyc bird  boat  bottl bus   car   cat   chair cow   dog   horse motor perso potte sheep train tvmon mean
val     63.6  68.2  83.9  77.3  77.3  88.2  87.2  78.8  60.6  76.0  63.7  71.8  72.3  74.5  93.9  80.7  92.5  92.3  77.9 
test    65.9  53.5  83.6  73.5  65.3  93.5  83.3  71.2  66.0  78.6  70.4  66.6  69.4  66.9  96.4  76.0  92.0  99.1  76.2 
test_kp 60.2  53.1  80.7  70.5  64.1  93.4  83.2  69.9  65.6  77.6  72.8  64.9  69.7  64.5  97.4  72.8  92.3  99.6  75.1 
Epoch: 03, Loss: 0.1331, Acc: 1.00, Time: 10.9s, Eval: 2.5s
split   aerop bicyc bird  boat  bottl bus   car   cat   chair cow   dog   horse motor perso potte sheep train tvmon mean
val     61.9  69.1  83.1  76.9  77.3  87.0  88.8  78.8  60.2  74.8  65.8  71.7  70.7  72.9  94.4  82.9  94.4  92.1  77.9 
test    64.8  54.3  82.6  73.4  65.5  94.6  84.2  70.2  64.4  80.1  71.3  64.4  71.1  67.3  95.1  76.8  90.6  99.2  76.1 
test_kp 58.5  52.9  79.6  69.8  64.8  94.8  84.9  69.0  63.3  78.2  72.8  62.9  70.7  65.3  95.2  72.8  90.5  99.6  74.8 
Epoch: 04, Loss: 0.0762, Acc: 1.00, Time: 10.8s, Eval: 2.5s
split   aerop bicyc bird  boat  bottl bus   car   cat   chair cow   dog   horse motor perso potte sheep train tvmon mean
val     62.1  67.3  84.9  75.7  78.0  84.4  89.2  80.1  56.7  73.4  62.5  70.3  67.7  72.0  94.0  81.9  93.7  93.5  77.1 
test    66.5  51.3  82.7  72.6  67.4  93.8  85.0  69.8  63.4  80.2  71.3  64.9  67.9  66.6  95.3  72.9  89.8  98.5  75.6 
test_kp 61.3  50.8  80.0  69.0  65.6  93.6  85.5  68.6  63.2  78.8  73.5  63.9  67.9  64.0  95.7  70.1  89.6  99.2  74.5 
Epoch: 05, Loss: 0.0600, Acc: 1.00, Time: 11.4s, Eval: 2.5s
split   aerop bicyc bird  boat  bottl bus   car   cat   chair cow   dog   horse motor perso potte sheep train tvmon mean
val     60.3  65.3  85.1  75.6  71.0  85.9  90.6  81.0  57.5  75.6  63.1  71.8  72.5  74.0  90.5  82.9  93.0  93.3  77.2 
test    64.4  51.6  80.3  73.2  65.8  93.3  84.2  67.8  63.8  78.8  71.3  65.6  70.4  67.3  93.8  75.2  88.4  99.1  75.2 
test_kp 58.8  50.0  77.5  69.2  64.5  93.3  84.0  66.4  63.2  77.2  73.2  64.3  70.6  64.7  95.2  71.7  88.5  99.6  74.0 
Epoch: 06, Loss: 0.0492, Acc: 1.00, Time: 10.9s, Eval: 2.4s
split   aerop bicyc bird  boat  bottl bus   car   cat   chair cow   dog   horse motor perso potte sheep train tvmon mean
val     60.7  65.6  85.7  76.3  74.3  87.0  90.5  80.9  60.8  74.6  62.0  67.6  70.4  72.5  91.1  81.7  91.8  91.0  76.9 
test    63.6  50.4  79.9  73.2  67.1  93.6  84.7  69.5  66.0  77.7  70.0  65.0  68.4  66.4  94.7  74.9  89.1  98.7  75.2 
test_kp 58.7  49.2  76.8  69.4  65.1  94.0  84.7  68.1  65.1  76.0  71.9  63.6  68.7  63.5  95.6  71.6  89.5  99.3  73.9 
Epoch: 07, Loss: 0.0367, Acc: 1.00, Time: 10.9s, Eval: 2.4s
split   aerop bicyc bird  boat  bottl bus   car   cat   chair cow   dog   horse motor perso potte sheep train tvmon mean
val     61.2  62.8  83.9  74.9  76.5  87.1  90.1  81.8  58.0  75.1  61.8  71.2  69.5  73.5  91.9  84.5  93.1  92.9  77.2 
test    63.8  48.5  81.5  73.9  66.4  94.0  82.6  70.3  62.8  77.4  71.0  64.7  67.2  65.5  92.5  76.7  90.2  98.2  74.9 
test_kp 58.9  47.7  78.1  70.2  64.7  93.9  82.7  69.0  62.7  75.3  73.1  63.1  67.6  63.0  94.4  73.1  90.1  99.1  73.7 
Epoch: 08, Loss: 0.0363, Acc: 1.00, Time: 10.9s, Eval: 2.6s
split   aerop bicyc bird  boat  bottl bus   car   cat   chair cow   dog   horse motor perso potte sheep train tvmon mean
val     60.7  65.2  86.8  73.0  75.4  85.3  86.4  84.0  59.5  73.6  62.5  71.6  73.7  72.5  92.4  80.8  91.6  94.4  77.2 
test    63.0  52.4  80.7  71.0  64.3  94.0  84.5  68.6  64.1  77.7  72.6  66.1  66.8  68.9  94.8  74.7  88.3  98.9  75.1 
test_kp 58.5  51.2  77.4  67.7  63.1  94.4  85.1  67.4  63.0  75.3  74.8  65.1  66.6  66.3  94.9  71.1  88.5  99.5  73.9 
Epoch: 09, Loss: 0.0305, Acc: 1.00, Time: 10.9s, Eval: 2.6s
split   aerop bicyc bird  boat  bottl bus   car   cat   chair cow   dog   horse motor perso potte sheep train tvmon mean
val     60.8  66.9  84.9  73.1  76.0  84.4  88.0  81.4  60.6  74.8  62.2  69.9  72.2  73.6  92.4  84.2  91.8  93.5  77.3 
test    64.0  51.7  79.9  70.9  65.0  92.6  84.8  70.3  62.1  78.2  71.7  66.3  68.5  67.1  95.5  76.6  88.5  98.8  75.1 
test_kp 58.8  50.7  75.8  66.9  63.9  92.9  84.9  69.1  62.0  75.8  74.0  65.1  68.9  65.0  96.0  72.6  88.4  99.5  73.9 
Epoch: 10, Loss: 0.0279, Acc: 1.00, Time: 10.7s, Eval: 2.5s
split   aerop bicyc bird  boat  bottl bus   car   cat   chair cow   dog   horse motor perso potte sheep train tvmon mean
val     61.1  66.5  85.2  69.5  75.2  84.2  85.7  80.8  60.5  72.7  61.9  71.1  69.4  73.9  89.2  79.8  92.3  92.6  76.2 
test    64.3  53.5  81.8  70.3  67.1  94.8  85.3  67.1  64.1  78.1  72.4  65.8  65.1  67.7  94.7  72.6  89.1  98.8  75.2 
test_kp 58.9  51.3  78.4  66.7  65.4  94.7  84.9  65.5  63.3  75.6  74.3  64.9  64.7  65.2  95.7  68.4  89.4  99.5  73.7 
Epoch: 11, Loss: 0.0280, Acc: 1.00, Time: 10.9s, Eval: 2.5s
split   aerop bicyc bird  boat  bottl bus   car   cat   chair cow   dog   horse motor perso potte sheep train tvmon mean
val     60.1  63.6  83.4  72.6  75.1  81.6  86.0  79.5  56.9  74.8  61.4  67.8  67.5  70.0  93.3  82.8  91.3  92.4  75.6 
test    62.6  52.8  80.0  71.6  66.7  93.0  85.1  69.3  65.0  76.9  71.0  65.2  64.6  67.9  94.5  74.1  88.0  97.7  74.8 
test_kp 57.6  51.5  76.2  68.1  64.8  93.1  85.0  67.8  63.8  75.1  73.2  64.1  64.9  65.2  95.7  69.6  88.7  98.6  73.5 
Epoch: 12, Loss: 0.0251, Acc: 1.00, Time: 11.0s, Eval: 2.4s
split   aerop bicyc bird  boat  bottl bus   car   cat   chair cow   dog   horse motor perso potte sheep train tvmon mean
val     62.2  62.6  82.5  72.8  74.2  83.1  88.8  81.5  58.5  74.3  62.9  69.3  67.5  71.8  91.9  83.1  90.3  91.6  76.1 
test    64.2  49.1  80.4  69.7  63.7  92.7  85.7  68.4  65.1  77.7  72.4  64.7  62.3  67.6  93.6  74.2  87.1  98.9  74.3 
test_kp 58.9  49.1  76.5  66.7  62.7  93.7  85.6  66.9  64.1  75.2  74.3  62.8  62.6  64.6  95.4  69.3  87.7  99.4  73.1 
Epoch: 13, Loss: 0.0237, Acc: 1.00, Time: 10.9s, Eval: 2.5s
split   aerop bicyc bird  boat  bottl bus   car   cat   chair cow   dog   horse motor perso potte sheep train tvmon mean
val     63.1  63.8  83.1  73.6  73.9  85.1  87.6  80.4  55.4  74.0  59.2  70.1  71.1  72.5  90.1  82.5  91.7  91.4  76.0 
test    64.1  50.4  80.7  72.8  65.7  93.5  84.5  68.3  63.0  78.7  70.4  65.0  65.5  64.2  91.3  73.5  87.9  98.6  74.3 
test_kp 58.7  49.9  76.4  69.2  64.6  93.9  84.4  67.0  62.2  76.7  71.9  63.7  66.1  61.2  92.5  67.7  88.0  99.3  73.0 
Epoch: 14, Loss: 0.0316, Acc: 1.00, Time: 10.9s, Eval: 2.5s
split   aerop bicyc bird  boat  bottl bus   car   cat   chair cow   dog   horse motor perso potte sheep train tvmon mean
val     61.2  63.9  83.0  75.0  74.7  86.2  88.2  78.5  55.6  72.4  60.6  71.4  69.9  71.4  90.9  84.1  90.4  91.3  76.0 
test    63.7  51.9  80.2  72.2  66.9  93.5  84.7  70.1  58.8  78.8  69.5  63.4  67.5  64.6  92.4  73.7  86.5  98.4  74.3 
test_kp 58.4  50.4  76.2  68.8  65.0  93.4  84.7  69.0  57.9  76.6  71.1  62.3  68.0  62.2  94.6  68.2  86.0  98.9  72.9 
Epoch: 15, Loss: 0.0401, Acc: 1.00, Time: 11.0s, Eval: 2.6s
split   aerop bicyc bird  boat  bottl bus   car   cat   chair cow   dog   horse motor perso potte sheep train tvmon mean
val     59.4  65.3  86.7  74.9  71.6  86.1  86.2  79.6  59.0  73.1  60.3  69.7  72.1  71.2  90.3  81.9  90.0  90.4  76.0 
test    62.7  51.4  78.0  69.6  62.9  93.3  83.8  70.5  64.4  77.6  71.5  64.1  67.3  65.1  89.9  74.8  87.6  98.0  74.0 
test_kp 57.2  50.1  74.4  66.7  62.6  93.2  83.5  69.3  63.5  75.3  73.3  62.8  67.6  62.1  92.1  71.1  87.1  98.7  72.8 
Final test accuracy: 74.04 (best 76.73, at best val epoch 1: 76.73)
Final test keypoint accuracy: 72.80
DONE
