SPair-71k (large layout): 53340 train / 5384 val / 12234 test pairs
DGMC with 3739553 parameters
Epoch: 01, Loss: 1.5214, Acc: 0.76, Time: 10.6s, Eval: 3.2s
split   aerop bicyc bird  boat  bottl bus   car   cat   chair cow   dog   horse motor perso potte sheep train tvmon mean
val     61.1  64.2  91.5  80.5  78.5  87.1  88.7  85.3  61.9  81.6  64.6  72.9  72.4  77.4  94.5  87.8  93.4  96.6  80.0 
test    64.5  54.0  85.3  73.7  67.3  93.7  84.5  70.4  65.7  80.3  73.4  68.1  70.4  71.6  99.2  75.2  93.3  99.9  77.2 
test_kp 58.4  52.8  82.5  70.3  64.9  93.6  85.4  69.6  65.8  77.7  74.7  67.2  70.0  69.0  99.0  72.0  93.6  99.9  75.9 
Epoch: 02, Loss: 0.2538, Acc: 0.98, Time: 9.8s, Eval: 2.3s
split   aerop bicyc bird  boat  bottl bus   car   cat   chair cow   dog   horse motor perso potte sheep train tvmon mean
val     64.5  63.1  89.1  76.8  80.1  87.1  85.2  85.1  59.8  81.3  64.9  72.2  72.3  76.0  92.3  83.6  90.0  95.1  78.8 
test    67.9  50.2  84.7  70.4  66.1  95.0  84.3  69.5  63.3  82.3  72.7  66.4  67.2  70.0  97.5  74.0  92.1  99.7  76.3 
test_kp 62.5  49.0  81.6  66.1  63.9  95.2  85.2  68.8  61.7  80.2  73.9  65.5  67.5  67.4  98.0  71.0  92.8  99.8  75.0 
Epoch: 03, Loss: 0.0887, Acc: 1.00, Time: 9.7s, Eval: 2.3s
split   aerop bicyc bird  boat  bottl bus   car   cat   chair cow   dog   horse motor perso potte sheep train tvmon mean
val     64.8  62.2  85.7  77.2  79.2  85.8  86.1  81.7  60.0  78.7  65.6  70.7  69.6  76.4  91.8  84.9  90.0  94.8  78.1 
test    66.3  49.6  85.1  70.0  66.1  94.1  85.1  71.0  64.8  82.3  71.4  67.0  70.2  69.5  98.4  70.4  93.4  99.6  76.3 
test_kp 60.6  48.8  82.2  65.7  64.1  94.5  85.9  70.4  63.5  80.0  72.9  66.4  70.2  66.4  98.6  67.9  93.5  99.7  75.1 
Epoch: 04, Loss: 0.0544, Acc: 1.00, Time: 9.9s, Eval: 2.3s
split   aerop bicyc bird  boat  bottl bus   car   cat   chair cow   dog   horse motor perso potte sheep train tvmon mean
val     64.1  63.5  84.7  74.0  79.6  86.5  88.2  84.2  58.7  79.6  64.2  71.6  68.2  76.9  92.6  82.6  89.4  97.4  78.1 
test    66.5  49.8  84.8  69.6  65.7  94.2  86.1  69.7  63.4  83.0  70.9  66.1  69.8  67.0  96.9  73.1  92.4  99.3  76.0 
test_kp 61.0  49.2  81.8  64.6  63.8  94.2  86.8  69.1  62.2  80.4  72.0  65.3  69.6  63.7  96.9  71.2  92.3  99.5  74.6 
Epoch: 05, Loss: 0.0363, Acc: 1.00, Time: 9.8s, Eval: 2.3s
split   aerop bicyc bird  boat  bottl bus   car   cat   chair cow   dog   horse motor perso potte sheep train tvmon mean
val     63.9  66.2  87.2  72.9  79.8  85.3  87.1  82.8  59.5  77.3  64.6  73.3  72.7  72.3  86.8  82.8  90.8  96.1  77.8 
test    66.0  47.9  84.3  68.2  66.1  93.9  86.4  68.8  63.4  80.7  72.2  65.8  68.4  65.3  97.1  72.3  92.7  99.4  75.5 
test_kp 60.9  47.7  81.5  63.7  64.7  94.1  86.8  68.2  61.8  78.0  73.1  65.1  68.8  61.8  97.2  69.7  92.6  99.6  74.2 
Epoch: 06, Loss: 0.0273, Acc: 1.00, Time: 9.8s, Eval: 2.3s
split   aerop bicyc bird  boat  bottl bus   car   cat   chair cow   dog   horse motor perso potte sheep train tvmon mean
val     64.9  63.2  88.9  73.8  79.1  87.5  87.9  85.7  59.6  79.2  63.6  71.7  68.2  77.4  90.6  81.9  90.8  96.4  78.3 
test    66.9  49.2  85.4  68.7  66.4  93.8  84.3  68.0  63.1  82.4  73.0  65.8  68.8  69.6  97.4  70.3  92.6  98.7  75.8 
test_kp 61.7  47.6  82.2  64.6  64.7  94.2  85.6  67.4  62.1  79.9  74.1  64.9  69.8  65.7  97.1  67.7  92.4  99.2  74.5 
Epoch: 07, Loss: 0.0235, Acc: 1.00, Time: 10.0s, Eval: 2.4s
split   aerop bicyc bird  boat  bottl bus   car   cat   chair cow   dog   horse motor perso potte sheep train tvmon mean
val     61.5  65.5  89.4  71.0  78.3  86.3  86.2  83.8  59.9  76.1  62.6  71.9  70.8  75.1  91.2  80.1  89.3  93.9  77.4 
test    65.8  50.3  84.1  68.3  67.5  92.5  84.5  67.8  62.5  80.3  74.0  67.8  67.0  68.2  98.3  72.7  92.7  98.9  75.7 
test_kp 60.6  49.6  80.7  64.1  65.9  93.3  85.8  67.1  61.6  78.5  75.2  66.8  67.3  64.9  98.2  69.6  92.6  99.1  74.5 
Epoch: 08, Loss: 0.0317, Acc: 1.00, Time: 9.8s, Eval: 2.5s
split   aerop bicyc bird  boat  bottl bus   car   cat   chair cow   dog   horse motor perso potte sheep train tvmon mean
val     63.7  63.4  88.4  73.2  76.4  85.1  85.2  82.7  57.2  77.1  62.5  69.9  69.3  72.6  86.9  78.2  92.0  97.2  76.7 
test    66.3  52.4  85.8  68.3  67.1  92.6  84.8  68.6  57.3  81.2  71.7  64.0  69.1  63.8  97.8  70.7  90.9  99.3  75.1 
test_kp 61.3  51.0  82.7  63.2  65.3  93.3  85.4  67.7  56.0  79.1  73.1  63.5  69.7  60.8  97.8  66.6  90.8  99.7  73.7 
Epoch: 09, Loss: 0.0289, Acc: 1.00, Time: 9.8s, Eval: 2.3s
split   aerop bicyc bird  boat  bottl bus   car   cat   chair cow   dog   horse motor perso potte sheep train tvmon mean
val     63.1  62.0  89.6  72.8  76.8  86.0  87.1  85.0  56.2  77.4  62.1  71.5  68.3  73.2  88.3  82.3  90.3  96.0  77.1 
test    66.2  52.5  84.8  68.3  66.0  92.2  85.5  69.8  57.2  80.0  72.2  65.8  69.3  65.3  98.5  73.1  91.0  99.5  75.4 
test_kp 61.7  51.2  82.0  63.2  64.2  92.7  86.6  69.2  55.5  77.8  73.7  64.7  70.4  61.5  98.5  69.4  91.2  99.8  74.1 
Epoch: 10, Loss: 0.0251, Acc: 1.00, Time: 9.8s, Eval: 2.3s
split   aerop bicyc bird  boat  bottl bus   car   cat   chair cow   dog   horse motor perso potte sheep train tvmon mean
val     63.9  64.0  86.9  74.3  78.1  87.3  87.0  81.3  57.4  77.6  62.5  70.3  70.0  73.9  90.9  79.9  89.9  94.1  77.2 
test    64.9  49.6  84.0  69.2  66.1  92.8  86.2  69.1  61.7  80.1  70.5  63.7  67.4  64.1  98.2  71.7  91.8  98.8  75.0 
test_kp 59.7  48.8  80.9  64.2  64.4  93.2  86.8  68.5  59.6  77.7  71.9  63.3  68.5  60.5  98.4  68.1  91.6  99.0  73.6 
Epoch: 11, Loss: 0.0159, Acc: 1.00, Time: 9.8s, Eval: 2.3s
split   aerop bicyc bird  boat  bottl bus   car   cat   chair cow   dog   horse motor perso potte sheep train tvmon mean
val     62.7  64.0  85.8  72.1  78.6  88.2  86.0  83.9  57.1  77.8  64.0  70.5  67.0  75.6  89.6  81.9  90.3  94.8  77.2 
test    65.4  50.3  84.0  69.3  66.1  93.5  83.9  67.9  62.1  79.5  72.6  65.0  66.8  64.8  97.6  72.1  90.6  99.0  75.0 
test_kp 60.5  49.5  81.0  64.5  64.4  93.7  84.8  67.2  59.6  77.0  73.7  64.2  67.5  61.3  97.3  68.5  90.6  99.2  73.6 
Epoch: 12, Loss: 0.0142, Acc: 1.00, Time: 9.8s, Eval: 2.3s
split   aerop bicyc bird  boat  bottl bus   car   cat   chair cow   dog   horse motor perso potte sheep train tvmon mean
val     64.2  65.1  87.3  71.4  78.4  88.9  86.7  83.3  59.1  77.8  61.6  69.8  69.3  71.5  88.2  81.0  90.0  94.3  77.1 
test    65.4  50.8  83.3  68.8  66.2  93.9  84.8  67.5  60.7  80.2  70.6  64.2  68.1  64.3  97.8  71.7  91.0  99.0  74.9 
test_kp 60.0  49.9  80.4  64.0  64.3  94.3  85.5  66.7  58.1  76.9  71.7  63.7  69.0  61.0  97.6  67.8  90.6  99.5  73.4 
Epoch: 13, Loss: 0.0106, Acc: 1.00, Time: 9.8s, Eval: 2.3s
split   aerop bicyc bird  boat  bottl bus   car   cat   chair cow   dog   horse motor perso potte sheep train tvmon mean
val     63.3  62.5  87.6  70.5  78.1  88.9  88.0  83.7  57.7  77.2  60.4  69.8  72.8  72.7  89.1  80.7  88.6  93.4  76.9 
test    65.9  51.1  83.6  66.8  66.2  92.5  85.3  67.5  61.8  77.6  71.0  62.5  68.2  65.4  98.0  70.5  91.7  99.4  74.7 
test_kp 59.9  50.2  80.6  62.0  64.3  93.0  85.7  66.6  58.9  74.5  71.9  62.4  68.9  62.7  98.2  66.8  91.9  99.7  73.2 
Epoch: 14, Loss: 0.0103, Acc: 1.00, Time: 9.9s, Eval: 2.3s
split   aerop bicyc bird  boat  bottl bus   car   cat   chair cow   dog   horse motor perso potte sheep train tvmon mean
val     63.6  63.8  87.6  68.3  77.7  87.2  85.6  82.4  57.4  76.1  63.7  70.2  69.3  72.2  90.3  81.6  88.3  94.2  76.6 
test    66.4  48.8  85.4  69.2  66.2  92.0  84.4  67.3  58.7  78.9  72.9  64.1  68.9  65.0  96.9  71.1  91.1  99.8  74.8 
test_kp 61.2  48.7  82.8  63.8  64.4  92.5  84.8  66.5  57.0  76.0  74.1  63.4  69.7  62.0  97.4  67.4  91.2  99.8  73.5 
Epoch: 15, Loss: 0.0113, Acc: 1.00, Time: 9.8s, Eval: 2.5s
split   aerop bicyc bird  boat  bottl bus   car   cat   chair cow   dog   horse motor perso potte sheep train tvmon mean
val     64.1  61.4  87.2  72.1  79.0  87.6  88.5  80.2  56.9  76.0  61.9  71.0  69.6  73.1  91.2  82.3  88.5  93.8  76.9 
test    66.7  51.5  83.8  66.5  66.1  92.2  84.8  68.4  62.7  79.0  70.7  64.4  69.7  66.3  97.3  73.0  92.9  98.9  75.3 
test_kp 61.3  50.4  81.0  61.1  64.1  92.9  85.5  67.9  60.7  76.6  72.0  64.0  70.5  63.0  97.4  68.6  93.0  99.2  73.9 
Final test accuracy: 75.28 (best 77.25, at best val epoch 1: 77.25)
Final test keypoint accuracy: 73.85
DONE
