SPair-71k (large layout): 53340 train / 5384 val / 12234 test pairs
DGMC with 3737201 parameters
Epoch: 01, Loss: 1.4675, Acc: 0.77, Time: 8.9s, Eval: 2.8s
split   aerop bicyc bird  boat  bottl bus   car   cat   chair cow   dog   horse motor perso potte sheep train tvmon mean
val     63.7  64.2  87.4  81.1  77.1  84.5  88.2  86.6  60.2  78.6  63.2  78.1  71.0  71.8  96.9  83.6  90.2  94.0  78.9 
test    67.4  56.3  86.8  73.7  65.6  93.4  82.0  71.0  67.1  81.3  72.5  66.8  71.0  71.3  98.5  77.8  89.6  96.2  77.1 
test_kp 61.9  54.6  83.7  69.7  64.7  93.0  81.6  70.1  64.9  78.5  73.5  65.3  70.5  67.9  98.3  73.4  90.5  96.8  75.5 
Epoch: 02, Loss: 0.2686, Acc: 0.98, Time: 8.4s, Eval: 2.1s
split   aerop bicyc bird  boat  bottl bus   car   cat   chair cow   dog   horse motor perso potte sheep train tvmon mean
val     68.3  62.7  89.0  81.1  78.5  87.1  91.3  84.6  57.4  81.7  63.2  73.2  66.0  73.0  94.4  86.2  90.9  96.7  79.2 
test    66.6  51.9  85.8  70.3  65.4  94.8  82.7  71.3  66.3  80.7  72.9  62.5  66.7  69.3  97.2  72.7  89.9  97.3  75.8 
test_kp 61.3  51.0  82.7  66.1  64.4  94.3  83.0  70.7  63.2  78.2  75.0  61.8  65.6  65.8  96.9  69.1  90.7  98.0  74.3 
Epoch: 03, Loss: 0.0956, Acc: 1.00, Time: 8.3s, Eval: 2.0s
split   aerop bicyc bird  boat  bottl bus   car   cat   chair cow   dog   horse motor perso potte sheep train tvmon mean
val     65.8  59.0  86.5  76.7  78.5  86.0  88.3  83.0  59.3  78.0  60.6  72.8  65.6  71.1  92.4  88.3  91.8  95.7  77.7 
test    65.6  53.3  85.8  68.9  65.7  94.6  81.0  69.1  65.7  81.2  74.1  63.8  67.2  69.5  96.8  71.4  90.3  96.6  75.6 
test_kp 61.3  51.9  83.0  65.2  64.4  94.4  82.0  68.2  63.6  78.8  75.2  63.1  67.0  66.0  96.9  67.7  90.3  97.3  74.2 
Epoch: 04, Loss: 0.0582, Acc: 1.00, Time: 8.4s, Eval: 2.0s
split   aerop bicyc bird  boat  bottl bus   car   cat   chair cow   dog   horse motor perso potte sheep train tvmon mean
val     65.9  57.2  84.3  81.2  76.4  88.3  89.9  82.4  60.0  79.7  61.8  72.3  69.3  74.5  91.8  85.3  91.8  96.5  78.3 
test    65.7  54.6  84.6  70.2  65.8  95.0  83.4  69.4  63.8  80.3  72.7  63.1  71.2  68.5  96.9  76.2  90.5  97.3  76.1 
test_kp 61.1  52.9  81.3  66.3  64.3  94.5  83.1  68.4  62.0  78.4  73.9  61.8  70.5  64.5  96.7  70.8  91.2  97.8  74.4 
Epoch: 05, Loss: 0.0385, Acc: 1.00, Time: 8.3s, Eval: 2.0s
split   aerop bicyc bird  boat  bottl bus   car   cat   chair cow   dog   horse motor perso potte sheep train tvmon mean
val     66.9  59.0  87.0  77.8  78.5  87.0  89.7  81.7  59.0  79.9  60.5  69.8  66.5  73.5  92.6  84.3  93.5  94.0  77.8 
test    64.5  54.9  83.0  69.2  67.4  93.2  81.5  67.4  62.6  80.8  71.1  62.2  68.0  65.9  96.5  72.9  90.7  97.0  74.9 
test_kp 60.0  53.0  79.2  64.8  65.8  93.1  81.7  66.6  61.4  78.0  72.2  61.2  66.7  63.0  96.4  68.4  91.1  97.7  73.4 
Epoch: 06, Loss: 0.0298, Acc: 1.00, Time: 8.3s, Eval: 2.0s
split   aerop bicyc bird  boat  bottl bus   car   cat   chair cow   dog   horse motor perso potte sheep train tvmon mean
val     67.7  60.4  86.1  75.5  77.8  87.2  90.1  83.1  59.6  78.7  63.1  73.0  67.7  73.4  93.5  86.2  91.4  95.6  78.3 
test    66.6  53.2  83.4  68.9  66.9  93.1  82.0  69.0  63.6  80.3  73.6  62.4  66.8  67.5  97.4  72.7  90.6  96.3  75.2 
test_kp 62.0  51.6  80.0  64.2  65.1  92.4  82.1  68.2  61.1  78.1  75.2  61.8  66.2  63.7  97.3  67.8  90.7  96.8  73.6 
Epoch: 07, Loss: 0.0262, Acc: 1.00, Time: 8.3s, Eval: 2.0s
split   aerop bicyc bird  boat  bottl bus   car   cat   chair cow   dog   horse motor perso potte sheep train tvmon mean
val     65.9  58.2  87.2  75.9  79.0  84.6  90.0  83.8  59.3  82.9  59.9  72.3  66.7  73.4  92.4  84.5  91.8  95.3  78.0 
test    66.7  52.0  84.8  68.0  66.7  94.9  82.1  67.4  60.6  80.3  72.1  64.1  67.0  65.4  96.5  74.3  89.4  97.5  75.0 
test_kp 61.5  50.8  81.6  63.3  64.8  94.7  82.8  66.5  58.2  77.8  73.7  62.8  65.7  62.0  96.3  69.6  89.9  98.3  73.3 
Epoch: 08, Loss: 0.0203, Acc: 1.00, Time: 8.3s, Eval: 2.1s
split   aerop bicyc bird  boat  bottl bus   car   cat   chair cow   dog   horse motor perso potte sheep train tvmon mean
val     67.5  62.7  84.3  77.1  77.0  85.8  89.6  83.7  57.8  79.7  56.0  72.0  68.2  72.7  91.5  85.3  90.8  96.1  77.7 
test    66.9  50.9  83.6  67.7  66.2  94.2  83.0  69.8  60.1  80.7  72.5  61.9  65.6  68.2  96.6  72.1  91.1  96.6  74.9 
test_kp 61.3  49.5  79.9  63.2  64.8  94.0  83.5  69.1  57.7  78.1  74.0  61.4  65.1  64.9  96.2  67.0  91.2  97.4  73.2 
Epoch: 09, Loss: 0.0166, Acc: 1.00, Time: 8.3s, Eval: 2.0s
split   aerop bicyc bird  boat  bottl bus   car   cat   chair cow   dog   horse motor perso potte sheep train tvmon mean
val     68.9  58.3  86.6  73.4  77.7  83.9  90.4  83.8  54.7  77.8  61.6  74.0  68.9  74.4  92.0  86.8  92.8  92.8  77.7 
test    65.4  51.8  83.9  66.8  65.8  95.0  83.8  69.6  61.5  80.1  73.2  62.0  67.3  67.0  96.2  72.6  91.1  96.9  75.0 
test_kp 60.4  51.2  80.5  61.9  64.3  94.9  84.6  68.9  58.5  77.4  74.9  61.1  66.3  63.3  95.9  68.1  91.5  97.8  73.4 
Epoch: 10, Loss: 0.0173, Acc: 1.00, Time: 8.3s, Eval: 2.0s
split   aerop bicyc bird  boat  bottl bus   car   cat   chair cow   dog   horse motor perso potte sheep train tvmon mean
val     67.7  56.2  82.8  72.6  74.3  86.5  89.5  83.3  54.8  78.5  57.0  70.6  69.7  76.2  89.9  85.9  91.6  94.5  76.8 
test    66.8  49.9  85.2  68.0  66.8  94.3  84.2  67.6  57.2  79.5  71.3  62.6  66.1  66.9  93.6  71.2  89.6  96.4  74.3 
test_kp 62.1  49.5  81.6  62.9  65.4  94.0  84.4  66.9  54.5  76.8  72.9  61.6  65.8  63.2  94.3  66.4  90.1  97.3  72.8 
Epoch: 11, Loss: 0.0197, Acc: 1.00, Time: 8.5s, Eval: 2.1s
split   aerop bicyc bird  boat  bottl bus   car   cat   chair cow   dog   horse motor perso potte sheep train tvmon mean
val     70.1  60.7  84.1  76.9  74.9  86.3  89.0  85.6  57.1  77.9  61.0  72.5  68.8  73.1  91.8  87.3  87.6  93.5  77.7 
test    65.3  50.2  84.0  68.8  66.6  94.9  83.6  68.3  60.3  79.3  73.2  62.5  64.7  66.6  97.3  70.7  91.2  96.4  74.7 
test_kp 60.8  48.9  80.7  64.8  64.7  94.6  83.9  67.6  58.2  76.7  74.5  61.7  64.4  62.6  96.8  66.2  91.4  97.4  73.1 
Epoch: 12, Loss: 0.0143, Acc: 1.00, Time: 8.4s, Eval: 2.0s
split   aerop bicyc bird  boat  bottl bus   car   cat   chair cow   dog   horse motor perso potte sheep train tvmon mean
val     68.2  59.7  81.3  74.7  77.4  86.8  88.7  82.2  58.6  79.6  59.1  72.3  70.3  73.8  94.0  84.8  91.4  95.9  77.7 
test    63.0  49.8  84.7  68.8  67.8  92.9  83.3  68.9  60.6  80.7  73.0  63.5  69.4  65.3  98.0  72.4  92.3  95.7  75.0 
test_kp 58.2  48.8  81.3  65.1  65.6  92.7  84.0  68.0  58.6  78.1  74.5  62.6  69.1  62.0  97.7  67.5  92.9  96.5  73.5 
Epoch: 13, Loss: 0.0131, Acc: 1.00, Time: 8.6s, Eval: 2.0s
split   aerop bicyc bird  boat  bottl bus   car   cat   chair cow   dog   horse motor perso potte sheep train tvmon mean
val     66.4  61.3  81.9  74.9  77.7  87.3  89.2  84.9  58.2  78.7  61.5  72.7  69.1  75.8  90.8  83.4  88.9  94.0  77.6 
test    65.3  49.8  84.0  66.6  67.7  92.9  82.7  69.4  60.4  79.8  73.9  60.8  65.1  64.0  97.1  71.2  91.2  95.4  74.3 
test_kp 60.1  48.2  80.4  61.5  65.5  92.5  82.6  68.7  58.5  77.8  74.8  59.7  65.1  60.9  96.5  66.1  91.2  96.0  72.6 
Epoch: 14, Loss: 0.0110, Acc: 1.00, Time: 8.5s, Eval: 2.1s
split   aerop bicyc bird  boat  bottl bus   car   cat   chair cow   dog   horse motor perso potte sheep train tvmon mean
val     67.3  60.3  83.4  75.4  79.0  85.4  89.7  83.0  56.8  76.4  56.9  72.6  71.0  74.7  91.9  83.9  88.8  94.5  77.3 
test    64.4  49.4  85.1  68.8  67.0  93.2  82.9  68.4  58.6  79.4  74.4  60.7  66.6  64.5  97.3  70.2  90.1  95.1  74.2 
test_kp 59.6  47.3  81.8  63.7  65.1  93.2  82.8  67.6  57.1  77.1  75.5  59.5  66.6  60.9  96.6  65.5  90.5  96.1  72.6 
Epoch: 15, Loss: 0.0113, Acc: 1.00, Time: 8.3s, Eval: 2.0s
split   aerop bicyc bird  boat  bottl bus   car   cat   chair cow   dog   horse motor perso potte sheep train tvmon mean
val     65.8  60.5  83.6  74.7  77.8  86.3  89.3  83.8  58.4  78.5  60.0  71.9  70.2  74.8  92.4  83.5  90.1  95.8  77.6 
test    63.2  51.6  84.2  69.2  65.2  92.3  83.7  68.3  59.7  79.0  75.4  61.9  69.1  65.7  96.0  71.5  88.7  95.3  74.4 
test_kp 58.9  49.6  80.9  64.0  63.2  92.4  84.3  67.6  57.7  76.7  76.7  60.7  68.3  61.7  94.9  66.7  89.6  96.2  72.8 
Final test accuracy: 74.44 (best 77.13, at best val epoch 2: 75.80)
Final test keypoint accuracy: 72.80
DONE
