SPair-71k (large layout): 53340 train / 5384 val / 12234 test pairs
DGMC with 9504529 parameters
Epoch: 01, Loss: 1.5405, Acc: 0.75, Time: 11.2s, Eval: 3.0s
split   aerop bicyc bird  boat  bottl bus   car   cat   chair cow   dog   horse motor perso potte sheep train tvmon mean
val     59.7  66.5  86.0  79.4  76.1  86.7  86.5  83.2  60.1  79.3  65.8  71.1  70.0  72.9  92.5  84.4  90.7  92.8  78.0 
test    64.1  51.8  83.5  71.2  66.0  93.4  83.1  70.7  65.6  78.2  67.5  67.9  68.0  67.0  98.3  78.3  89.4  98.7  75.7 
test_kp 57.4  50.2  80.6  67.2  64.5  92.0  82.9  69.2  63.6  75.1  68.5  66.9  68.3  65.4  98.3  73.6  89.6  99.2  74.0 
Epoch: 02, Loss: 0.2738, Acc: 0.98, Time: 10.6s, Eval: 2.3s
split   aerop bicyc bird  boat  bottl bus   car   cat   chair cow   dog   horse motor perso potte sheep train tvmon mean
val     59.4  63.9  85.7  78.6  75.6  85.4  85.6  84.9  60.2  80.5  66.5  73.9  66.6  73.3  91.5  84.3  89.2  93.4  77.7 
test    63.2  50.8  84.8  71.6  65.1  93.3  80.8  69.9  64.3  80.4  69.5  66.0  68.9  67.8  98.3  77.4  89.2  99.2  75.6 
test_kp 57.5  49.8  82.0  66.8  63.7  92.9  81.5  68.7  62.5  77.9  70.9  65.2  68.7  65.6  98.1  72.6  89.7  99.3  74.1 
Epoch: 03, Loss: 0.0987, Acc: 1.00, Time: 10.5s, Eval: 2.1s
split   aerop bicyc bird  boat  bottl bus   car   cat   chair cow   dog   horse motor perso potte sheep train tvmon mean
val     60.6  64.7  82.7  77.9  76.3  83.8  86.2  82.9  58.2  80.9  66.1  71.8  69.9  72.8  89.7  84.8  90.6  92.7  77.4 
test    62.0  52.6  84.9  71.8  65.9  94.6  81.5  71.4  64.2  81.3  70.5  67.2  68.8  67.4  97.7  74.3  87.3  99.5  75.7 
test_kp 56.3  51.7  82.2  66.8  64.5  93.8  82.7  70.2  61.6  78.6  71.6  65.9  68.0  65.3  98.0  70.1  88.5  99.6  74.2 
Epoch: 04, Loss: 0.0564, Acc: 1.00, Time: 10.6s, Eval: 2.1s
split   aerop bicyc bird  boat  bottl bus   car   cat   chair cow   dog   horse motor perso potte sheep train tvmon mean
val     63.9  64.3  85.0  77.2  76.9  85.3  88.1  80.3  59.0  80.5  64.2  70.8  67.1  71.2  91.1  84.4  89.9  91.9  77.3 
test    63.1  53.1  85.5  69.3  65.2  92.3  80.6  73.4  63.5  80.3  69.0  64.7  65.6  66.4  96.9  72.7  87.7  98.8  74.9 
test_kp 57.2  51.3  83.2  65.3  63.9  91.4  81.2  72.2  61.3  77.8  70.8  63.3  65.0  64.3  96.8  69.0  88.5  98.9  73.4 
Epoch: 05, Loss: 0.0426, Acc: 1.00, Time: 10.5s, Eval: 2.1s
split   aerop bicyc bird  boat  bottl bus   car   cat   chair cow   dog   horse motor perso potte sheep train tvmon mean
val     63.1  65.1  82.8  77.1  77.4  85.0  86.2  82.5  58.9  80.8  63.2  72.1  65.4  70.8  89.9  85.1  87.9  92.1  77.0 
test    62.7  53.7  84.2  70.5  66.9  92.5  81.5  70.7  66.1  79.4  69.6  64.6  68.6  64.0  97.8  69.8  88.5  98.5  75.0 
test_kp 57.7  52.2  82.0  66.3  65.3  92.0  82.4  69.6  63.5  76.9  71.2  63.2  68.1  62.3  97.9  64.6  88.7  98.5  73.5 
Epoch: 06, Loss: 0.0350, Acc: 1.00, Time: 10.5s, Eval: 2.1s
split   aerop bicyc bird  boat  bottl bus   car   cat   chair cow   dog   horse motor perso potte sheep train tvmon mean
val     63.8  62.6  86.8  77.0  78.0  84.0  88.8  82.2  56.7  82.6  64.3  71.4  66.2  71.0  88.8  87.1  90.4  92.0  77.4 
test    62.6  51.3  84.2  69.7  65.5  93.7  81.9  72.3  64.1  79.6  69.7  66.1  67.0  63.9  96.4  72.2  88.2  98.6  74.8 
test_kp 57.3  51.4  81.3  65.2  64.0  93.3  82.6  71.1  60.9  77.6  71.3  65.1  66.7  61.0  96.4  68.1  88.8  98.6  73.4 
Epoch: 07, Loss: 0.0280, Acc: 1.00, Time: 10.6s, Eval: 2.2s
split   aerop bicyc bird  boat  bottl bus   car   cat   chair cow   dog   horse motor perso potte sheep train tvmon mean
val     62.7  63.4  87.5  77.0  77.8  82.8  87.8  80.7  57.9  79.6  62.6  70.3  67.5  71.0  90.1  86.9  90.3  92.6  77.1 
test    62.7  54.6  85.4  68.9  65.6  93.2  81.1  69.2  64.5  79.8  69.3  67.8  68.7  64.6  98.4  71.3  89.8  99.0  75.2 
test_kp 57.5  53.4  83.0  63.9  63.7  92.7  82.7  67.9  61.6  77.5  70.7  66.5  68.5  61.9  98.4  65.4  89.9  99.0  73.6 
Epoch: 08, Loss: 0.0242, Acc: 1.00, Time: 10.6s, Eval: 2.3s
split   aerop bicyc bird  boat  bottl bus   car   cat   chair cow   dog   horse motor perso potte sheep train tvmon mean
val     65.8  62.1  85.1  78.1  77.4  85.8  85.7  80.2  58.4  81.1  65.6  72.6  63.7  70.2  88.8  83.9  91.1  92.6  77.1 
test    63.4  52.5  85.2  68.9  66.6  92.4  80.9  71.8  64.0  77.5  68.5  65.7  66.4  63.8  96.8  72.2  91.4  98.1  74.8 
test_kp 58.3  50.9  82.9  64.1  64.3  92.1  82.5  70.7  61.2  75.6  70.1  65.2  65.7  61.6  96.5  68.6  91.2  98.0  73.3 
Epoch: 09, Loss: 0.0313, Acc: 1.00, Time: 10.5s, Eval: 2.1s
split   aerop bicyc bird  boat  bottl bus   car   cat   chair cow   dog   horse motor perso potte sheep train tvmon mean
val     64.1  63.7  85.9  76.3  78.8  85.8  90.9  78.9  57.5  79.2  62.1  69.5  66.7  73.9  90.7  81.5  90.1  92.4  77.1 
test    62.3  51.9  84.8  70.7  66.7  94.1  83.4  71.4  63.6  78.3  68.9  67.8  65.8  65.2  96.3  69.7  88.9  98.1  74.9 
test_kp 56.8  51.8  82.7  65.9  64.7  94.1  84.1  70.1  60.9  76.0  70.6  66.4  65.1  62.4  96.0  66.8  88.8  98.3  73.4 
Epoch: 10, Loss: 0.0249, Acc: 1.00, Time: 10.5s, Eval: 2.1s
split   aerop bicyc bird  boat  bottl bus   car   cat   chair cow   dog   horse motor perso potte sheep train tvmon mean
val     62.9  63.5  85.9  78.2  77.1  85.7  89.2  78.5  57.2  77.7  64.6  68.4  69.1  71.7  90.9  83.0  91.9  93.3  77.2 
test    62.9  53.9  83.0  71.5  65.7  93.8  84.1  70.9  64.9  78.0  67.9  65.6  67.1  64.9  98.4  69.3  89.9  98.0  75.0 
test_kp 57.2  52.8  80.7  66.7  64.1  93.4  84.4  69.6  62.0  75.9  69.6  64.6  66.6  62.9  98.3  66.2  89.4  98.0  73.5 
Epoch: 11, Loss: 0.0189, Acc: 1.00, Time: 10.5s, Eval: 2.3s
split   aerop bicyc bird  boat  bottl bus   car   cat   chair cow   dog   horse motor perso potte sheep train tvmon mean
val     65.5  61.1  87.4  76.5  77.9  85.4  88.8  79.3  58.2  76.5  63.4  68.5  67.4  69.7  88.4  85.6  88.8  93.1  76.8 
test    62.1  56.8  85.4  70.8  66.5  92.7  84.7  70.2  65.3  78.5  70.4  65.3  67.7  65.3  95.4  70.8  89.6  97.9  75.3 
test_kp 57.3  55.8  83.3  66.3  64.5  92.9  85.7  69.0  62.2  75.6  71.2  64.2  66.9  62.5  95.2  66.1  89.6  98.1  73.7 
Epoch: 12, Loss: 0.0184, Acc: 1.00, Time: 10.6s, Eval: 2.1s
split   aerop bicyc bird  boat  bottl bus   car   cat   chair cow   dog   horse motor perso potte sheep train tvmon mean
val     65.2  62.4  87.6  78.7  77.5  83.9  88.5  77.3  59.2  79.9  64.3  71.2  67.5  71.6  88.0  83.0  90.9  92.6  77.2 
test    62.7  54.5  83.4  70.9  66.1  92.6  82.9  70.4  62.9  78.7  69.6  63.1  63.4  66.4  96.8  68.4  89.6  97.4  74.4 
test_kp 57.7  53.4  80.7  65.7  64.5  92.8  83.7  69.0  60.2  76.1  71.1  61.4  63.6  64.1  96.1  64.7  89.8  97.6  72.9 
Epoch: 13, Loss: 0.0162, Acc: 1.00, Time: 10.6s, Eval: 2.1s
split   aerop bicyc bird  boat  bottl bus   car   cat   chair cow   dog   horse motor perso potte sheep train tvmon mean
val     63.8  65.9  87.9  76.4  78.3  85.6  89.0  76.4  60.3  79.0  64.9  70.8  65.1  70.4  88.2  85.8  91.1  92.0  77.3 
test    63.5  54.4  84.5  70.8  65.8  91.7  84.2  70.1  65.3  78.7  70.0  65.2  64.7  65.5  97.7  71.9  88.7  96.9  75.0 
test_kp 57.6  53.6  81.9  65.7  64.3  92.2  84.8  68.9  61.9  75.7  71.3  63.9  64.5  63.0  97.4  66.7  88.5  97.3  73.3 
Epoch: 14, Loss: 0.0132, Acc: 1.00, Time: 10.5s, Eval: 2.3s
split   aerop bicyc bird  boat  bottl bus   car   cat   chair cow   dog   horse motor perso potte sheep train tvmon mean
val     63.9  60.9  87.7  76.1  78.3  85.1  87.5  78.3  58.3  76.7  61.6  69.8  65.2  72.9  89.2  84.0  91.1  92.1  76.6 
test    61.7  54.3  84.5  68.3  66.8  92.4  84.4  68.3  62.6  79.0  69.4  63.8  65.7  63.6  97.1  67.9  88.5  97.3  74.2 
test_kp 56.8  53.8  82.5  63.1  65.0  92.7  86.1  66.9  59.6  76.5  70.8  62.4  65.0  60.3  97.2  65.2  88.5  97.5  72.8 
Epoch: 15, Loss: 0.0206, Acc: 1.00, Time: 10.5s, Eval: 2.1s
split   aerop bicyc bird  boat  bottl bus   car   cat   chair cow   dog   horse motor perso potte sheep train tvmon mean
val     64.0  61.9  88.9  76.8  76.1  88.5  88.5  82.1  58.1  76.5  61.7  69.1  62.2  72.6  89.4  83.6  91.6  92.2  76.9 
test    62.0  51.9  82.7  69.8  65.7  91.5  83.4  70.6  64.4  78.6  66.3  64.6  65.0  64.6  96.9  69.1  87.6  97.6  74.0 
test_kp 57.2  51.6  80.8  64.5  64.2  91.8  83.8  69.3  61.6  76.5  68.4  62.8  64.5  61.8  97.4  66.7  88.0  97.7  72.7 
Final test accuracy: 74.02 (best 75.72, at best val epoch 1: 75.69)
Final test keypoint accuracy: 72.71
DONE
