SPair-71k (large layout): 53340 train / 5384 val / 12234 test pairs
DGMC with 1934721 parameters
Epoch: 01, Loss: 1.7522, Acc: 0.72, Time: 8.6s, Eval: 2.6s
split   aerop bicyc bird  boat  bottl bus   car   cat   chair cow   dog   horse motor perso potte sheep train tvmon mean
val     62.6  57.1  86.2  75.1  76.9  84.2  83.0  84.8  53.2  73.4  61.1  69.9  66.3  69.6  86.7  77.8  84.4  90.4  74.6 
test    63.4  45.5  79.4  64.9  63.2  90.5  74.9  67.8  57.9  74.9  68.9  60.8  63.6  66.3  96.4  73.1  79.5  97.3  71.6 
test_kp 56.4  45.2  75.5  58.2  62.8  90.0  74.7  67.2  57.5  72.3  69.6  59.3  63.2  62.9  95.7  67.5  80.3  97.6  69.8 
Epoch: 02, Loss: 0.4355, Acc: 0.96, Time: 6.5s, Eval: 2.3s
split   aerop bicyc bird  boat  bottl bus   car   cat   chair cow   dog   horse motor perso potte sheep train tvmon mean
val     58.2  50.0  83.1  66.3  74.7  79.9  84.9  77.5  56.5  73.6  61.3  62.9  58.1  65.5  86.1  79.3  84.3  88.6  71.7 
test    60.5  41.9  76.9  60.8  65.0  89.3  73.0  63.5  56.0  70.2  66.0  54.0  59.6  60.5  94.3  66.3  79.9  95.1  68.5 
test_kp 54.0  41.2  73.1  53.8  64.0  89.6  71.5  62.6  54.0  68.7  67.3  52.5  58.7  57.3  93.1  61.9  80.6  96.1  66.7 
Epoch: 03, Loss: 0.1724, Acc: 0.99, Time: 6.6s, Eval: 2.0s
split   aerop bicyc bird  boat  bottl bus   car   cat   chair cow   dog   horse motor perso potte sheep train tvmon mean
val     58.6  50.9  84.8  64.9  71.5  81.9  83.4  79.5  56.1  72.5  55.5  64.0  57.8  63.9  83.5  78.2  82.0  88.8  71.0 
test    60.9  43.5  76.9  61.7  64.8  89.9  71.8  65.5  56.2  69.1  65.2  57.5  60.9  58.4  93.0  66.1  77.2  93.8  68.5 
test_kp 54.1  42.1  72.5  54.8  63.8  89.9  70.2  64.7  55.0  67.6  66.8  55.4  60.3  55.7  91.3  62.4  78.7  95.0  66.7 
Epoch: 04, Loss: 0.0999, Acc: 1.00, Time: 6.5s, Eval: 2.1s
split   aerop bicyc bird  boat  bottl bus   car   cat   chair cow   dog   horse motor perso potte sheep train tvmon mean
val     57.2  51.0  82.9  63.4  71.8  79.9  83.8  77.1  51.4  72.0  57.5  61.2  61.4  64.6  80.8  79.1  78.8  86.9  70.0 
test    60.9  40.3  77.4  58.7  64.6  88.4  70.3  65.0  53.9  67.9  64.4  56.9  59.4  58.2  91.9  63.2  75.5  94.2  67.3 
test_kp 54.1  39.0  72.9  51.4  63.6  88.5  69.2  64.3  51.4  66.6  65.8  55.0  59.3  53.7  90.3  59.8  77.1  95.6  65.4 
Epoch: 05, Loss: 0.0655, Acc: 1.00, Time: 6.4s, Eval: 2.0s
split   aerop bicyc bird  boat  bottl bus   car   cat   chair cow   dog   horse motor perso potte sheep train tvmon mean
val     58.1  48.5  84.7  61.3  71.4  79.0  83.1  77.0  53.8  66.6  53.7  58.5  56.1  64.2  82.6  75.2  79.6  87.6  68.9 
test    58.5  41.9  74.6  57.0  62.9  87.5  73.4  63.8  56.5  70.3  63.0  56.4  58.5  57.4  92.6  63.4  76.2  94.3  67.1 
test_kp 52.4  40.0  69.7  49.7  62.6  88.1  72.4  63.0  53.9  68.3  64.2  54.5  57.9  53.9  91.5  60.3  77.1  95.4  65.3 
Epoch: 06, Loss: 0.0506, Acc: 1.00, Time: 6.3s, Eval: 2.1s
split   aerop bicyc bird  boat  bottl bus   car   cat   chair cow   dog   horse motor perso potte sheep train tvmon mean
val     56.4  49.9  82.5  63.4  70.0  76.4  82.0  78.5  52.1  68.2  53.4  60.0  59.5  61.2  76.2  77.2  77.2  87.4  68.4 
test    59.4  42.7  73.8  59.4  62.1  88.3  70.9  63.8  55.3  65.5  64.5  54.9  60.9  58.1  92.8  64.3  73.1  93.7  66.9 
test_kp 52.8  40.9  69.6  52.0  61.6  87.7  69.2  63.4  52.2  64.5  66.1  53.1  60.8  54.3  91.5  60.8  74.5  95.0  65.0 
Epoch: 07, Loss: 0.0377, Acc: 1.00, Time: 6.3s, Eval: 2.1s
split   aerop bicyc bird  boat  bottl bus   car   cat   chair cow   dog   horse motor perso potte sheep train tvmon mean
val     56.3  51.0  79.4  61.9  71.8  76.6  85.2  78.7  49.9  66.0  53.8  58.3  60.4  61.3  78.8  78.2  77.4  85.7  68.4 
test    59.7  39.2  75.1  57.1  63.7  87.3  71.8  63.0  54.3  69.2  64.0  56.0  59.0  56.2  91.0  62.8  72.6  93.2  66.4 
test_kp 52.4  37.2  70.5  49.3  62.7  87.3  69.7  62.5  51.8  68.1  65.4  54.3  58.8  52.9  89.1  58.7  73.6  94.6  64.4 
Epoch: 08, Loss: 0.0310, Acc: 1.00, Time: 6.4s, Eval: 2.1s
split   aerop bicyc bird  boat  bottl bus   car   cat   chair cow   dog   horse motor perso potte sheep train tvmon mean
val     57.3  50.6  82.0  62.2  72.0  79.7  81.3  78.4  47.1  67.3  55.1  56.3  61.9  59.0  78.1  75.5  78.4  85.2  68.2 
test    60.2  40.5  73.1  59.8  60.2  85.9  70.1  63.3  54.2  67.1  64.8  56.4  60.3  54.7  89.6  63.3  72.6  93.9  66.1 
test_kp 53.7  39.0  68.4  52.5  60.2  85.5  68.0  62.5  51.9  66.2  66.5  54.4  59.3  50.7  87.9  60.3  73.6  95.2  64.2 
Epoch: 09, Loss: 0.0299, Acc: 1.00, Time: 6.4s, Eval: 2.0s
split   aerop bicyc bird  boat  bottl bus   car   cat   chair cow   dog   horse motor perso potte sheep train tvmon mean
val     55.4  46.7  80.4  64.0  70.0  77.4  83.5  77.1  51.1  67.3  56.0  56.6  61.2  60.3  80.8  79.8  77.0  85.5  68.3 
test    58.8  42.2  73.2  58.4  64.7  86.8  71.4  61.7  54.2  68.6  62.2  56.1  60.6  56.2  90.8  63.7  71.7  92.9  66.4 
test_kp 52.0  40.5  69.3  51.1  63.7  86.8  70.2  61.0  50.6  66.9  63.7  54.1  60.5  52.0  88.4  59.7  72.6  94.5  64.3 
Epoch: 10, Loss: 0.0304, Acc: 1.00, Time: 6.6s, Eval: 2.1s
split   aerop bicyc bird  boat  bottl bus   car   cat   chair cow   dog   horse motor perso potte sheep train tvmon mean
val     58.9  49.2  84.6  62.8  72.2  81.0  81.8  80.4  48.8  67.5  57.1  59.4  61.9  62.6  81.1  78.5  80.0  86.1  69.7 
test    61.3  39.7  72.6  58.8  64.3  88.1  71.0  61.1  52.5  66.8  64.1  55.5  58.2  57.0  90.8  64.1  73.0  91.8  66.1 
test_kp 54.9  38.6  68.1  50.8  63.4  87.7  69.0  60.4  49.9  65.5  65.5  52.7  58.1  52.4  88.9  59.9  74.1  93.3  64.1 
Epoch: 11, Loss: 0.0194, Acc: 1.00, Time: 6.4s, Eval: 2.1s
split   aerop bicyc bird  boat  bottl bus   car   cat   chair cow   dog   horse motor perso potte sheep train tvmon mean
val     57.3  50.3  83.4  63.1  71.4  79.9  81.5  77.9  47.7  66.9  58.3  58.2  58.2  61.7  77.6  78.1  80.8  86.1  68.8 
test    60.3  41.5  71.0  60.7  62.8  88.1  70.7  62.7  52.6  69.5  64.0  55.2  56.6  55.7  89.3  62.3  72.7  93.1  66.0 
test_kp 53.6  39.6  66.9  53.4  62.0  87.8  69.0  61.9  49.5  67.5  65.6  53.1  56.1  51.4  87.0  58.3  73.6  94.0  63.9 
Epoch: 12, Loss: 0.0187, Acc: 1.00, Time: 6.5s, Eval: 2.2s
split   aerop bicyc bird  boat  bottl bus   car   cat   chair cow   dog   horse motor perso potte sheep train tvmon mean
val     56.9  49.7  81.1  62.1  71.4  78.8  82.0  75.6  49.6  65.4  56.4  56.6  57.1  60.1  81.0  78.9  81.7  85.5  68.3 
test    61.9  40.6  71.1  59.7  63.7  88.0  72.5  61.3  51.5  68.1  61.9  54.9  58.6  56.7  89.5  63.5  74.3  92.7  66.1 
test_kp 55.1  39.0  66.5  52.6  63.0  87.5  71.1  60.6  49.1  66.1  63.5  52.5  58.4  53.3  86.8  58.9  75.7  94.0  64.1 
Epoch: 13, Loss: 0.0193, Acc: 1.00, Time: 6.4s, Eval: 2.2s
split   aerop bicyc bird  boat  bottl bus   car   cat   chair cow   dog   horse motor perso potte sheep train tvmon mean
val     54.9  49.4  83.1  63.6  68.2  79.1  83.0  75.3  47.0  65.9  53.9  57.5  56.4  62.9  78.8  79.1  81.7  85.1  68.0 
test    60.3  39.9  72.9  60.6  64.6  87.2  71.7  62.2  52.3  66.9  61.7  54.2  56.8  57.6  89.5  61.3  74.7  91.6  65.9 
test_kp 52.7  38.3  68.6  52.5  63.8  86.8  69.4  61.6  50.0  64.9  63.2  52.1  57.1  52.8  87.0  57.3  75.5  92.9  63.7 
Epoch: 14, Loss: 0.0159, Acc: 1.00, Time: 6.4s, Eval: 2.0s
split   aerop bicyc bird  boat  bottl bus   car   cat   chair cow   dog   horse motor perso potte sheep train tvmon mean
val     55.4  51.5  83.7  60.6  72.1  77.4  80.0  78.2  46.8  67.0  55.1  55.4  59.5  62.7  79.7  80.3  79.8  87.7  68.5 
test    60.7  40.9  75.1  59.3  63.0  87.9  70.3  62.1  53.0  67.1  61.7  57.3  57.4  54.5  89.4  61.9  73.5  92.4  66.0 
test_kp 54.3  39.7  70.1  51.1  62.5  87.3  69.0  61.5  51.2  64.4  62.9  55.4  57.0  50.4  86.9  57.5  75.0  93.5  63.9 
Epoch: 15, Loss: 0.0176, Acc: 1.00, Time: 6.5s, Eval: 2.0s
split   aerop bicyc bird  boat  bottl bus   car   cat   chair cow   dog   horse motor perso potte sheep train tvmon mean
val     58.1  51.1  81.5  63.4  72.6  78.4  82.1  74.8  48.5  65.2  57.1  56.5  59.1  60.2  79.6  80.3  82.9  84.7  68.7 
test    61.7  43.6  73.3  59.4  63.7  85.7  69.9  62.2  51.9  68.7  61.7  55.3  57.7  55.3  90.5  63.8  73.1  91.7  66.1 
test_kp 54.7  41.5  68.3  51.8  63.0  85.7  68.3  61.4  47.8  66.8  63.5  53.2  57.8  51.5  87.5  59.6  74.1  92.7  63.9 
Final test accuracy: 66.05 (best 71.57, at best val epoch 1: 71.57)
Final test keypoint accuracy: 63.86
DONE
