SPair-71k (large layout): 53340 train / 5384 val / 12234 test pairs
DGMC with 9504129 parameters
Epoch: 01, Loss: 1.5885, Acc: 0.75, Time: 9.8s, Eval: 2.8s
split   aerop bicyc bird  boat  bottl bus   car   cat   chair cow   dog   horse motor perso potte sheep train tvmon mean
val     60.8  64.3  86.3  78.8  77.8  83.4  87.2  81.4  63.1  78.3  60.6  72.3  66.7  72.0  96.0  84.7  91.1  93.5  77.7 
test    65.3  51.0  81.4  73.5  66.1  92.7  81.2  69.9  65.6  81.1  66.1  66.3  70.5  65.3  98.0  75.9  90.3  99.2  75.5 
test_kp 59.2  49.8  78.1  69.2  64.5  90.9  80.9  68.7  63.9  77.5  67.3  65.6  70.7  62.2  98.7  71.4  90.2  99.6  73.8 
Epoch: 02, Loss: 0.3371, Acc: 0.97, Time: 9.1s, Eval: 2.3s
split   aerop bicyc bird  boat  bottl bus   car   cat   chair cow   dog   horse motor perso potte sheep train tvmon mean
val     63.0  67.4  88.2  75.1  75.6  80.9  86.2  84.4  63.7  80.6  63.2  69.1  66.4  70.8  94.8  86.4  91.0  93.6  77.8 
test    64.0  55.0  82.4  70.0  65.7  93.3  79.3  71.3  65.7  79.2  67.8  67.2  67.7  66.0  95.9  76.9  87.3  99.0  75.2 
test_kp 59.5  53.4  79.5  65.6  64.8  92.1  80.4  70.4  63.5  76.8  69.0  66.4  67.7  62.7  97.8  71.8  87.3  99.3  73.8 
Epoch: 03, Loss: 0.1225, Acc: 1.00, Time: 9.1s, Eval: 2.1s
split   aerop bicyc bird  boat  bottl bus   car   cat   chair cow   dog   horse motor perso potte sheep train tvmon mean
val     62.3  65.5  86.8  76.2  76.0  82.6  88.5  81.5  61.7  79.7  62.9  66.7  65.1  70.0  93.0  84.1  91.3  95.2  77.2 
test    63.3  52.1  79.9  69.6  65.1  92.8  79.6  69.9  65.7  78.3  66.3  64.1  65.8  64.8  96.8  76.9  88.7  99.0  74.4 
test_kp 58.5  50.4  77.0  65.7  64.1  92.2  80.1  68.8  64.6  76.4  68.1  63.2  65.9  61.0  98.1  72.1  88.7  99.3  73.0 
Epoch: 04, Loss: 0.0716, Acc: 1.00, Time: 9.1s, Eval: 2.1s
split   aerop bicyc bird  boat  bottl bus   car   cat   chair cow   dog   horse motor perso potte sheep train tvmon mean
val     62.9  64.2  87.1  71.7  75.5  86.3  86.8  82.1  60.2  81.2  61.1  70.8  64.3  71.2  93.2  83.3  90.8  92.6  77.0 
test    63.4  50.7  81.2  68.4  64.6  92.2  79.6  71.9  65.4  77.9  65.5  66.6  67.8  63.8  95.3  77.0  89.2  97.8  74.4 
test_kp 58.7  48.4  78.7  64.5  63.5  91.2  79.6  70.9  63.6  75.4  67.7  64.9  68.0  60.5  96.5  71.3  88.8  97.6  72.8 
Epoch: 05, Loss: 0.0540, Acc: 1.00, Time: 9.1s, Eval: 2.1s
split   aerop bicyc bird  boat  bottl bus   car   cat   chair cow   dog   horse motor perso potte sheep train tvmon mean
val     61.3  64.6  89.0  74.0  75.7  84.2  89.0  79.9  63.9  78.0  62.2  68.8  61.7  71.3  94.0  82.5  92.8  93.3  77.0 
test    64.5  49.5  81.0  68.4  65.6  93.3  81.0  69.9  65.2  78.6  67.5  63.6  68.0  64.0  94.2  73.8  88.4  97.6  74.1 
test_kp 59.8  47.5  78.5  64.2  64.3  92.7  80.7  68.7  63.6  76.5  69.8  62.2  68.9  60.9  96.1  69.1  88.2  97.5  72.7 
Epoch: 06, Loss: 0.0431, Acc: 1.00, Time: 9.1s, Eval: 2.1s
split   aerop bicyc bird  boat  bottl bus   car   cat   chair cow   dog   horse motor perso potte sheep train tvmon mean
val     60.2  61.2  87.5  73.4  75.2  83.5  88.0  79.7  60.6  80.6  60.3  68.0  66.0  70.0  92.3  82.4  92.6  94.8  76.5 
test    63.8  51.7  79.2  67.3  65.1  92.6  80.2  69.6  66.2  78.7  66.2  64.3  66.9  65.1  94.7  71.7  89.2  96.7  73.9 
test_kp 59.0  50.0  76.8  63.0  64.2  91.6  80.2  68.7  64.4  76.1  68.6  63.4  67.3  61.6  96.7  68.5  89.1  96.8  72.6 
Epoch: 07, Loss: 0.0374, Acc: 1.00, Time: 9.1s, Eval: 2.2s
split   aerop bicyc bird  boat  bottl bus   car   cat   chair cow   dog   horse motor perso potte sheep train tvmon mean
val     63.5  62.7  88.7  74.4  74.9  81.9  88.0  83.0  59.3  80.1  62.1  71.6  60.8  69.4  93.7  83.0  90.5  93.8  76.7 
test    63.0  50.0  79.6  68.2  65.4  93.0  79.1  69.2  64.0  78.9  65.1  62.8  68.1  65.6  96.1  71.8  88.1  96.7  73.6 
test_kp 58.2  48.1  77.1  63.9  64.5  92.3  79.3  68.3  61.6  76.6  67.3  62.0  68.2  61.7  96.8  66.7  87.9  96.8  72.1 
Epoch: 08, Loss: 0.0340, Acc: 1.00, Time: 9.1s, Eval: 2.1s
split   aerop bicyc bird  boat  bottl bus   car   cat   chair cow   dog   horse motor perso potte sheep train tvmon mean
val     60.6  60.6  89.4  71.8  73.6  86.0  85.7  80.1  60.0  80.4  61.1  70.6  64.1  69.2  95.2  82.6  89.2  93.6  76.3 
test    62.1  49.0  81.0  70.4  66.6  92.5  79.0  67.4  63.7  77.2  67.1  64.4  66.3  65.9  97.9  71.2  87.7  96.2  73.6 
test_kp 57.5  47.3  77.7  66.1  65.1  91.9  80.3  66.5  61.7  74.7  68.9  63.6  67.1  62.2  98.7  67.2  87.6  96.1  72.2 
Epoch: 09, Loss: 0.0280, Acc: 1.00, Time: 9.1s, Eval: 2.1s
split   aerop bicyc bird  boat  bottl bus   car   cat   chair cow   dog   horse motor perso potte sheep train tvmon mean
val     61.3  58.2  88.8  73.6  74.0  86.1  86.8  77.9  59.0  79.2  61.2  65.7  61.5  68.8  95.0  82.3  89.0  93.8  75.7 
test    63.8  49.8  80.5  69.2  66.1  92.6  78.5  66.8  63.6  78.4  68.5  63.7  66.1  64.9  97.2  76.6  89.4  96.5  74.0 
test_kp 58.5  48.0  77.7  65.1  64.7  92.3  79.1  65.7  61.4  76.1  70.5  62.7  67.0  60.4  96.9  71.3  89.3  96.6  72.4 
Epoch: 10, Loss: 0.0251, Acc: 1.00, Time: 9.1s, Eval: 2.2s
split   aerop bicyc bird  boat  bottl bus   car   cat   chair cow   dog   horse motor perso potte sheep train tvmon mean
val     61.1  60.8  88.1  72.0  73.5  85.8  86.7  79.4  60.2  76.2  61.0  67.7  62.8  70.2  95.4  84.4  89.7  95.1  76.1 
test    63.6  49.4  80.2  70.7  67.1  92.4  80.9  68.4  64.7  78.0  68.3  61.5  68.3  63.4  97.5  74.7  88.3  96.5  74.1 
test_kp 58.4  47.3  77.3  66.1  65.5  91.9  81.5  67.4  63.1  75.1  70.2  60.3  68.2  59.5  97.5  69.8  88.4  96.4  72.4 
Epoch: 11, Loss: 0.0244, Acc: 1.00, Time: 9.1s, Eval: 2.1s
split   aerop bicyc bird  boat  bottl bus   car   cat   chair cow   dog   horse motor perso potte sheep train tvmon mean
val     63.0  61.1  86.8  71.0  74.4  84.5  87.9  80.3  59.5  77.2  60.1  69.7  63.6  69.0  94.2  83.7  89.1  95.4  76.1 
test    64.2  48.1  79.1  69.8  67.6  91.7  80.1  68.0  63.1  76.4  68.0  64.1  67.5  64.0  95.2  74.3  89.7  96.7  73.8 
test_kp 59.8  45.8  76.2  65.8  65.9  91.1  80.5  66.9  62.0  74.4  69.6  63.2  69.1  60.7  96.0  69.2  89.9  96.6  72.4 
Epoch: 12, Loss: 0.0221, Acc: 1.00, Time: 9.1s, Eval: 2.2s
split   aerop bicyc bird  boat  bottl bus   car   cat   chair cow   dog   horse motor perso potte sheep train tvmon mean
val     62.4  61.3  85.2  72.1  73.4  84.6  87.2  79.7  59.1  74.7  61.6  71.0  62.2  66.6  93.7  84.3  88.9  93.7  75.6 
test    64.6  49.0  82.0  69.4  67.1  92.5  78.9  69.7  65.5  77.9  68.5  65.3  65.8  64.8  97.0  71.6  88.8  96.0  74.1 
test_kp 59.5  46.5  78.7  64.8  65.3  92.3  80.4  68.6  63.7  76.0  70.1  64.2  66.7  60.6  97.1  67.0  88.8  96.5  72.6 
Epoch: 13, Loss: 0.0165, Acc: 1.00, Time: 9.1s, Eval: 2.1s
split   aerop bicyc bird  boat  bottl bus   car   cat   chair cow   dog   horse motor perso potte sheep train tvmon mean
val     64.7  61.4  87.5  72.3  75.7  84.3  88.7  80.6  59.2  80.9  61.1  68.7  62.0  69.7  94.1  81.8  88.5  94.1  76.4 
test    65.5  49.3  82.1  71.3  66.3  92.0  78.7  68.6  65.0  77.2  67.6  62.9  68.4  65.0  96.0  72.9  89.2  96.2  74.1 
test_kp 60.2  47.0  78.6  66.7  64.5  91.2  79.5  67.3  63.1  74.7  69.3  62.2  68.9  60.9  96.4  68.6  89.3  96.7  72.5 
Epoch: 14, Loss: 0.0171, Acc: 1.00, Time: 9.1s, Eval: 2.1s
split   aerop bicyc bird  boat  bottl bus   car   cat   chair cow   dog   horse motor perso potte sheep train tvmon mean
val     63.5  62.2  87.4  70.6  74.2  83.5  86.8  77.8  58.8  75.7  60.9  69.6  63.2  69.3  92.9  82.3  88.5  94.2  75.6 
test    64.1  48.2  79.6  71.2  66.6  92.1  81.6  67.6  62.9  77.8  68.8  63.1  67.3  63.1  94.4  71.0  88.3  96.7  73.6 
test_kp 59.4  45.3  76.1  67.0  64.6  91.3  82.0  66.8  61.1  75.1  70.8  62.0  68.3  59.4  95.2  66.6  88.4  97.0  72.0 
Epoch: 15, Loss: 0.0171, Acc: 1.00, Time: 9.1s, Eval: 2.1s
split   aerop bicyc bird  boat  bottl bus   car   cat   chair cow   dog   horse motor perso potte sheep train tvmon mean
val     63.3  62.9  86.7  69.7  76.3  84.3  87.5  78.1  60.9  75.4  60.7  68.2  61.8  68.2  93.2  81.3  89.5  94.5  75.7 
test    64.1  52.2  81.1  72.1  67.2  91.7  80.5  66.6  62.4  78.1  67.5  64.4  68.0  63.6  96.3  75.9  89.4  96.4  74.3 
test_kp 59.5  49.8  78.0  67.9  65.1  90.9  81.2  65.6  60.5  75.8  69.2  63.2  68.9  59.9  96.2  70.2  89.3  97.0  72.7 
Final test accuracy: 74.30 (best 75.52, at best val epoch 2: 75.20)
Final test keypoint accuracy: 72.67
DONE
