SPair-71k (large layout): 53340 train / 5384 val / 12234 test pairs
DGMC with 3736961 parameters
Epoch: 01, Loss: 1.6307, Acc: 0.74, Time: 9.6s, Eval: 3.4s
split   aerop bicyc bird  boat  bottl bus   car   cat   chair cow   dog   horse motor perso potte sheep train tvmon mean
val     61.5  63.1  85.1  75.5  78.4  87.5  86.2  84.9  57.8  79.7  63.6  73.1  71.9  71.0  96.6  83.9  90.7  95.8  78.1 
test    64.9  52.7  84.7  71.2  68.2  93.2  79.6  71.6  63.5  80.1  72.2  65.4  71.0  69.5  98.8  73.3  85.8  98.4  75.8 
test_kp 58.7  52.5  81.1  67.7  65.9  92.6  79.8  70.5  62.6  77.7  73.1  64.5  70.5  66.4  99.1  69.3  85.6  99.0  74.2 
Epoch: 02, Loss: 0.3399, Acc: 0.97, Time: 8.1s, Eval: 2.9s
split   aerop bicyc bird  boat  bottl bus   car   cat   chair cow   dog   horse motor perso potte sheep train tvmon mean
val     62.9  61.6  87.4  76.4  79.3  87.6  87.5  87.3  53.3  77.9  65.3  71.9  69.7  71.7  91.2  82.1  88.8  92.6  77.5 
test    63.4  51.9  83.1  70.8  67.6  93.3  81.4  70.6  62.3  77.9  70.9  63.2  68.9  67.3  98.1  72.7  86.9  97.3  74.9 
test_kp 58.4  51.7  79.5  67.3  65.7  92.9  80.9  69.8  60.5  76.8  73.0  62.7  68.6  64.3  97.9  70.0  87.1  98.0  73.6 
Epoch: 03, Loss: 0.1193, Acc: 1.00, Time: 8.0s, Eval: 2.7s
split   aerop bicyc bird  boat  bottl bus   car   cat   chair cow   dog   horse motor perso potte sheep train tvmon mean
val     60.6  62.3  85.6  74.8  79.7  87.4  85.8  87.1  53.5  75.5  63.5  69.4  70.1  71.8  89.1  81.7  87.0  92.7  76.5 
test    64.3  50.4  81.0  68.4  68.6  91.3  80.2  70.7  60.3  77.5  70.5  62.3  68.1  67.0  96.4  70.3  85.2  96.3  73.8 
test_kp 58.8  50.1  77.3  63.6  66.6  90.9  80.3  69.8  57.6  76.1  72.2  61.4  67.7  63.7  96.2  66.4  85.2  96.8  72.3 
Epoch: 04, Loss: 0.0691, Acc: 1.00, Time: 7.9s, Eval: 2.6s
split   aerop bicyc bird  boat  bottl bus   car   cat   chair cow   dog   horse motor perso potte sheep train tvmon mean
val     61.8  61.2  83.8  76.0  79.1  84.1  85.8  86.6  57.2  75.1  62.9  69.6  65.6  71.6  89.7  80.6  87.9  93.4  76.2 
test    63.2  50.2  81.1  68.6  68.1  92.1  80.7  69.8  61.4  76.2  71.5  60.8  65.9  66.2  95.2  70.9  86.1  96.8  73.6 
test_kp 58.2  49.2  77.3  64.3  66.1  92.1  81.0  69.0  57.5  75.2  73.7  59.8  65.7  62.5  94.9  68.5  86.3  97.5  72.2 
Epoch: 05, Loss: 0.0473, Acc: 1.00, Time: 8.5s, Eval: 2.6s
split   aerop bicyc bird  boat  bottl bus   car   cat   chair cow   dog   horse motor perso potte sheep train tvmon mean
val     61.5  60.5  85.8  73.7  79.3  86.1  85.4  87.1  55.8  75.2  61.1  70.5  67.3  68.5  90.9  81.5  87.4  94.1  76.2 
test    62.7  51.2  81.2  67.1  67.8  90.7  79.0  70.5  60.3  75.9  69.6  61.2  67.9  65.8  95.9  71.1  82.8  96.9  73.2 
test_kp 56.9  50.5  77.4  62.6  65.7  90.8  79.5  69.8  57.3  74.3  71.7  60.3  67.4  61.8  95.1  68.0  83.6  97.8  71.7 
Epoch: 06, Loss: 0.0396, Acc: 1.00, Time: 9.4s, Eval: 2.7s
split   aerop bicyc bird  boat  bottl bus   car   cat   chair cow   dog   horse motor perso potte sheep train tvmon mean
val     59.4  60.6  84.8  70.7  79.2  83.4  85.1  82.4  58.3  76.7  62.3  69.9  66.0  72.1  91.7  82.5  86.3  93.2  75.8 
test    63.0  50.5  79.6  65.4  66.8  91.5  78.6  71.0  62.7  77.5  68.3  60.1  65.0  63.5  95.8  70.1  83.0  95.3  72.7 
test_kp 57.0  49.2  76.0  61.0  65.1  91.6  79.2  70.4  59.6  75.6  70.8  59.1  64.2  60.8  95.5  66.4  84.0  96.1  71.2 
Epoch: 07, Loss: 0.0377, Acc: 1.00, Time: 8.0s, Eval: 2.6s
split   aerop bicyc bird  boat  bottl bus   car   cat   chair cow   dog   horse motor perso potte sheep train tvmon mean
val     61.1  62.2  83.9  71.2  77.7  83.0  87.4  84.8  56.7  74.5  64.4  68.5  68.3  70.8  89.9  80.3  85.9  93.2  75.8 
test    63.3  50.9  79.5  65.4  66.1  91.7  77.7  71.2  58.0  77.5  70.7  59.2  68.0  61.8  96.0  69.4  80.8  95.5  72.4 
test_kp 58.2  49.5  75.6  60.9  64.2  91.3  78.0  70.4  55.3  75.7  73.1  58.2  66.3  58.2  95.4  65.1  82.1  96.1  70.8 
Epoch: 08, Loss: 0.0280, Acc: 1.00, Time: 8.1s, Eval: 2.8s
split   aerop bicyc bird  boat  bottl bus   car   cat   chair cow   dog   horse motor perso potte sheep train tvmon mean
val     60.2  63.2  84.8  74.2  79.6  84.5  85.3  83.3  58.0  74.0  62.6  70.1  63.2  71.4  92.8  80.8  87.9  92.1  76.0 
test    64.1  52.0  81.1  65.0  66.2  91.5  77.9  70.1  60.2  77.5  70.7  61.0  65.9  63.6  94.9  68.1  82.1  96.7  72.7 
test_kp 58.8  50.6  76.6  60.4  64.4  91.4  77.8  69.3  57.1  75.2  72.8  59.4  64.6  59.8  95.0  64.8  82.5  97.8  71.0 
Epoch: 09, Loss: 0.0231, Acc: 1.00, Time: 8.1s, Eval: 2.7s
split   aerop bicyc bird  boat  bottl bus   car   cat   chair cow   dog   horse motor perso potte sheep train tvmon mean
val     61.5  62.7  82.4  71.5  79.1  83.4  85.8  82.4  56.9  74.5  62.7  68.4  62.7  68.8  91.2  80.9  88.1  92.7  75.3 
test    63.5  50.7  81.3  63.5  66.3  91.5  79.5  69.8  60.3  77.7  69.5  59.5  67.8  62.1  94.7  68.4  82.2  95.4  72.4 
test_kp 58.1  49.6  77.2  58.7  64.7  91.3  79.9  69.1  56.7  75.7  72.0  58.2  66.3  58.5  94.8  65.2  83.0  96.5  70.9 
Epoch: 10, Loss: 0.0204, Acc: 1.00, Time: 8.0s, Eval: 2.6s
split   aerop bicyc bird  boat  bottl bus   car   cat   chair cow   dog   horse motor perso potte sheep train tvmon mean
val     60.9  62.1  82.8  71.8  78.3  81.4  84.6  81.1  55.9  75.2  61.5  69.5  64.8  69.3  91.3  81.6  87.0  92.9  75.1 
test    62.5  51.1  80.9  65.0  65.6  90.3  76.6  70.8  57.9  77.6  69.0  61.4  67.4  63.1  95.1  66.9  81.9  95.9  72.2 
test_kp 56.7  49.7  76.8  59.6  63.7  90.3  76.5  70.1  54.2  75.2  71.3  60.2  66.5  59.5  94.6  63.4  82.9  96.9  70.5 
Epoch: 11, Loss: 0.0200, Acc: 1.00, Time: 7.9s, Eval: 2.6s
split   aerop bicyc bird  boat  bottl bus   car   cat   chair cow   dog   horse motor perso potte sheep train tvmon mean
val     60.4  63.3  83.8  69.7  79.7  84.7  86.0  82.2  59.3  75.9  62.9  71.0  65.4  68.4  90.2  81.1  88.6  94.2  75.9 
test    62.3  52.7  79.7  64.5  65.5  92.3  77.7  70.8  59.8  76.6  69.5  61.7  64.8  65.0  94.7  67.6  84.2  95.0  72.5 
test_kp 55.5  51.4  75.9  59.4  63.7  92.2  77.6  69.9  56.1  74.7  71.5  60.5  64.2  61.2  94.5  63.8  84.2  96.1  70.7 
Epoch: 12, Loss: 0.0261, Acc: 1.00, Time: 8.2s, Eval: 2.8s
split   aerop bicyc bird  boat  bottl bus   car   cat   chair cow   dog   horse motor perso potte sheep train tvmon mean
val     59.9  65.5  83.8  70.7  76.6  84.0  83.9  80.8  57.3  76.0  62.9  70.2  66.7  68.1  90.9  82.3  89.8  93.6  75.7 
test    64.7  49.2  79.8  65.4  66.4  91.3  77.7  71.2  57.7  76.8  66.5  60.6  68.7  62.2  94.8  68.1  83.3  94.6  72.2 
test_kp 58.9  47.0  75.7  60.2  64.6  91.2  77.9  70.3  54.1  74.3  68.9  59.7  67.6  58.6  93.7  64.3  84.6  96.0  70.4 
Epoch: 13, Loss: 0.0207, Acc: 1.00, Time: 8.0s, Eval: 2.6s
split   aerop bicyc bird  boat  bottl bus   car   cat   chair cow   dog   horse motor perso potte sheep train tvmon mean
val     61.5  64.5  85.2  65.4  79.4  84.8  84.8  81.9  55.7  72.9  61.1  69.3  63.7  67.4  90.1  84.0  87.8  92.1  75.1 
test    63.8  47.8  79.6  62.3  66.0  90.7  78.2  66.7  59.7  75.0  67.8  58.6  64.0  62.0  94.6  66.0  83.2  94.3  71.1 
test_kp 58.3  46.7  76.2  56.4  64.1  90.6  78.3  65.7  55.4  73.3  69.7  57.6  62.8  58.2  93.7  62.7  83.9  95.5  69.4 
Epoch: 14, Loss: 0.0190, Acc: 1.00, Time: 8.0s, Eval: 2.7s
split   aerop bicyc bird  boat  bottl bus   car   cat   chair cow   dog   horse motor perso potte sheep train tvmon mean
val     61.4  65.1  81.5  70.5  79.3  87.2  85.3  80.9  56.5  73.6  63.6  68.7  66.1  68.4  89.4  81.6  87.8  94.1  75.6 
test    63.0  49.4  80.2  65.9  66.0  91.8  78.7  71.1  60.9  75.9  68.8  60.4  68.4  63.7  94.1  67.6  85.0  94.1  72.5 
test_kp 57.6  47.6  75.9  61.0  63.8  91.8  78.0  69.9  57.3  74.5  71.0  59.1  66.5  59.5  92.7  64.3  84.8  95.2  70.6 
Epoch: 15, Loss: 0.0156, Acc: 1.00, Time: 7.9s, Eval: 2.8s
split   aerop bicyc bird  boat  bottl bus   car   cat   chair cow   dog   horse motor perso potte sheep train tvmon mean
val     61.1  67.3  81.2  69.3  79.0  84.3  85.3  83.5  55.8  74.4  62.4  70.0  67.0  68.3  89.0  82.5  86.3  94.5  75.6 
test    63.8  51.8  78.7  63.5  66.0  92.3  77.3  70.8  57.8  76.0  71.3  59.1  67.9  62.4  93.7  70.4  83.1  94.8  72.3 
test_kp 58.5  51.1  74.9  57.9  64.1  92.1  76.1  69.7  54.2  74.8  73.2  57.6  66.3  58.3  92.9  65.7  83.3  95.9  70.4 
Final test accuracy: 72.26 (best 75.77, at best val epoch 1: 75.77)
Final test keypoint accuracy: 70.36
DONE
