SPair-71k (large layout): 53340 train / 5384 val / 12234 test pairs
DGMC with 9504129 parameters
Epoch: 01, Loss: 1.5515, Acc: 0.75, Time: 9.7s, Eval: 2.8s
split   aerop bicyc bird  boat  bottl bus   car   cat   chair cow   dog   horse motor perso potte sheep train tvmon mean
val     62.6  65.6  85.0  79.9  77.1  84.9  86.6  80.6  59.5  77.4  63.7  73.1  69.0  72.9  95.0  83.8  92.7  94.3  78.0 
test    65.5  58.0  82.4  75.3  65.5  92.6  82.3  71.3  66.9  80.5  72.3  68.3  69.1  66.3  97.9  76.3  90.8  99.2  76.7 
test_kp 60.0  56.9  78.8  71.2  64.0  92.0  82.7  70.3  65.3  77.9  73.8  66.9  70.2  62.9  98.6  72.6  91.4  99.5  75.3 
Epoch: 02, Loss: 0.2812, Acc: 0.98, Time: 9.0s, Eval: 2.3s
split   aerop bicyc bird  boat  bottl bus   car   cat   chair cow   dog   horse motor perso potte sheep train tvmon mean
val     65.9  67.0  84.9  79.4  78.4  84.1  83.4  83.0  59.7  76.2  66.9  70.0  67.7  72.5  91.9  86.8  90.5  93.8  77.9 
test    66.1  55.8  80.7  72.3  66.1  92.0  83.3  70.2  64.7  81.5  71.2  65.1  65.8  67.3  97.0  76.9  91.0  98.3  75.8 
test_kp 61.2  55.0  77.1  67.4  64.6  91.2  83.1  68.8  61.4  79.1  73.0  64.1  66.9  63.4  96.9  71.7  91.4  98.7  74.2 
Epoch: 03, Loss: 0.1093, Acc: 1.00, Time: 9.0s, Eval: 2.0s
split   aerop bicyc bird  boat  bottl bus   car   cat   chair cow   dog   horse motor perso potte sheep train tvmon mean
val     63.8  61.9  83.7  78.5  79.5  86.8  85.2  80.7  58.4  77.9  63.8  69.9  73.0  72.3  92.4  85.0  90.2  94.7  77.7 
test    66.1  54.1  82.6  72.1  66.8  92.5  82.5  69.6  64.1  78.4  72.1  65.2  64.7  65.6  96.0  73.2  89.7  97.3  75.2 
test_kp 60.9  52.5  79.6  67.6  65.0  92.0  83.0  68.8  61.6  76.2  73.8  64.4  65.9  61.9  95.6  68.7  90.6  98.1  73.7 
Epoch: 04, Loss: 0.0631, Acc: 1.00, Time: 9.0s, Eval: 2.1s
split   aerop bicyc bird  boat  bottl bus   car   cat   chair cow   dog   horse motor perso potte sheep train tvmon mean
val     64.8  63.9  84.9  77.9  78.1  86.3  83.7  82.3  61.2  78.5  63.4  70.2  68.3  73.2  92.6  86.5  90.6  93.9  77.8 
test    65.6  53.1  82.5  69.8  66.9  91.3  81.6  72.3  63.9  78.7  71.5  65.7  63.7  66.8  97.5  73.6  89.8  98.2  75.2 
test_kp 60.3  52.1  79.5  65.5  65.1  91.4  81.3  71.3  61.1  76.8  73.0  64.9  64.5  62.9  97.0  69.9  90.1  98.6  73.6 
Epoch: 05, Loss: 0.0463, Acc: 1.00, Time: 9.1s, Eval: 2.1s
split   aerop bicyc bird  boat  bottl bus   car   cat   chair cow   dog   horse motor perso potte sheep train tvmon mean
val     64.8  64.3  85.6  74.8  78.9  86.6  86.5  81.6  61.2  76.2  65.3  68.8  69.9  71.7  94.2  84.4  90.6  95.3  77.8 
test    66.2  55.1  81.5  70.5  66.0  91.9  78.6  70.3  61.9  79.7  69.0  65.3  65.7  65.3  96.2  71.1  89.8  97.8  74.6 
test_kp 61.3  53.7  78.4  66.2  64.3  92.1  80.4  69.5  59.4  77.5  70.5  64.3  65.9  61.9  96.1  67.1  90.4  98.3  73.2 
Epoch: 06, Loss: 0.0368, Acc: 1.00, Time: 9.1s, Eval: 2.2s
split   aerop bicyc bird  boat  bottl bus   car   cat   chair cow   dog   horse motor perso potte sheep train tvmon mean
val     65.0  62.4  86.0  76.1  78.7  87.5  84.3  82.2  58.6  79.1  63.8  70.0  69.3  72.6  92.9  85.6  90.9  93.7  77.7 
test    66.7  52.2  84.0  70.9  65.6  92.3  82.8  69.0  62.6  77.4  70.1  65.4  64.4  65.4  94.8  74.2  89.2  97.9  74.7 
test_kp 61.8  50.6  81.1  65.4  63.9  91.9  83.3  68.2  59.2  74.9  71.6  64.5  65.1  61.5  94.8  69.1  89.9  98.6  73.1 
Epoch: 07, Loss: 0.0309, Acc: 1.00, Time: 9.1s, Eval: 2.0s
split   aerop bicyc bird  boat  bottl bus   car   cat   chair cow   dog   horse motor perso potte sheep train tvmon mean
val     63.8  62.2  84.7  78.0  79.8  88.0  85.6  79.4  60.3  76.0  61.8  71.0  69.9  71.0  94.0  84.2  92.4  96.9  77.7 
test    63.8  53.4  83.5  70.1  65.7  91.7  81.5  68.7  64.0  78.4  69.0  65.4  63.3  63.4  97.3  73.7  90.6  97.9  74.5 
test_kp 58.9  52.5  80.3  65.2  64.2  92.2  81.9  67.7  61.9  76.1  70.8  64.3  64.6  59.2  96.9  69.3  90.9  98.5  73.1 
Epoch: 08, Loss: 0.0294, Acc: 1.00, Time: 9.1s, Eval: 2.0s
split   aerop bicyc bird  boat  bottl bus   car   cat   chair cow   dog   horse motor perso potte sheep train tvmon mean
val     61.1  61.7  85.5  74.1  77.7  86.4  86.0  81.6  60.7  79.3  65.1  69.9  69.2  73.1  92.0  85.1  91.1  94.2  77.4 
test    65.0  53.9  84.5  69.1  64.4  91.1  81.4  70.7  62.1  77.9  71.5  65.4  63.0  65.5  96.6  71.6  89.2  97.9  74.5 
test_kp 59.2  52.8  81.7  64.3  63.2  91.8  82.0  69.9  58.8  75.5  73.2  64.3  63.7  62.1  96.4  67.5  89.8  98.4  73.0 
Epoch: 09, Loss: 0.0287, Acc: 1.00, Time: 9.1s, Eval: 2.1s
split   aerop bicyc bird  boat  bottl bus   car   cat   chair cow   dog   horse motor perso potte sheep train tvmon mean
val     62.9  63.5  84.0  76.6  77.0  87.2  86.0  79.9  60.5  77.6  64.5  70.4  71.7  71.8  92.9  85.1  89.7  96.3  77.6 
test    64.9  53.8  82.6  68.3  66.0  91.9  82.2  69.7  61.9  78.9  71.2  65.6  66.2  63.5  95.7  72.5  89.5  97.0  74.5 
test_kp 59.6  51.7  79.0  63.1  64.5  92.3  83.0  68.5  59.0  76.4  72.5  64.7  67.0  59.4  95.8  68.8  90.1  97.7  72.9 
Epoch: 10, Loss: 0.0274, Acc: 1.00, Time: 9.0s, Eval: 2.0s
split   aerop bicyc bird  boat  bottl bus   car   cat   chair cow   dog   horse motor perso potte sheep train tvmon mean
val     64.6  61.7  85.4  76.8  76.8  84.4  87.2  79.1  60.3  74.6  65.5  69.8  67.5  69.2  93.7  83.2  89.3  96.7  77.0 
test    64.2  54.1  80.3  68.0  65.3  91.3  83.8  70.7  60.9  76.4  70.5  66.6  67.1  61.0  97.0  73.5  87.9  96.9  74.2 
test_kp 58.7  52.6  76.9  63.1  63.6  92.1  83.9  69.8  58.2  74.3  71.8  65.8  66.5  56.8  96.7  69.8  88.4  97.6  72.6 
Epoch: 11, Loss: 0.0251, Acc: 1.00, Time: 9.0s, Eval: 2.3s
split   aerop bicyc bird  boat  bottl bus   car   cat   chair cow   dog   horse motor perso potte sheep train tvmon mean
val     64.2  61.1  86.5  76.9  80.0  87.2  87.8  79.9  62.6  74.5  62.5  70.2  70.1  71.1  94.0  84.6  91.9  95.5  77.8 
test    63.2  51.9  82.6  69.1  67.2  92.2  81.8  67.4  63.6  77.3  69.2  66.4  65.0  63.9  96.7  72.5  88.9  97.7  74.3 
test_kp 58.1  50.0  79.5  64.5  65.3  92.7  82.9  66.4  62.1  75.0  71.0  65.3  66.2  60.8  96.2  69.1  88.7  98.2  72.9 
Epoch: 12, Loss: 0.0211, Acc: 1.00, Time: 9.1s, Eval: 2.1s
split   aerop bicyc bird  boat  bottl bus   car   cat   chair cow   dog   horse motor perso potte sheep train tvmon mean
val     64.0  61.7  85.8  73.2  79.2  86.9  88.0  80.1  58.6  76.5  63.4  68.6  67.6  71.5  93.4  85.8  90.8  96.1  77.3 
test    63.7  52.7  83.6  68.6  66.1  91.9  82.7  70.0  64.3  77.7  70.2  66.0  63.7  62.5  97.2  73.3  87.9  98.1  74.5 
test_kp 59.3  51.5  80.5  64.6  64.5  92.4  84.0  69.2  61.7  75.4  72.0  64.8  63.6  59.1  97.0  69.7  88.2  98.7  73.1 
Epoch: 13, Loss: 0.0211, Acc: 1.00, Time: 9.2s, Eval: 2.1s
split   aerop bicyc bird  boat  bottl bus   car   cat   chair cow   dog   horse motor perso potte sheep train tvmon mean
val     62.6  62.2  83.9  73.4  77.5  84.9  85.4  81.0  59.5  76.1  64.3  67.9  68.7  71.9  91.4  84.3  90.2  95.8  76.7 
test    66.7  53.0  84.3  69.7  65.0  92.2  82.0  68.9  61.2  75.6  69.0  65.9  64.4  63.9  97.0  71.2  88.5  98.0  74.2 
test_kp 61.1  52.1  81.2  65.0  64.0  93.3  83.2  68.2  58.9  73.4  70.6  64.4  64.4  60.4  96.7  68.1  89.2  98.5  72.9 
Epoch: 14, Loss: 0.0190, Acc: 1.00, Time: 9.1s, Eval: 2.0s
split   aerop bicyc bird  boat  bottl bus   car   cat   chair cow   dog   horse motor perso potte sheep train tvmon mean
val     63.7  62.7  85.6  74.6  77.7  85.3  86.7  79.2  58.3  73.9  65.6  71.3  67.8  67.7  91.1  85.4  89.7  96.1  76.8 
test    65.8  53.0  83.8  67.8  64.1  91.7  82.6  67.7  60.4  77.5  70.4  66.0  64.7  62.1  96.5  69.8  86.8  97.8  73.8 
test_kp 60.9  52.3  81.1  62.3  63.0  92.1  84.0  67.0  57.9  75.3  71.7  65.0  64.6  58.4  96.0  66.8  87.3  98.5  72.5 
Epoch: 15, Loss: 0.0232, Acc: 1.00, Time: 9.2s, Eval: 2.1s
split   aerop bicyc bird  boat  bottl bus   car   cat   chair cow   dog   horse motor perso potte sheep train tvmon mean
val     63.0  59.2  85.5  73.2  79.5  84.2  85.4  78.8  58.4  74.1  64.9  69.1  72.6  66.5  91.2  85.6  91.7  96.0  76.6 
test    63.1  52.5  82.9  67.2  63.8  91.0  81.5  68.8  62.0  75.9  70.2  64.1  63.2  61.8  97.1  69.6  87.0  97.5  73.3 
test_kp 57.5  51.1  79.8  62.2  62.6  91.4  83.3  67.7  59.4  73.8  72.0  63.1  63.1  58.5  96.8  66.9  87.3  98.1  71.9 
Final test accuracy: 73.28 (best 76.71, at best val epoch 1: 76.71)
Final test keypoint accuracy: 71.93
DONE
