SPair-71k (large layout): 53340 train / 5384 val / 12234 test pairs
DGMC with 1934721 parameters
Epoch: 01, Loss: 1.8026, Acc: 0.71, Time: 7.1s, Eval: 2.8s
split   aerop bicyc bird  boat  bottl bus   car   cat   chair cow   dog   horse motor perso potte sheep train tvmon mean
val     60.8  55.9  86.5  67.2  75.0  82.8  79.6  82.3  58.5  74.4  62.5  73.0  65.7  68.1  87.0  76.3  85.3  94.3  74.2 
test    64.0  46.5  83.4  66.6  66.7  89.9  75.5  66.4  53.8  74.5  66.9  63.0  69.9  66.2  97.1  72.2  79.9  96.8  72.2 
test_kp 57.7  46.7  79.9  61.9  64.9  90.6  75.7  65.8  54.3  71.7  67.9  60.7  67.3  62.7  96.7  67.3  79.7  97.7  70.5 
Epoch: 02, Loss: 0.4692, Acc: 0.95, Time: 6.5s, Eval: 2.1s
split   aerop bicyc bird  boat  bottl bus   car   cat   chair cow   dog   horse motor perso potte sheep train tvmon mean
val     60.8  54.7  83.8  63.3  72.6  80.8  80.5  79.2  54.0  72.0  58.5  67.4  59.5  63.4  81.3  77.5  83.9  92.1  71.4 
test    61.5  45.3  78.5  63.9  65.3  87.2  74.7  66.5  53.5  72.4  65.6  59.2  64.8  62.7  93.5  68.2  78.2  94.2  69.7 
test_kp 55.7  45.3  74.8  57.3  64.1  86.8  75.6  65.5  51.2  70.3  66.6  57.0  63.2  58.7  92.9  63.9  77.4  95.0  67.8 
Epoch: 03, Loss: 0.1858, Acc: 0.99, Time: 6.4s, Eval: 2.0s
split   aerop bicyc bird  boat  bottl bus   car   cat   chair cow   dog   horse motor perso potte sheep train tvmon mean
val     62.5  53.9  82.3  59.6  71.6  78.0  79.7  79.8  54.1  73.6  56.2  65.4  57.7  62.2  79.3  78.7  81.3  90.5  70.4 
test    61.6  43.3  78.8  60.5  65.6  87.0  73.5  66.1  54.1  70.3  65.2  58.3  65.3  62.2  95.3  66.4  76.3  94.8  69.2 
test_kp 56.4  42.9  75.2  54.3  63.6  87.3  74.1  65.3  51.2  68.7  65.8  55.4  63.0  59.1  94.2  62.1  75.4  95.8  67.2 
Epoch: 04, Loss: 0.0987, Acc: 1.00, Time: 6.4s, Eval: 2.0s
split   aerop bicyc bird  boat  bottl bus   car   cat   chair cow   dog   horse motor perso potte sheep train tvmon mean
val     57.7  55.4  79.7  62.0  73.7  77.8  79.2  79.2  50.6  72.9  52.9  60.8  57.0  58.6  80.7  77.1  79.2  90.7  69.2 
test    62.3  44.2  78.2  60.5  64.4  86.9  74.6  62.6  53.5  68.8  61.7  55.4  59.9  57.2  91.5  65.3  75.6  94.5  67.6 
test_kp 57.1  43.4  75.1  53.8  63.1  86.7  74.3  61.7  49.8  66.6  62.8  52.5  58.3  53.5  90.4  60.6  75.0  95.3  65.6 
Epoch: 05, Loss: 0.0663, Acc: 1.00, Time: 6.2s, Eval: 2.1s
split   aerop bicyc bird  boat  bottl bus   car   cat   chair cow   dog   horse motor perso potte sheep train tvmon mean
val     57.1  57.5  79.6  60.6  72.5  76.3  82.1  79.4  51.8  68.5  53.7  62.3  60.5  61.9  80.0  76.9  76.4  88.7  69.2 
test    62.2  44.9  77.1  59.7  63.4  85.5  73.6  64.6  55.2  68.6  63.4  53.6  58.9  59.7  92.3  64.5  74.4  94.1  67.5 
test_kp 56.0  43.5  73.5  53.3  62.2  85.1  73.6  63.7  51.8  67.2  64.6  51.1  57.3  55.4  90.0  59.8  73.5  94.9  65.4 
Epoch: 06, Loss: 0.0534, Acc: 1.00, Time: 6.2s, Eval: 2.1s
split   aerop bicyc bird  boat  bottl bus   car   cat   chair cow   dog   horse motor perso potte sheep train tvmon mean
val     59.4  53.1  81.9  58.0  75.3  76.9  78.7  80.0  49.8  72.2  54.2  61.2  56.2  59.0  80.8  77.5  77.0  86.8  68.8 
test    60.3  45.4  78.1  59.7  64.9  86.6  73.0  63.8  52.1  66.9  61.8  54.8  63.8  60.0  91.6  65.7  75.9  93.9  67.7 
test_kp 54.9  43.8  74.2  52.4  63.1  85.8  72.5  63.1  49.0  65.3  62.8  52.0  62.1  56.0  89.8  61.1  75.2  94.5  65.4 
Epoch: 07, Loss: 0.0427, Acc: 1.00, Time: 6.2s, Eval: 2.0s
split   aerop bicyc bird  boat  bottl bus   car   cat   chair cow   dog   horse motor perso potte sheep train tvmon mean
val     56.8  52.1  81.9  59.5  74.3  77.1  78.5  81.2  50.2  70.5  54.9  62.6  54.8  59.3  78.3  77.0  76.0  87.8  68.5 
test    59.3  45.7  77.3  60.4  63.4  85.9  71.8  64.0  52.0  68.3  60.3  55.8  62.2  57.5  90.9  65.9  73.7  94.0  67.1 
test_kp 54.1  44.0  73.2  53.4  62.3  85.5  70.6  63.0  49.3  66.4  61.6  52.7  60.6  53.2  88.8  60.6  73.0  94.1  64.8 
Epoch: 08, Loss: 0.0364, Acc: 1.00, Time: 6.5s, Eval: 2.0s
split   aerop bicyc bird  boat  bottl bus   car   cat   chair cow   dog   horse motor perso potte sheep train tvmon mean
val     59.4  54.2  83.8  57.5  74.2  78.4  80.0  80.4  48.0  69.7  52.4  60.9  57.5  60.7  80.9  77.3  74.6  87.3  68.7 
test    60.7  45.3  78.9  57.9  63.1  86.9  71.8  63.8  53.8  68.7  61.6  55.6  63.0  57.5  91.0  63.7  76.1  93.2  67.4 
test_kp 54.8  44.3  74.7  50.7  61.8  86.6  70.5  62.8  50.2  67.3  62.6  52.5  61.9  53.3  88.8  58.6  75.0  94.0  65.0 
Epoch: 09, Loss: 0.0327, Acc: 1.00, Time: 6.3s, Eval: 2.0s
split   aerop bicyc bird  boat  bottl bus   car   cat   chair cow   dog   horse motor perso potte sheep train tvmon mean
val     58.6  52.4  81.2  59.9  74.5  74.7  77.3  79.2  48.5  66.6  53.6  62.4  54.7  61.8  79.3  78.1  79.0  87.8  68.3 
test    62.1  41.8  77.0  61.1  62.4  85.2  71.8  63.8  51.3  68.4  63.5  54.9  62.2  55.6  92.3  62.9  77.4  94.4  67.1 
test_kp 56.3  41.2  73.9  54.2  61.2  84.5  71.0  63.1  48.5  66.9  64.4  52.6  60.3  51.6  90.3  58.2  76.9  94.7  65.0 
Epoch: 10, Loss: 0.0275, Acc: 1.00, Time: 6.3s, Eval: 2.1s
split   aerop bicyc bird  boat  bottl bus   car   cat   chair cow   dog   horse motor perso potte sheep train tvmon mean
val     57.1  53.8  80.8  60.0  74.7  71.8  75.3  77.1  49.1  68.5  53.4  61.0  54.5  59.9  75.6  77.5  77.1  87.5  67.5 
test    63.4  42.4  77.0  59.4  64.9  84.0  72.8  62.5  49.6  69.2  62.4  54.1  60.0  56.4  90.5  64.5  74.6  93.6  66.7 
test_kp 57.4  41.7  73.1  52.6  63.1  83.5  70.9  61.7  46.7  67.4  63.3  51.3  58.3  52.8  88.2  59.1  73.8  94.7  64.4 
Epoch: 11, Loss: 0.0217, Acc: 1.00, Time: 6.1s, Eval: 2.1s
split   aerop bicyc bird  boat  bottl bus   car   cat   chair cow   dog   horse motor perso potte sheep train tvmon mean
val     59.9  53.6  82.5  58.9  74.0  74.5  81.1  76.9  47.1  68.4  54.3  60.4  59.4  61.0  76.1  77.2  77.4  86.9  68.3 
test    62.7  43.7  74.0  58.5  62.0  84.8  72.8  62.1  50.7  69.2  61.1  53.2  61.8  58.1  90.4  61.5  74.8  94.2  66.4 
test_kp 56.7  42.3  69.8  51.5  61.1  84.2  71.5  61.3  47.9  66.6  62.3  50.5  60.5  54.3  88.1  56.7  73.7  95.2  64.1 
Epoch: 12, Loss: 0.0168, Acc: 1.00, Time: 6.2s, Eval: 2.0s
split   aerop bicyc bird  boat  bottl bus   car   cat   chair cow   dog   horse motor perso potte sheep train tvmon mean
val     55.5  54.2  82.3  61.9  75.0  75.3  79.4  80.7  47.7  67.1  52.1  60.5  59.4  58.9  79.2  76.3  76.8  87.5  68.3 
test    62.3  41.4  73.3  59.3  62.9  85.3  73.0  62.3  48.8  67.7  61.0  52.2  59.5  56.8  92.0  60.5  73.4  94.4  65.9 
test_kp 55.9  41.0  69.5  52.5  61.8  85.0  71.6  61.6  45.4  66.0  62.0  49.4  58.4  53.2  90.1  56.1  72.7  95.2  63.7 
Epoch: 13, Loss: 0.0211, Acc: 1.00, Time: 6.1s, Eval: 2.0s
split   aerop bicyc bird  boat  bottl bus   car   cat   chair cow   dog   horse motor perso potte sheep train tvmon mean
val     55.6  54.7  81.1  62.1  73.2  76.3  81.4  78.8  50.5  68.3  54.8  57.6  64.0  55.8  77.8  75.5  74.7  89.1  68.4 
test    61.3  42.1  77.6  60.7  62.7  86.7  73.8  61.7  50.0  67.9  62.1  52.1  62.5  58.2  90.3  60.0  73.4  94.0  66.5 
test_kp 55.7  41.1  74.1  53.6  61.3  86.8  72.6  60.7  46.5  66.0  63.1  49.6  60.2  54.2  87.9  55.3  72.4  95.1  64.2 
Epoch: 14, Loss: 0.0247, Acc: 1.00, Time: 6.1s, Eval: 2.0s
split   aerop bicyc bird  boat  bottl bus   car   cat   chair cow   dog   horse motor perso potte sheep train tvmon mean
val     56.8  53.5  80.2  58.2  73.9  74.4  79.3  82.0  48.0  68.9  55.0  61.9  59.3  61.0  76.5  77.0  74.7  86.0  68.1 
test    61.8  42.3  75.6  57.1  61.7  86.3  71.9  62.3  50.0  68.6  61.7  54.0  59.7  60.8  91.8  62.7  72.8  92.8  66.3 
test_kp 56.0  40.9  72.0  49.7  60.6  85.4  70.2  61.4  45.7  66.8  62.5  51.6  58.3  55.9  89.9  57.0  71.4  93.9  63.8 
Epoch: 15, Loss: 0.0163, Acc: 1.00, Time: 6.3s, Eval: 2.1s
split   aerop bicyc bird  boat  bottl bus   car   cat   chair cow   dog   horse motor perso potte sheep train tvmon mean
val     56.7  53.5  82.6  58.8  72.2  77.8  78.5  82.1  49.1  68.6  52.0  62.2  59.2  59.3  78.3  80.1  75.8  85.6  68.5 
test    61.5  41.3  77.0  56.2  61.6  85.7  73.2  63.3  52.0  68.4  62.8  55.4  63.4  57.2  90.8  60.4  73.9  92.4  66.5 
test_kp 55.4  40.3  73.2  49.1  60.3  85.1  71.9  62.2  47.7  66.2  63.6  52.5  60.8  53.0  88.6  55.1  73.1  93.5  64.0 
Final test accuracy: 66.47 (best 72.19, at best val epoch 1: 72.19)
Final test keypoint accuracy: 63.98
DONE
