SPair-71k (large layout): 53340 train / 5384 val / 12234 test pairs
DGMC with 1934721 parameters
Epoch: 01, Loss: 1.7829, Acc: 0.71, Time: 8.0s, Eval: 2.8s
split   aerop bicyc bird  boat  bottl bus   car   cat   chair cow   dog   horse motor perso potte sheep train tvmon mean
val     57.7  55.9  83.2  72.8  75.2  82.1  82.7  81.6  57.0  68.9  61.9  66.5  69.5  70.4  89.7  78.4  80.9  93.7  73.8 
test    61.8  47.7  81.1  67.2  66.6  89.3  77.2  66.2  57.2  74.5  65.5  60.6  69.0  60.8  97.5  70.3  78.1  96.7  71.5 
test_kp 55.1  47.1  77.4  61.0  64.4  89.1  76.4  65.2  56.9  71.8  66.6  59.0  67.9  57.4  97.3  67.0  77.0  97.0  69.7 
Epoch: 02, Loss: 0.4739, Acc: 0.96, Time: 6.3s, Eval: 2.1s
split   aerop bicyc bird  boat  bottl bus   car   cat   chair cow   dog   horse motor perso potte sheep train tvmon mean
val     62.7  49.9  81.0  71.9  70.4  77.0  82.8  80.6  55.4  69.1  58.0  64.9  63.2  65.2  84.6  80.5  75.9  90.7  71.3 
test    60.5  43.4  77.6  63.9  65.0  88.9  77.4  65.1  53.7  72.0  64.2  57.2  63.4  57.8  94.4  71.8  73.0  97.6  69.3 
test_kp 54.8  42.4  74.0  56.9  63.5  88.8  75.7  64.4  53.5  69.1  65.5  55.6  61.4  53.3  93.4  66.1  72.5  97.8  67.1 
Epoch: 03, Loss: 0.1942, Acc: 0.99, Time: 6.3s, Eval: 1.9s
split   aerop bicyc bird  boat  bottl bus   car   cat   chair cow   dog   horse motor perso potte sheep train tvmon mean
val     59.0  51.4  78.1  66.7  69.2  75.3  83.2  76.2  53.8  67.5  57.6  63.7  66.7  65.3  81.6  78.6  80.6  90.9  70.3 
test    57.1  45.3  75.3  61.8  64.7  87.5  74.9  66.9  52.1  71.0  62.8  55.3  64.1  53.5  93.0  69.7  72.1  95.5  67.9 
test_kp 51.9  43.6  70.7  54.0  63.7  87.1  74.2  65.9  50.7  68.3  63.5  53.7  62.4  49.4  92.2  63.5  72.2  95.9  65.7 
Epoch: 04, Loss: 0.1059, Acc: 1.00, Time: 6.3s, Eval: 2.0s
split   aerop bicyc bird  boat  bottl bus   car   cat   chair cow   dog   horse motor perso potte sheep train tvmon mean
val     58.8  51.6  80.8  63.9  73.6  77.3  83.0  76.0  56.5  68.7  56.9  62.6  61.8  65.3  79.6  78.8  79.8  91.5  70.4 
test    57.5  43.2  77.4  61.3  64.5  87.0  76.7  64.8  52.8  68.1  63.7  54.9  60.8  54.8  94.0  68.7  72.0  96.9  67.7 
test_kp 53.1  42.1  73.0  53.2  63.3  86.2  75.1  64.1  50.3  66.3  64.9  53.3  59.9  50.9  92.7  62.7  71.1  97.0  65.5 
Epoch: 05, Loss: 0.0698, Acc: 1.00, Time: 6.3s, Eval: 2.0s
split   aerop bicyc bird  boat  bottl bus   car   cat   chair cow   dog   horse motor perso potte sheep train tvmon mean
val     59.5  52.8  79.0  65.6  72.2  76.1  84.6  73.8  58.7  67.1  56.2  61.7  63.5  64.8  82.3  76.8  78.1  92.0  70.3 
test    57.3  42.1  76.7  61.1  65.3  87.1  77.2  65.0  56.4  68.6  63.4  55.9  65.3  52.0  93.6  66.7  71.7  96.0  67.9 
test_kp 51.9  40.9  72.4  52.7  63.9  86.3  75.5  64.2  52.9  67.4  64.6  54.1  63.3  48.2  92.2  60.4  71.5  95.9  65.5 
Epoch: 06, Loss: 0.0511, Acc: 1.00, Time: 6.3s, Eval: 2.1s
split   aerop bicyc bird  boat  bottl bus   car   cat   chair cow   dog   horse motor perso potte sheep train tvmon mean
val     58.6  51.4  79.8  65.1  70.5  77.5  83.3  75.7  52.0  67.8  59.2  60.1  63.8  63.6  79.3  76.4  76.2  90.8  69.5 
test    56.4  41.9  75.6  61.1  64.7  86.7  76.5  66.7  53.8  67.2  62.5  53.7  65.5  54.4  92.7  67.7  72.6  94.7  67.5 
test_kp 51.9  41.1  71.3  52.5  63.3  86.3  74.9  65.8  51.0  65.1  63.6  52.3  63.0  51.2  91.2  61.5  72.7  95.0  65.2 
Epoch: 07, Loss: 0.0392, Acc: 1.00, Time: 6.4s, Eval: 1.9s
split   aerop bicyc bird  boat  bottl bus   car   cat   chair cow   dog   horse motor perso potte sheep train tvmon mean
val     58.7  51.2  77.8  63.8  67.6  76.5  85.6  74.9  51.2  68.3  58.5  59.0  63.9  60.6  78.1  76.8  77.6  90.5  68.9 
test    58.5  41.4  75.2  62.3  64.7  87.2  74.5  64.4  55.1  66.7  62.9  55.1  64.5  53.4  93.7  66.9  71.1  94.9  67.4 
test_kp 53.6  40.1  70.7  54.1  63.7  86.5  72.9  63.6  51.9  64.5  63.8  53.4  62.9  50.0  92.6  59.9  71.4  95.1  65.0 
Epoch: 08, Loss: 0.0296, Acc: 1.00, Time: 6.3s, Eval: 2.0s
split   aerop bicyc bird  boat  bottl bus   car   cat   chair cow   dog   horse motor perso potte sheep train tvmon mean
val     59.2  51.2  78.2  63.3  70.1  78.0  82.5  73.8  51.1  68.3  56.5  61.3  61.5  58.7  77.3  79.0  74.1  91.5  68.6 
test    57.7  42.8  74.3  62.7  64.9  86.5  74.2  64.9  56.2  67.2  62.4  56.6  65.4  53.3  93.6  66.2  72.0  94.1  67.5 
test_kp 52.8  41.9  70.0  55.3  63.5  85.7  72.6  64.1  53.2  64.9  63.2  54.6  64.0  49.6  92.4  58.7  70.9  94.1  65.1 
Epoch: 09, Loss: 0.0283, Acc: 1.00, Time: 6.3s, Eval: 2.2s
split   aerop bicyc bird  boat  bottl bus   car   cat   chair cow   dog   horse motor perso potte sheep train tvmon mean
val     60.5  50.5  80.6  63.9  71.6  77.8  82.7  75.4  50.7  65.8  56.5  59.5  63.5  59.8  77.2  76.8  77.8  89.8  68.9 
test    55.7  42.3  72.3  61.1  64.3  86.2  73.9  64.6  53.5  68.5  62.2  56.7  65.9  54.1  91.4  68.1  73.1  93.5  67.1 
test_kp 51.2  41.2  67.9  52.7  63.5  85.8  71.7  63.9  49.8  66.4  63.4  54.9  63.9  50.5  89.6  61.2  72.4  93.5  64.6 
Epoch: 10, Loss: 0.0246, Acc: 1.00, Time: 6.3s, Eval: 2.2s
split   aerop bicyc bird  boat  bottl bus   car   cat   chair cow   dog   horse motor perso potte sheep train tvmon mean
val     59.8  49.7  80.9  62.9  72.0  75.7  80.7  71.9  51.9  69.4  54.3  62.3  62.8  60.8  77.2  78.1  74.8  90.9  68.7 
test    57.9  41.8  74.0  60.4  64.2  86.0  75.2  64.9  55.9  67.0  60.7  54.3  63.9  52.0  94.0  66.8  71.1  94.2  66.9 
test_kp 53.0  40.9  69.6  52.4  63.3  85.4  73.3  64.0  52.4  64.7  61.8  53.1  62.0  48.2  92.0  59.3  70.0  94.2  64.4 
Epoch: 11, Loss: 0.0244, Acc: 1.00, Time: 6.5s, Eval: 2.0s
split   aerop bicyc bird  boat  bottl bus   car   cat   chair cow   dog   horse motor perso potte sheep train tvmon mean
val     58.8  50.6  78.6  65.4  73.1  73.5  80.4  74.7  51.7  69.2  55.1  60.0  59.1  58.5  77.8  79.5  74.3  88.8  68.3 
test    58.1  41.8  73.3  60.9  62.4  84.8  74.4  62.5  50.1  66.2  62.0  54.2  62.2  53.2  91.1  65.4  68.4  94.5  65.9 
test_kp 53.0  40.9  69.8  52.8  61.9  84.0  72.4  62.0  46.4  64.8  62.9  52.4  59.9  49.2  88.8  59.2  67.8  94.9  63.5 
Epoch: 12, Loss: 0.0245, Acc: 1.00, Time: 6.3s, Eval: 2.0s
split   aerop bicyc bird  boat  bottl bus   car   cat   chair cow   dog   horse motor perso potte sheep train tvmon mean
val     61.0  50.6  82.5  65.9  73.2  76.2  83.5  72.1  54.7  69.1  57.2  58.9  63.0  61.4  76.6  80.1  75.5  90.5  69.6 
test    59.2  43.0  73.7  63.3  64.5  86.7  76.1  63.2  55.3  68.0  60.9  55.9  67.1  52.0  92.9  65.7  69.6  95.1  67.4 
test_kp 53.9  42.1  69.1  55.5  62.9  86.0  74.7  62.6  51.3  66.6  61.9  54.0  65.1  48.2  90.6  59.4  69.0  95.0  64.9 
Epoch: 13, Loss: 0.0179, Acc: 1.00, Time: 6.2s, Eval: 2.0s
split   aerop bicyc bird  boat  bottl bus   car   cat   chair cow   dog   horse motor perso potte sheep train tvmon mean
val     61.2  50.4  80.1  65.1  73.2  75.4  82.6  73.9  52.7  65.4  56.4  57.4  67.4  61.5  73.1  78.9  77.0  89.9  69.0 
test    57.6  39.9  74.1  60.7  64.0  86.5  74.3  64.8  54.7  66.8  63.3  54.4  65.2  53.5  91.3  63.7  71.7  95.1  66.7 
test_kp 52.6  39.0  69.5  52.4  63.0  85.4  72.9  64.2  51.1  64.7  64.8  52.4  63.1  49.4  89.0  57.4  71.1  95.2  64.3 
Epoch: 14, Loss: 0.0186, Acc: 1.00, Time: 6.3s, Eval: 2.0s
split   aerop bicyc bird  boat  bottl bus   car   cat   chair cow   dog   horse motor perso potte sheep train tvmon mean
val     59.3  50.0  77.3  64.5  71.8  76.8  82.8  73.3  51.9  68.9  58.1  58.2  63.1  59.2  77.8  77.2  76.4  89.1  68.6 
test    57.7  41.4  72.1  61.9  63.4  86.6  72.6  63.4  48.3  67.4  63.4  54.8  62.2  52.4  91.2  64.8  69.3  94.3  66.0 
test_kp 52.5  40.1  68.0  53.9  62.9  85.2  70.7  62.7  44.4  64.7  64.7  53.1  60.1  48.4  89.6  58.2  68.7  94.3  63.4 
Epoch: 15, Loss: 0.0263, Acc: 1.00, Time: 6.3s, Eval: 2.1s
split   aerop bicyc bird  boat  bottl bus   car   cat   chair cow   dog   horse motor perso potte sheep train tvmon mean
val     59.5  51.6  78.5  62.5  69.8  75.4  83.2  73.1  51.0  64.9  54.6  59.8  64.6  60.8  76.3  79.8  75.5  88.9  68.3 
test    57.1  41.8  72.7  58.9  63.4  86.2  75.2  62.9  50.2  64.2  63.3  54.7  66.4  53.5  92.3  66.2  67.8  94.3  66.2 
test_kp 51.5  40.7  68.3  50.6  62.7  84.4  72.2  62.2  47.3  62.2  64.2  52.8  64.2  49.2  90.1  59.3  67.2  94.1  63.5 
Final test accuracy: 66.18 (best 71.52, at best val epoch 1: 71.52)
Final test keypoint accuracy: 63.51
DONE
