SPair-71k (large layout): 53340 train / 5384 val / 12234 test pairs
DGMC with 3736961 parameters
Epoch: 01, Loss: 1.5815, Acc: 0.75, Time: 8.4s, Eval: 2.7s
split   aerop bicyc bird  boat  bottl bus   car   cat   chair cow   dog   horse motor perso potte sheep train tvmon mean
val     62.8  66.7  86.8  77.0  77.4  85.7  85.6  87.9  60.1  79.0  64.1  74.2  70.8  74.2  94.8  82.2  89.8  94.7  78.6 
test    64.2  51.9  84.4  72.4  66.3  93.8  81.5  72.7  63.5  80.2  70.4  65.8  69.4  72.0  98.1  77.4  90.1  97.5  76.2 
test_kp 58.5  51.2  81.0  68.4  64.3  93.4  81.4  71.5  63.3  77.3  72.1  64.1  69.6  68.9  97.7  74.8  89.9  98.1  74.8 
Epoch: 02, Loss: 0.3310, Acc: 0.97, Time: 6.9s, Eval: 2.0s
split   aerop bicyc bird  boat  bottl bus   car   cat   chair cow   dog   horse motor perso potte sheep train tvmon mean
val     62.9  66.1  86.2  75.2  78.1  86.4  84.9  83.3  61.5  77.3  63.2  72.8  70.6  72.5  94.2  82.2  87.7  92.9  77.7 
test    63.2  50.5  82.7  68.6  66.5  93.9  80.6  73.6  63.0  79.3  70.9  63.0  68.5  69.0  96.3  73.0  90.2  97.2  75.0 
test_kp 58.3  49.5  79.2  64.0  64.3  94.1  80.8  72.4  62.0  76.6  72.3  61.6  66.9  65.8  95.8  70.3  89.9  98.2  73.5 
Epoch: 03, Loss: 0.1231, Acc: 1.00, Time: 7.0s, Eval: 2.2s
split   aerop bicyc bird  boat  bottl bus   car   cat   chair cow   dog   horse motor perso potte sheep train tvmon mean
val     64.3  65.2  85.6  76.9  79.0  85.9  85.4  86.2  57.5  76.1  65.2  71.9  64.2  73.4  90.1  80.8  86.6  92.9  77.1 
test    62.5  48.9  81.5  68.6  65.4  92.8  81.0  72.5  60.7  79.4  70.5  62.4  66.3  68.3  95.9  69.2  88.3  95.5  73.9 
test_kp 57.5  48.0  78.0  63.2  63.6  92.6  81.1  71.2  59.1  76.7  72.3  60.9  65.8  65.5  95.1  66.6  88.6  96.8  72.4 
Epoch: 04, Loss: 0.0815, Acc: 1.00, Time: 6.9s, Eval: 2.0s
split   aerop bicyc bird  boat  bottl bus   car   cat   chair cow   dog   horse motor perso potte sheep train tvmon mean
val     66.2  61.4  85.7  76.5  77.6  85.5  84.6  82.9  58.1  75.2  64.0  69.1  63.1  74.3  91.2  82.8  83.2  93.8  76.4 
test    63.8  48.9  83.8  67.9  66.4  93.8  79.9  72.9  60.9  77.7  68.8  63.4  66.9  68.8  97.1  69.6  87.0  97.2  74.2 
test_kp 58.9  48.8  80.3  62.8  64.4  93.9  79.6  71.7  59.6  75.5  70.4  61.6  65.7  66.2  96.5  66.8  87.3  98.1  72.7 
Epoch: 05, Loss: 0.0511, Acc: 1.00, Time: 6.9s, Eval: 2.0s
split   aerop bicyc bird  boat  bottl bus   car   cat   chair cow   dog   horse motor perso potte sheep train tvmon mean
val     64.2  62.5  83.9  72.7  76.1  85.0  86.5  84.5  57.1  76.2  64.0  70.8  63.8  75.0  89.4  81.0  86.7  94.7  76.3 
test    61.1  49.5  81.7  68.9  65.8  93.2  79.5  72.7  59.9  78.0  66.4  61.2  65.2  68.5  96.6  70.4  86.0  96.4  73.4 
test_kp 56.7  48.7  78.2  63.3  63.9  93.1  79.8  71.4  59.3  75.6  67.6  60.0  63.2  65.4  96.0  67.2  85.6  97.6  71.8 
Epoch: 06, Loss: 0.0388, Acc: 1.00, Time: 6.8s, Eval: 2.0s
split   aerop bicyc bird  boat  bottl bus   car   cat   chair cow   dog   horse motor perso potte sheep train tvmon mean
val     65.0  61.5  85.6  75.5  79.3  85.3  86.2  83.9  57.5  74.7  65.6  68.2  65.4  72.1  89.4  81.1  86.7  93.2  76.5 
test    60.6  47.8  80.5  67.7  65.7  93.6  78.2  71.8  59.3  77.8  68.2  60.1  62.8  67.6  96.4  69.5  85.3  96.5  72.7 
test_kp 56.2  47.3  77.1  62.4  63.4  93.7  78.3  70.7  57.7  76.1  69.8  59.3  62.0  64.1  95.5  66.4  85.9  97.6  71.3 
Epoch: 07, Loss: 0.0367, Acc: 1.00, Time: 8.4s, Eval: 2.0s
split   aerop bicyc bird  boat  bottl bus   car   cat   chair cow   dog   horse motor perso potte sheep train tvmon mean
val     65.8  60.6  84.7  74.9  76.6  84.5  85.4  81.6  56.3  75.2  64.2  67.7  62.0  72.5  83.7  80.0  86.5  94.6  75.4 
test    60.7  47.0  80.1  66.2  65.7  92.1  78.3  70.4  57.6  77.5  67.0  59.0  65.6  68.2  95.4  68.3  85.8  96.9  72.3 
test_kp 56.6  46.2  76.9  60.8  63.5  92.3  78.0  69.3  56.3  75.1  69.0  58.0  64.3  63.7  94.9  64.9  86.3  98.0  70.8 
Epoch: 08, Loss: 0.0264, Acc: 1.00, Time: 7.1s, Eval: 2.0s
split   aerop bicyc bird  boat  bottl bus   car   cat   chair cow   dog   horse motor perso potte sheep train tvmon mean
val     66.3  63.8  84.6  74.5  76.3  83.8  83.7  80.8  56.9  74.4  63.7  69.0  60.2  70.3  87.2  83.1  85.9  93.2  75.4 
test    60.6  47.9  80.2  67.0  65.7  93.0  76.9  72.0  58.8  76.9  66.3  61.7  62.4  67.4  96.3  70.0  86.4  96.1  72.5 
test_kp 56.0  47.1  76.3  61.8  63.7  93.3  76.7  71.0  57.7  74.7  68.5  60.2  61.5  63.7  95.7  66.5  86.5  97.1  71.0 
Epoch: 09, Loss: 0.0237, Acc: 1.00, Time: 6.9s, Eval: 2.0s
split   aerop bicyc bird  boat  bottl bus   car   cat   chair cow   dog   horse motor perso potte sheep train tvmon mean
val     65.0  61.3  86.9  72.8  77.1  83.8  85.0  82.0  57.4  75.8  64.1  67.0  59.9  73.5  83.3  80.3  86.3  92.0  75.2 
test    61.7  48.1  80.9  67.7  64.8  92.7  78.2  72.2  56.6  77.7  66.1  60.5  61.2  66.8  94.6  70.7  83.3  96.0  72.2 
test_kp 56.8  47.1  77.3  62.5  63.0  92.5  77.6  70.9  54.5  75.0  68.1  59.4  60.3  62.3  93.8  66.4  83.9  97.0  70.5 
Epoch: 10, Loss: 0.0196, Acc: 1.00, Time: 6.9s, Eval: 2.0s
split   aerop bicyc bird  boat  bottl bus   car   cat   chair cow   dog   horse motor perso potte sheep train tvmon mean
val     64.7  62.9  84.8  73.4  74.4  85.0  86.3  79.6  56.9  75.5  61.5  69.9  62.0  71.9  86.7  83.1  87.0  93.3  75.5 
test    61.9  46.4  80.1  68.3  65.2  92.1  77.9  72.1  58.3  78.5  66.7  60.3  62.5  66.4  95.8  70.2  85.7  96.5  72.5 
test_kp 57.8  45.9  77.3  63.1  63.2  92.7  78.8  70.9  56.8  75.8  68.6  58.8  61.4  61.8  95.3  66.6  86.0  97.5  71.0 
Epoch: 11, Loss: 0.0154, Acc: 1.00, Time: 6.9s, Eval: 2.1s
split   aerop bicyc bird  boat  bottl bus   car   cat   chair cow   dog   horse motor perso potte sheep train tvmon mean
val     66.3  64.2  84.0  74.2  76.5  83.9  86.0  82.0  60.5  74.3  62.5  68.7  62.5  72.9  88.6  81.9  85.8  94.2  76.1 
test    62.1  47.2  80.4  68.3  64.2  92.4  79.6  70.2  57.2  77.9  66.8  60.7  64.2  66.0  97.0  68.5  85.9  96.8  72.5 
test_kp 56.9  46.8  77.3  63.4  62.5  92.9  79.9  69.0  55.9  75.6  68.3  59.5  63.7  62.2  96.0  64.3  86.3  97.7  71.0 
Epoch: 12, Loss: 0.0139, Acc: 1.00, Time: 7.0s, Eval: 2.2s
split   aerop bicyc bird  boat  bottl bus   car   cat   chair cow   dog   horse motor perso potte sheep train tvmon mean
val     65.5  66.3  83.1  70.4  76.1  84.7  86.1  80.4  57.4  76.2  62.8  68.9  62.6  73.8  87.7  81.5  87.0  93.7  75.8 
test    61.3  48.2  79.6  67.8  66.0  92.2  79.2  71.7  56.9  77.3  64.9  59.7  65.4  65.8  95.4  68.4  84.2  96.8  72.3 
test_kp 56.7  47.3  76.2  63.0  64.2  92.7  79.6  70.3  55.7  74.9  66.7  58.3  64.4  62.0  94.0  64.2  84.6  97.7  70.7 
Epoch: 13, Loss: 0.0149, Acc: 1.00, Time: 7.0s, Eval: 2.0s
split   aerop bicyc bird  boat  bottl bus   car   cat   chair cow   dog   horse motor perso potte sheep train tvmon mean
val     67.0  58.6  86.1  70.3  75.3  84.4  86.2  79.4  58.4  77.1  61.6  68.0  59.6  72.3  85.2  80.8  85.1  93.6  74.9 
test    62.2  47.6  80.8  66.6  65.0  93.1  77.6  71.4  55.9  76.7  67.3  62.1  62.5  65.4  94.7  68.3  83.0  96.6  72.0 
test_kp 57.8  47.7  77.7  60.8  63.4  93.3  77.4  70.0  54.7  74.2  69.2  60.4  61.7  61.8  93.3  64.5  83.8  97.8  70.5 
Epoch: 14, Loss: 0.0133, Acc: 1.00, Time: 6.8s, Eval: 2.0s
split   aerop bicyc bird  boat  bottl bus   car   cat   chair cow   dog   horse motor perso potte sheep train tvmon mean
val     65.5  62.7  83.3  71.4  74.1  83.7  88.6  81.2  55.6  75.7  62.3  67.9  60.9  74.9  86.0  83.7  87.6  96.0  75.6 
test    61.8  48.7  79.0  65.3  64.9  92.2  77.6  71.3  56.1  76.1  65.9  59.9  64.1  68.0  95.3  67.9  82.7  95.2  71.8 
test_kp 57.5  47.5  75.0  60.5  63.2  92.7  77.6  70.0  54.3  74.4  67.8  58.7  63.2  64.9  94.2  64.1  83.0  96.4  70.3 
Epoch: 15, Loss: 0.0132, Acc: 1.00, Time: 7.0s, Eval: 2.0s
split   aerop bicyc bird  boat  bottl bus   car   cat   chair cow   dog   horse motor perso potte sheep train tvmon mean
val     67.9  62.8  87.2  72.5  74.1  85.1  87.6  81.9  58.0  75.4  63.0  67.8  65.1  71.9  86.3  82.4  88.0  96.1  76.3 
test    62.1  46.4  81.8  67.1  64.8  92.2  78.8  71.3  59.2  75.6  69.4  61.1  63.9  66.3  95.4  70.0  83.8  95.2  72.5 
test_kp 58.0  45.4  78.6  61.8  62.9  93.1  79.8  70.0  58.0  73.4  71.0  59.6  63.0  62.9  94.2  65.3  84.2  96.5  71.0 
Final test accuracy: 72.46 (best 76.20, at best val epoch 1: 76.20)
Final test keypoint accuracy: 70.98
DONE
