SPair-71k (large layout): 53340 train / 5384 val / 12234 test pairs
DGMC with 3739553 parameters
Epoch: 01, Loss: 1.4197, Acc: 0.78, Time: 13.0s, Eval: 4.2s
split   aerop bicyc bird  boat  bottl bus   car   cat   chair cow   dog   horse motor perso potte sheep train tvmon mean
val     63.9  69.0  87.9  81.2  77.7  86.6  88.0  85.6  59.1  80.4  63.3  72.3  72.8  78.0  90.2  85.2  96.0  95.2  79.6 
test    64.5  56.5  84.1  76.1  66.1  93.0  83.0  70.3  60.1  82.3  72.4  66.7  71.7  69.3  98.0  79.7  90.8  99.2  76.9 
test_kp 59.5  56.1  81.3  72.2  64.7  92.3  83.0  69.0  60.0  79.7  73.8  65.9  70.0  66.3  98.4  75.6  90.3  99.5  75.4 
Epoch: 02, Loss: 0.2438, Acc: 0.98, Time: 12.2s, Eval: 3.2s
split   aerop bicyc bird  boat  bottl bus   car   cat   chair cow   dog   horse motor perso potte sheep train tvmon mean
val     61.0  65.3  86.9  77.5  76.3  87.2  88.5  86.0  57.1  78.3  65.4  71.7  73.2  75.4  89.6  85.0  94.3  95.4  78.6 
test    64.8  53.9  85.2  74.5  68.4  93.3  85.3  71.2  59.0  80.7  72.3  66.6  71.6  67.8  95.7  76.9  91.7  99.0  76.6 
test_kp 59.7  53.1  82.3  70.2  66.4  93.5  85.0  70.4  57.4  78.5  73.5  66.1  70.8  65.7  97.1  73.8  91.6  99.2  75.2 
Epoch: 03, Loss: 0.0869, Acc: 1.00, Time: 12.3s, Eval: 3.2s
split   aerop bicyc bird  boat  bottl bus   car   cat   chair cow   dog   horse motor perso potte sheep train tvmon mean
val     60.5  64.5  84.7  73.3  77.3  87.8  88.0  84.7  57.9  75.7  63.6  72.8  68.8  76.1  89.7  83.9  91.0  95.2  77.5 
test    64.3  56.9  82.2  74.2  67.1  92.6  85.8  70.4  60.5  81.9  72.8  65.9  69.8  68.0  97.7  76.2  91.4  99.4  76.5 
test_kp 58.8  56.2  79.2  70.5  65.0  93.0  85.5  69.4  59.2  79.4  73.8  64.8  69.5  65.5  98.2  72.5  91.2  99.6  75.1 
Epoch: 04, Loss: 0.0514, Acc: 1.00, Time: 12.3s, Eval: 3.3s
split   aerop bicyc bird  boat  bottl bus   car   cat   chair cow   dog   horse motor perso potte sheep train tvmon mean
val     63.0  63.4  86.3  76.9  77.7  87.0  85.2  87.2  54.5  75.3  63.2  72.1  70.8  75.7  91.1  83.8  92.4  96.7  77.9 
test    64.3  52.2  82.7  74.2  65.6  93.7  86.5  71.0  60.6  81.2  71.2  64.9  69.3  65.8  97.6  73.5  92.0  99.0  75.9 
test_kp 59.2  52.1  79.7  70.1  64.5  94.4  86.2  69.9  58.6  78.2  72.9  64.1  68.9  63.1  98.2  70.5  91.6  99.2  74.5 
Epoch: 05, Loss: 0.0399, Acc: 1.00, Time: 12.4s, Eval: 3.2s
split   aerop bicyc bird  boat  bottl bus   car   cat   chair cow   dog   horse motor perso potte sheep train tvmon mean
val     62.5  66.8  85.8  75.2  76.4  85.3  84.2  84.2  53.7  75.0  65.5  71.7  68.0  74.4  94.4  85.7  91.7  96.6  77.6 
test    64.8  51.4  82.7  72.2  67.3  92.4  83.6  68.7  59.2  80.9  71.4  67.6  67.6  66.3  97.2  75.4  89.8  98.9  75.4 
test_kp 59.6  51.4  79.5  68.8  65.0  93.1  84.0  67.4  56.5  78.6  72.8  66.6  67.1  64.0  98.0  72.0  89.7  99.1  74.1 
Epoch: 06, Loss: 0.0336, Acc: 1.00, Time: 12.3s, Eval: 3.2s
split   aerop bicyc bird  boat  bottl bus   car   cat   chair cow   dog   horse motor perso potte sheep train tvmon mean
val     63.5  60.7  84.9  77.2  78.5  87.0  85.9  86.0  55.3  74.6  64.4  73.0  68.8  75.6  91.1  81.5  90.1  96.6  77.5 
test    64.2  52.1  83.4  71.1  67.8  92.4  85.0  69.9  61.3  81.0  71.3  66.1  68.5  65.6  96.9  75.6  90.9  98.8  75.7 
test_kp 59.1  51.8  80.4  67.2  65.6  92.8  85.2  68.9  59.6  78.5  72.9  65.2  68.9  62.6  97.8  72.4  90.7  99.0  74.4 
Epoch: 07, Loss: 0.0235, Acc: 1.00, Time: 12.2s, Eval: 3.2s
split   aerop bicyc bird  boat  bottl bus   car   cat   chair cow   dog   horse motor perso potte sheep train tvmon mean
val     63.5  61.6  87.4  75.8  78.0  87.5  86.2  84.2  55.5  74.5  63.9  72.1  70.4  75.4  93.7  85.9  89.9  97.3  77.9 
test    64.0  52.8  83.4  70.3  67.8  92.6  86.6  68.7  58.4  80.7  71.5  67.0  69.9  65.4  97.6  75.4  90.8  99.0  75.7 
test_kp 58.6  53.3  80.4  65.8  65.7  93.5  86.7  67.4  55.8  78.3  73.2  65.6  69.5  62.3  98.3  71.2  90.5  99.1  74.2 
Epoch: 08, Loss: 0.0251, Acc: 1.00, Time: 12.2s, Eval: 3.3s
split   aerop bicyc bird  boat  bottl bus   car   cat   chair cow   dog   horse motor perso potte sheep train tvmon mean
val     63.7  60.2  86.5  76.7  78.3  86.0  86.7  85.2  56.0  76.0  60.9  71.3  72.7  73.9  91.2  83.8  90.4  97.3  77.6 
test    64.6  50.7  81.3  70.1  67.4  92.6  84.9  69.2  60.1  79.9  71.8  65.2  71.1  65.7  97.0  74.6  90.9  98.4  75.3 
test_kp 59.8  50.2  78.1  66.6  65.4  93.2  85.6  68.2  58.3  77.4  73.2  64.2  70.5  63.4  97.1  71.1  90.7  98.5  74.0 
Epoch: 09, Loss: 0.0242, Acc: 1.00, Time: 12.2s, Eval: 3.3s
split   aerop bicyc bird  boat  bottl bus   car   cat   chair cow   dog   horse motor perso potte sheep train tvmon mean
val     61.7  58.1  83.8  73.7  77.3  86.4  87.4  83.4  52.1  75.2  62.1  70.9  72.3  73.0  93.0  82.6  88.9  97.0  76.6 
test    62.3  49.4  80.7  70.5  67.1  93.2  85.2  71.2  57.1  79.9  72.2  65.0  69.0  63.9  95.6  75.1  88.9  98.1  74.7 
test_kp 58.0  50.6  77.7  65.9  65.2  93.3  85.6  70.0  54.1  77.6  73.5  63.6  67.9  60.6  96.3  70.6  88.5  98.5  73.2 
Epoch: 10, Loss: 0.0185, Acc: 1.00, Time: 12.2s, Eval: 3.2s
split   aerop bicyc bird  boat  bottl bus   car   cat   chair cow   dog   horse motor perso potte sheep train tvmon mean
val     63.1  63.8  83.9  73.5  78.4  86.1  87.1  82.8  53.3  73.0  65.5  71.6  69.9  71.7  91.8  83.7  90.1  96.5  77.0 
test    63.3  52.1  81.6  68.8  67.3  93.8  84.4  68.9  57.9  78.6  72.7  64.4  71.5  64.2  97.0  73.2  90.1  98.1  74.9 
test_kp 58.6  52.1  78.9  65.0  65.2  93.8  85.1  67.8  56.4  76.3  73.9  62.7  71.0  61.1  97.6  68.9  89.7  98.5  73.5 
Epoch: 11, Loss: 0.0178, Acc: 1.00, Time: 12.2s, Eval: 3.4s
split   aerop bicyc bird  boat  bottl bus   car   cat   chair cow   dog   horse motor perso potte sheep train tvmon mean
val     64.8  60.8  84.2  72.1  78.0  84.0  84.0  84.3  55.2  74.1  63.8  70.1  68.5  72.1  93.0  83.4  89.8  97.2  76.6 
test    64.7  52.3  81.8  69.3  67.3  92.8  84.8  68.1  57.5  78.3  72.9  64.6  69.5  62.6  96.7  72.7  90.6  97.7  74.7 
test_kp 60.0  52.6  79.1  65.2  65.3  93.1  85.9  67.2  55.3  76.3  74.4  63.5  68.8  59.7  97.5  68.8  90.0  97.9  73.4 
Epoch: 12, Loss: 0.0195, Acc: 1.00, Time: 12.3s, Eval: 3.2s
split   aerop bicyc bird  boat  bottl bus   car   cat   chair cow   dog   horse motor perso potte sheep train tvmon mean
val     64.9  65.0  84.2  72.7  78.8  85.6  88.4  82.3  52.9  75.2  60.6  72.8  69.9  68.6  91.5  82.4  91.5  96.7  76.9 
test    63.9  50.7  81.9  70.8  66.5  93.5  87.2  68.1  55.6  80.1  71.0  64.6  67.4  63.9  97.9  74.2  89.6  99.3  74.8 
test_kp 58.7  50.5  78.4  66.2  64.3  93.8  87.3  66.9  54.8  77.2  72.6  63.2  66.3  61.1  98.1  70.1  89.6  99.4  73.3 
Epoch: 13, Loss: 0.0164, Acc: 1.00, Time: 12.4s, Eval: 3.2s
split   aerop bicyc bird  boat  bottl bus   car   cat   chair cow   dog   horse motor perso potte sheep train tvmon mean
val     65.9  61.7  86.7  72.5  77.6  85.2  83.0  83.0  50.2  73.6  58.5  72.3  68.7  72.4  91.0  83.7  91.2  97.1  76.3 
test    63.3  51.1  79.7  66.8  66.2  93.3  85.2  68.7  56.9  78.4  72.2  65.1  67.0  64.8  97.6  70.3  90.1  99.0  74.2 
test_kp 58.6  50.4  77.3  62.5  64.1  93.2  85.6  67.4  55.0  76.5  73.7  63.9  66.7  61.1  98.0  67.4  89.4  99.3  72.8 
Epoch: 14, Loss: 0.0149, Acc: 1.00, Time: 12.2s, Eval: 3.3s
split   aerop bicyc bird  boat  bottl bus   car   cat   chair cow   dog   horse motor perso potte sheep train tvmon mean
val     66.7  61.7  84.5  72.2  78.1  85.7  86.7  82.6  55.5  76.4  61.8  70.9  72.8  74.2  91.2  82.2  92.5  96.7  77.4 
test    63.0  53.2  80.6  67.4  66.6  93.4  84.1  68.8  57.8  80.6  73.4  66.9  69.9  65.5  98.1  71.8  89.9  99.0  75.0 
test_kp 58.3  52.8  77.9  63.5  64.3  93.7  84.8  67.8  56.3  78.2  74.8  64.9  68.7  62.4  98.0  67.4  89.2  99.4  73.5 
Epoch: 15, Loss: 0.0093, Acc: 1.00, Time: 12.6s, Eval: 3.2s
split   aerop bicyc bird  boat  bottl bus   car   cat   chair cow   dog   horse motor perso potte sheep train tvmon mean
val     65.3  60.4  85.0  72.9  77.2  84.3  88.3  83.1  55.7  76.0  62.3  70.6  72.3  73.6  93.0  81.8  88.7  96.8  77.1 
test    62.0  52.6  81.5  68.4  66.2  92.5  85.8  68.9  58.4  79.0  72.2  65.3  68.9  65.8  97.9  70.7  90.1  98.3  74.7 
test_kp 57.2  51.6  78.2  63.5  64.0  92.2  85.9  67.6  57.4  76.2  73.4  64.3  68.3  62.3  98.3  67.2  89.5  98.4  73.1 
Final test accuracy: 74.70 (best 76.87, at best val epoch 1: 76.87)
Final test keypoint accuracy: 73.08
DONE
