SPair-71k (large layout): 53340 train / 5384 val / 12234 test pairs
DGMC with 1935873 parameters
Epoch: 01, Loss: 1.5816, Acc: 0.75, Time: 10.5s, Eval: 3.3s
split   aerop bicyc bird  boat  bottl bus   car   cat   chair cow   dog   horse motor perso potte sheep train tvmon mean
val     67.6  55.0  90.0  61.5  68.9  76.1  82.2  84.6  47.5  72.9  60.0  69.2  67.8  71.7  68.7  76.7  81.3  90.2  71.8 
test    66.9  47.9  81.5  60.3  64.4  85.3  70.3  70.7  49.9  76.8  69.9  63.2  67.4  60.7  87.8  70.0  82.1  94.0  70.5 
test_kp 61.6  48.1  78.5  52.6  63.4  83.9  68.7  69.8  48.0  74.5  71.1  62.0  67.3  58.4  86.3  64.8  83.4  95.4  68.8 
Epoch: 02, Loss: 0.3089, Acc: 0.98, Time: 9.7s, Eval: 2.4s
split   aerop bicyc bird  boat  bottl bus   car   cat   chair cow   dog   horse motor perso potte sheep train tvmon mean
val     67.6  58.4  87.5  60.2  70.3  76.1  78.8  82.1  45.8  69.5  58.3  65.1  68.8  66.3  71.1  75.6  78.6  89.4  70.5 
test    67.5  44.9  80.6  59.0  64.0  88.7  71.5  71.1  50.2  75.6  68.9  59.4  65.5  57.7  83.9  66.6  81.6  94.8  69.5 
test_kp 62.2  45.6  77.2  50.8  62.9  87.3  70.8  70.7  47.4  73.5  69.9  58.4  65.4  55.4  82.7  61.2  84.2  96.3  67.9 
Epoch: 03, Loss: 0.1094, Acc: 1.00, Time: 9.6s, Eval: 2.4s
split   aerop bicyc bird  boat  bottl bus   car   cat   chair cow   dog   horse motor perso potte sheep train tvmon mean
val     66.0  56.2  87.4  58.9  66.5  77.0  81.0  78.6  46.0  69.3  57.6  66.3  68.4  68.7  67.8  76.9  80.9  88.5  70.1 
test    65.3  41.7  81.9  60.1  62.0  88.1  72.1  68.3  45.9  73.0  67.9  59.4  68.1  56.9  81.6  68.9  81.8  94.2  68.7 
test_kp 61.0  41.8  78.8  51.7  61.5  87.4  71.1  67.8  42.9  70.3  68.8  58.6  67.5  54.4  80.4  63.2  84.9  96.1  67.1 
Epoch: 04, Loss: 0.0586, Acc: 1.00, Time: 9.6s, Eval: 2.4s
split   aerop bicyc bird  boat  bottl bus   car   cat   chair cow   dog   horse motor perso potte sheep train tvmon mean
val     64.9  56.9  84.0  54.4  70.5  76.3  78.9  77.6  45.3  68.1  57.7  64.9  66.7  66.2  67.7  75.5  79.9  90.1  69.2 
test    64.9  42.4  78.8  56.4  64.0  87.7  72.1  68.3  46.5  73.6  67.6  59.6  63.9  55.7  82.9  65.2  78.7  93.7  67.9 
test_kp 60.1  44.2  75.3  48.1  62.8  86.9  70.8  67.6  43.9  71.0  68.9  58.8  63.6  53.0  82.2  60.6  81.3  95.4  66.4 
Epoch: 05, Loss: 0.0383, Acc: 1.00, Time: 9.7s, Eval: 2.6s
split   aerop bicyc bird  boat  bottl bus   car   cat   chair cow   dog   horse motor perso potte sheep train tvmon mean
val     65.9  54.4  85.4  58.6  64.9  76.9  81.9  78.9  46.9  65.9  57.7  64.1  64.8  67.7  64.1  77.3  82.2  89.9  69.3 
test    66.5  43.0  80.0  56.5  63.3  84.9  69.8  69.6  46.5  71.1  66.3  58.4  65.5  57.0  79.6  64.7  79.8  93.5  67.6 
test_kp 61.7  42.9  77.0  48.3  62.6  84.6  68.7  68.7  43.9  68.9  67.4  57.8  64.3  54.3  79.1  59.5  83.2  95.2  66.0 
Epoch: 06, Loss: 0.0262, Acc: 1.00, Time: 9.6s, Eval: 2.4s
split   aerop bicyc bird  boat  bottl bus   car   cat   chair cow   dog   horse motor perso potte sheep train tvmon mean
val     65.7  52.9  86.1  58.7  64.6  77.0  79.7  77.8  43.9  67.2  59.1  63.4  66.1  66.8  67.1  79.9  78.5  90.4  69.1 
test    66.0  42.4  81.6  55.7  63.1  87.3  70.5  67.9  43.7  70.4  68.2  58.0  63.8  55.6  81.7  62.8  81.0  94.1  67.4 
test_kp 60.6  41.7  77.6  46.6  63.3  86.5  69.7  67.2  41.0  68.0  69.4  57.5  63.0  53.0  81.5  57.6  83.4  95.7  65.7 
Epoch: 07, Loss: 0.0256, Acc: 1.00, Time: 9.6s, Eval: 2.4s
split   aerop bicyc bird  boat  bottl bus   car   cat   chair cow   dog   horse motor perso potte sheep train tvmon mean
val     62.1  50.3  87.4  58.4  64.7  76.8  77.7  77.2  45.6  65.7  54.3  64.4  63.4  70.1  61.8  79.0  78.3  90.4  68.2 
test    64.8  40.7  81.0  58.7  62.6  87.2  70.3  68.5  44.6  71.7  66.2  59.8  62.0  55.5  80.5  63.8  78.6  91.2  67.1 
test_kp 59.8  40.5  77.3  49.7  62.2  87.0  69.3  67.7  42.1  69.0  67.1  58.9  61.1  52.8  80.0  58.5  81.7  93.2  65.4 
Epoch: 08, Loss: 0.0201, Acc: 1.00, Time: 9.6s, Eval: 2.5s
split   aerop bicyc bird  boat  bottl bus   car   cat   chair cow   dog   horse motor perso potte sheep train tvmon mean
val     64.7  52.8  81.8  60.7  65.2  75.4  79.0  80.0  45.0  66.8  52.3  65.6  64.8  69.3  61.7  78.9  76.7  88.5  68.3 
test    65.5  44.4  78.0  58.6  63.1  87.0  68.8  67.7  45.9  70.4  67.3  57.0  63.2  57.3  76.6  61.0  75.9  92.0  66.6 
test_kp 61.1  42.6  74.3  49.6  61.6  86.5  68.2  67.2  41.4  68.5  68.8  56.3  62.9  54.7  75.8  54.9  78.7  94.2  64.9 
Epoch: 09, Loss: 0.0326, Acc: 1.00, Time: 9.7s, Eval: 2.4s
split   aerop bicyc bird  boat  bottl bus   car   cat   chair cow   dog   horse motor perso potte sheep train tvmon mean
val     66.2  53.7  85.4  59.3  66.4  77.6  78.5  80.4  44.8  65.5  56.5  63.8  62.0  66.9  63.0  77.0  78.5  89.6  68.6 
test    64.2  44.4  79.9  56.0  61.0  87.5  73.3  67.3  41.9  68.8  67.9  57.9  63.5  54.7  76.7  61.0  79.2  91.8  66.5 
test_kp 59.5  43.7  76.1  47.3  60.3  87.0  72.7  66.5  37.7  66.5  68.7  57.5  63.1  52.3  76.6  56.7  82.1  93.3  64.9 
Epoch: 10, Loss: 0.0160, Acc: 1.00, Time: 9.6s, Eval: 2.4s
split   aerop bicyc bird  boat  bottl bus   car   cat   chair cow   dog   horse motor perso potte sheep train tvmon mean
val     66.8  53.8  83.5  57.5  67.4  75.0  78.0  77.8  43.9  65.7  56.7  62.0  60.9  65.7  62.0  77.4  76.8  90.3  67.9 
test    64.9  45.2  77.3  56.6  62.4  85.5  71.1  66.0  40.9  69.1  67.8  57.6  65.8  51.7  78.3  61.6  78.8  91.5  66.2 
test_kp 60.0  44.3  73.7  48.0  62.0  85.0  70.1  65.0  38.1  66.3  68.6  56.8  65.3  49.0  78.2  56.3  80.9  93.5  64.5 
Epoch: 11, Loss: 0.0115, Acc: 1.00, Time: 9.6s, Eval: 2.4s
split   aerop bicyc bird  boat  bottl bus   car   cat   chair cow   dog   horse motor perso potte sheep train tvmon mean
val     65.3  53.9  83.1  57.4  66.1  76.6  79.8  78.4  41.9  66.7  52.2  62.8  60.9  66.2  60.2  79.9  77.0  89.8  67.7 
test    63.1  43.0  77.3  57.4  62.5  85.7  72.1  67.9  43.1  71.3  66.9  56.3  65.8  54.6  77.9  62.2  77.3  91.0  66.4 
test_kp 57.9  42.0  72.7  49.3  61.7  84.9  70.9  67.1  40.1  68.7  67.8  55.0  64.9  52.1  77.5  57.1  80.2  93.1  64.6 
Epoch: 12, Loss: 0.0097, Acc: 1.00, Time: 9.6s, Eval: 2.5s
split   aerop bicyc bird  boat  bottl bus   car   cat   chair cow   dog   horse motor perso potte sheep train tvmon mean
val     66.4  51.1  84.8  59.3  65.7  75.9  78.9  79.6  44.4  66.1  54.0  64.8  60.2  63.3  62.0  80.3  79.2  90.0  68.1 
test    62.9  44.9  79.1  54.8  62.2  85.8  73.0  68.3  42.8  72.7  64.4  57.4  65.6  54.3  77.2  63.4  75.6  90.8  66.4 
test_kp 58.1  43.9  75.1  45.9  61.5  85.3  71.2  67.4  39.4  69.8  65.3  56.7  65.1  52.1  77.1  58.1  77.7  93.1  64.6 
Epoch: 13, Loss: 0.0091, Acc: 1.00, Time: 9.6s, Eval: 2.4s
split   aerop bicyc bird  boat  bottl bus   car   cat   chair cow   dog   horse motor perso potte sheep train tvmon mean
val     66.6  52.3  83.5  58.6  68.5  78.6  78.1  78.2  43.3  66.7  54.2  63.6  62.1  64.6  58.2  78.9  74.5  89.1  67.8 
test    62.4  43.7  78.9  59.2  62.7  85.2  71.6  67.6  43.3  69.8  66.2  56.4  61.4  55.4  79.1  61.9  76.9  90.6  66.2 
test_kp 57.7  42.8  74.8  49.9  61.9  84.9  69.6  66.9  41.1  66.8  67.3  55.6  60.9  53.4  78.6  56.8  79.0  92.6  64.5 
Epoch: 14, Loss: 0.0086, Acc: 1.00, Time: 9.6s, Eval: 2.4s
split   aerop bicyc bird  boat  bottl bus   car   cat   chair cow   dog   horse motor perso potte sheep train tvmon mean
val     65.5  52.3  84.6  56.5  63.8  75.5  78.1  77.4  43.0  68.2  54.2  63.7  58.3  63.9  65.1  78.7  77.8  89.3  67.6 
test    64.2  42.6  77.1  56.9  62.1  86.6  70.0  67.2  45.8  70.8  66.0  56.0  61.7  52.7  80.3  62.7  76.2  90.8  66.1 
test_kp 59.4  41.3  73.0  48.6  61.8  85.6  68.2  66.4  42.1  68.2  66.7  55.1  60.8  51.0  80.5  57.6  79.2  92.9  64.4 
Epoch: 15, Loss: 0.0106, Acc: 1.00, Time: 9.7s, Eval: 2.5s
split   aerop bicyc bird  boat  bottl bus   car   cat   chair cow   dog   horse motor perso potte sheep train tvmon mean
val     66.4  53.8  83.8  57.0  67.9  75.9  77.7  77.6  43.9  64.1  54.0  60.2  58.6  65.1  64.4  74.8  76.3  87.6  67.2 
test    63.2  45.4  77.3  55.6  63.5  82.6  70.5  67.4  42.9  67.8  66.3  57.1  62.8  53.3  79.1  63.0  77.4  90.4  65.9 
test_kp 58.5  44.5  73.1  47.0  62.1  82.2  68.0  66.8  39.2  65.5  67.2  56.3  60.9  51.4  78.5  57.8  78.9  92.8  63.9 
Final test accuracy: 65.87 (best 70.50, at best val epoch 1: 70.50)
Final test keypoint accuracy: 63.93
DONE
