SPair-71k (large layout): 53340 train / 5384 val / 12234 test pairs
DGMC with 3739553 parameters
Epoch: 01, Loss: 1.4123, Acc: 0.78, Time: 10.9s, Eval: 3.4s
split   aerop bicyc bird  boat  bottl bus   car   cat   chair cow   dog   horse motor perso potte sheep train tvmon mean
val     59.9  63.2  86.6  80.6  75.8  85.6  85.4  82.7  59.1  79.4  64.3  72.3  72.3  72.6  92.1  85.4  90.2  95.6  78.0 
test    68.0  51.3  82.8  75.7  63.6  89.2  82.8  69.6  61.4  82.0  69.1  66.6  72.2  67.1  98.0  76.8  88.9  99.7  75.8 
test_kp 62.3  50.1  80.2  71.6  62.6  88.2  82.9  68.3  60.5  79.5  70.4  65.7  72.3  63.6  97.7  72.5  89.7  99.9  74.3 
Epoch: 02, Loss: 0.2499, Acc: 0.98, Time: 10.2s, Eval: 2.5s
split   aerop bicyc bird  boat  bottl bus   car   cat   chair cow   dog   horse motor perso potte sheep train tvmon mean
val     63.2  63.1  87.6  75.1  75.1  87.8  86.5  82.2  55.5  77.7  64.5  73.1  70.5  73.7  89.4  83.8  93.2  95.9  77.7 
test    66.5  50.5  85.7  75.3  63.5  90.8  83.3  69.2  58.1  82.6  68.7  66.7  69.4  65.8  92.3  77.3  90.5  99.9  75.3 
test_kp 61.8  49.6  83.0  70.8  62.9  90.6  83.1  67.9  56.6  79.7  70.4  66.2  69.2  62.3  93.8  72.9  91.2  99.8  74.0 
Epoch: 03, Loss: 0.0884, Acc: 1.00, Time: 10.3s, Eval: 2.5s
split   aerop bicyc bird  boat  bottl bus   car   cat   chair cow   dog   horse motor perso potte sheep train tvmon mean
val     64.0  65.7  86.7  74.8  75.4  85.2  85.1  83.9  53.4  74.3  64.8  71.8  70.7  74.4  89.1  85.8  91.5  95.1  77.3 
test    68.0  50.4  86.5  72.7  62.6  92.3  84.6  69.1  59.4  80.8  68.8  65.4  70.7  66.2  95.1  74.1  87.6  99.5  75.2 
test_kp 62.3  49.3  83.6  67.9  62.0  92.4  85.0  68.2  57.7  78.4  70.2  64.2  70.7  63.0  95.4  69.7  89.1  99.3  73.8 
Epoch: 04, Loss: 0.0557, Acc: 1.00, Time: 10.2s, Eval: 2.5s
split   aerop bicyc bird  boat  bottl bus   car   cat   chair cow   dog   horse motor perso potte sheep train tvmon mean
val     65.2  60.6  86.6  76.1  74.8  83.0  88.0  81.3  52.4  71.9  61.2  69.9  72.9  73.5  90.2  83.5  92.2  95.6  76.6 
test    66.2  50.0  86.3  73.7  62.3  90.8  84.2  66.4  59.1  79.8  69.7  64.7  70.3  65.1  97.4  74.4  88.7  99.6  74.9 
test_kp 61.2  48.4  83.6  69.0  62.1  91.8  84.6  65.4  57.3  77.2  71.1  63.9  70.6  61.1  97.2  69.6  89.7  99.7  73.5 
Epoch: 05, Loss: 0.0400, Acc: 1.00, Time: 10.4s, Eval: 2.6s
split   aerop bicyc bird  boat  bottl bus   car   cat   chair cow   dog   horse motor perso potte sheep train tvmon mean
val     65.5  60.2  84.5  74.8  77.9  84.4  83.5  81.7  56.0  75.5  63.5  73.2  69.2  71.6  90.4  82.1  93.6  95.5  76.8 
test    66.7  53.8  85.0  73.0  63.0  91.7  84.4  65.7  59.4  79.8  69.7  64.8  68.0  65.8  96.6  72.9  90.3  99.8  75.0 
test_kp 61.2  52.7  82.7  68.9  62.3  92.7  85.3  64.6  57.5  77.6  71.7  64.2  69.0  63.3  96.5  69.7  91.3  99.8  73.9 
Epoch: 06, Loss: 0.0324, Acc: 1.00, Time: 10.2s, Eval: 2.5s
split   aerop bicyc bird  boat  bottl bus   car   cat   chair cow   dog   horse motor perso potte sheep train tvmon mean
val     66.4  64.5  83.8  76.6  77.5  85.3  86.1  80.2  57.1  74.7  62.4  72.6  69.3  74.2  87.9  85.7  93.9  96.2  77.5 
test    67.0  51.5  87.3  71.5  61.9  92.0  81.4  68.1  59.5  82.0  69.4  67.0  68.6  64.4  97.3  73.3  91.0  99.6  75.2 
test_kp 62.0  51.1  85.2  66.5  61.9  92.5  82.6  66.9  58.7  79.5  71.4  65.7  69.0  61.3  97.3  69.5  91.4  99.6  74.0 
Epoch: 07, Loss: 0.0264, Acc: 1.00, Time: 10.2s, Eval: 2.5s
split   aerop bicyc bird  boat  bottl bus   car   cat   chair cow   dog   horse motor perso potte sheep train tvmon mean
val     63.8  61.2  86.0  77.2  77.9  84.9  84.3  79.7  57.0  73.3  63.7  71.2  71.6  72.9  88.9  85.0  91.9  94.7  77.0 
test    67.9  50.7  83.5  70.2  62.0  92.2  81.9  66.7  60.0  79.0  70.9  65.9  70.3  61.4  97.8  71.3  91.4  99.0  74.6 
test_kp 62.9  49.4  80.9  65.6  61.9  93.3  82.3  65.7  58.7  77.5  72.7  64.8  70.1  58.1  97.6  67.4  91.5  98.9  73.3 
Epoch: 08, Loss: 0.0249, Acc: 1.00, Time: 10.3s, Eval: 2.6s
split   aerop bicyc bird  boat  bottl bus   car   cat   chair cow   dog   horse motor perso potte sheep train tvmon mean
val     62.9  60.3  84.2  78.2  72.8  86.1  85.4  80.3  55.0  73.5  63.1  72.0  73.7  74.5  87.7  83.4  91.9  94.8  76.7 
test    66.8  50.6  87.1  69.9  63.6  92.6  84.1  68.9  58.5  80.5  70.8  64.6  69.4  66.4  96.5  74.5  90.9  98.7  75.2 
test_kp 62.1  50.4  84.1  64.8  63.2  93.2  84.5  67.9  57.0  78.0  72.5  63.5  70.1  62.8  96.2  70.4  91.1  98.6  73.9 
Epoch: 09, Loss: 0.0302, Acc: 1.00, Time: 10.4s, Eval: 2.5s
split   aerop bicyc bird  boat  bottl bus   car   cat   chair cow   dog   horse motor perso potte sheep train tvmon mean
val     62.3  62.4  87.7  79.2  73.1  84.7  86.4  78.6  54.6  74.8  62.6  70.4  73.1  70.6  87.0  82.5  89.8  93.5  76.3 
test    66.4  51.0  85.1  68.7  63.2  92.3  82.8  65.6  60.0  78.3  69.9  64.4  69.9  62.6  96.5  74.7  89.5  99.4  74.5 
test_kp 62.0  50.9  82.2  63.7  62.9  92.0  82.5  64.6  58.3  75.9  71.5  63.5  70.0  60.0  96.3  69.8  90.0  99.8  73.1 
Epoch: 10, Loss: 0.0206, Acc: 1.00, Time: 10.3s, Eval: 2.5s
split   aerop bicyc bird  boat  bottl bus   car   cat   chair cow   dog   horse motor perso potte sheep train tvmon mean
val     66.3  62.5  85.4  76.7  73.2  84.0  86.5  76.6  55.1  74.1  59.5  69.7  68.2  70.7  86.4  81.4  89.8  93.9  75.5 
test    67.7  50.6  84.8  69.8  63.9  92.4  83.6  63.3  60.5  77.5  69.4  63.4  68.8  62.1  96.2  73.5  90.6  98.9  74.3 
test_kp 63.1  50.7  81.8  65.3  63.1  92.6  84.7  62.4  58.5  75.9  71.4  62.3  69.3  58.8  96.1  69.0  91.0  99.4  73.1 
Epoch: 11, Loss: 0.0157, Acc: 1.00, Time: 10.2s, Eval: 2.5s
split   aerop bicyc bird  boat  bottl bus   car   cat   chair cow   dog   horse motor perso potte sheep train tvmon mean
val     65.5  64.0  88.6  76.4  73.1  83.4  87.0  78.4  55.7  75.9  61.3  71.3  70.5  72.0  86.5  81.1  86.3  94.5  76.2 
test    66.7  49.2  86.4  67.3  63.8  91.5  84.1  67.2  58.9  78.0  69.8  65.2  68.6  65.0  97.6  72.0  92.0  98.1  74.5 
test_kp 61.7  48.9  83.6  62.5  62.8  91.4  84.0  66.4  56.8  76.4  71.6  63.7  69.3  61.6  97.7  68.1  92.0  98.2  73.1 
Epoch: 12, Loss: 0.0131, Acc: 1.00, Time: 10.2s, Eval: 2.5s
split   aerop bicyc bird  boat  bottl bus   car   cat   chair cow   dog   horse motor perso potte sheep train tvmon mean
val     64.2  61.5  88.9  76.2  72.9  85.0  87.3  78.9  54.9  74.4  61.5  71.4  74.0  71.6  87.6  81.8  86.9  94.6  76.3 
test    68.5  49.9  86.9  68.4  62.5  92.7  84.3  68.3  58.7  79.6  70.7  64.1  71.8  62.6  97.6  73.4  91.6  99.0  75.0 
test_kp 63.2  49.6  83.7  63.4  62.5  93.3  83.9  67.6  56.6  77.3  72.2  62.6  71.6  59.2  97.6  68.9  92.3  99.0  73.6 
Epoch: 13, Loss: 0.0138, Acc: 1.00, Time: 10.3s, Eval: 2.5s
split   aerop bicyc bird  boat  bottl bus   car   cat   chair cow   dog   horse motor perso potte sheep train tvmon mean
val     65.3  60.6  89.3  77.5  73.3  85.2  87.7  78.8  57.9  75.3  62.4  71.5  71.4  71.2  86.2  84.5  88.9  95.1  76.8 
test    68.2  50.2  85.5  68.8  63.1  91.5  85.3  66.8  59.5  79.8  70.5  65.3  72.9  63.4  98.4  71.5  92.4  99.3  75.1 
test_kp 63.5  49.5  82.4  64.1  62.5  91.4  85.0  66.0  56.9  77.0  72.3  64.3  73.3  60.6  98.4  66.7  93.0  99.1  73.7 
Epoch: 14, Loss: 0.0105, Acc: 1.00, Time: 10.2s, Eval: 2.5s
split   aerop bicyc bird  boat  bottl bus   car   cat   chair cow   dog   horse motor perso potte sheep train tvmon mean
val     64.5  61.3  88.1  75.8  74.8  87.3  86.0  79.9  57.0  73.7  61.0  72.5  70.9  71.8  88.8  82.1  87.5  94.8  76.6 
test    69.8  48.8  85.8  69.3  63.7  91.6  83.8  66.2  61.1  78.1  69.9  64.2  70.5  62.3  97.0  71.7  91.7  98.6  74.7 
test_kp 65.2  48.5  83.2  64.2  62.8  91.9  84.3  65.6  58.7  75.9  71.6  63.4  71.0  59.5  97.1  67.0  91.9  98.5  73.3 
Epoch: 15, Loss: 0.0110, Acc: 1.00, Time: 10.6s, Eval: 2.6s
split   aerop bicyc bird  boat  bottl bus   car   cat   chair cow   dog   horse motor perso potte sheep train tvmon mean
val     62.7  66.1  87.5  75.9  70.9  84.8  86.5  78.7  54.3  74.0  62.8  71.0  73.1  72.0  85.1  81.7  90.2  95.1  76.2 
test    67.9  52.5  86.2  67.8  65.2  91.2  81.4  66.0  59.3  77.1  72.5  63.6  69.9  64.6  97.1  70.8  91.0  99.3  74.6 
test_kp 62.9  52.5  82.9  62.7  63.7  91.7  82.2  64.9  57.4  74.8  74.1  62.1  69.8  61.7  96.9  66.2  91.2  99.3  73.2 
Final test accuracy: 74.63 (best 75.83, at best val epoch 1: 75.83)
Final test keypoint accuracy: 73.17
DONE
