SPair-71k (large layout): 53340 train / 5384 val / 12234 test pairs
DGMC with 1935873 parameters
Epoch: 01, Loss: 1.4878, Acc: 0.76, Time: 13.3s, Eval: 4.2s
split   aerop bicyc bird  boat  bottl bus   car   cat   chair cow   dog   horse motor perso potte sheep train tvmon mean
val     70.4  60.6  87.2  65.2  69.8  79.7  83.5  83.6  49.7  72.6  61.3  68.0  70.2  70.9  74.1  81.3  87.1  93.1  73.8 
test    67.5  43.4  81.3  65.0  64.4  86.7  69.8  69.7  51.0  72.9  70.5  60.9  68.7  58.7  82.3  64.6  85.2  94.4  69.8 
test_kp 62.5  44.7  78.6  57.5  63.3  85.2  68.2  69.1  49.9  70.5  71.1  59.8  66.9  56.9  82.8  60.7  86.0  96.1  68.3 
Epoch: 02, Loss: 0.2836, Acc: 0.98, Time: 11.7s, Eval: 3.4s
split   aerop bicyc bird  boat  bottl bus   car   cat   chair cow   dog   horse motor perso potte sheep train tvmon mean
val     67.6  59.3  86.0  61.2  71.5  76.2  80.2  83.6  45.8  70.2  58.6  66.7  71.4  70.0  70.4  80.6  87.8  92.3  72.2 
test    67.2  44.8  81.3  61.2  63.6  87.2  70.1  69.6  50.8  72.2  66.7  58.7  71.1  58.7  79.5  64.2  84.3  93.8  69.2 
test_kp 62.5  46.2  78.2  53.6  62.6  86.3  69.5  69.2  48.2  70.7  67.8  58.1  69.9  55.8  79.7  61.2  84.8  95.4  67.8 
Epoch: 03, Loss: 0.0984, Acc: 1.00, Time: 11.5s, Eval: 3.3s
split   aerop bicyc bird  boat  bottl bus   car   cat   chair cow   dog   horse motor perso potte sheep train tvmon mean
val     67.6  57.7  80.8  60.0  70.3  78.3  84.2  84.7  43.7  71.8  57.6  62.8  68.4  65.9  70.7  81.4  86.4  92.6  71.4 
test    66.7  45.6  80.2  60.7  65.2  88.1  70.1  65.4  45.2  74.5  64.7  58.1  71.1  57.4  80.3  63.7  83.4  93.3  68.5 
test_kp 61.8  46.4  77.0  52.7  64.0  87.1  68.8  65.0  42.3  71.7  65.4  57.1  69.1  55.1  79.7  60.4  84.2  94.5  66.8 
Epoch: 04, Loss: 0.0574, Acc: 1.00, Time: 11.7s, Eval: 3.4s
split   aerop bicyc bird  boat  bottl bus   car   cat   chair cow   dog   horse motor perso potte sheep train tvmon mean
val     67.1  59.4  81.9  59.2  67.8  78.2  84.4  83.4  46.5  70.4  58.2  59.7  69.9  67.3  68.5  80.0  85.7  91.9  71.1 
test    65.9  46.7  80.1  61.2  65.0  86.1  71.5  64.8  46.0  71.7  66.1  57.9  71.8  55.6  78.4  64.7  84.2  94.0  68.4 
test_kp 60.8  47.6  76.3  52.8  63.5  85.1  70.1  64.4  42.8  68.0  67.2  56.6  70.2  52.3  78.3  61.6  84.8  95.0  66.5 
Epoch: 05, Loss: 0.0365, Acc: 1.00, Time: 11.9s, Eval: 3.2s
split   aerop bicyc bird  boat  bottl bus   car   cat   chair cow   dog   horse motor perso potte sheep train tvmon mean
val     67.0  56.1  85.1  57.7  71.6  78.7  82.6  82.3  42.8  70.2  57.5  59.9  68.2  67.5  70.2  80.2  88.3  92.5  71.0 
test    65.1  45.5  79.3  60.5  65.3  85.7  72.1  66.9  43.9  73.2  67.0  59.2  68.7  55.7  79.6  63.8  85.1  95.2  68.4 
test_kp 60.2  47.7  75.8  52.2  63.7  84.8  70.7  66.3  41.1  70.5  68.2  57.8  67.0  52.8  79.3  60.7  86.3  96.7  66.8 
Epoch: 06, Loss: 0.0281, Acc: 1.00, Time: 11.8s, Eval: 3.3s
split   aerop bicyc bird  boat  bottl bus   car   cat   chair cow   dog   horse motor perso potte sheep train tvmon mean
val     68.7  58.5  86.4  57.6  68.1  75.9  81.5  82.0  47.6  72.1  58.4  62.6  63.7  68.3  67.1  78.0  87.0  91.0  70.8 
test    64.8  44.4  80.3  60.1  64.3  87.5  70.8  66.6  46.7  70.5  65.4  57.1  71.5  53.6  79.4  62.3  84.0  93.5  67.9 
test_kp 60.1  45.6  76.3  51.4  63.4  86.9  69.4  66.2  43.4  67.7  66.7  56.2  69.8  52.1  79.4  59.3  84.7  94.9  66.3 
Epoch: 07, Loss: 0.0249, Acc: 1.00, Time: 11.7s, Eval: 3.4s
split   aerop bicyc bird  boat  bottl bus   car   cat   chair cow   dog   horse motor perso potte sheep train tvmon mean
val     68.1  55.9  81.6  58.9  68.8  78.3  82.7  82.1  44.8  71.6  57.9  62.2  67.2  63.1  68.1  76.9  88.9  92.2  70.5 
test    66.4  44.3  79.5  59.2  63.2  85.7  70.9  65.0  42.6  70.5  65.2  58.8  69.3  55.0  77.8  62.5  83.2  93.8  67.4 
test_kp 61.7  44.7  75.6  50.6  62.3  85.0  68.8  64.3  39.9  68.5  66.2  57.7  67.1  52.8  77.0  59.6  84.2  94.7  65.6 
Epoch: 08, Loss: 0.0188, Acc: 1.00, Time: 11.7s, Eval: 3.4s
split   aerop bicyc bird  boat  bottl bus   car   cat   chair cow   dog   horse motor perso potte sheep train tvmon mean
val     68.5  58.3  88.0  58.4  70.6  77.8  83.7  81.5  45.1  71.2  56.0  61.1  65.0  63.6  68.9  79.8  85.8  91.0  70.8 
test    66.6  45.2  78.6  59.3  63.9  84.8  73.5  65.0  45.3  72.2  64.0  59.3  68.7  52.4  77.5  63.8  84.0  94.7  67.7 
test_kp 61.6  45.6  74.7  51.4  62.4  84.5  71.4  64.4  41.2  70.0  65.2  57.9  67.2  50.4  77.2  59.8  84.6  95.4  65.8 
Epoch: 09, Loss: 0.0184, Acc: 1.00, Time: 11.7s, Eval: 3.4s
split   aerop bicyc bird  boat  bottl bus   car   cat   chair cow   dog   horse motor perso potte sheep train tvmon mean
val     68.2  59.1  81.2  61.5  68.7  78.6  85.6  82.2  47.0  72.0  56.3  61.8  66.2  65.4  65.3  80.7  85.0  92.2  70.9 
test    65.1  46.8  76.7  58.9  64.2  86.4  73.1  63.7  45.3  71.0  65.2  60.3  65.0  53.3  79.3  64.3  85.6  93.5  67.6 
test_kp 60.7  46.9  73.5  49.7  63.0  85.1  71.9  63.1  40.9  68.6  66.7  58.9  63.6  50.5  79.5  60.7  86.0  94.6  65.8 
Epoch: 10, Loss: 0.0152, Acc: 1.00, Time: 11.9s, Eval: 3.2s
split   aerop bicyc bird  boat  bottl bus   car   cat   chair cow   dog   horse motor perso potte sheep train tvmon mean
val     66.3  57.2  84.1  61.2  69.6  77.6  84.8  81.2  43.7  70.5  57.3  61.1  69.5  65.3  68.4  81.3  86.8  91.4  71.0 
test    65.4  45.3  78.5  57.9  63.7  86.3  73.7  65.1  45.3  70.3  66.3  58.3  65.4  54.8  79.3  63.7  81.7  93.0  67.5 
test_kp 60.9  45.9  74.5  49.1  62.7  86.1  72.6  64.4  41.3  68.0  67.6  57.2  64.2  52.1  78.0  60.3  82.6  94.2  65.7 
Epoch: 11, Loss: 0.0124, Acc: 1.00, Time: 12.0s, Eval: 3.2s
split   aerop bicyc bird  boat  bottl bus   car   cat   chair cow   dog   horse motor perso potte sheep train tvmon mean
val     66.9  59.9  82.5  60.1  71.4  78.4  81.0  79.3  44.5  70.3  57.5  61.5  66.6  67.4  65.3  81.3  84.6  91.5  70.6 
test    65.8  45.2  74.9  58.5  61.7  85.1  71.1  64.3  47.5  70.0  64.5  57.3  66.5  53.9  80.4  61.5  82.6  93.3  66.9 
test_kp 61.1  46.0  71.1  50.1  61.1  84.4  70.2  63.4  42.8  67.3  66.0  56.0  65.1  51.3  79.7  57.9  83.7  94.0  65.1 
Epoch: 12, Loss: 0.0119, Acc: 1.00, Time: 11.8s, Eval: 3.2s
split   aerop bicyc bird  boat  bottl bus   car   cat   chair cow   dog   horse motor perso potte sheep train tvmon mean
val     64.7  57.9  86.7  60.5  70.6  75.9  83.6  78.0  39.1  74.8  56.1  61.6  69.3  67.9  69.1  80.1  84.3  88.4  70.5 
test    64.6  47.3  80.0  57.9  61.9  86.1  72.4  64.6  47.2  68.9  65.8  61.2  67.7  54.1  81.3  63.9  83.2  93.6  67.9 
test_kp 60.2  47.7  76.4  49.0  61.1  85.3  71.4  63.9  43.1  67.4  67.1  59.4  65.7  52.0  80.2  59.8  84.1  94.2  66.0 
Epoch: 13, Loss: 0.0116, Acc: 1.00, Time: 11.8s, Eval: 3.2s
split   aerop bicyc bird  boat  bottl bus   car   cat   chair cow   dog   horse motor perso potte sheep train tvmon mean
val     67.6  58.1  85.6  59.5  66.7  75.9  83.4  78.7  40.7  72.1  54.2  59.0  65.2  68.5  66.0  77.1  85.0  87.9  69.5 
test    66.4  48.6  75.2  58.1  61.7  86.4  71.8  64.1  45.8  69.7  64.1  58.0  67.6  54.8  79.9  64.3  82.4  93.8  67.4 
test_kp 62.0  49.1  72.0  49.2  60.9  85.2  70.6  63.6  42.9  67.6  65.5  56.3  64.9  51.9  79.4  60.6  83.7  94.5  65.5 
Epoch: 14, Loss: 0.0111, Acc: 1.00, Time: 11.8s, Eval: 3.3s
split   aerop bicyc bird  boat  bottl bus   car   cat   chair cow   dog   horse motor perso potte sheep train tvmon mean
val     68.6  56.9  86.7  61.4  68.8  75.5  79.0  77.7  43.0  71.9  57.0  58.7  64.6  67.1  67.2  78.6  85.2  89.1  69.8 
test    66.6  46.3  76.5  59.7  64.1  83.6  72.7  64.1  44.7  68.1  64.1  57.9  69.8  53.2  80.3  62.5  83.4  92.8  67.2 
test_kp 62.3  46.5  72.8  51.2  62.3  82.4  72.3  63.2  41.1  66.5  65.5  55.9  67.5  50.6  79.8  58.4  84.6  94.0  65.4 
Epoch: 15, Loss: 0.0116, Acc: 1.00, Time: 12.0s, Eval: 3.4s
split   aerop bicyc bird  boat  bottl bus   car   cat   chair cow   dog   horse motor perso potte sheep train tvmon mean
val     62.3  56.2  83.6  57.8  71.2  77.2  84.8  77.6  45.3  68.2  55.0  59.3  68.4  68.7  69.5  79.8  84.0  88.5  69.9 
test    62.9  46.2  76.3  60.4  61.4  84.2  71.9  64.8  47.1  69.3  63.9  55.8  71.1  55.9  79.3  62.4  83.1  92.8  67.2 
test_kp 57.6  45.9  72.5  51.7  60.7  82.8  71.5  64.2  43.0  66.3  65.1  54.1  68.9  53.6  78.7  59.2  84.2  94.0  65.2 
Final test accuracy: 67.16 (best 69.85, at best val epoch 1: 69.85)
Final test keypoint accuracy: 65.22
DONE
