SPair-71k (large layout): 53340 train / 5384 val / 12234 test pairs
DGMC with 1935873 parameters
Epoch: 01, Loss: 1.5274, Acc: 0.76, Time: 10.8s, Eval: 3.4s
split   aerop bicyc bird  boat  bottl bus   car   cat   chair cow   dog   horse motor perso potte sheep train tvmon mean
val     64.8  56.2  87.8  66.4  67.3  76.8  82.4  83.7  48.8  72.5  60.9  68.0  68.8  68.3  73.6  78.4  84.4  94.3  72.4 
test    69.4  47.6  81.7  63.1  62.6  85.9  71.8  71.3  51.3  74.3  67.5  58.7  64.5  59.0  86.8  69.9  80.5  91.4  69.8 
test_kp 64.4  48.6  78.5  55.4  62.1  85.8  70.6  70.6  50.4  72.6  68.2  57.5  63.9  57.2  86.1  65.8  83.8  93.4  68.6 
Epoch: 02, Loss: 0.2814, Acc: 0.98, Time: 9.8s, Eval: 2.6s
split   aerop bicyc bird  boat  bottl bus   car   cat   chair cow   dog   horse motor perso potte sheep train tvmon mean
val     64.4  57.1  88.9  61.2  71.7  76.2  81.2  81.1  50.4  73.1  60.5  65.2  64.9  64.8  73.9  78.4  84.4  92.2  71.6 
test    66.3  45.4  80.6  60.4  63.3  88.3  73.0  69.5  48.1  69.8  68.4  58.2  65.8  57.4  84.9  65.1  78.0  91.3  68.5 
test_kp 61.9  45.0  76.8  53.4  62.2  88.6  72.2  68.9  45.6  68.0  69.2  56.8  64.8  54.3  84.0  61.5  81.4  93.8  67.1 
Epoch: 03, Loss: 0.1027, Acc: 1.00, Time: 9.8s, Eval: 2.5s
split   aerop bicyc bird  boat  bottl bus   car   cat   chair cow   dog   horse motor perso potte sheep train tvmon mean
val     64.4  52.2  86.5  60.2  71.7  74.9  85.2  81.7  48.3  70.8  57.2  64.4  68.8  65.5  67.9  79.8  84.1  90.7  70.8 
test    69.3  44.2  78.3  55.7  63.1  88.7  72.2  70.1  48.0  70.0  68.5  56.6  64.0  58.2  85.4  63.8  77.1  91.2  68.0 
test_kp 64.8  43.6  74.7  48.4  62.3  88.7  71.0  69.5  45.2  67.8  69.6  55.4  63.3  55.0  83.6  59.6  80.1  93.5  66.4 
Epoch: 04, Loss: 0.0618, Acc: 1.00, Time: 9.8s, Eval: 2.5s
split   aerop bicyc bird  boat  bottl bus   car   cat   chair cow   dog   horse motor perso potte sheep train tvmon mean
val     62.8  51.6  86.7  59.0  69.4  73.0  80.1  81.3  48.6  71.0  58.6  64.2  63.0  62.5  65.1  78.0  82.3  91.1  69.4 
test    69.5  43.8  78.8  56.7  62.6  87.6  70.5  70.2  48.0  68.2  67.5  57.3  64.4  57.0  84.7  62.3  75.8  90.8  67.5 
test_kp 64.4  41.7  75.1  48.9  62.4  87.6  69.9  69.6  46.0  66.1  68.7  55.4  64.1  52.7  83.1  58.6  78.4  92.7  65.9 
Epoch: 05, Loss: 0.0397, Acc: 1.00, Time: 10.0s, Eval: 2.5s
split   aerop bicyc bird  boat  bottl bus   car   cat   chair cow   dog   horse motor perso potte sheep train tvmon mean
val     63.2  52.5  87.0  60.6  70.4  72.6  81.1  80.8  44.5  70.9  56.9  63.9  64.4  63.9  66.0  76.7  81.2  91.8  69.4 
test    69.0  46.7  79.4  53.5  63.1  87.0  70.4  70.6  48.6  69.9  64.6  56.1  64.5  56.0  84.3  65.8  75.4  91.1  67.6 
test_kp 64.7  45.1  75.8  44.9  62.0  87.2  69.3  70.0  45.6  67.4  65.8  54.4  63.0  52.0  82.8  60.7  78.0  93.3  65.7 
Epoch: 06, Loss: 0.0272, Acc: 1.00, Time: 9.9s, Eval: 2.5s
split   aerop bicyc bird  boat  bottl bus   car   cat   chair cow   dog   horse motor perso potte sheep train tvmon mean
val     64.1  50.0  86.6  56.0  68.5  75.7  81.8  81.2  45.3  71.1  58.0  63.0  62.9  60.6  66.0  79.0  81.1  92.4  69.1 
test    67.4  43.4  76.5  55.4  61.1  87.7  71.4  71.1  45.1  68.6  65.6  56.4  66.2  56.7  84.0  65.2  79.0  90.8  67.3 
test_kp 62.6  41.8  72.7  46.6  60.8  87.9  71.0  70.4  42.9  66.7  66.8  54.6  64.8  53.2  83.0  60.4  81.9  92.9  65.6 
Epoch: 07, Loss: 0.0195, Acc: 1.00, Time: 9.8s, Eval: 2.5s
split   aerop bicyc bird  boat  bottl bus   car   cat   chair cow   dog   horse motor perso potte sheep train tvmon mean
val     64.9  52.2  86.3  53.0  68.4  75.1  77.5  80.0  44.8  67.8  57.0  62.2  62.0  63.6  63.6  78.9  80.3  89.9  68.2 
test    68.4  44.2  79.7  53.5  60.7  86.8  71.5  69.4  46.4  67.7  65.7  56.7  62.9  54.9  81.1  62.8  76.2  90.8  66.6 
test_kp 63.8  42.7  75.7  45.0  60.3  86.9  70.1  68.7  44.2  65.0  67.1  54.4  61.7  51.0  79.1  58.8  79.0  93.4  64.8 
Epoch: 08, Loss: 0.0188, Acc: 1.00, Time: 9.8s, Eval: 2.6s
split   aerop bicyc bird  boat  bottl bus   car   cat   chair cow   dog   horse motor perso potte sheep train tvmon mean
val     64.1  52.3  87.6  58.3  69.8  74.1  78.8  77.7  46.7  70.2  55.1  62.6  65.5  60.1  64.8  77.0  80.6  90.9  68.7 
test    68.4  43.4  77.8  54.1  63.5  87.9  72.0  68.6  48.1  67.2  65.5  55.8  63.2  56.3  82.5  63.4  77.5  90.8  67.0 
test_kp 64.0  42.9  73.6  46.2  62.8  87.5  70.3  67.8  45.4  65.3  66.9  53.8  62.3  52.7  79.9  58.9  80.2  92.7  65.2 
Epoch: 09, Loss: 0.0232, Acc: 1.00, Time: 9.8s, Eval: 2.6s
split   aerop bicyc bird  boat  bottl bus   car   cat   chair cow   dog   horse motor perso potte sheep train tvmon mean
val     61.9  50.6  84.6  58.7  67.0  74.6  80.7  79.7  45.0  69.0  56.5  59.0  66.4  59.3  65.9  78.2  78.0  89.7  68.0 
test    66.8  42.2  78.2  52.7  60.7  86.9  70.8  71.7  46.7  65.0  63.6  56.5  64.3  52.8  84.0  62.8  74.1  91.1  66.2 
test_kp 62.1  40.9  74.0  44.3  60.8  87.2  69.6  71.0  44.4  63.5  65.6  54.6  62.8  49.1  82.4  57.5  77.3  93.3  64.5 
Epoch: 10, Loss: 0.0140, Acc: 1.00, Time: 9.8s, Eval: 2.5s
split   aerop bicyc bird  boat  bottl bus   car   cat   chair cow   dog   horse motor perso potte sheep train tvmon mean
val     65.1  50.5  83.3  56.4  66.8  74.6  78.0  82.0  44.2  69.7  56.3  61.5  62.1  62.7  62.2  78.5  78.3  91.3  68.0 
test    67.6  42.9  76.2  52.7  61.6  87.3  70.0  69.3  47.9  68.4  64.4  55.9  64.1  56.4  84.7  61.7  75.1  90.7  66.5 
test_kp 63.2  42.3  72.6  44.7  61.7  87.8  69.6  68.6  45.6  66.2  66.2  54.4  63.0  52.4  82.8  57.2  77.3  92.8  64.9 
Epoch: 11, Loss: 0.0148, Acc: 1.00, Time: 9.9s, Eval: 2.5s
split   aerop bicyc bird  boat  bottl bus   car   cat   chair cow   dog   horse motor perso potte sheep train tvmon mean
val     64.0  54.7  87.0  57.1  65.5  77.4  78.9  78.9  44.3  70.2  56.6  60.7  64.3  62.0  63.4  78.8  79.5  90.2  68.5 
test    67.2  42.0  80.2  53.8  62.4  85.4  70.0  69.1  47.4  67.1  64.2  55.3  62.7  54.9  83.8  62.2  76.7  91.7  66.4 
test_kp 62.6  41.3  75.9  44.8  62.1  85.4  69.3  68.7  45.4  64.7  65.5  53.3  61.3  51.7  81.5  57.2  78.6  93.0  64.6 
Epoch: 12, Loss: 0.0124, Acc: 1.00, Time: 9.8s, Eval: 2.5s
split   aerop bicyc bird  boat  bottl bus   car   cat   chair cow   dog   horse motor perso potte sheep train tvmon mean
val     62.2  50.7  85.5  55.6  67.7  73.7  77.8  80.8  45.9  68.2  55.4  61.3  67.8  64.5  66.8  78.1  78.2  90.9  68.4 
test    67.1  42.6  79.6  55.1  60.0  86.2  71.6  68.3  46.9  66.5  66.0  54.8  64.4  56.2  82.1  61.9  76.4  91.2  66.5 
test_kp 62.6  41.8  75.7  46.1  60.0  86.1  70.0  67.6  44.4  64.1  67.2  52.6  62.4  52.8  79.0  56.8  78.7  93.0  64.5 
Epoch: 13, Loss: 0.0103, Acc: 1.00, Time: 9.9s, Eval: 2.5s
split   aerop bicyc bird  boat  bottl bus   car   cat   chair cow   dog   horse motor perso potte sheep train tvmon mean
val     61.9  50.6  87.9  54.5  70.1  72.2  80.4  81.0  45.4  69.4  54.9  60.7  65.9  62.1  64.0  78.6  77.4  88.8  68.1 
test    67.7  43.3  80.3  53.5  61.8  87.1  70.1  69.4  47.1  69.4  65.4  54.7  61.8  55.1  81.6  60.8  76.5  91.5  66.5 
test_kp 63.2  42.5  76.8  45.9  61.6  87.0  69.2  68.8  44.6  67.2  66.8  52.4  60.3  51.4  78.7  56.1  79.5  93.8  64.8 
Epoch: 14, Loss: 0.0091, Acc: 1.00, Time: 9.9s, Eval: 2.5s
split   aerop bicyc bird  boat  bottl bus   car   cat   chair cow   dog   horse motor perso potte sheep train tvmon mean
val     64.2  50.9  86.8  54.6  67.3  74.5  80.3  81.5  46.3  71.8  58.5  61.4  63.5  62.9  64.4  77.4  79.0  88.9  68.6 
test    67.4  41.8  80.2  55.3  61.3  87.0  69.1  69.8  45.8  68.9  63.7  54.4  64.3  56.2  82.5  62.1  74.5  91.6  66.4 
test_kp 62.3  40.9  76.4  46.4  61.0  86.7  69.3  69.3  42.6  66.8  65.3  52.5  62.6  53.0  79.3  55.9  77.6  93.8  64.5 
Epoch: 15, Loss: 0.0098, Acc: 1.00, Time: 10.0s, Eval: 2.6s
split   aerop bicyc bird  boat  bottl bus   car   cat   chair cow   dog   horse motor perso potte sheep train tvmon mean
val     64.8  53.3  86.0  54.6  65.8  71.7  80.5  79.9  45.6  67.7  58.1  61.8  65.7  62.8  63.0  77.7  79.0  87.5  68.1 
test    67.8  44.3  80.4  54.4  61.3  86.5  71.6  70.0  45.5  66.9  63.3  55.3  61.5  55.5  82.7  63.1  72.3  90.7  66.3 
test_kp 62.8  42.8  76.7  45.4  61.0  86.1  70.8  69.3  43.7  64.1  64.9  53.3  59.9  52.4  80.3  58.4  75.5  92.2  64.4 
Final test accuracy: 66.27 (best 69.84, at best val epoch 1: 69.84)
Final test keypoint accuracy: 64.41
DONE
